Executing action: reconfigure
Running cmake in directory /private/tmp/esp32-denoiser-build-v5.4.2
Executing "cmake -G Ninja -DPYTHON_DEPS_CHECKED=1 -DPYTHON=/private/tmp/esp32-denoiser-idf-tools-v5.4.2/python_env/idf5.4_py3.12_env/bin/python -DESP_PLATFORM=1 -DSDKCONFIG=/tmp/esp32-denoiser-perf-sdkconfig -DCCACHE_ENABLE=0 /Users/sidchat/Documents/GitHub/autoencoder_denoiser/firmware/esp32_benchmark"...
-- IDF_TARGET is not set, guessed 'esp32s3' from sdkconfig '/tmp/esp32-denoiser-perf-sdkconfig'
-- Found Git: /usr/bin/git (found version "2.39.5 (Apple Git-154)")
-- The C compiler identification is GNU 14.2.0
-- The CXX compiler identification is GNU 14.2.0
-- The ASM compiler identification is GNU
-- Found assembler: /tmp/esp32-denoiser-idf-tools-v5.4.2/tools/xtensa-esp-elf/esp-14.2.0_20241119/xtensa-esp-elf/bin/xtensa-esp32s3-elf-gcc
-- Detecting C compiler ABI info
-- Detecting C compiler ABI info - done
-- Check for working C compiler: /tmp/esp32-denoiser-idf-tools-v5.4.2/tools/xtensa-esp-elf/esp-14.2.0_20241119/xtensa-esp-elf/bin/xtensa-esp32s3-elf-gcc - skipped
-- Detecting C compile features
-- Detecting C compile features - done
-- Detecting CXX compiler ABI info
-- Detecting CXX compiler ABI info - done
-- Check for working CXX compiler: /tmp/esp32-denoiser-idf-tools-v5.4.2/tools/xtensa-esp-elf/esp-14.2.0_20241119/xtensa-esp-elf/bin/xtensa-esp32s3-elf-g++ - skipped
-- Detecting CXX compile features
-- Detecting CXX compile features - done
-- Building ESP-IDF components for target esp32s3
NOTICE: Processing 2 dependencies:
NOTICE: [1/2] espressif/esp-dsp (1.8.2)
NOTICE: [2/2] idf (5.4.2)
-- Project sdkconfig file /tmp/esp32-denoiser-perf-sdkconfig
Loading defaults file /Users/sidchat/Documents/GitHub/autoencoder_denoiser/firmware/esp32_benchmark/sdkconfig.defaults...
-- Compiler supported targets: xtensa-esp-elf
-- Found Python3: /private/tmp/esp32-denoiser-idf-tools-v5.4.2/python_env/idf5.4_py3.12_env/bin/python (found version "3.12.10") found components: Interpreter
-- Performing Test CMAKE_HAVE_LIBC_PTHREAD
-- Performing Test CMAKE_HAVE_LIBC_PTHREAD - Success
-- Found Threads: TRUE
-- Performing Test C_COMPILER_SUPPORTS_WFORMAT_SIGNEDNESS
-- Performing Test C_COMPILER_SUPPORTS_WFORMAT_SIGNEDNESS - Success
-- USING O3
-- App "esp32_denoiser_benchmark" version: 7357fb3-dirty
-- Adding linker script /tmp/esp32-denoiser-build-v5.4.2/esp-idf/esp_system/ld/memory.ld
-- Adding linker script /tmp/esp32-denoiser-build-v5.4.2/esp-idf/esp_system/ld/sections.ld.in
-- Adding linker script /tmp/esp32-denoiser-idf-v5.4.2/components/esp_rom/esp32s3/ld/esp32s3.rom.ld
-- Adding linker script /tmp/esp32-denoiser-idf-v5.4.2/components/esp_rom/esp32s3/ld/esp32s3.rom.api.ld
-- Adding linker script /tmp/esp32-denoiser-idf-v5.4.2/components/esp_rom/esp32s3/ld/esp32s3.rom.bt_funcs.ld
-- Adding linker script /tmp/esp32-denoiser-idf-v5.4.2/components/esp_rom/esp32s3/ld/esp32s3.rom.libgcc.ld
-- Adding linker script /tmp/esp32-denoiser-idf-v5.4.2/components/esp_rom/esp32s3/ld/esp32s3.rom.wdt.ld
-- Adding linker script /tmp/esp32-denoiser-idf-v5.4.2/components/esp_rom/esp32s3/ld/esp32s3.rom.version.ld
-- Adding linker script /tmp/esp32-denoiser-idf-v5.4.2/components/esp_rom/esp32s3/ld/esp32s3.rom.ble_master.ld
-- Adding linker script /tmp/esp32-denoiser-idf-v5.4.2/components/esp_rom/esp32s3/ld/esp32s3.rom.ble_50.ld
-- Adding linker script /tmp/esp32-denoiser-idf-v5.4.2/components/esp_rom/esp32s3/ld/esp32s3.rom.ble_smp.ld
-- Adding linker script /tmp/esp32-denoiser-idf-v5.4.2/components/esp_rom/esp32s3/ld/esp32s3.rom.ble_dtm.ld
-- Adding linker script /tmp/esp32-denoiser-idf-v5.4.2/components/esp_rom/esp32s3/ld/esp32s3.rom.ble_test.ld
-- Adding linker script /tmp/esp32-denoiser-idf-v5.4.2/components/esp_rom/esp32s3/ld/esp32s3.rom.ble_scan.ld
-- Adding linker script /tmp/esp32-denoiser-idf-v5.4.2/components/esp_rom/esp32s3/ld/esp32s3.rom.newlib.ld
-- Adding linker script /tmp/esp32-denoiser-idf-v5.4.2/components/soc/esp32s3/ld/esp32s3.peripherals.ld
-- Components: app_trace app_update bootloader bootloader_support bt cmock console cxx driver efuse esp-tls esp32_denoiser esp_adc esp_app_format esp_bootloader_format esp_coex esp_common esp_driver_ana_cmpr esp_driver_cam esp_driver_dac esp_driver_gpio esp_driver_gptimer esp_driver_i2c esp_driver_i2s esp_driver_isp esp_driver_jpeg esp_driver_ledc esp_driver_mcpwm esp_driver_parlio esp_driver_pcnt esp_driver_ppa esp_driver_rmt esp_driver_sdio esp_driver_sdm esp_driver_sdmmc esp_driver_sdspi esp_driver_spi esp_driver_touch_sens esp_driver_tsens esp_driver_uart esp_driver_usb_serial_jtag esp_eth esp_event esp_gdbstub esp_hid esp_http_client esp_http_server esp_https_ota esp_https_server esp_hw_support esp_lcd esp_local_ctrl esp_mm esp_netif esp_netif_stack esp_partition esp_phy esp_pm esp_psram esp_ringbuf esp_rom esp_security esp_system esp_timer esp_vfs_console esp_wifi espcoredump espressif__esp-dsp esptool_py fatfs freertos hal heap http_parser idf_test ieee802154 json log lwip main mbedtls mqtt newlib nvs_flash nvs_sec_provider openthread partition_table perfmon protobuf-c protocomm pthread rt sdmmc soc spi_flash spiffs tcp_transport touch_element ulp unity usb vfs wear_levelling wifi_provisioning wpa_supplicant xtensa
-- Component paths: /tmp/esp32-denoiser-idf-v5.4.2/components/app_trace /tmp/esp32-denoiser-idf-v5.4.2/components/app_update /tmp/esp32-denoiser-idf-v5.4.2/components/bootloader /tmp/esp32-denoiser-idf-v5.4.2/components/bootloader_support /tmp/esp32-denoiser-idf-v5.4.2/components/bt /tmp/esp32-denoiser-idf-v5.4.2/components/cmock /tmp/esp32-denoiser-idf-v5.4.2/components/console /tmp/esp32-denoiser-idf-v5.4.2/components/cxx /tmp/esp32-denoiser-idf-v5.4.2/components/driver /tmp/esp32-denoiser-idf-v5.4.2/components/efuse /tmp/esp32-denoiser-idf-v5.4.2/components/esp-tls /Users/sidchat/Documents/GitHub/autoencoder_denoiser/firmware/esp32_denoiser /tmp/esp32-denoiser-idf-v5.4.2/components/esp_adc /tmp/esp32-denoiser-idf-v5.4.2/components/esp_app_format /tmp/esp32-denoiser-idf-v5.4.2/components/esp_bootloader_format /tmp/esp32-denoiser-idf-v5.4.2/components/esp_coex /tmp/esp32-denoiser-idf-v5.4.2/components/esp_common /tmp/esp32-denoiser-idf-v5.4.2/components/esp_driver_ana_cmpr /tmp/esp32-denoiser-idf-v5.4.2/components/esp_driver_cam /tmp/esp32-denoiser-idf-v5.4.2/components/esp_driver_dac /tmp/esp32-denoiser-idf-v5.4.2/components/esp_driver_gpio /tmp/esp32-denoiser-idf-v5.4.2/components/esp_driver_gptimer /tmp/esp32-denoiser-idf-v5.4.2/components/esp_driver_i2c /tmp/esp32-denoiser-idf-v5.4.2/components/esp_driver_i2s /tmp/esp32-denoiser-idf-v5.4.2/components/esp_driver_isp /tmp/esp32-denoiser-idf-v5.4.2/components/esp_driver_jpeg /tmp/esp32-denoiser-idf-v5.4.2/components/esp_driver_ledc /tmp/esp32-denoiser-idf-v5.4.2/components/esp_driver_mcpwm /tmp/esp32-denoiser-idf-v5.4.2/components/esp_driver_parlio /tmp/esp32-denoiser-idf-v5.4.2/components/esp_driver_pcnt /tmp/esp32-denoiser-idf-v5.4.2/components/esp_driver_ppa /tmp/esp32-denoiser-idf-v5.4.2/components/esp_driver_rmt /tmp/esp32-denoiser-idf-v5.4.2/components/esp_driver_sdio /tmp/esp32-denoiser-idf-v5.4.2/components/esp_driver_sdm /tmp/esp32-denoiser-idf-v5.4.2/components/esp_driver_sdmmc /tmp/esp32-denoiser-idf-v5.4.2/components/esp_driver_sdspi /tmp/esp32-denoiser-idf-v5.4.2/components/esp_driver_spi /tmp/esp32-denoiser-idf-v5.4.2/components/esp_driver_touch_sens /tmp/esp32-denoiser-idf-v5.4.2/components/esp_driver_tsens /tmp/esp32-denoiser-idf-v5.4.2/components/esp_driver_uart /tmp/esp32-denoiser-idf-v5.4.2/components/esp_driver_usb_serial_jtag /tmp/esp32-denoiser-idf-v5.4.2/components/esp_eth /tmp/esp32-denoiser-idf-v5.4.2/components/esp_event /tmp/esp32-denoiser-idf-v5.4.2/components/esp_gdbstub /tmp/esp32-denoiser-idf-v5.4.2/components/esp_hid /tmp/esp32-denoiser-idf-v5.4.2/components/esp_http_client /tmp/esp32-denoiser-idf-v5.4.2/components/esp_http_server /tmp/esp32-denoiser-idf-v5.4.2/components/esp_https_ota /tmp/esp32-denoiser-idf-v5.4.2/components/esp_https_server /tmp/esp32-denoiser-idf-v5.4.2/components/esp_hw_support /tmp/esp32-denoiser-idf-v5.4.2/components/esp_lcd /tmp/esp32-denoiser-idf-v5.4.2/components/esp_local_ctrl /tmp/esp32-denoiser-idf-v5.4.2/components/esp_mm /tmp/esp32-denoiser-idf-v5.4.2/components/esp_netif /tmp/esp32-denoiser-idf-v5.4.2/components/esp_netif_stack /tmp/esp32-denoiser-idf-v5.4.2/components/esp_partition /tmp/esp32-denoiser-idf-v5.4.2/components/esp_phy /tmp/esp32-denoiser-idf-v5.4.2/components/esp_pm /tmp/esp32-denoiser-idf-v5.4.2/components/esp_psram /tmp/esp32-denoiser-idf-v5.4.2/components/esp_ringbuf /tmp/esp32-denoiser-idf-v5.4.2/components/esp_rom /tmp/esp32-denoiser-idf-v5.4.2/components/esp_security /tmp/esp32-denoiser-idf-v5.4.2/components/esp_system /tmp/esp32-denoiser-idf-v5.4.2/components/esp_timer /tmp/esp32-denoiser-idf-v5.4.2/components/esp_vfs_console /tmp/esp32-denoiser-idf-v5.4.2/components/esp_wifi /tmp/esp32-denoiser-idf-v5.4.2/components/espcoredump /Users/sidchat/Documents/GitHub/autoencoder_denoiser/firmware/esp32_benchmark/managed_components/espressif__esp-dsp /tmp/esp32-denoiser-idf-v5.4.2/components/esptool_py /tmp/esp32-denoiser-idf-v5.4.2/components/fatfs /tmp/esp32-denoiser-idf-v5.4.2/components/freertos /tmp/esp32-denoiser-idf-v5.4.2/components/hal /tmp/esp32-denoiser-idf-v5.4.2/components/heap /tmp/esp32-denoiser-idf-v5.4.2/components/http_parser /tmp/esp32-denoiser-idf-v5.4.2/components/idf_test /tmp/esp32-denoiser-idf-v5.4.2/components/ieee802154 /tmp/esp32-denoiser-idf-v5.4.2/components/json /tmp/esp32-denoiser-idf-v5.4.2/components/log /tmp/esp32-denoiser-idf-v5.4.2/components/lwip /Users/sidchat/Documents/GitHub/autoencoder_denoiser/firmware/esp32_benchmark/main /tmp/esp32-denoiser-idf-v5.4.2/components/mbedtls /tmp/esp32-denoiser-idf-v5.4.2/components/mqtt /tmp/esp32-denoiser-idf-v5.4.2/components/newlib /tmp/esp32-denoiser-idf-v5.4.2/components/nvs_flash /tmp/esp32-denoiser-idf-v5.4.2/components/nvs_sec_provider /tmp/esp32-denoiser-idf-v5.4.2/components/openthread /tmp/esp32-denoiser-idf-v5.4.2/components/partition_table /tmp/esp32-denoiser-idf-v5.4.2/components/perfmon /tmp/esp32-denoiser-idf-v5.4.2/components/protobuf-c /tmp/esp32-denoiser-idf-v5.4.2/components/protocomm /tmp/esp32-denoiser-idf-v5.4.2/components/pthread /tmp/esp32-denoiser-idf-v5.4.2/components/rt /tmp/esp32-denoiser-idf-v5.4.2/components/sdmmc /tmp/esp32-denoiser-idf-v5.4.2/components/soc /tmp/esp32-denoiser-idf-v5.4.2/components/spi_flash /tmp/esp32-denoiser-idf-v5.4.2/components/spiffs /tmp/esp32-denoiser-idf-v5.4.2/components/tcp_transport /tmp/esp32-denoiser-idf-v5.4.2/components/touch_element /tmp/esp32-denoiser-idf-v5.4.2/components/ulp /tmp/esp32-denoiser-idf-v5.4.2/components/unity /tmp/esp32-denoiser-idf-v5.4.2/components/usb /tmp/esp32-denoiser-idf-v5.4.2/components/vfs /tmp/esp32-denoiser-idf-v5.4.2/components/wear_levelling /tmp/esp32-denoiser-idf-v5.4.2/components/wifi_provisioning /tmp/esp32-denoiser-idf-v5.4.2/components/wpa_supplicant /tmp/esp32-denoiser-idf-v5.4.2/components/xtensa
-- Configuring done (3.8s)
-- Generating done (0.5s)
-- Build files have been written to: /tmp/esp32-denoiser-build-v5.4.2
Executing action: all (aliases: build)
Running ninja in directory /private/tmp/esp32-denoiser-build-v5.4.2
Executing "ninja all"...
[1/9] Building C object esp-idf/main/CMakeFiles/__idf_main.dir/main.c.obj
[2/9] Linking C static library esp-idf/main/libmain.a
[3/9] Performing build step for 'bootloader'
[0/1] Re-running CMake...
-- Building ESP-IDF components for target esp32s3
-- Project sdkconfig file /tmp/esp32-denoiser-perf-sdkconfig
-- Compiler supported targets: xtensa-esp-elf
-- Adding linker script /tmp/esp32-denoiser-idf-v5.4.2/components/soc/esp32s3/ld/esp32s3.peripherals.ld
-- Bootloader project name: "bootloader" version: 1
-- Adding linker script /tmp/esp32-denoiser-idf-v5.4.2/components/esp_rom/esp32s3/ld/esp32s3.rom.ld
-- Adding linker script /tmp/esp32-denoiser-idf-v5.4.2/components/esp_rom/esp32s3/ld/esp32s3.rom.api.ld
-- Adding linker script /tmp/esp32-denoiser-idf-v5.4.2/components/esp_rom/esp32s3/ld/esp32s3.rom.bt_funcs.ld
-- Adding linker script /tmp/esp32-denoiser-idf-v5.4.2/components/esp_rom/esp32s3/ld/esp32s3.rom.libgcc.ld
-- Adding linker script /tmp/esp32-denoiser-idf-v5.4.2/components/esp_rom/esp32s3/ld/esp32s3.rom.wdt.ld
-- Adding linker script /tmp/esp32-denoiser-idf-v5.4.2/components/esp_rom/esp32s3/ld/esp32s3.rom.version.ld
-- Adding linker script /tmp/esp32-denoiser-idf-v5.4.2/components/esp_rom/esp32s3/ld/esp32s3.rom.newlib.ld
-- Adding linker script /tmp/esp32-denoiser-idf-v5.4.2/components/bootloader/subproject/main/ld/esp32s3/bootloader.ld
-- Adding linker script /tmp/esp32-denoiser-idf-v5.4.2/components/bootloader/subproject/main/ld/esp32s3/bootloader.rom.ld
-- Components: bootloader bootloader_support efuse esp_app_format esp_bootloader_format esp_common esp_hw_support esp_rom esp_security esp_system esptool_py freertos hal log main micro-ecc newlib partition_table soc spi_flash xtensa
-- Component paths: /tmp/esp32-denoiser-idf-v5.4.2/components/bootloader /tmp/esp32-denoiser-idf-v5.4.2/components/bootloader_support /tmp/esp32-denoiser-idf-v5.4.2/components/efuse /tmp/esp32-denoiser-idf-v5.4.2/components/esp_app_format /tmp/esp32-denoiser-idf-v5.4.2/components/esp_bootloader_format /tmp/esp32-denoiser-idf-v5.4.2/components/esp_common /tmp/esp32-denoiser-idf-v5.4.2/components/esp_hw_support /tmp/esp32-denoiser-idf-v5.4.2/components/esp_rom /tmp/esp32-denoiser-idf-v5.4.2/components/esp_security /tmp/esp32-denoiser-idf-v5.4.2/components/esp_system /tmp/esp32-denoiser-idf-v5.4.2/components/esptool_py /tmp/esp32-denoiser-idf-v5.4.2/components/freertos /tmp/esp32-denoiser-idf-v5.4.2/components/hal /tmp/esp32-denoiser-idf-v5.4.2/components/log /tmp/esp32-denoiser-idf-v5.4.2/components/bootloader/subproject/main /tmp/esp32-denoiser-idf-v5.4.2/components/bootloader/subproject/components/micro-ecc /tmp/esp32-denoiser-idf-v5.4.2/components/newlib /tmp/esp32-denoiser-idf-v5.4.2/components/partition_table /tmp/esp32-denoiser-idf-v5.4.2/components/soc /tmp/esp32-denoiser-idf-v5.4.2/components/spi_flash /tmp/esp32-denoiser-idf-v5.4.2/components/xtensa
-- Configuring done (1.9s)
-- Generating done (0.1s)
-- Build files have been written to: /tmp/esp32-denoiser-build-v5.4.2/bootloader
[1/2] cd /tmp/esp32-denoiser-build-v5.4.2/bootloader/esp-idf/esptool_py && /private/tmp/esp32-denoiser-idf-tools-v5.4.2/python_env/idf5.4_py3.12_env/bin/python /tmp/esp32-denoiser-idf-v5.4.2/components/partition_table/check_sizes.py --offset 0x8000 bootloader 0x0 /tmp/esp32-denoiser-build-v5.4.2/bootloader/bootloader.bin
Bootloader binary size 0x5270 bytes. 0x2d90 bytes (36%) free.
[4/9] No install step for 'bootloader'
[5/9] Completed 'bootloader'
[6/9] Generating ld/sections.ld
[7/9] Linking CXX executable esp32_denoiser_benchmark.elf
[8/9] Generating binary image from built executable
esptool.py v4.12.0
Creating esp32s3 image...
Merged 2 ELF sections
Successfully created esp32s3 image.
Generated /tmp/esp32-denoiser-build-v5.4.2/esp32_denoiser_benchmark.bin
[9/9] cd /tmp/esp32-denoiser-build-v5.4.2/esp-idf/esptool_py && /private/tmp/esp32-denoiser-idf-tools-v5.4.2/python_env/idf5.4_py3.12_env/bin/python /tmp/esp32-denoiser-idf-v5.4.2/components/partition_table/check_sizes.py --offset 0x8000 partition --type app /tmp/esp32-denoiser-build-v5.4.2/partition_table/partition-table.bin /tmp/esp32-denoiser-build-v5.4.2/esp32_denoiser_benchmark.bin
esp32_denoiser_benchmark.bin binary size 0x4ed00 bytes. Smallest app partition is 0x100000 bytes. 0xb1300 bytes (69%) free.

Project build complete. To flash, run:
 idf.py flash
or
 idf.py -p PORT flash
or
 python -m esptool --chip esp32s3 -b 460800 --before default_reset --after hard_reset write_flash --flash_mode dio --flash_size 2MB --flash_freq 80m 0x0 ../../../../../../../private/tmp/esp32-denoiser-build-v5.4.2/bootloader/bootloader.bin 0x8000 ../../../../../../../private/tmp/esp32-denoiser-build-v5.4.2/partition_table/partition-table.bin 0x10000 ../../../../../../../private/tmp/esp32-denoiser-build-v5.4.2/esp32_denoiser_benchmark.bin
or from the "/private/tmp/esp32-denoiser-build-v5.4.2" directory
 python -m esptool --chip esp32s3 -b 460800 --before default_reset --after hard_reset write_flash "@flash_args"
