{"event": "start", "device": "cuda", "torch": "2.11.0+cu128", "model": {"precision": "float-only; INT8 QAT/export/runtime are not implemented", "learned_parameters": 23669, "fixed_erb_parameters": 24576, "total_parameters_including_fixed": 48245, "learned_parameter_bytes_float32": 94676, "fixed_erb_bytes_float32": 98304, "state_dict_bytes": 197524, "fixed_erb_shape": [64, 192], "fixed_erb_nonzero_values_one_direction": 382, "fixed_erb_transpose_duplicate": true, "macs_per_second": 33000000, "macs_status": "published upstream accounting; not measured MCU cycles or an INT8 runtime", "context_frames": null, "temporal_context": "causal recurrent history; intra-frame bidirectional frequency GRUs", "neural_state_elements": 18048, "neural_state_bytes_float32": 72192, "audio_overlap_state_bytes_float32": 3072, "state_scope": "batch1 persistent state only; activations, weight snapshot and FFT scratch excluded", "packed_bytes_status": "unavailable; no integer exporter", "upstream_revision": "502ebfab64da7c4a9af78dcb9c6ceef1ebb01c73", "framing": "causal_zero_overlap_v1", "constructor_initialization": "fresh; the adapter does not load pretrained weights"}, "model_kind": "gtcrn", "gpu": "NVIDIA L4", "test_used_for_selection": false, "selection_metric": "mean utterance SI-SDR improvement", "validation_is_partial": false, "calibration": null, "added_training_sources": {"speech_manifest_sha256": "24acf8d2789c019fb966b39754bd71376e016b4d1169cd611031f94271d7ac77", "noise_manifest_sha256": "e953b3952bb66377ad6bc67b93cb1b2148511cca952b41b0fb038a93a79a8b03", "speech_recordings": 25675, "noise_recordings": 837, "synthetic_probability": 0.5, "samples_per_epoch": 10802}, "distillation": null, "resume_checkpoint_sha256": null, "manifest_sha256": {"train": "c0b9ea9aa7b13d30aadd30f76274f6b2f932d802ae85c55426c2c3e13a4a247c", "val": "c1e0ccf95766f1542da3e8eebc1cf33107ca6ecf3ccf59c7a2d8078c171f5668"}, "source_sha256": {"__init__.py": "8fa53a117dcac5ce5f496e7685d7f3a4af5c4ed2b87475e4ba888f9925b3a560", "comparison.py": "a72684d6697349141729ba28d1973dfdba7131e6bbc9e6684b91883b9f5c7350", "data.py": "1b755c38236483957f8ecc62a4923841aa33f3bd9c26e2a1de288ae5132f22f3", "development.py": "11b16e960701f64e5813b84e1f40e6be62d682777e04d683c4f671110ca70d44", "development_checkpoints.py": "97737ea04e6d702114661b0e45cd27ab7d3aa76c46c7542b9d53b672967230d8", "distillation.py": "6e2b72d890afa061d9361e43587cfb446455bff94b4177f7afc76e23446758f7", "embedded.py": "a31581b4d7c51fd82488420fa7b7997605d056b0001b6582aeb852fe2e1022b2", "evaluate.py": "c2f71a72cf7ee5b1a7ef358af06db13f612d51ea66029c53c57b33e81f34c3e3", "export.py": "e76ad5ab812577fde4e89da543fd0f42a3b1d374221c754b00f5a6d4c3593cb0", "extra_data.py": "193cf8fd9d8704d040602ad00ba13b10d3ff61c06ffebe739a0acf72728979a3", "frequency_deep_filter.py": "7ef7b10ac56bf0dcec9a6f2cfb141cfd47514593ecf0c46e3a817146ee8a4dd9", "frequency_embedded.py": "04808d9e34f42e68a960be9476bb40303a6e897c5461a09413885029c256b6ee", "frequency_evaluate.py": "bdc5f29e7a49f1b3251b29257b68044c733eaa942802feb4e9d70db70c4699a6", "frequency_export.py": "947e8e06a6e4501d4d3e21305e7b903d433d28158ec6c79e2cde063e5eca33fe", "frequency_gru.py": "41e0f10b122e8afb588d08f7d5220257c9b9f4f8ea792749baa07cbf3f292632", "frequency_model.py": "68da4df1ae92084c1ca1dba91ccbc16be4731fa2561bd48bdac6117127f689f4", "frequency_normalization.py": "407ae0de89eeb9202fe4ef8389b6308112564b4a84665745e98f9883fb0cac90", "frequency_quantization.py": "4739cdcac4753e31465593d3372c11936048778db29da2debf2975a33a4de162", "gtcrn_model.py": "14cd761539cee0b81da95fa35ba3e21dc0e5317572a9546f4fd20c522b1da2b8", "losses.py": "5f0e7753d8c7d5e827bb58e688288bbb883322b1326b878ab826139734621753", "mask_diagnostics.py": "0e7b71ffd2de26d647c91091d90a6090fe4dda579cb34393f4ba8c78ac1a44c3", "metrics.py": "9832420689fcc6e27d02ef2c751f76ac86c17d9f9164864543bf7604826da2b5", "mixtures.py": "aa52046143db594b101027108f1e4cad1a5dbdbbcde717146155b2847a3eef7a", "model.py": "ae35b641f3dd1a58932a8675cc58cac0029c637dbb196c125b3ae560ad61482e", "models.py": "c137123d38119828cdc1d3eaeeb59ac258012daf06161823aed9ee0b202b806b", "quality.py": "39cae6c04fb76d8493f4bf6bec12c99a01dee5a8a25402ded65dbdb90f311874", "quantization.py": "cb16d537edc4dbac1a378e0f3e33b8e614a956da0fe1dc469d386c911696d5c5", "runtime_cache.py": "8b0dc114256533810bddefe350d4bf57009dc69b75d42819ae1590c4ee0e7019", "train.py": "c87608f1df2cbb33c26dac41ee0c4de00177e02980444e396e481a8c5e9241bd", "vendor/__init__.py": "bce826e18e3d79c14e2a9aebd441101f82cfe9ef703698e3cfebda168e9f2561", "vendor/gtcrn/__init__.py": "ef43765e819258761704a8ce25fa34a15b9c31140992b1bb2ba654ecf1879f89", "vendor/gtcrn/convert.py": "dbff3a360a720f11fca0b4a4f8bc6bdb3ebb712fa617dfe37df8b31a9c5a586e", "vendor/gtcrn/convolution.py": "28465f8a160b8484548ec2e2d8319d5b0650f45079f5abf9d41a8cb15ce2fdf4", "vendor/gtcrn/network.py": "20bf0610702506fa45cd543454b84bbeb862d73c7c20a3f8d820fdc04da6099b", "vendor/gtcrn/streaming.py": "649cede9019dd9397de2b773797ee7a37b860c71cfea41a09e41b3193f527007", "warm_start.py": "1f4431725906167c03c1b2cebb0c4d69dd8585789cfe580df29fa399cafc6b4f"}, "train_utterances": 10802, "validation_utterances": 770, "train_speakers": ["p227", "p228", "p230", "p231", "p233", "p236", "p239", "p243", "p244", "p250", "p254", "p256", "p258", "p259", "p267", "p268", "p269", "p270", "p273", "p274", "p276", "p277", "p278", "p279", "p282", "p286"], "validation_speakers": ["p226", "p287"], "phase": "float"}
{"event": "initial_validation", "utterances": 770, "total_utterances": 770, "invalid_utterances": 0, "noisy_si_sdr": 6.016738904979767, "si_sdr": -8.76966681207325, "si_sdri": -14.786405717053018}
{"event": "progress", "epoch": 1, "step": 0, "loss": 12.810528599554104, "seconds": 16}
{"event": "progress", "epoch": 1, "step": 50, "loss": -1.9489094094025483, "seconds": 34}
{"event": "progress", "epoch": 1, "step": 100, "loss": -6.3452924582099115, "seconds": 54}
{"event": "progress", "epoch": 1, "step": 150, "loss": -6.234981855625234, "seconds": 74}
{"event": "progress", "epoch": 1, "step": 200, "loss": -3.301934937697446, "seconds": 92}
{"event": "progress", "epoch": 1, "step": 250, "loss": -7.184829255490636, "seconds": 113}
{"event": "progress", "epoch": 1, "step": 300, "loss": -8.168032657480484, "seconds": 134}
{"event": "epoch", "epoch": 1, "phase": "float", "loss": -5.680427893270194, "seconds": 150.24430828500044, "elapsed_seconds": 161.5802011630003, "learning_rate": 0.001, "utterances": 770, "total_utterances": 770, "invalid_utterances": 0, "noisy_si_sdr": 6.016738904979767, "si_sdr": 10.514841643933018, "si_sdri": 4.498102738953249, "best_si_sdri": 4.498102738953249}
{"event": "progress", "epoch": 2, "step": 0, "loss": -7.505066272483465, "seconds": 162}
{"event": "progress", "epoch": 2, "step": 50, "loss": -8.638037086959741, "seconds": 184}
{"event": "progress", "epoch": 2, "step": 100, "loss": -9.878542244055076, "seconds": 205}
{"event": "progress", "epoch": 2, "step": 150, "loss": -11.054101200318653, "seconds": 225}
{"event": "progress", "epoch": 2, "step": 200, "loss": -8.767901119050105, "seconds": 246}
{"event": "progress", "epoch": 2, "step": 250, "loss": -9.94089985439134, "seconds": 268}
{"event": "progress", "epoch": 2, "step": 300, "loss": -11.75766567543769, "seconds": 290}
{"event": "epoch", "epoch": 2, "phase": "float", "loss": -9.49597113348578, "seconds": 151.89061516000038, "elapsed_seconds": 313.65664124999967, "learning_rate": 0.001, "utterances": 770, "total_utterances": 770, "invalid_utterances": 0, "noisy_si_sdr": 6.016738904979767, "si_sdr": 11.64764891528367, "si_sdri": 5.630910010303902, "best_si_sdri": 5.630910010303902}
{"event": "progress", "epoch": 3, "step": 0, "loss": -9.792848381512337, "seconds": 315}
{"event": "progress", "epoch": 3, "step": 50, "loss": -9.807314883643091, "seconds": 336}
{"event": "progress", "epoch": 3, "step": 100, "loss": -12.40414836885355, "seconds": 357}
{"event": "progress", "epoch": 3, "step": 150, "loss": -10.138869714126795, "seconds": 378}
{"event": "progress", "epoch": 3, "step": 200, "loss": -12.580028018978739, "seconds": 400}
{"event": "progress", "epoch": 3, "step": 250, "loss": -11.740905948887653, "seconds": 420}
{"event": "progress", "epoch": 3, "step": 300, "loss": -12.66934279848206, "seconds": 442}
{"event": "epoch", "epoch": 3, "phase": "float", "loss": -10.580654473586078, "seconds": 152.23788168800093, "elapsed_seconds": 466.07822139400014, "learning_rate": 0.001, "utterances": 770, "total_utterances": 770, "invalid_utterances": 0, "noisy_si_sdr": 6.016738904979767, "si_sdr": 12.012132427646467, "si_sdri": 5.9953935226667, "best_si_sdri": 5.9953935226667}
{"event": "progress", "epoch": 4, "step": 0, "loss": -11.468029006042281, "seconds": 467}
{"event": "progress", "epoch": 4, "step": 50, "loss": -10.376032997638902, "seconds": 489}
{"event": "progress", "epoch": 4, "step": 100, "loss": -11.98211349916263, "seconds": 509}
{"event": "progress", "epoch": 4, "step": 150, "loss": -11.496511344195852, "seconds": 531}
{"event": "progress", "epoch": 4, "step": 200, "loss": -12.626195009832843, "seconds": 552}
{"event": "progress", "epoch": 4, "step": 250, "loss": -10.867285110137534, "seconds": 574}
{"event": "progress", "epoch": 4, "step": 300, "loss": -12.907832334519176, "seconds": 594}
{"event": "epoch", "epoch": 4, "phase": "float", "loss": -11.143467486686665, "seconds": 149.5250183070002, "elapsed_seconds": 615.7469713949995, "learning_rate": 0.001, "utterances": 770, "total_utterances": 770, "invalid_utterances": 0, "noisy_si_sdr": 6.016738904979767, "si_sdr": 12.399327952773834, "si_sdri": 6.382589047794067, "best_si_sdri": 6.382589047794067}
{"event": "progress", "epoch": 5, "step": 0, "loss": -13.963347869210722, "seconds": 617}
{"event": "progress", "epoch": 5, "step": 50, "loss": -12.81904299528586, "seconds": 637}
{"event": "progress", "epoch": 5, "step": 100, "loss": -12.938491392273649, "seconds": 656}
{"event": "progress", "epoch": 5, "step": 150, "loss": -13.859133672358809, "seconds": 675}
{"event": "progress", "epoch": 5, "step": 200, "loss": -12.314062911975977, "seconds": 696}
{"event": "progress", "epoch": 5, "step": 250, "loss": -12.503503877358302, "seconds": 714}
{"event": "progress", "epoch": 5, "step": 300, "loss": -11.26742478992372, "seconds": 734}
{"event": "epoch", "epoch": 5, "phase": "float", "loss": -11.603553771053638, "seconds": 140.09252383400053, "elapsed_seconds": 756.0190920879995, "learning_rate": 0.001, "utterances": 770, "total_utterances": 770, "invalid_utterances": 0, "noisy_si_sdr": 6.016738904979767, "si_sdr": 12.458082280268755, "si_sdri": 6.441343375288988, "best_si_sdri": 6.441343375288988}
{"event": "progress", "epoch": 6, "step": 0, "loss": -13.002205358993333, "seconds": 757}
{"event": "progress", "epoch": 6, "step": 50, "loss": -12.344721342680295, "seconds": 777}
{"event": "progress", "epoch": 6, "step": 100, "loss": -10.059855206430912, "seconds": 797}
{"event": "progress", "epoch": 6, "step": 150, "loss": -11.953774358499004, "seconds": 817}
{"event": "progress", "epoch": 6, "step": 200, "loss": -11.7452064952139, "seconds": 835}
{"event": "progress", "epoch": 6, "step": 250, "loss": -13.100934278981857, "seconds": 854}
{"event": "progress", "epoch": 6, "step": 300, "loss": -12.98004438253885, "seconds": 874}
{"event": "epoch", "epoch": 6, "phase": "float", "loss": -12.03796890106655, "seconds": 141.55787532400063, "elapsed_seconds": 897.7525254619995, "learning_rate": 0.001, "utterances": 770, "total_utterances": 770, "invalid_utterances": 0, "noisy_si_sdr": 6.016738904979767, "si_sdr": 12.657699353939616, "si_sdri": 6.640960448959849, "best_si_sdri": 6.640960448959849}
{"event": "progress", "epoch": 7, "step": 0, "loss": -10.251829194863207, "seconds": 899}
{"event": "progress", "epoch": 7, "step": 50, "loss": -10.53167739864882, "seconds": 918}
{"event": "progress", "epoch": 7, "step": 100, "loss": -12.472319038658924, "seconds": 937}
{"event": "progress", "epoch": 7, "step": 150, "loss": -12.449551301284536, "seconds": 956}
{"event": "progress", "epoch": 7, "step": 200, "loss": -10.577257856430403, "seconds": 975}
{"event": "progress", "epoch": 7, "step": 250, "loss": -13.549744254330118, "seconds": 996}
{"event": "progress", "epoch": 7, "step": 300, "loss": -11.548920745206127, "seconds": 1015}
{"event": "epoch", "epoch": 7, "phase": "float", "loss": -12.092254415910627, "seconds": 139.50620413999968, "elapsed_seconds": 1037.4387521160006, "learning_rate": 0.001, "utterances": 770, "total_utterances": 770, "invalid_utterances": 0, "noisy_si_sdr": 6.016738904979767, "si_sdr": 12.13138220838541, "si_sdri": 6.114643303405645, "best_si_sdri": 6.640960448959849}
{"event": "progress", "epoch": 8, "step": 0, "loss": -11.274394515789671, "seconds": 1038}
{"event": "progress", "epoch": 8, "step": 50, "loss": -14.131248372100323, "seconds": 1057}
{"event": "progress", "epoch": 8, "step": 100, "loss": -13.204965043839552, "seconds": 1077}
{"event": "progress", "epoch": 8, "step": 150, "loss": -12.000125824651928, "seconds": 1097}
{"event": "progress", "epoch": 8, "step": 200, "loss": -12.12488035698307, "seconds": 1116}
{"event": "progress", "epoch": 8, "step": 250, "loss": -10.426077991814449, "seconds": 1135}
{"event": "progress", "epoch": 8, "step": 300, "loss": -11.316550975721626, "seconds": 1155}
{"event": "epoch", "epoch": 8, "phase": "float", "loss": -12.3211770674466, "seconds": 139.84693710600004, "elapsed_seconds": 1177.3754166769995, "learning_rate": 0.001, "utterances": 770, "total_utterances": 770, "invalid_utterances": 0, "noisy_si_sdr": 6.016738904979767, "si_sdr": 12.660345289333016, "si_sdri": 6.643606384353249, "best_si_sdri": 6.643606384353249}
{"event": "progress", "epoch": 9, "step": 0, "loss": -11.994034978823915, "seconds": 1178}
{"event": "progress", "epoch": 9, "step": 50, "loss": -14.732398281260899, "seconds": 1198}
{"event": "progress", "epoch": 9, "step": 100, "loss": -9.76555044115867, "seconds": 1217}
{"event": "progress", "epoch": 9, "step": 150, "loss": -8.367532414592972, "seconds": 1236}
{"event": "progress", "epoch": 9, "step": 200, "loss": -11.078232114418594, "seconds": 1257}
{"event": "progress", "epoch": 9, "step": 250, "loss": -12.835441278925263, "seconds": 1276}
{"event": "progress", "epoch": 9, "step": 300, "loss": -13.63592395150795, "seconds": 1295}
{"event": "epoch", "epoch": 9, "phase": "float", "loss": -12.542655101532237, "seconds": 140.00986965300035, "elapsed_seconds": 1317.5654823879995, "learning_rate": 0.001, "utterances": 770, "total_utterances": 770, "invalid_utterances": 0, "noisy_si_sdr": 6.016738904979767, "si_sdr": 12.580967789442347, "si_sdri": 6.5642288844625805, "best_si_sdri": 6.643606384353249}
{"event": "progress", "epoch": 10, "step": 0, "loss": -11.839549772338987, "seconds": 1318}
{"event": "progress", "epoch": 10, "step": 50, "loss": -13.537594886678358, "seconds": 1338}
{"event": "progress", "epoch": 10, "step": 100, "loss": -11.297483953326111, "seconds": 1358}
{"event": "progress", "epoch": 10, "step": 150, "loss": -14.075548646727555, "seconds": 1378}
{"event": "progress", "epoch": 10, "step": 200, "loss": -12.770908161345556, "seconds": 1398}
{"event": "progress", "epoch": 10, "step": 250, "loss": -11.561698584038055, "seconds": 1416}
{"event": "progress", "epoch": 10, "step": 300, "loss": -12.565944943148248, "seconds": 1435}
{"event": "epoch", "epoch": 10, "phase": "float", "loss": -12.619033500109824, "seconds": 140.779712001, "elapsed_seconds": 1458.4494454350006, "learning_rate": 0.001, "utterances": 770, "total_utterances": 770, "invalid_utterances": 0, "noisy_si_sdr": 6.016738904979767, "si_sdr": 12.876502016544013, "si_sdri": 6.859763111564246, "best_si_sdri": 6.859763111564246}
{"event": "progress", "epoch": 11, "step": 0, "loss": -12.327791579049709, "seconds": 1459}
{"event": "progress", "epoch": 11, "step": 50, "loss": -13.074315797802045, "seconds": 1480}
{"event": "progress", "epoch": 11, "step": 100, "loss": -12.987026079519335, "seconds": 1500}
{"event": "progress", "epoch": 11, "step": 150, "loss": -12.328300101608788, "seconds": 1519}
{"event": "progress", "epoch": 11, "step": 200, "loss": -10.76618739955886, "seconds": 1537}
{"event": "progress", "epoch": 11, "step": 250, "loss": -12.997952814213289, "seconds": 1557}
{"event": "progress", "epoch": 11, "step": 300, "loss": -13.342086277941597, "seconds": 1577}
{"event": "epoch", "epoch": 11, "phase": "float", "loss": -12.828352646001646, "seconds": 142.0632465609997, "elapsed_seconds": 1600.7019701480003, "learning_rate": 0.001, "utterances": 770, "total_utterances": 770, "invalid_utterances": 0, "noisy_si_sdr": 6.016738904979767, "si_sdr": 13.00470068885571, "si_sdri": 6.987961783875944, "best_si_sdri": 6.987961783875944}
{"event": "progress", "epoch": 12, "step": 0, "loss": -10.385261652344756, "seconds": 1602}
{"event": "progress", "epoch": 12, "step": 50, "loss": -11.996786355443172, "seconds": 1621}
{"event": "progress", "epoch": 12, "step": 100, "loss": -13.963516954767037, "seconds": 1639}
{"event": "progress", "epoch": 12, "step": 150, "loss": -11.60433365120905, "seconds": 1659}
{"event": "progress", "epoch": 12, "step": 200, "loss": -9.871707102740345, "seconds": 1679}
{"event": "progress", "epoch": 12, "step": 250, "loss": -14.785852098963645, "seconds": 1699}
{"event": "progress", "epoch": 12, "step": 300, "loss": -12.131141185154208, "seconds": 1718}
{"event": "epoch", "epoch": 12, "phase": "float", "loss": -12.924716977752446, "seconds": 139.40600792700025, "elapsed_seconds": 1740.2918088250008, "learning_rate": 0.001, "utterances": 770, "total_utterances": 770, "invalid_utterances": 0, "noisy_si_sdr": 6.016738904979767, "si_sdr": 12.300753571963087, "si_sdri": 6.284014666983319, "best_si_sdri": 6.987961783875944}
{"event": "progress", "epoch": 13, "step": 0, "loss": -13.784517976793762, "seconds": 1741}
{"event": "progress", "epoch": 13, "step": 50, "loss": -13.106912380201285, "seconds": 1760}
{"event": "progress", "epoch": 13, "step": 100, "loss": -12.708364542016309, "seconds": 1780}
{"event": "progress", "epoch": 13, "step": 150, "loss": -10.886869880870726, "seconds": 1800}
{"event": "progress", "epoch": 13, "step": 200, "loss": -12.927825485008562, "seconds": 1819}
{"event": "progress", "epoch": 13, "step": 250, "loss": -12.43987978721903, "seconds": 1838}
{"event": "progress", "epoch": 13, "step": 300, "loss": -10.762511346703667, "seconds": 1858}
{"event": "epoch", "epoch": 13, "phase": "float", "loss": -12.952038408589623, "seconds": 140.14896123200015, "elapsed_seconds": 1880.5298811169996, "learning_rate": 0.001, "utterances": 770, "total_utterances": 770, "invalid_utterances": 0, "noisy_si_sdr": 6.016738904979767, "si_sdr": 12.846286649079426, "si_sdri": 6.829547744099659, "best_si_sdri": 6.987961783875944}
{"event": "progress", "epoch": 14, "step": 0, "loss": -15.990273044563253, "seconds": 1881}
{"event": "progress", "epoch": 14, "step": 50, "loss": -14.19229301475752, "seconds": 1901}
{"event": "progress", "epoch": 14, "step": 100, "loss": -13.907847727204803, "seconds": 1919}
{"event": "progress", "epoch": 14, "step": 150, "loss": -13.634504496338186, "seconds": 1939}
{"event": "progress", "epoch": 14, "step": 200, "loss": -13.124436302010412, "seconds": 1959}
{"event": "progress", "epoch": 14, "step": 250, "loss": -12.267910709732025, "seconds": 1979}
{"event": "progress", "epoch": 14, "step": 300, "loss": -14.1502056022134, "seconds": 1998}
{"event": "epoch", "epoch": 14, "phase": "float", "loss": -13.157037674129644, "seconds": 138.9224914259994, "elapsed_seconds": 2019.5276029790002, "learning_rate": 0.001, "utterances": 770, "total_utterances": 770, "invalid_utterances": 0, "noisy_si_sdr": 6.016738904979767, "si_sdr": 12.770411446989963, "si_sdri": 6.753672542010195, "best_si_sdri": 6.987961783875944}
{"event": "progress", "epoch": 15, "step": 0, "loss": -9.93652313573787, "seconds": 2020}
{"event": "progress", "epoch": 15, "step": 50, "loss": -12.415659106657838, "seconds": 2040}
{"event": "progress", "epoch": 15, "step": 100, "loss": -14.048091047639938, "seconds": 2061}
{"event": "progress", "epoch": 15, "step": 150, "loss": -11.23770036433531, "seconds": 2080}
{"event": "progress", "epoch": 15, "step": 200, "loss": -12.870637446773332, "seconds": 2100}
{"event": "progress", "epoch": 15, "step": 250, "loss": -14.033998940005304, "seconds": 2117}
{"event": "progress", "epoch": 15, "step": 300, "loss": -11.676201085107007, "seconds": 2137}
{"event": "epoch", "epoch": 15, "phase": "float", "loss": -13.207051251355374, "seconds": 140.90182073000142, "elapsed_seconds": 2160.54504807, "learning_rate": 0.001, "utterances": 770, "total_utterances": 770, "invalid_utterances": 0, "noisy_si_sdr": 6.016738904979767, "si_sdr": 12.991192785902863, "si_sdri": 6.974453880923096, "best_si_sdri": 6.987961783875944}
{"event": "progress", "epoch": 16, "step": 0, "loss": -11.37464513211501, "seconds": 2161}
{"event": "progress", "epoch": 16, "step": 50, "loss": -12.715572615097855, "seconds": 2182}
{"event": "progress", "epoch": 16, "step": 100, "loss": -13.78845884754284, "seconds": 2201}
{"event": "progress", "epoch": 16, "step": 150, "loss": -13.782821817271572, "seconds": 2219}
{"event": "progress", "epoch": 16, "step": 200, "loss": -13.613904628123427, "seconds": 2236}
{"event": "progress", "epoch": 16, "step": 250, "loss": -13.433725520939149, "seconds": 2253}
{"event": "progress", "epoch": 16, "step": 300, "loss": -14.140745320751433, "seconds": 2270}
{"event": "epoch", "epoch": 16, "phase": "float", "loss": -13.303077533021233, "seconds": 129.39058655999906, "elapsed_seconds": 2290.036951637001, "learning_rate": 0.0005, "utterances": 770, "total_utterances": 770, "invalid_utterances": 0, "noisy_si_sdr": 6.016738904979767, "si_sdr": 12.979388473713323, "si_sdri": 6.962649568733555, "best_si_sdri": 6.987961783875944}
{"event": "progress", "epoch": 17, "step": 0, "loss": -12.372269984998095, "seconds": 2291}
{"event": "progress", "epoch": 17, "step": 50, "loss": -14.490560994060349, "seconds": 2308}
{"event": "progress", "epoch": 17, "step": 100, "loss": -16.142677827627605, "seconds": 2326}
{"event": "progress", "epoch": 17, "step": 150, "loss": -15.345452907276481, "seconds": 2343}
{"event": "progress", "epoch": 17, "step": 200, "loss": -12.410174239815404, "seconds": 2361}
{"event": "progress", "epoch": 17, "step": 250, "loss": -14.519105240348333, "seconds": 2378}
{"event": "progress", "epoch": 17, "step": 300, "loss": -13.31799381838838, "seconds": 2395}
{"event": "epoch", "epoch": 17, "phase": "float", "loss": -13.484200690515149, "seconds": 125.70226697200087, "elapsed_seconds": 2415.8386123710006, "learning_rate": 0.0005, "utterances": 770, "total_utterances": 770, "invalid_utterances": 0, "noisy_si_sdr": 6.016738904979767, "si_sdr": 13.102477322424644, "si_sdri": 7.085738417444875, "best_si_sdri": 7.085738417444875}
{"event": "progress", "epoch": 18, "step": 0, "loss": -12.805382095951426, "seconds": 2417}
{"event": "progress", "epoch": 18, "step": 50, "loss": -10.467965481575071, "seconds": 2434}
{"event": "progress", "epoch": 18, "step": 100, "loss": -17.731588171181265, "seconds": 2452}
{"event": "progress", "epoch": 18, "step": 150, "loss": -12.586354068452746, "seconds": 2468}
{"event": "progress", "epoch": 18, "step": 200, "loss": -13.43959208658837, "seconds": 2486}
{"event": "progress", "epoch": 18, "step": 250, "loss": -12.54362057035433, "seconds": 2503}
{"event": "progress", "epoch": 18, "step": 300, "loss": -11.95349602711303, "seconds": 2521}
{"event": "epoch", "epoch": 18, "phase": "float", "loss": -13.582566132376922, "seconds": 126.07162814799995, "elapsed_seconds": 2542.078346024, "learning_rate": 0.0005, "utterances": 770, "total_utterances": 770, "invalid_utterances": 0, "noisy_si_sdr": 6.016738904979767, "si_sdr": 12.951866882900438, "si_sdri": 6.935127977920671, "best_si_sdri": 7.085738417444875}
{"event": "progress", "epoch": 19, "step": 0, "loss": -14.111885990709963, "seconds": 2543}
{"event": "progress", "epoch": 19, "step": 50, "loss": -9.833268972065403, "seconds": 2560}
{"event": "progress", "epoch": 19, "step": 100, "loss": -10.400498963046111, "seconds": 2582}
{"event": "progress", "epoch": 19, "step": 150, "loss": -13.692267333678931, "seconds": 2603}
{"event": "progress", "epoch": 19, "step": 200, "loss": -13.774667746178515, "seconds": 2624}
{"event": "progress", "epoch": 19, "step": 250, "loss": -16.161831571207568, "seconds": 2645}
{"event": "progress", "epoch": 19, "step": 300, "loss": -12.113988903416304, "seconds": 2664}
{"event": "epoch", "epoch": 19, "phase": "float", "loss": -13.63410805287886, "seconds": 146.82071451699994, "elapsed_seconds": 2689.006979527001, "learning_rate": 0.0005, "utterances": 770, "total_utterances": 770, "invalid_utterances": 0, "noisy_si_sdr": 6.016738904979767, "si_sdr": 13.128424999415447, "si_sdri": 7.111686094435679, "best_si_sdri": 7.111686094435679}
{"event": "progress", "epoch": 20, "step": 0, "loss": -13.990653085309544, "seconds": 2690}
{"event": "progress", "epoch": 20, "step": 50, "loss": -13.280643761696627, "seconds": 2710}
{"event": "progress", "epoch": 20, "step": 100, "loss": -13.03063430455052, "seconds": 2731}
{"event": "progress", "epoch": 20, "step": 150, "loss": -11.978732224806292, "seconds": 2752}
{"event": "progress", "epoch": 20, "step": 200, "loss": -13.757140991883478, "seconds": 2771}
{"event": "progress", "epoch": 20, "step": 250, "loss": -12.255730065842545, "seconds": 2793}
{"event": "progress", "epoch": 20, "step": 300, "loss": -12.730107568960452, "seconds": 2814}
{"event": "epoch", "epoch": 20, "phase": "float", "loss": -13.50291238278461, "seconds": 149.7937499290001, "elapsed_seconds": 2839.021241167, "learning_rate": 0.0005, "utterances": 770, "total_utterances": 770, "invalid_utterances": 0, "noisy_si_sdr": 6.016738904979767, "si_sdr": 13.107367974027841, "si_sdri": 7.090629069048074, "best_si_sdri": 7.111686094435679}
{"event": "progress", "epoch": 21, "step": 0, "loss": -11.659184960056052, "seconds": 2840}
{"event": "progress", "epoch": 21, "step": 50, "loss": -15.4346476676883, "seconds": 2860}
{"event": "progress", "epoch": 21, "step": 100, "loss": -12.340143083254805, "seconds": 2879}
{"event": "progress", "epoch": 21, "step": 150, "loss": -12.448215893150236, "seconds": 2900}
{"event": "progress", "epoch": 21, "step": 200, "loss": -13.06527529640524, "seconds": 2922}
{"event": "progress", "epoch": 21, "step": 250, "loss": -16.698776230177444, "seconds": 2943}
{"event": "progress", "epoch": 21, "step": 300, "loss": -15.276047202316569, "seconds": 2964}
{"event": "epoch", "epoch": 21, "phase": "float", "loss": -13.571046759805922, "seconds": 147.97290050300035, "elapsed_seconds": 2987.1590937580004, "learning_rate": 0.0005, "utterances": 770, "total_utterances": 770, "invalid_utterances": 0, "noisy_si_sdr": 6.016738904979767, "si_sdr": 13.09091243734224, "si_sdri": 7.074173532362473, "best_si_sdri": 7.111686094435679}
{"event": "progress", "epoch": 22, "step": 0, "loss": -12.91649718738417, "seconds": 2988}
{"event": "progress", "epoch": 22, "step": 50, "loss": -13.391666476118278, "seconds": 3008}
{"event": "progress", "epoch": 22, "step": 100, "loss": -12.471956459675198, "seconds": 3029}
{"event": "progress", "epoch": 22, "step": 150, "loss": -14.329400462879974, "seconds": 3050}
{"event": "progress", "epoch": 22, "step": 200, "loss": -14.504284153749932, "seconds": 3071}
{"event": "progress", "epoch": 22, "step": 250, "loss": -14.293091391885204, "seconds": 3090}
{"event": "progress", "epoch": 22, "step": 300, "loss": -12.840144999524583, "seconds": 3112}
{"event": "epoch", "epoch": 22, "phase": "float", "loss": -13.666116213477206, "seconds": 149.30095333600002, "elapsed_seconds": 3136.5529589800008, "learning_rate": 0.0005, "utterances": 770, "total_utterances": 770, "invalid_utterances": 0, "noisy_si_sdr": 6.016738904979767, "si_sdr": 13.175564257980524, "si_sdri": 7.158825353000757, "best_si_sdri": 7.158825353000757}
{"event": "progress", "epoch": 23, "step": 0, "loss": -14.897266025043974, "seconds": 3138}
{"event": "progress", "epoch": 23, "step": 50, "loss": -9.694978396311342, "seconds": 3157}
{"event": "progress", "epoch": 23, "step": 100, "loss": -14.354819695606345, "seconds": 3178}
{"event": "progress", "epoch": 23, "step": 150, "loss": -15.684585332734859, "seconds": 3198}
{"event": "progress", "epoch": 23, "step": 200, "loss": -14.514214659401777, "seconds": 3219}
{"event": "progress", "epoch": 23, "step": 250, "loss": -13.838768003475899, "seconds": 3240}
{"event": "progress", "epoch": 23, "step": 300, "loss": -12.1094310281187, "seconds": 3261}
{"event": "epoch", "epoch": 23, "phase": "float", "loss": -13.523886174580122, "seconds": 148.4592549730005, "elapsed_seconds": 3285.1972765259998, "learning_rate": 0.0005, "utterances": 770, "total_utterances": 770, "invalid_utterances": 0, "noisy_si_sdr": 6.016738904979767, "si_sdr": 13.145239253977321, "si_sdri": 7.128500348997553, "best_si_sdri": 7.158825353000757}
{"event": "progress", "epoch": 24, "step": 0, "loss": -15.564992188768677, "seconds": 3286}
{"event": "progress", "epoch": 24, "step": 50, "loss": -15.263068555880572, "seconds": 3302}
{"event": "progress", "epoch": 24, "step": 100, "loss": -10.948160454113994, "seconds": 3320}
{"event": "progress", "epoch": 24, "step": 150, "loss": -14.641670801476046, "seconds": 3338}
{"event": "progress", "epoch": 24, "step": 200, "loss": -14.140383876207745, "seconds": 3356}
{"event": "progress", "epoch": 24, "step": 250, "loss": -15.016973318706897, "seconds": 3373}
{"event": "progress", "epoch": 24, "step": 300, "loss": -13.779664157372133, "seconds": 3390}
{"event": "epoch", "epoch": 24, "phase": "float", "loss": -13.663503729539832, "seconds": 125.53561649100084, "elapsed_seconds": 3410.8429613940007, "learning_rate": 0.0005, "utterances": 770, "total_utterances": 770, "invalid_utterances": 0, "noisy_si_sdr": 6.016738904979767, "si_sdr": 13.21613116901836, "si_sdri": 7.199392264038593, "best_si_sdri": 7.199392264038593}
{"event": "progress", "epoch": 25, "step": 0, "loss": -14.993826118451267, "seconds": 3412}
{"event": "progress", "epoch": 25, "step": 50, "loss": -11.759683836513428, "seconds": 3428}
{"event": "progress", "epoch": 25, "step": 100, "loss": -15.539578363506154, "seconds": 3446}
{"event": "progress", "epoch": 25, "step": 150, "loss": -15.79737038533457, "seconds": 3464}
{"event": "progress", "epoch": 25, "step": 200, "loss": -14.964794742251492, "seconds": 3481}
{"event": "progress", "epoch": 25, "step": 250, "loss": -12.570869264237, "seconds": 3499}
{"event": "progress", "epoch": 25, "step": 300, "loss": -14.227784877587203, "seconds": 3517}
{"event": "epoch", "epoch": 25, "phase": "float", "loss": -13.877533997536988, "seconds": 126.70052072399994, "elapsed_seconds": 3537.759410818, "learning_rate": 0.0005, "utterances": 770, "total_utterances": 770, "invalid_utterances": 0, "noisy_si_sdr": 6.016738904979767, "si_sdr": 13.179166600380546, "si_sdri": 7.162427695400779, "best_si_sdri": 7.199392264038593}
{"event": "progress", "epoch": 26, "step": 0, "loss": -16.533442651018337, "seconds": 3539}
{"event": "progress", "epoch": 26, "step": 50, "loss": -15.853844583122836, "seconds": 3555}
{"event": "progress", "epoch": 26, "step": 100, "loss": -12.773445382856167, "seconds": 3572}
{"event": "progress", "epoch": 26, "step": 150, "loss": -13.533393883303557, "seconds": 3590}
{"event": "progress", "epoch": 26, "step": 200, "loss": -12.545148658908635, "seconds": 3608}
{"event": "progress", "epoch": 26, "step": 250, "loss": -14.999829587205962, "seconds": 3626}
{"event": "progress", "epoch": 26, "step": 300, "loss": -15.995093018144239, "seconds": 3643}
{"event": "epoch", "epoch": 26, "phase": "float", "loss": -13.886709100329506, "seconds": 125.35379566399934, "elapsed_seconds": 3663.232662577, "learning_rate": 0.0005, "utterances": 770, "total_utterances": 770, "invalid_utterances": 0, "noisy_si_sdr": 6.016738904979767, "si_sdr": 13.129652001810808, "si_sdri": 7.112913096831042, "best_si_sdri": 7.199392264038593}
{"event": "progress", "epoch": 27, "step": 0, "loss": -16.97998740553369, "seconds": 3664}
{"event": "progress", "epoch": 27, "step": 50, "loss": -14.893452214658016, "seconds": 3681}
{"event": "progress", "epoch": 27, "step": 100, "loss": -16.487416489916537, "seconds": 3699}
{"event": "progress", "epoch": 27, "step": 150, "loss": -11.632235646036289, "seconds": 3716}
{"event": "progress", "epoch": 27, "step": 200, "loss": -14.45398365189525, "seconds": 3734}
{"event": "progress", "epoch": 27, "step": 250, "loss": -16.28140860155828, "seconds": 3751}
{"event": "progress", "epoch": 27, "step": 300, "loss": -15.808605005177146, "seconds": 3769}
{"event": "epoch", "epoch": 27, "phase": "float", "loss": -13.888585728570966, "seconds": 125.8671676060003, "elapsed_seconds": 3789.199818964, "learning_rate": 0.0005, "utterances": 770, "total_utterances": 770, "invalid_utterances": 0, "noisy_si_sdr": 6.016738904979767, "si_sdr": 13.155286760979765, "si_sdri": 7.138547855999997, "best_si_sdri": 7.199392264038593}
{"event": "progress", "epoch": 28, "step": 0, "loss": -15.36813142376872, "seconds": 3790}
{"event": "progress", "epoch": 28, "step": 50, "loss": -14.82088955962508, "seconds": 3807}
{"event": "progress", "epoch": 28, "step": 100, "loss": -16.742853283924013, "seconds": 3824}
{"event": "progress", "epoch": 28, "step": 150, "loss": -14.074823333603115, "seconds": 3841}
{"event": "progress", "epoch": 28, "step": 200, "loss": -14.211418552832134, "seconds": 3859}
{"event": "progress", "epoch": 28, "step": 250, "loss": -13.180833884772628, "seconds": 3876}
{"event": "progress", "epoch": 28, "step": 300, "loss": -14.089554677940281, "seconds": 3894}
{"event": "epoch", "epoch": 28, "phase": "float", "loss": -13.87321496775801, "seconds": 125.34131871400132, "elapsed_seconds": 3914.6329650410007, "learning_rate": 0.0005, "utterances": 770, "total_utterances": 770, "invalid_utterances": 0, "noisy_si_sdr": 6.016738904979767, "si_sdr": 13.138597170832305, "si_sdri": 7.121858265852538, "best_si_sdri": 7.199392264038593}
{"event": "progress", "epoch": 29, "step": 0, "loss": -14.760984814783615, "seconds": 3916}
{"event": "progress", "epoch": 29, "step": 50, "loss": -12.351482992217484, "seconds": 3929}
{"event": "progress", "epoch": 29, "step": 100, "loss": -16.748822355076552, "seconds": 3944}
{"event": "progress", "epoch": 29, "step": 150, "loss": -15.344433160219426, "seconds": 3960}
{"event": "progress", "epoch": 29, "step": 200, "loss": -14.168623547682522, "seconds": 3978}
{"event": "progress", "epoch": 29, "step": 250, "loss": -13.762674923135314, "seconds": 3996}
{"event": "progress", "epoch": 29, "step": 300, "loss": -14.157813751881609, "seconds": 4013}
{"event": "epoch", "epoch": 29, "phase": "float", "loss": -13.950779358760403, "seconds": 116.59101517999989, "elapsed_seconds": 4031.396048142, "learning_rate": 0.00025, "utterances": 770, "total_utterances": 770, "invalid_utterances": 0, "noisy_si_sdr": 6.016738904979767, "si_sdr": 13.123641686009394, "si_sdri": 7.106902781029626, "best_si_sdri": 7.199392264038593}
{"event": "progress", "epoch": 30, "step": 0, "loss": -13.542595163896944, "seconds": 4032}
{"event": "progress", "epoch": 30, "step": 50, "loss": -13.382278877375473, "seconds": 4049}
{"event": "progress", "epoch": 30, "step": 100, "loss": -11.484429361521215, "seconds": 4068}
{"event": "progress", "epoch": 30, "step": 150, "loss": -11.738928458426063, "seconds": 4088}
{"event": "progress", "epoch": 30, "step": 200, "loss": -12.693437799831173, "seconds": 4107}
{"event": "progress", "epoch": 30, "step": 250, "loss": -12.410518498261364, "seconds": 4125}
{"event": "progress", "epoch": 30, "step": 300, "loss": -12.235061612403857, "seconds": 4144}
{"event": "epoch", "epoch": 30, "phase": "float", "loss": -13.872884359666783, "seconds": 135.82613791199947, "elapsed_seconds": 4167.310510963, "learning_rate": 0.00025, "utterances": 770, "total_utterances": 770, "invalid_utterances": 0, "noisy_si_sdr": 6.016738904979767, "si_sdr": 13.253063834412671, "si_sdri": 7.236324929432904, "best_si_sdri": 7.236324929432904}
{"event": "progress", "epoch": 31, "step": 0, "loss": -15.137992468183072, "seconds": 4168}
{"event": "progress", "epoch": 31, "step": 50, "loss": -14.787224899415719, "seconds": 4186}
{"event": "progress", "epoch": 31, "step": 100, "loss": -13.131877041404074, "seconds": 4206}
{"event": "progress", "epoch": 31, "step": 150, "loss": -12.90382927593194, "seconds": 4225}
{"event": "progress", "epoch": 31, "step": 200, "loss": -18.18151584579082, "seconds": 4244}
{"event": "progress", "epoch": 31, "step": 250, "loss": -15.779173903889465, "seconds": 4264}
{"event": "progress", "epoch": 31, "step": 300, "loss": -15.628871988993989, "seconds": 4283}
{"event": "epoch", "epoch": 31, "phase": "float", "loss": -13.999416065140593, "seconds": 140.31209409200164, "elapsed_seconds": 4307.799787925, "learning_rate": 0.00025, "utterances": 770, "total_utterances": 770, "invalid_utterances": 0, "noisy_si_sdr": 6.016738904979767, "si_sdr": 13.222038101283772, "si_sdri": 7.205299196304004, "best_si_sdri": 7.236324929432904}
{"event": "progress", "epoch": 32, "step": 0, "loss": -10.164871991430111, "seconds": 4309}
{"event": "progress", "epoch": 32, "step": 50, "loss": -13.699488493269946, "seconds": 4325}
{"event": "progress", "epoch": 32, "step": 100, "loss": -14.91433233804646, "seconds": 4346}
{"event": "progress", "epoch": 32, "step": 150, "loss": -14.807774402747224, "seconds": 4365}
{"event": "progress", "epoch": 32, "step": 200, "loss": -12.91761274280642, "seconds": 4386}
{"event": "progress", "epoch": 32, "step": 250, "loss": -15.814156771950074, "seconds": 4406}
{"event": "progress", "epoch": 32, "step": 300, "loss": -13.802418337612755, "seconds": 4425}
{"event": "epoch", "epoch": 32, "phase": "float", "loss": -13.959194753821286, "seconds": 140.82337673800066, "elapsed_seconds": 4448.850240633001, "learning_rate": 0.00025, "utterances": 770, "total_utterances": 770, "invalid_utterances": 0, "noisy_si_sdr": 6.016738904979767, "si_sdr": 13.283677248500313, "si_sdri": 7.266938343520544, "best_si_sdri": 7.266938343520544}
{"event": "progress", "epoch": 33, "step": 0, "loss": -12.985167255965678, "seconds": 4450}
{"event": "progress", "epoch": 33, "step": 50, "loss": -14.03674712646427, "seconds": 4468}
{"event": "progress", "epoch": 33, "step": 100, "loss": -12.253837439442425, "seconds": 4488}
{"event": "progress", "epoch": 33, "step": 150, "loss": -12.705832510067093, "seconds": 4508}
{"event": "progress", "epoch": 33, "step": 200, "loss": -11.525323459519104, "seconds": 4528}
{"event": "progress", "epoch": 33, "step": 250, "loss": -10.69159182606223, "seconds": 4548}
{"event": "progress", "epoch": 33, "step": 300, "loss": -14.141782435011294, "seconds": 4568}
{"event": "epoch", "epoch": 33, "phase": "float", "loss": -14.081964621818761, "seconds": 142.23975229499956, "elapsed_seconds": 4591.297012247, "learning_rate": 0.00025, "utterances": 770, "total_utterances": 770, "invalid_utterances": 0, "noisy_si_sdr": 6.016738904979767, "si_sdr": 13.177132665931385, "si_sdri": 7.160393760951618, "best_si_sdri": 7.266938343520544}
{"event": "progress", "epoch": 34, "step": 0, "loss": -12.935463004648355, "seconds": 4592}
{"event": "progress", "epoch": 34, "step": 50, "loss": -12.094348510959232, "seconds": 4611}
{"event": "progress", "epoch": 34, "step": 100, "loss": -17.0668928136645, "seconds": 4630}
{"event": "progress", "epoch": 34, "step": 150, "loss": -15.141780028609453, "seconds": 4650}
{"event": "progress", "epoch": 34, "step": 200, "loss": -11.481787361271174, "seconds": 4670}
{"event": "progress", "epoch": 34, "step": 250, "loss": -13.952674271112947, "seconds": 4690}
{"event": "progress", "epoch": 34, "step": 300, "loss": -12.086402093470724, "seconds": 4710}
{"event": "epoch", "epoch": 34, "phase": "float", "loss": -14.112263822013501, "seconds": 140.2536931279992, "elapsed_seconds": 4731.694544628001, "learning_rate": 0.00025, "utterances": 770, "total_utterances": 770, "invalid_utterances": 0, "noisy_si_sdr": 6.016738904979767, "si_sdr": 13.227435704658946, "si_sdri": 7.2106967996791775, "best_si_sdri": 7.266938343520544}
{"event": "progress", "epoch": 35, "step": 0, "loss": -13.109776244980488, "seconds": 4733}
{"event": "progress", "epoch": 35, "step": 50, "loss": -14.738559672505271, "seconds": 4752}
{"event": "progress", "epoch": 35, "step": 100, "loss": -13.739311271354236, "seconds": 4772}
{"event": "progress", "epoch": 35, "step": 150, "loss": -12.942986325133472, "seconds": 4792}
{"event": "progress", "epoch": 35, "step": 200, "loss": -12.23539322954979, "seconds": 4812}
{"event": "progress", "epoch": 35, "step": 250, "loss": -11.948592484027833, "seconds": 4831}
{"event": "progress", "epoch": 35, "step": 300, "loss": -16.785976953425937, "seconds": 4851}
{"event": "epoch", "epoch": 35, "phase": "float", "loss": -14.104702620040356, "seconds": 142.41591654600052, "elapsed_seconds": 4874.19742764, "learning_rate": 0.00025, "utterances": 770, "total_utterances": 770, "invalid_utterances": 0, "noisy_si_sdr": 6.016738904979767, "si_sdr": 13.301748666583801, "si_sdri": 7.285009761604035, "best_si_sdri": 7.285009761604035}
{"event": "progress", "epoch": 36, "step": 0, "loss": -13.408946248086165, "seconds": 4875}
{"event": "progress", "epoch": 36, "step": 50, "loss": -12.19008039967982, "seconds": 4895}
{"event": "progress", "epoch": 36, "step": 100, "loss": -15.245270951152271, "seconds": 4914}
{"event": "progress", "epoch": 36, "step": 150, "loss": -13.452346784026025, "seconds": 4934}
{"event": "progress", "epoch": 36, "step": 200, "loss": -15.41064675296252, "seconds": 4954}
{"event": "progress", "epoch": 36, "step": 250, "loss": -12.940157830289499, "seconds": 4974}
{"event": "progress", "epoch": 36, "step": 300, "loss": -14.276392731071711, "seconds": 4994}
{"event": "epoch", "epoch": 36, "phase": "float", "loss": -14.026351787483083, "seconds": 141.3959961670007, "elapsed_seconds": 5015.968837118, "learning_rate": 0.00025, "utterances": 770, "total_utterances": 770, "invalid_utterances": 0, "noisy_si_sdr": 6.016738904979767, "si_sdr": 13.286040083670699, "si_sdri": 7.269301178690934, "best_si_sdri": 7.285009761604035}
{"event": "progress", "epoch": 37, "step": 0, "loss": -11.718418071971156, "seconds": 5017}
{"event": "progress", "epoch": 37, "step": 50, "loss": -14.125060983629528, "seconds": 5036}
{"event": "progress", "epoch": 37, "step": 100, "loss": -13.45899134876179, "seconds": 5056}
{"event": "progress", "epoch": 37, "step": 150, "loss": -11.618990525607074, "seconds": 5076}
{"event": "progress", "epoch": 37, "step": 200, "loss": -12.248668510860012, "seconds": 5096}
{"event": "progress", "epoch": 37, "step": 250, "loss": -14.414734806625773, "seconds": 5116}
{"event": "progress", "epoch": 37, "step": 300, "loss": -13.996137084291593, "seconds": 5136}
{"event": "epoch", "epoch": 37, "phase": "float", "loss": -14.052497545207162, "seconds": 142.37564898600067, "elapsed_seconds": 5158.433775312, "learning_rate": 0.00025, "utterances": 770, "total_utterances": 770, "invalid_utterances": 0, "noisy_si_sdr": 6.016738904979767, "si_sdr": 13.283561680002755, "si_sdri": 7.266822775022989, "best_si_sdri": 7.285009761604035}
{"event": "progress", "epoch": 38, "step": 0, "loss": -15.837092730893467, "seconds": 5159}
{"event": "progress", "epoch": 38, "step": 50, "loss": -14.007198982175325, "seconds": 5178}
{"event": "progress", "epoch": 38, "step": 100, "loss": -11.206541247813082, "seconds": 5198}
{"event": "progress", "epoch": 38, "step": 150, "loss": -14.246799483006548, "seconds": 5218}
{"event": "progress", "epoch": 38, "step": 200, "loss": -13.426367877880232, "seconds": 5238}
{"event": "progress", "epoch": 38, "step": 250, "loss": -12.517323698574058, "seconds": 5257}
{"event": "progress", "epoch": 38, "step": 300, "loss": -11.752011452032537, "seconds": 5277}
{"event": "epoch", "epoch": 38, "phase": "float", "loss": -14.2027718692993, "seconds": 141.5301735840003, "elapsed_seconds": 5300.135980169, "learning_rate": 0.00025, "utterances": 770, "total_utterances": 770, "invalid_utterances": 0, "noisy_si_sdr": 6.016738904979767, "si_sdr": 13.218735541708865, "si_sdri": 7.201996636729098, "best_si_sdri": 7.285009761604035}
{"event": "progress", "epoch": 39, "step": 0, "loss": -15.448904037893488, "seconds": 5301}
{"event": "progress", "epoch": 39, "step": 50, "loss": -16.043614743475274, "seconds": 5319}
{"event": "progress", "epoch": 39, "step": 100, "loss": -15.566303471396113, "seconds": 5339}
{"event": "progress", "epoch": 39, "step": 150, "loss": -16.36459200061566, "seconds": 5360}
{"event": "progress", "epoch": 39, "step": 200, "loss": -12.338623776060786, "seconds": 5380}
{"event": "progress", "epoch": 39, "step": 250, "loss": -17.251844339931207, "seconds": 5400}
{"event": "progress", "epoch": 39, "step": 300, "loss": -16.570071593375445, "seconds": 5419}
{"event": "epoch", "epoch": 39, "phase": "float", "loss": -14.169932704617265, "seconds": 142.02321950100122, "elapsed_seconds": 5442.264042713001, "learning_rate": 0.00025, "utterances": 770, "total_utterances": 770, "invalid_utterances": 0, "noisy_si_sdr": 6.016738904979767, "si_sdr": 13.336659321086312, "si_sdri": 7.319920416106546, "best_si_sdri": 7.319920416106546}
{"event": "progress", "epoch": 40, "step": 0, "loss": -12.825739895276257, "seconds": 5443}
{"event": "progress", "epoch": 40, "step": 50, "loss": -12.761243239794808, "seconds": 5462}
{"event": "progress", "epoch": 40, "step": 100, "loss": -13.373780586264033, "seconds": 5482}
{"event": "progress", "epoch": 40, "step": 150, "loss": -9.991289070722647, "seconds": 5503}
{"event": "progress", "epoch": 40, "step": 200, "loss": -15.5302583370836, "seconds": 5521}
{"event": "progress", "epoch": 40, "step": 250, "loss": -15.848356706595387, "seconds": 5542}
{"event": "progress", "epoch": 40, "step": 300, "loss": -14.06588301423492, "seconds": 5561}
{"event": "epoch", "epoch": 40, "phase": "float", "loss": -14.064767591069216, "seconds": 141.67529435399956, "elapsed_seconds": 5584.160288958999, "learning_rate": 0.00025, "utterances": 770, "total_utterances": 770, "invalid_utterances": 0, "noisy_si_sdr": 6.016738904979767, "si_sdr": 13.325534569129307, "si_sdri": 7.308795664149538, "best_si_sdri": 7.319920416106546}
{"event": "progress", "epoch": 41, "step": 0, "loss": -14.028675828986415, "seconds": 5585}
{"event": "progress", "epoch": 41, "step": 50, "loss": -15.589191061138726, "seconds": 5604}
{"event": "progress", "epoch": 41, "step": 100, "loss": -15.53438744864822, "seconds": 5623}
{"event": "progress", "epoch": 41, "step": 150, "loss": -11.926730862827336, "seconds": 5643}
{"event": "progress", "epoch": 41, "step": 200, "loss": -13.611805170072891, "seconds": 5663}
{"event": "progress", "epoch": 41, "step": 250, "loss": -15.789381678386171, "seconds": 5683}
{"event": "progress", "epoch": 41, "step": 300, "loss": -14.322286014168512, "seconds": 5703}
{"event": "epoch", "epoch": 41, "phase": "float", "loss": -14.16527955194653, "seconds": 140.66560667900012, "elapsed_seconds": 5724.942268584, "learning_rate": 0.00025, "utterances": 770, "total_utterances": 770, "invalid_utterances": 0, "noisy_si_sdr": 6.016738904979767, "si_sdr": 13.252145778171755, "si_sdri": 7.235406873191987, "best_si_sdri": 7.319920416106546}
{"event": "progress", "epoch": 42, "step": 0, "loss": -14.060647645147444, "seconds": 5726}
{"event": "progress", "epoch": 42, "step": 50, "loss": -15.633382137526196, "seconds": 5745}
{"event": "progress", "epoch": 42, "step": 100, "loss": -13.076508515635307, "seconds": 5765}
{"event": "progress", "epoch": 42, "step": 150, "loss": -11.71925476598139, "seconds": 5785}
{"event": "progress", "epoch": 42, "step": 200, "loss": -14.408171946038282, "seconds": 5805}
{"event": "progress", "epoch": 42, "step": 250, "loss": -13.948184843445237, "seconds": 5824}
{"event": "progress", "epoch": 42, "step": 300, "loss": -15.437935275196573, "seconds": 5844}
{"event": "epoch", "epoch": 42, "phase": "float", "loss": -14.082404819928149, "seconds": 141.94972293599858, "elapsed_seconds": 5866.995466972001, "learning_rate": 0.00025, "utterances": 770, "total_utterances": 770, "invalid_utterances": 0, "noisy_si_sdr": 6.016738904979767, "si_sdr": 13.370274083825482, "si_sdri": 7.353535178845715, "best_si_sdri": 7.353535178845715}
{"event": "progress", "epoch": 43, "step": 0, "loss": -13.627014447558587, "seconds": 5868}
{"event": "progress", "epoch": 43, "step": 50, "loss": -14.492507487760868, "seconds": 5886}
{"event": "progress", "epoch": 43, "step": 100, "loss": -16.24961988856323, "seconds": 5906}
{"event": "progress", "epoch": 43, "step": 150, "loss": -15.4682673495943, "seconds": 5925}
{"event": "progress", "epoch": 43, "step": 200, "loss": -12.305079483629571, "seconds": 5945}
{"event": "progress", "epoch": 43, "step": 250, "loss": -18.60984187468528, "seconds": 5965}
{"event": "progress", "epoch": 43, "step": 300, "loss": -13.518910828612885, "seconds": 5986}
{"event": "epoch", "epoch": 43, "phase": "float", "loss": -14.151079163743585, "seconds": 140.88535290799882, "elapsed_seconds": 6008.057015245, "learning_rate": 0.00025, "utterances": 770, "total_utterances": 770, "invalid_utterances": 0, "noisy_si_sdr": 6.016738904979767, "si_sdr": 13.326292903321958, "si_sdri": 7.309553998342191, "best_si_sdri": 7.353535178845715}
{"event": "progress", "epoch": 44, "step": 0, "loss": -12.33318032674355, "seconds": 6009}
