{"event": "start", "device": "cuda", "torch": "2.11.0+cu128", "model": {"precision": "float-only; INT8 QAT/export/runtime are not implemented", "learned_parameters": 23669, "fixed_erb_parameters": 24576, "total_parameters_including_fixed": 48245, "learned_parameter_bytes_float32": 94676, "fixed_erb_bytes_float32": 98304, "state_dict_bytes": 197524, "fixed_erb_shape": [64, 192], "fixed_erb_nonzero_values_one_direction": 382, "fixed_erb_transpose_duplicate": true, "macs_per_second": 33000000, "macs_status": "published upstream accounting; not measured MCU cycles or an INT8 runtime", "context_frames": null, "temporal_context": "causal recurrent history; intra-frame bidirectional frequency GRUs", "neural_state_elements": 18048, "neural_state_bytes_float32": 72192, "audio_overlap_state_bytes_float32": 3072, "state_scope": "batch1 persistent state only; activations, weight snapshot and FFT scratch excluded", "packed_bytes_status": "unavailable; no integer exporter", "upstream_revision": "502ebfab64da7c4a9af78dcb9c6ceef1ebb01c73", "framing": "causal_zero_overlap_v1", "constructor_initialization": "fresh; the adapter does not load pretrained weights"}, "model_kind": "gtcrn", "gpu": "NVIDIA L4", "test_used_for_selection": false, "selection_metric": "mean utterance SI-SDR improvement", "validation_is_partial": false, "calibration": null, "added_training_sources": null, "distillation": null, "resume_checkpoint_sha256": null, "manifest_sha256": {"train": "c0b9ea9aa7b13d30aadd30f76274f6b2f932d802ae85c55426c2c3e13a4a247c", "val": "c1e0ccf95766f1542da3e8eebc1cf33107ca6ecf3ccf59c7a2d8078c171f5668"}, "source_sha256": {"__init__.py": "8fa53a117dcac5ce5f496e7685d7f3a4af5c4ed2b87475e4ba888f9925b3a560", "comparison.py": "a72684d6697349141729ba28d1973dfdba7131e6bbc9e6684b91883b9f5c7350", "data.py": "1b755c38236483957f8ecc62a4923841aa33f3bd9c26e2a1de288ae5132f22f3", "development.py": "11b16e960701f64e5813b84e1f40e6be62d682777e04d683c4f671110ca70d44", "development_checkpoints.py": "97737ea04e6d702114661b0e45cd27ab7d3aa76c46c7542b9d53b672967230d8", "distillation.py": "6e2b72d890afa061d9361e43587cfb446455bff94b4177f7afc76e23446758f7", "embedded.py": "a31581b4d7c51fd82488420fa7b7997605d056b0001b6582aeb852fe2e1022b2", "evaluate.py": "c2f71a72cf7ee5b1a7ef358af06db13f612d51ea66029c53c57b33e81f34c3e3", "export.py": "e76ad5ab812577fde4e89da543fd0f42a3b1d374221c754b00f5a6d4c3593cb0", "extra_data.py": "193cf8fd9d8704d040602ad00ba13b10d3ff61c06ffebe739a0acf72728979a3", "frequency_deep_filter.py": "7ef7b10ac56bf0dcec9a6f2cfb141cfd47514593ecf0c46e3a817146ee8a4dd9", "frequency_embedded.py": "04808d9e34f42e68a960be9476bb40303a6e897c5461a09413885029c256b6ee", "frequency_evaluate.py": "bdc5f29e7a49f1b3251b29257b68044c733eaa942802feb4e9d70db70c4699a6", "frequency_export.py": "947e8e06a6e4501d4d3e21305e7b903d433d28158ec6c79e2cde063e5eca33fe", "frequency_gru.py": "41e0f10b122e8afb588d08f7d5220257c9b9f4f8ea792749baa07cbf3f292632", "frequency_model.py": "68da4df1ae92084c1ca1dba91ccbc16be4731fa2561bd48bdac6117127f689f4", "frequency_normalization.py": "407ae0de89eeb9202fe4ef8389b6308112564b4a84665745e98f9883fb0cac90", "frequency_quantization.py": "4739cdcac4753e31465593d3372c11936048778db29da2debf2975a33a4de162", "gtcrn_model.py": "14cd761539cee0b81da95fa35ba3e21dc0e5317572a9546f4fd20c522b1da2b8", "losses.py": "5f0e7753d8c7d5e827bb58e688288bbb883322b1326b878ab826139734621753", "mask_diagnostics.py": "0e7b71ffd2de26d647c91091d90a6090fe4dda579cb34393f4ba8c78ac1a44c3", "metrics.py": "9832420689fcc6e27d02ef2c751f76ac86c17d9f9164864543bf7604826da2b5", "mixtures.py": "aa52046143db594b101027108f1e4cad1a5dbdbbcde717146155b2847a3eef7a", "model.py": "ae35b641f3dd1a58932a8675cc58cac0029c637dbb196c125b3ae560ad61482e", "models.py": "c137123d38119828cdc1d3eaeeb59ac258012daf06161823aed9ee0b202b806b", "quality.py": "39cae6c04fb76d8493f4bf6bec12c99a01dee5a8a25402ded65dbdb90f311874", "quantization.py": "cb16d537edc4dbac1a378e0f3e33b8e614a956da0fe1dc469d386c911696d5c5", "runtime_cache.py": "8b0dc114256533810bddefe350d4bf57009dc69b75d42819ae1590c4ee0e7019", "train.py": "c87608f1df2cbb33c26dac41ee0c4de00177e02980444e396e481a8c5e9241bd", "vendor/__init__.py": "bce826e18e3d79c14e2a9aebd441101f82cfe9ef703698e3cfebda168e9f2561", "vendor/gtcrn/__init__.py": "ef43765e819258761704a8ce25fa34a15b9c31140992b1bb2ba654ecf1879f89", "vendor/gtcrn/convert.py": "dbff3a360a720f11fca0b4a4f8bc6bdb3ebb712fa617dfe37df8b31a9c5a586e", "vendor/gtcrn/convolution.py": "28465f8a160b8484548ec2e2d8319d5b0650f45079f5abf9d41a8cb15ce2fdf4", "vendor/gtcrn/network.py": "20bf0610702506fa45cd543454b84bbeb862d73c7c20a3f8d820fdc04da6099b", "vendor/gtcrn/streaming.py": "649cede9019dd9397de2b773797ee7a37b860c71cfea41a09e41b3193f527007", "warm_start.py": "1f4431725906167c03c1b2cebb0c4d69dd8585789cfe580df29fa399cafc6b4f"}, "train_utterances": 10802, "validation_utterances": 770, "train_speakers": ["p227", "p228", "p230", "p231", "p233", "p236", "p239", "p243", "p244", "p250", "p254", "p256", "p258", "p259", "p267", "p268", "p269", "p270", "p273", "p274", "p276", "p277", "p278", "p279", "p282", "p286"], "validation_speakers": ["p226", "p287"], "phase": "float"}
{"event": "initial_validation", "utterances": 770, "total_utterances": 770, "invalid_utterances": 0, "noisy_si_sdr": 6.016738904979767, "si_sdr": -8.769666811919121, "si_sdri": -14.786405716898889}
{"event": "progress", "epoch": 1, "step": 0, "loss": 11.221112056617425, "seconds": 16}
{"event": "progress", "epoch": 1, "step": 50, "loss": -3.211449565996122, "seconds": 34}
{"event": "progress", "epoch": 1, "step": 100, "loss": -6.341313312783361, "seconds": 54}
{"event": "progress", "epoch": 1, "step": 150, "loss": -8.926513603388244, "seconds": 74}
{"event": "progress", "epoch": 1, "step": 200, "loss": -10.769776204865678, "seconds": 92}
{"event": "progress", "epoch": 1, "step": 250, "loss": -7.187659141307551, "seconds": 113}
{"event": "progress", "epoch": 1, "step": 300, "loss": -10.35078145781461, "seconds": 134}
{"event": "epoch", "epoch": 1, "phase": "float", "loss": -7.50443105019979, "seconds": 149.72107005500038, "elapsed_seconds": 161.35841013800018, "learning_rate": 0.001, "utterances": 770, "total_utterances": 770, "invalid_utterances": 0, "noisy_si_sdr": 6.016738904979767, "si_sdr": 10.855592482271444, "si_sdri": 4.838853577291677, "best_si_sdri": 4.838853577291677}
{"event": "progress", "epoch": 2, "step": 0, "loss": -11.709608097855352, "seconds": 162}
{"event": "progress", "epoch": 2, "step": 50, "loss": -10.944545049442901, "seconds": 184}
{"event": "progress", "epoch": 2, "step": 100, "loss": -14.006767086656858, "seconds": 205}
{"event": "progress", "epoch": 2, "step": 150, "loss": -10.835669390403506, "seconds": 225}
{"event": "progress", "epoch": 2, "step": 200, "loss": -11.717500768506898, "seconds": 246}
{"event": "progress", "epoch": 2, "step": 250, "loss": -11.390254873792067, "seconds": 268}
{"event": "progress", "epoch": 2, "step": 300, "loss": -12.541582344464148, "seconds": 290}
{"event": "epoch", "epoch": 2, "phase": "float", "loss": -11.928427929657326, "seconds": 152.19415918099912, "elapsed_seconds": 313.72363717700136, "learning_rate": 0.001, "utterances": 770, "total_utterances": 770, "invalid_utterances": 0, "noisy_si_sdr": 6.016738904979767, "si_sdr": 12.244729452920529, "si_sdri": 6.227990547940761, "best_si_sdri": 6.227990547940761}
{"event": "progress", "epoch": 3, "step": 0, "loss": -12.108744367150134, "seconds": 314}
{"event": "progress", "epoch": 3, "step": 50, "loss": -13.217624427287898, "seconds": 336}
{"event": "progress", "epoch": 3, "step": 100, "loss": -11.774115007135366, "seconds": 356}
{"event": "progress", "epoch": 3, "step": 150, "loss": -11.84081352368057, "seconds": 378}
{"event": "progress", "epoch": 3, "step": 200, "loss": -12.933677481059455, "seconds": 400}
{"event": "progress", "epoch": 3, "step": 250, "loss": -12.708626461818904, "seconds": 420}
{"event": "progress", "epoch": 3, "step": 300, "loss": -13.685438396550323, "seconds": 442}
{"event": "epoch", "epoch": 3, "phase": "float", "loss": -12.678905245111052, "seconds": 152.46045212199897, "elapsed_seconds": 466.3602397810009, "learning_rate": 0.001, "utterances": 770, "total_utterances": 770, "invalid_utterances": 0, "noisy_si_sdr": 6.016738904979767, "si_sdr": 12.590725125553845, "si_sdri": 6.5739862205740796, "best_si_sdri": 6.5739862205740796}
{"event": "progress", "epoch": 4, "step": 0, "loss": -11.983030014547248, "seconds": 467}
{"event": "progress", "epoch": 4, "step": 50, "loss": -15.386249715284197, "seconds": 488}
{"event": "progress", "epoch": 4, "step": 100, "loss": -13.466874568792143, "seconds": 509}
{"event": "progress", "epoch": 4, "step": 150, "loss": -10.918590969370326, "seconds": 530}
{"event": "progress", "epoch": 4, "step": 200, "loss": -12.124270641667568, "seconds": 552}
{"event": "progress", "epoch": 4, "step": 250, "loss": -13.58819605540193, "seconds": 574}
{"event": "progress", "epoch": 4, "step": 300, "loss": -13.065603909070749, "seconds": 594}
{"event": "epoch", "epoch": 4, "phase": "float", "loss": -13.073055748915536, "seconds": 149.63103970500015, "elapsed_seconds": 616.1312207010014, "learning_rate": 0.001, "utterances": 770, "total_utterances": 770, "invalid_utterances": 0, "noisy_si_sdr": 6.016738904979767, "si_sdr": 12.723026155723451, "si_sdri": 6.706287250743683, "best_si_sdri": 6.706287250743683}
{"event": "progress", "epoch": 5, "step": 0, "loss": -14.302261762002686, "seconds": 617}
{"event": "progress", "epoch": 5, "step": 50, "loss": -13.207547570626787, "seconds": 636}
{"event": "progress", "epoch": 5, "step": 100, "loss": -12.047998826986381, "seconds": 655}
{"event": "progress", "epoch": 5, "step": 150, "loss": -11.113247585545782, "seconds": 675}
{"event": "progress", "epoch": 5, "step": 200, "loss": -12.095329936553231, "seconds": 695}
{"event": "progress", "epoch": 5, "step": 250, "loss": -13.750055738605027, "seconds": 714}
{"event": "progress", "epoch": 5, "step": 300, "loss": -13.13441242800145, "seconds": 733}
{"event": "epoch", "epoch": 5, "phase": "float", "loss": -13.201090088998747, "seconds": 139.77734176500053, "elapsed_seconds": 756.055886221, "learning_rate": 0.001, "utterances": 770, "total_utterances": 770, "invalid_utterances": 0, "noisy_si_sdr": 6.016738904979767, "si_sdr": 12.904593798344786, "si_sdri": 6.88785489336502, "best_si_sdri": 6.88785489336502}
{"event": "progress", "epoch": 6, "step": 0, "loss": -13.09028338110788, "seconds": 757}
{"event": "progress", "epoch": 6, "step": 50, "loss": -11.995273965826541, "seconds": 777}
{"event": "progress", "epoch": 6, "step": 100, "loss": -14.702086798632662, "seconds": 797}
{"event": "progress", "epoch": 6, "step": 150, "loss": -13.940135655493751, "seconds": 817}
{"event": "progress", "epoch": 6, "step": 200, "loss": -12.708094959046782, "seconds": 835}
{"event": "progress", "epoch": 6, "step": 250, "loss": -13.08377449068142, "seconds": 854}
{"event": "progress", "epoch": 6, "step": 300, "loss": -13.059549176502664, "seconds": 874}
{"event": "epoch", "epoch": 6, "phase": "float", "loss": -13.326433172479572, "seconds": 141.07843337699887, "elapsed_seconds": 897.3337391330006, "learning_rate": 0.001, "utterances": 770, "total_utterances": 770, "invalid_utterances": 0, "noisy_si_sdr": 6.016738904979767, "si_sdr": 13.088935155391512, "si_sdri": 7.072196250411744, "best_si_sdri": 7.072196250411744}
{"event": "progress", "epoch": 7, "step": 0, "loss": -14.366013230767376, "seconds": 898}
{"event": "progress", "epoch": 7, "step": 50, "loss": -13.955603559072811, "seconds": 918}
{"event": "progress", "epoch": 7, "step": 100, "loss": -13.874316859493982, "seconds": 937}
{"event": "progress", "epoch": 7, "step": 150, "loss": -13.106237824751862, "seconds": 955}
{"event": "progress", "epoch": 7, "step": 200, "loss": -12.798813395655966, "seconds": 975}
{"event": "progress", "epoch": 7, "step": 250, "loss": -12.92433693579399, "seconds": 995}
{"event": "progress", "epoch": 7, "step": 300, "loss": -14.853361655942118, "seconds": 1015}
{"event": "epoch", "epoch": 7, "phase": "float", "loss": -13.617842637932176, "seconds": 139.9635006539993, "elapsed_seconds": 1037.4864688770012, "learning_rate": 0.001, "utterances": 770, "total_utterances": 770, "invalid_utterances": 0, "noisy_si_sdr": 6.016738904979767, "si_sdr": 13.0617976969286, "si_sdri": 7.0450587919488346, "best_si_sdri": 7.072196250411744}
{"event": "progress", "epoch": 8, "step": 0, "loss": -14.255180393631637, "seconds": 1038}
{"event": "progress", "epoch": 8, "step": 50, "loss": -14.649039069618826, "seconds": 1056}
{"event": "progress", "epoch": 8, "step": 100, "loss": -14.999764457726684, "seconds": 1076}
{"event": "progress", "epoch": 8, "step": 150, "loss": -13.65935421913134, "seconds": 1096}
{"event": "progress", "epoch": 8, "step": 200, "loss": -13.289430143000018, "seconds": 1116}
{"event": "progress", "epoch": 8, "step": 250, "loss": -15.643016371174063, "seconds": 1135}
{"event": "progress", "epoch": 8, "step": 300, "loss": -12.378200109626027, "seconds": 1154}
{"event": "epoch", "epoch": 8, "phase": "float", "loss": -13.92236044386441, "seconds": 139.51920688599967, "elapsed_seconds": 1177.0988672980002, "learning_rate": 0.001, "utterances": 770, "total_utterances": 770, "invalid_utterances": 0, "noisy_si_sdr": 6.016738904979767, "si_sdr": 13.015524626874022, "si_sdri": 6.998785721894253, "best_si_sdri": 7.072196250411744}
{"event": "progress", "epoch": 9, "step": 0, "loss": -13.515816421096588, "seconds": 1178}
{"event": "progress", "epoch": 9, "step": 50, "loss": -11.677139020840706, "seconds": 1197}
{"event": "progress", "epoch": 9, "step": 100, "loss": -13.962545233139668, "seconds": 1216}
{"event": "progress", "epoch": 9, "step": 150, "loss": -11.569973848143867, "seconds": 1236}
{"event": "progress", "epoch": 9, "step": 200, "loss": -14.000357191417603, "seconds": 1255}
{"event": "progress", "epoch": 9, "step": 250, "loss": -16.414382992761418, "seconds": 1275}
{"event": "progress", "epoch": 9, "step": 300, "loss": -12.39008569057299, "seconds": 1294}
{"event": "epoch", "epoch": 9, "phase": "float", "loss": -14.159197169672986, "seconds": 139.93562184300026, "elapsed_seconds": 1317.127610462001, "learning_rate": 0.001, "utterances": 770, "total_utterances": 770, "invalid_utterances": 0, "noisy_si_sdr": 6.016738904979767, "si_sdr": 12.950871288938902, "si_sdri": 6.934132383959136, "best_si_sdri": 7.072196250411744}
{"event": "progress", "epoch": 10, "step": 0, "loss": -15.6266396177109, "seconds": 1318}
{"event": "progress", "epoch": 10, "step": 50, "loss": -13.195029829863088, "seconds": 1337}
{"event": "progress", "epoch": 10, "step": 100, "loss": -12.678447239127962, "seconds": 1357}
{"event": "progress", "epoch": 10, "step": 150, "loss": -14.224801366095699, "seconds": 1377}
{"event": "progress", "epoch": 10, "step": 200, "loss": -14.851101721836796, "seconds": 1397}
{"event": "progress", "epoch": 10, "step": 250, "loss": -17.300790336759313, "seconds": 1415}
{"event": "progress", "epoch": 10, "step": 300, "loss": -13.997638565047602, "seconds": 1434}
{"event": "epoch", "epoch": 10, "phase": "float", "loss": -14.238697645489067, "seconds": 140.65458722900075, "elapsed_seconds": 1457.8701913450004, "learning_rate": 0.001, "utterances": 770, "total_utterances": 770, "invalid_utterances": 0, "noisy_si_sdr": 6.016738904979767, "si_sdr": 12.933416183194508, "si_sdri": 6.916677278214742, "best_si_sdri": 7.072196250411744}
{"event": "progress", "epoch": 11, "step": 0, "loss": -14.312284972466813, "seconds": 1459}
{"event": "progress", "epoch": 11, "step": 50, "loss": -15.025579231282975, "seconds": 1478}
{"event": "progress", "epoch": 11, "step": 100, "loss": -14.549201444392498, "seconds": 1498}
{"event": "progress", "epoch": 11, "step": 150, "loss": -12.00047543195526, "seconds": 1518}
{"event": "progress", "epoch": 11, "step": 200, "loss": -15.94985900866406, "seconds": 1536}
{"event": "progress", "epoch": 11, "step": 250, "loss": -12.971708467234544, "seconds": 1556}
{"event": "progress", "epoch": 11, "step": 300, "loss": -14.490461791005032, "seconds": 1576}
{"event": "epoch", "epoch": 11, "phase": "float", "loss": -14.407605458151732, "seconds": 141.56552218700017, "elapsed_seconds": 1599.5471302610003, "learning_rate": 0.0005, "utterances": 770, "total_utterances": 770, "invalid_utterances": 0, "noisy_si_sdr": 6.016738904979767, "si_sdr": 13.083116566096177, "si_sdri": 7.066377661116411, "best_si_sdri": 7.072196250411744}
{"event": "progress", "epoch": 12, "step": 0, "loss": -13.278682038532102, "seconds": 1600}
{"event": "progress", "epoch": 12, "step": 50, "loss": -14.54424580974144, "seconds": 1619}
{"event": "progress", "epoch": 12, "step": 100, "loss": -14.478570210814741, "seconds": 1638}
{"event": "progress", "epoch": 12, "step": 150, "loss": -15.771643212878772, "seconds": 1657}
{"event": "progress", "epoch": 12, "step": 200, "loss": -16.645341763679042, "seconds": 1677}
{"event": "progress", "epoch": 12, "step": 250, "loss": -13.55855053832392, "seconds": 1697}
{"event": "progress", "epoch": 12, "step": 300, "loss": -13.890146267582566, "seconds": 1716}
{"event": "epoch", "epoch": 12, "phase": "float", "loss": -14.440892488089666, "seconds": 139.42144377699879, "elapsed_seconds": 1739.0673216310006, "learning_rate": 0.0005, "utterances": 770, "total_utterances": 770, "invalid_utterances": 0, "noisy_si_sdr": 6.016738904979767, "si_sdr": 13.26333747057086, "si_sdri": 7.246598565591094, "best_si_sdri": 7.246598565591094}
{"event": "progress", "epoch": 13, "step": 0, "loss": -15.220943168269908, "seconds": 1740}
{"event": "progress", "epoch": 13, "step": 50, "loss": -18.744634178219236, "seconds": 1758}
{"event": "progress", "epoch": 13, "step": 100, "loss": -18.847178349725663, "seconds": 1778}
{"event": "progress", "epoch": 13, "step": 150, "loss": -15.67706384535137, "seconds": 1798}
{"event": "progress", "epoch": 13, "step": 200, "loss": -14.699457464883563, "seconds": 1817}
{"event": "progress", "epoch": 13, "step": 250, "loss": -13.059445961302613, "seconds": 1836}
{"event": "progress", "epoch": 13, "step": 300, "loss": -14.928420080720858, "seconds": 1856}
{"event": "epoch", "epoch": 13, "phase": "float", "loss": -14.732268226052305, "seconds": 139.90146462200028, "elapsed_seconds": 1879.148237364001, "learning_rate": 0.0005, "utterances": 770, "total_utterances": 770, "invalid_utterances": 0, "noisy_si_sdr": 6.016738904979767, "si_sdr": 13.19905570023628, "si_sdri": 7.182316795256511, "best_si_sdri": 7.246598565591094}
{"event": "progress", "epoch": 14, "step": 0, "loss": -12.890513570573532, "seconds": 1880}
{"event": "progress", "epoch": 14, "step": 50, "loss": -14.741759061577586, "seconds": 1899}
{"event": "progress", "epoch": 14, "step": 100, "loss": -13.469046987234993, "seconds": 1918}
{"event": "progress", "epoch": 14, "step": 150, "loss": -12.508868330872446, "seconds": 1937}
{"event": "progress", "epoch": 14, "step": 200, "loss": -13.796304564828109, "seconds": 1958}
{"event": "progress", "epoch": 14, "step": 250, "loss": -15.060147950649178, "seconds": 1978}
{"event": "progress", "epoch": 14, "step": 300, "loss": -16.080808388494646, "seconds": 1997}
{"event": "epoch", "epoch": 14, "phase": "float", "loss": -14.83191916955132, "seconds": 139.3136817350005, "elapsed_seconds": 2018.539246538001, "learning_rate": 0.0005, "utterances": 770, "total_utterances": 770, "invalid_utterances": 0, "noisy_si_sdr": 6.016738904979767, "si_sdr": 13.276194480314173, "si_sdri": 7.259455575334404, "best_si_sdri": 7.259455575334404}
{"event": "progress", "epoch": 15, "step": 0, "loss": -15.042122734811336, "seconds": 2019}
{"event": "progress", "epoch": 15, "step": 50, "loss": -16.065073998909483, "seconds": 2039}
{"event": "progress", "epoch": 15, "step": 100, "loss": -15.068367431372536, "seconds": 2059}
{"event": "progress", "epoch": 15, "step": 150, "loss": -17.089533147988313, "seconds": 2079}
{"event": "progress", "epoch": 15, "step": 200, "loss": -16.941778946602977, "seconds": 2098}
{"event": "progress", "epoch": 15, "step": 250, "loss": -16.088208708299327, "seconds": 2115}
{"event": "progress", "epoch": 15, "step": 300, "loss": -12.699605057983508, "seconds": 2136}
{"event": "epoch", "epoch": 15, "phase": "float", "loss": -14.7785008089987, "seconds": 140.47143854299975, "elapsed_seconds": 2159.202297508, "learning_rate": 0.0005, "utterances": 770, "total_utterances": 770, "invalid_utterances": 0, "noisy_si_sdr": 6.016738904979767, "si_sdr": 13.27820461004149, "si_sdri": 7.261465705061724, "best_si_sdri": 7.261465705061724}
{"event": "progress", "epoch": 16, "step": 0, "loss": -14.811590502712562, "seconds": 2160}
{"event": "progress", "epoch": 16, "step": 50, "loss": -13.83108141586073, "seconds": 2180}
{"event": "progress", "epoch": 16, "step": 100, "loss": -13.167503953153481, "seconds": 2200}
{"event": "progress", "epoch": 16, "step": 150, "loss": -13.025853215900804, "seconds": 2218}
{"event": "progress", "epoch": 16, "step": 200, "loss": -13.332525978843343, "seconds": 2235}
{"event": "progress", "epoch": 16, "step": 250, "loss": -17.092590806777455, "seconds": 2252}
{"event": "progress", "epoch": 16, "step": 300, "loss": -17.51003032890203, "seconds": 2269}
{"event": "epoch", "epoch": 16, "phase": "float", "loss": -14.671792587143939, "seconds": 130.56400868499986, "elapsed_seconds": 2289.9320812680016, "learning_rate": 0.0005, "utterances": 770, "total_utterances": 770, "invalid_utterances": 0, "noisy_si_sdr": 6.016738904979767, "si_sdr": 13.372664812100414, "si_sdri": 7.355925907120648, "best_si_sdri": 7.355925907120648}
{"event": "progress", "epoch": 17, "step": 0, "loss": -13.505361097118124, "seconds": 2291}
{"event": "progress", "epoch": 17, "step": 50, "loss": -15.723842259540858, "seconds": 2307}
{"event": "progress", "epoch": 17, "step": 100, "loss": -11.046054116416915, "seconds": 2325}
{"event": "progress", "epoch": 17, "step": 150, "loss": -13.056418031471619, "seconds": 2342}
{"event": "progress", "epoch": 17, "step": 200, "loss": -13.765332246415984, "seconds": 2360}
{"event": "progress", "epoch": 17, "step": 250, "loss": -15.723136610479873, "seconds": 2378}
{"event": "progress", "epoch": 17, "step": 300, "loss": -12.15705289157811, "seconds": 2394}
{"event": "epoch", "epoch": 17, "phase": "float", "loss": -14.715757653320312, "seconds": 125.31657561700013, "elapsed_seconds": 2415.4914273210015, "learning_rate": 0.0005, "utterances": 770, "total_utterances": 770, "invalid_utterances": 0, "noisy_si_sdr": 6.016738904979767, "si_sdr": 13.28317469268178, "si_sdri": 7.266435787702011, "best_si_sdri": 7.355925907120648}
{"event": "progress", "epoch": 18, "step": 0, "loss": -14.779967262806395, "seconds": 2416}
{"event": "progress", "epoch": 18, "step": 50, "loss": -12.695285892247467, "seconds": 2433}
{"event": "progress", "epoch": 18, "step": 100, "loss": -16.688742739808113, "seconds": 2451}
{"event": "progress", "epoch": 18, "step": 150, "loss": -18.182914376091787, "seconds": 2468}
{"event": "progress", "epoch": 18, "step": 200, "loss": -14.974648881730733, "seconds": 2485}
{"event": "progress", "epoch": 18, "step": 250, "loss": -15.714800638375795, "seconds": 2502}
{"event": "progress", "epoch": 18, "step": 300, "loss": -16.086071176620663, "seconds": 2520}
{"event": "epoch", "epoch": 18, "phase": "float", "loss": -14.778401249720341, "seconds": 125.87192403900008, "elapsed_seconds": 2541.465354592001, "learning_rate": 0.0005, "utterances": 770, "total_utterances": 770, "invalid_utterances": 0, "noisy_si_sdr": 6.016738904979767, "si_sdr": 13.388475738955117, "si_sdri": 7.371736833975351, "best_si_sdri": 7.371736833975351}
{"event": "progress", "epoch": 19, "step": 0, "loss": -14.185994734639102, "seconds": 2542}
{"event": "progress", "epoch": 19, "step": 50, "loss": -16.091652286622693, "seconds": 2559}
{"event": "progress", "epoch": 19, "step": 100, "loss": -15.159557764025662, "seconds": 2580}
{"event": "progress", "epoch": 19, "step": 150, "loss": -14.77363422555004, "seconds": 2601}
{"event": "progress", "epoch": 19, "step": 200, "loss": -15.309895884755274, "seconds": 2622}
{"event": "progress", "epoch": 19, "step": 250, "loss": -16.68493063407672, "seconds": 2644}
{"event": "progress", "epoch": 19, "step": 300, "loss": -17.58410523458217, "seconds": 2664}
{"event": "epoch", "epoch": 19, "phase": "float", "loss": -15.03723259812298, "seconds": 145.93715318499926, "elapsed_seconds": 2687.6004362680014, "learning_rate": 0.0005, "utterances": 770, "total_utterances": 770, "invalid_utterances": 0, "noisy_si_sdr": 6.016738904979767, "si_sdr": 13.39479641169244, "si_sdri": 7.37805750671267, "best_si_sdri": 7.37805750671267}
{"event": "progress", "epoch": 20, "step": 0, "loss": -14.999760772665798, "seconds": 2688}
{"event": "progress", "epoch": 20, "step": 50, "loss": -16.536460520873078, "seconds": 2708}
{"event": "progress", "epoch": 20, "step": 100, "loss": -13.080934501652102, "seconds": 2729}
{"event": "progress", "epoch": 20, "step": 150, "loss": -16.001143460818195, "seconds": 2750}
{"event": "progress", "epoch": 20, "step": 200, "loss": -17.10743649847407, "seconds": 2769}
{"event": "progress", "epoch": 20, "step": 250, "loss": -13.136855464265697, "seconds": 2790}
{"event": "progress", "epoch": 20, "step": 300, "loss": -18.727534268978033, "seconds": 2811}
{"event": "epoch", "epoch": 20, "phase": "float", "loss": -14.91905472959957, "seconds": 149.14785389999997, "elapsed_seconds": 2836.9289365470013, "learning_rate": 0.0005, "utterances": 770, "total_utterances": 770, "invalid_utterances": 0, "noisy_si_sdr": 6.016738904979767, "si_sdr": 13.465828511120057, "si_sdri": 7.449089606140289, "best_si_sdri": 7.449089606140289}
{"event": "progress", "epoch": 21, "step": 0, "loss": -13.368342382991116, "seconds": 2838}
{"event": "progress", "epoch": 21, "step": 50, "loss": -14.639451131860506, "seconds": 2858}
{"event": "progress", "epoch": 21, "step": 100, "loss": -15.735647612055777, "seconds": 2876}
{"event": "progress", "epoch": 21, "step": 150, "loss": -12.0013186995463, "seconds": 2898}
{"event": "progress", "epoch": 21, "step": 200, "loss": -13.973172942291406, "seconds": 2919}
{"event": "progress", "epoch": 21, "step": 250, "loss": -12.074864444747995, "seconds": 2940}
{"event": "progress", "epoch": 21, "step": 300, "loss": -13.044220554226957, "seconds": 2961}
{"event": "epoch", "epoch": 21, "phase": "float", "loss": -14.837513702505861, "seconds": 147.7619952240002, "elapsed_seconds": 2984.8653179970006, "learning_rate": 0.0005, "utterances": 770, "total_utterances": 770, "invalid_utterances": 0, "noisy_si_sdr": 6.016738904979767, "si_sdr": 13.561070600301914, "si_sdri": 7.544331695322144, "best_si_sdri": 7.544331695322144}
{"event": "progress", "epoch": 22, "step": 0, "loss": -13.858669406698024, "seconds": 2986}
{"event": "progress", "epoch": 22, "step": 50, "loss": -15.33953996855427, "seconds": 3006}
{"event": "progress", "epoch": 22, "step": 100, "loss": -14.121559630365308, "seconds": 3026}
{"event": "progress", "epoch": 22, "step": 150, "loss": -13.605864020408642, "seconds": 3047}
{"event": "progress", "epoch": 22, "step": 200, "loss": -14.741336723799048, "seconds": 3068}
{"event": "progress", "epoch": 22, "step": 250, "loss": -16.362586103084226, "seconds": 3088}
{"event": "progress", "epoch": 22, "step": 300, "loss": -16.21977670306403, "seconds": 3109}
{"event": "epoch", "epoch": 22, "phase": "float", "loss": -14.89585261873304, "seconds": 149.36901782600034, "elapsed_seconds": 3134.454347226001, "learning_rate": 0.0005, "utterances": 770, "total_utterances": 770, "invalid_utterances": 0, "noisy_si_sdr": 6.016738904979767, "si_sdr": 13.507905698568427, "si_sdri": 7.491166793588659, "best_si_sdri": 7.544331695322144}
{"event": "progress", "epoch": 23, "step": 0, "loss": -14.25374327529924, "seconds": 3135}
{"event": "progress", "epoch": 23, "step": 50, "loss": -12.2853149714642, "seconds": 3155}
{"event": "progress", "epoch": 23, "step": 100, "loss": -14.301709047010267, "seconds": 3175}
{"event": "progress", "epoch": 23, "step": 150, "loss": -14.403656915520473, "seconds": 3195}
{"event": "progress", "epoch": 23, "step": 200, "loss": -13.874211450344827, "seconds": 3216}
{"event": "progress", "epoch": 23, "step": 250, "loss": -14.748719784180437, "seconds": 3237}
{"event": "progress", "epoch": 23, "step": 300, "loss": -15.664579298584426, "seconds": 3258}
{"event": "epoch", "epoch": 23, "phase": "float", "loss": -14.881308011167063, "seconds": 148.75954902100057, "elapsed_seconds": 3283.3026959360013, "learning_rate": 0.0005, "utterances": 770, "total_utterances": 770, "invalid_utterances": 0, "noisy_si_sdr": 6.016738904979767, "si_sdr": 13.48747048703551, "si_sdri": 7.470731582055745, "best_si_sdri": 7.544331695322144}
{"event": "progress", "epoch": 24, "step": 0, "loss": -14.15379594317601, "seconds": 3284}
{"event": "progress", "epoch": 24, "step": 50, "loss": -15.270806868745074, "seconds": 3300}
{"event": "progress", "epoch": 24, "step": 100, "loss": -14.318928742610701, "seconds": 3318}
{"event": "progress", "epoch": 24, "step": 150, "loss": -15.228070382957618, "seconds": 3335}
{"event": "progress", "epoch": 24, "step": 200, "loss": -13.9530911722851, "seconds": 3353}
{"event": "progress", "epoch": 24, "step": 250, "loss": -10.977200868829481, "seconds": 3371}
{"event": "progress", "epoch": 24, "step": 300, "loss": -15.101388460447476, "seconds": 3388}
{"event": "epoch", "epoch": 24, "phase": "float", "loss": -15.120248333199322, "seconds": 125.70468023399917, "elapsed_seconds": 3409.1132494110007, "learning_rate": 0.0005, "utterances": 770, "total_utterances": 770, "invalid_utterances": 0, "noisy_si_sdr": 6.016738904979767, "si_sdr": 13.459698095922866, "si_sdri": 7.442959190943097, "best_si_sdri": 7.544331695322144}
{"event": "progress", "epoch": 25, "step": 0, "loss": -18.02761136226414, "seconds": 3410}
{"event": "progress", "epoch": 25, "step": 50, "loss": -14.450183359375902, "seconds": 3427}
{"event": "progress", "epoch": 25, "step": 100, "loss": -13.789325498612222, "seconds": 3444}
{"event": "progress", "epoch": 25, "step": 150, "loss": -17.33116269611415, "seconds": 3462}
{"event": "progress", "epoch": 25, "step": 200, "loss": -13.917430252760354, "seconds": 3479}
{"event": "progress", "epoch": 25, "step": 250, "loss": -14.714631778093644, "seconds": 3496}
{"event": "progress", "epoch": 25, "step": 300, "loss": -14.465091385328906, "seconds": 3514}
{"event": "epoch", "epoch": 25, "phase": "float", "loss": -14.981875854884057, "seconds": 126.56503133300066, "elapsed_seconds": 3535.798515433, "learning_rate": 0.0005, "utterances": 770, "total_utterances": 770, "invalid_utterances": 0, "noisy_si_sdr": 6.016738904979767, "si_sdr": 13.554237079188264, "si_sdri": 7.537498174208496, "best_si_sdri": 7.544331695322144}
{"event": "progress", "epoch": 26, "step": 0, "loss": -14.847562950247767, "seconds": 3537}
{"event": "progress", "epoch": 26, "step": 50, "loss": -16.841162113768267, "seconds": 3553}
{"event": "progress", "epoch": 26, "step": 100, "loss": -12.90306597537409, "seconds": 3569}
{"event": "progress", "epoch": 26, "step": 150, "loss": -16.94539166606643, "seconds": 3587}
{"event": "progress", "epoch": 26, "step": 200, "loss": -13.231864437190355, "seconds": 3605}
{"event": "progress", "epoch": 26, "step": 250, "loss": -13.270296091357157, "seconds": 3623}
{"event": "progress", "epoch": 26, "step": 300, "loss": -14.765622069364031, "seconds": 3640}
{"event": "epoch", "epoch": 26, "phase": "float", "loss": -15.102935212617478, "seconds": 125.5201675190001, "elapsed_seconds": 3661.430829297, "learning_rate": 0.00025, "utterances": 770, "total_utterances": 770, "invalid_utterances": 0, "noisy_si_sdr": 6.016738904979767, "si_sdr": 13.525084494851253, "si_sdri": 7.508345589871485, "best_si_sdri": 7.544331695322144}
{"event": "progress", "epoch": 27, "step": 0, "loss": -16.442835066701175, "seconds": 3662}
{"event": "progress", "epoch": 27, "step": 50, "loss": -13.33244694387789, "seconds": 3679}
{"event": "progress", "epoch": 27, "step": 100, "loss": -16.061071686198616, "seconds": 3696}
{"event": "progress", "epoch": 27, "step": 150, "loss": -13.299353758902804, "seconds": 3714}
{"event": "progress", "epoch": 27, "step": 200, "loss": -13.789388398377781, "seconds": 3732}
{"event": "progress", "epoch": 27, "step": 250, "loss": -17.804279040117645, "seconds": 3749}
{"event": "progress", "epoch": 27, "step": 300, "loss": -14.378859422459538, "seconds": 3766}
{"event": "epoch", "epoch": 27, "phase": "float", "loss": -15.162952574915776, "seconds": 126.56811675799872, "elapsed_seconds": 3788.154918344, "learning_rate": 0.00025, "utterances": 770, "total_utterances": 770, "invalid_utterances": 0, "noisy_si_sdr": 6.016738904979767, "si_sdr": 13.650544306112266, "si_sdri": 7.6338054011324985, "best_si_sdri": 7.6338054011324985}
{"event": "progress", "epoch": 28, "step": 0, "loss": -16.600097035740184, "seconds": 3789}
{"event": "progress", "epoch": 28, "step": 50, "loss": -17.33942305836587, "seconds": 3806}
{"event": "progress", "epoch": 28, "step": 100, "loss": -14.182874987258703, "seconds": 3822}
{"event": "progress", "epoch": 28, "step": 150, "loss": -15.328270331173924, "seconds": 3840}
{"event": "progress", "epoch": 28, "step": 200, "loss": -14.22829281177633, "seconds": 3858}
{"event": "progress", "epoch": 28, "step": 250, "loss": -17.034637062775893, "seconds": 3875}
{"event": "progress", "epoch": 28, "step": 300, "loss": -15.707026998972568, "seconds": 3893}
{"event": "epoch", "epoch": 28, "phase": "float", "loss": -15.202108486160602, "seconds": 125.87960534500053, "elapsed_seconds": 3914.294635299, "learning_rate": 0.00025, "utterances": 770, "total_utterances": 770, "invalid_utterances": 0, "noisy_si_sdr": 6.016738904979767, "si_sdr": 13.635276271082443, "si_sdri": 7.618537366102678, "best_si_sdri": 7.6338054011324985}
{"event": "progress", "epoch": 29, "step": 0, "loss": -18.27491818978935, "seconds": 3915}
{"event": "progress", "epoch": 29, "step": 50, "loss": -14.358612466356531, "seconds": 3929}
{"event": "progress", "epoch": 29, "step": 100, "loss": -14.820398807745594, "seconds": 3943}
{"event": "progress", "epoch": 29, "step": 150, "loss": -13.200168397168333, "seconds": 3958}
{"event": "progress", "epoch": 29, "step": 200, "loss": -13.574507708021356, "seconds": 3976}
{"event": "progress", "epoch": 29, "step": 250, "loss": -16.44946334009753, "seconds": 3995}
{"event": "progress", "epoch": 29, "step": 300, "loss": -15.07763926330483, "seconds": 4012}
{"event": "epoch", "epoch": 29, "phase": "float", "loss": -15.199273050297231, "seconds": 116.68920076799986, "elapsed_seconds": 4031.164615883001, "learning_rate": 0.00025, "utterances": 770, "total_utterances": 770, "invalid_utterances": 0, "noisy_si_sdr": 6.016738904979767, "si_sdr": 13.622873812287674, "si_sdri": 7.606134907307907, "best_si_sdri": 7.6338054011324985}
{"event": "progress", "epoch": 30, "step": 0, "loss": -15.291857823955816, "seconds": 4032}
{"event": "progress", "epoch": 30, "step": 50, "loss": -15.715541544112956, "seconds": 4047}
{"event": "progress", "epoch": 30, "step": 100, "loss": -16.92677059785926, "seconds": 4066}
{"event": "progress", "epoch": 30, "step": 150, "loss": -17.582336637731277, "seconds": 4086}
{"event": "progress", "epoch": 30, "step": 200, "loss": -15.377293132701428, "seconds": 4105}
{"event": "progress", "epoch": 30, "step": 250, "loss": -16.602755859544267, "seconds": 4124}
{"event": "progress", "epoch": 30, "step": 300, "loss": -14.272669828649594, "seconds": 4142}
{"event": "epoch", "epoch": 30, "phase": "float", "loss": -15.348998471492639, "seconds": 134.73876295099944, "elapsed_seconds": 4166.009342426001, "learning_rate": 0.00025, "utterances": 770, "total_utterances": 770, "invalid_utterances": 0, "noisy_si_sdr": 6.016738904979767, "si_sdr": 13.614917466707876, "si_sdri": 7.598178561728107, "best_si_sdri": 7.6338054011324985}
{"event": "progress", "epoch": 31, "step": 0, "loss": -15.395151958914147, "seconds": 4167}
{"event": "progress", "epoch": 31, "step": 50, "loss": -14.753697411045634, "seconds": 4184}
{"event": "progress", "epoch": 31, "step": 100, "loss": -15.603522467155678, "seconds": 4204}
{"event": "progress", "epoch": 31, "step": 150, "loss": -16.504359180905247, "seconds": 4223}
{"event": "progress", "epoch": 31, "step": 200, "loss": -11.964740660508792, "seconds": 4242}
{"event": "progress", "epoch": 31, "step": 250, "loss": -16.176694582921044, "seconds": 4262}
{"event": "progress", "epoch": 31, "step": 300, "loss": -14.736353813007085, "seconds": 4281}
{"event": "epoch", "epoch": 31, "phase": "float", "loss": -15.217789194940659, "seconds": 139.74615121399984, "elapsed_seconds": 4305.905006701001, "learning_rate": 0.00025, "utterances": 770, "total_utterances": 770, "invalid_utterances": 0, "noisy_si_sdr": 6.016738904979767, "si_sdr": 13.75861335131597, "si_sdri": 7.741874446336204, "best_si_sdri": 7.741874446336204}
{"event": "progress", "epoch": 32, "step": 0, "loss": -14.5029330424621, "seconds": 4307}
{"event": "progress", "epoch": 32, "step": 50, "loss": -14.733983532215877, "seconds": 4324}
{"event": "progress", "epoch": 32, "step": 100, "loss": -12.702808671973798, "seconds": 4344}
{"event": "progress", "epoch": 32, "step": 150, "loss": -16.540934820893227, "seconds": 4363}
{"event": "progress", "epoch": 32, "step": 200, "loss": -16.397000828144584, "seconds": 4383}
{"event": "progress", "epoch": 32, "step": 250, "loss": -13.286355362537856, "seconds": 4404}
{"event": "progress", "epoch": 32, "step": 300, "loss": -16.06742095292848, "seconds": 4424}
{"event": "epoch", "epoch": 32, "phase": "float", "loss": -15.143834551135788, "seconds": 142.21687856400058, "elapsed_seconds": 4448.392604846002, "learning_rate": 0.00025, "utterances": 770, "total_utterances": 770, "invalid_utterances": 0, "noisy_si_sdr": 6.016738904979767, "si_sdr": 13.640205030985076, "si_sdri": 7.623466126005306, "best_si_sdri": 7.741874446336204}
{"event": "progress", "epoch": 33, "step": 0, "loss": -14.925735607186438, "seconds": 4449}
{"event": "progress", "epoch": 33, "step": 50, "loss": -16.375246037435737, "seconds": 4467}
{"event": "progress", "epoch": 33, "step": 100, "loss": -17.673122807721278, "seconds": 4487}
{"event": "progress", "epoch": 33, "step": 150, "loss": -13.149958857070242, "seconds": 4507}
{"event": "progress", "epoch": 33, "step": 200, "loss": -18.547711602346943, "seconds": 4526}
{"event": "progress", "epoch": 33, "step": 250, "loss": -15.428676312910138, "seconds": 4546}
{"event": "progress", "epoch": 33, "step": 300, "loss": -13.509655093145058, "seconds": 4566}
{"event": "epoch", "epoch": 33, "phase": "float", "loss": -15.191647760830547, "seconds": 142.0826818759997, "elapsed_seconds": 4590.671081623001, "learning_rate": 0.00025, "utterances": 770, "total_utterances": 770, "invalid_utterances": 0, "noisy_si_sdr": 6.016738904979767, "si_sdr": 13.693539352543175, "si_sdri": 7.676800447563409, "best_si_sdri": 7.741874446336204}
{"event": "progress", "epoch": 34, "step": 0, "loss": -16.090684724427692, "seconds": 4591}
{"event": "progress", "epoch": 34, "step": 50, "loss": -12.764060521295157, "seconds": 4610}
{"event": "progress", "epoch": 34, "step": 100, "loss": -14.666507258821554, "seconds": 4628}
{"event": "progress", "epoch": 34, "step": 150, "loss": -15.776881101942731, "seconds": 4648}
{"event": "progress", "epoch": 34, "step": 200, "loss": -16.214715071891252, "seconds": 4668}
{"event": "progress", "epoch": 34, "step": 250, "loss": -15.960063585270312, "seconds": 4688}
{"event": "progress", "epoch": 34, "step": 300, "loss": -13.359912614513295, "seconds": 4708}
{"event": "epoch", "epoch": 34, "phase": "float", "loss": -15.294213479350704, "seconds": 140.22932331599986, "elapsed_seconds": 4731.041093875001, "learning_rate": 0.00025, "utterances": 770, "total_utterances": 770, "invalid_utterances": 0, "noisy_si_sdr": 6.016738904979767, "si_sdr": 13.662059994826853, "si_sdri": 7.645321089847087, "best_si_sdri": 7.741874446336204}
{"event": "progress", "epoch": 35, "step": 0, "loss": -13.854264075443947, "seconds": 4732}
{"event": "progress", "epoch": 35, "step": 50, "loss": -12.909880372920895, "seconds": 4751}
{"event": "progress", "epoch": 35, "step": 100, "loss": -15.586771223376934, "seconds": 4771}
{"event": "progress", "epoch": 35, "step": 150, "loss": -17.71720996946928, "seconds": 4790}
{"event": "progress", "epoch": 35, "step": 200, "loss": -14.919204250909218, "seconds": 4811}
{"event": "progress", "epoch": 35, "step": 250, "loss": -12.614186208752361, "seconds": 4829}
{"event": "progress", "epoch": 35, "step": 300, "loss": -13.742551011419689, "seconds": 4850}
{"event": "epoch", "epoch": 35, "phase": "float", "loss": -15.31304531197514, "seconds": 142.18079528399903, "elapsed_seconds": 4873.382379066001, "learning_rate": 0.00025, "utterances": 770, "total_utterances": 770, "invalid_utterances": 0, "noisy_si_sdr": 6.016738904979767, "si_sdr": 13.731596402271501, "si_sdri": 7.714857497291732, "best_si_sdri": 7.741874446336204}
{"event": "progress", "epoch": 36, "step": 0, "loss": -15.475402964959917, "seconds": 4874}
{"event": "progress", "epoch": 36, "step": 50, "loss": -12.671969241824275, "seconds": 4893}
{"event": "progress", "epoch": 36, "step": 100, "loss": -15.322578489091669, "seconds": 4912}
{"event": "progress", "epoch": 36, "step": 150, "loss": -16.298718328581245, "seconds": 4931}
{"event": "progress", "epoch": 36, "step": 200, "loss": -16.861634845594473, "seconds": 4952}
{"event": "progress", "epoch": 36, "step": 250, "loss": -12.963355665723459, "seconds": 4971}
{"event": "progress", "epoch": 36, "step": 300, "loss": -14.806234152383771, "seconds": 4991}
{"event": "epoch", "epoch": 36, "phase": "float", "loss": -15.226277224723425, "seconds": 141.07544016099928, "elapsed_seconds": 5014.561495564001, "learning_rate": 0.000125, "utterances": 770, "total_utterances": 770, "invalid_utterances": 0, "noisy_si_sdr": 6.016738904979767, "si_sdr": 13.728538860185555, "si_sdri": 7.711799955205788, "best_si_sdri": 7.741874446336204}
{"event": "progress", "epoch": 37, "step": 0, "loss": -16.689144455100898, "seconds": 5015}
{"event": "progress", "epoch": 37, "step": 50, "loss": -15.167378528803207, "seconds": 5034}
{"event": "progress", "epoch": 37, "step": 100, "loss": -14.393593834538727, "seconds": 5053}
{"event": "progress", "epoch": 37, "step": 150, "loss": -15.046959212634459, "seconds": 5073}
{"event": "progress", "epoch": 37, "step": 200, "loss": -22.122425561435662, "seconds": 5093}
{"event": "progress", "epoch": 37, "step": 250, "loss": -14.077637765939123, "seconds": 5113}
{"event": "progress", "epoch": 37, "step": 300, "loss": -15.80114476403569, "seconds": 5132}
{"event": "epoch", "epoch": 37, "phase": "float", "loss": -15.446439812339785, "seconds": 141.53524119800022, "elapsed_seconds": 5156.2298724110005, "learning_rate": 0.000125, "utterances": 770, "total_utterances": 770, "invalid_utterances": 0, "noisy_si_sdr": 6.016738904979767, "si_sdr": 13.770224871184444, "si_sdri": 7.7534859662046784, "best_si_sdri": 7.7534859662046784}
{"event": "progress", "epoch": 38, "step": 0, "loss": -13.504036792455754, "seconds": 5157}
{"event": "progress", "epoch": 38, "step": 50, "loss": -16.539439278551267, "seconds": 5176}
{"event": "progress", "epoch": 38, "step": 100, "loss": -14.699897649252739, "seconds": 5195}
{"event": "progress", "epoch": 38, "step": 150, "loss": -15.705198189311801, "seconds": 5215}
{"event": "progress", "epoch": 38, "step": 200, "loss": -17.362530414527072, "seconds": 5234}
{"event": "progress", "epoch": 38, "step": 250, "loss": -14.736267686568103, "seconds": 5254}
{"event": "progress", "epoch": 38, "step": 300, "loss": -14.77942933038993, "seconds": 5274}
{"event": "epoch", "epoch": 38, "phase": "float", "loss": -15.332025526244554, "seconds": 140.90544629800024, "elapsed_seconds": 5297.340389601, "learning_rate": 0.000125, "utterances": 770, "total_utterances": 770, "invalid_utterances": 0, "noisy_si_sdr": 6.016738904979767, "si_sdr": 13.705264518600682, "si_sdri": 7.688525613620916, "best_si_sdri": 7.7534859662046784}
{"event": "progress", "epoch": 39, "step": 0, "loss": -17.19520476163123, "seconds": 5298}
{"event": "progress", "epoch": 39, "step": 50, "loss": -16.551312149881657, "seconds": 5316}
{"event": "progress", "epoch": 39, "step": 100, "loss": -16.191718996793465, "seconds": 5336}
{"event": "progress", "epoch": 39, "step": 150, "loss": -13.811973788944904, "seconds": 5356}
{"event": "progress", "epoch": 39, "step": 200, "loss": -13.841616711462382, "seconds": 5376}
{"event": "progress", "epoch": 39, "step": 250, "loss": -13.077067557049354, "seconds": 5396}
{"event": "progress", "epoch": 39, "step": 300, "loss": -16.665478857253685, "seconds": 5416}
{"event": "epoch", "epoch": 39, "phase": "float", "loss": -15.338512431277216, "seconds": 141.51175742099986, "elapsed_seconds": 5438.961153120001, "learning_rate": 0.000125, "utterances": 770, "total_utterances": 770, "invalid_utterances": 0, "noisy_si_sdr": 6.016738904979767, "si_sdr": 13.736294533517782, "si_sdri": 7.7195556285380125, "best_si_sdri": 7.7534859662046784}
{"event": "progress", "epoch": 40, "step": 0, "loss": -17.541331079919047, "seconds": 5440}
{"event": "progress", "epoch": 40, "step": 50, "loss": -14.27068706320464, "seconds": 5459}
{"event": "progress", "epoch": 40, "step": 100, "loss": -14.19384851569016, "seconds": 5478}
{"event": "progress", "epoch": 40, "step": 150, "loss": -11.940795940878932, "seconds": 5499}
{"event": "progress", "epoch": 40, "step": 200, "loss": -16.193687939895057, "seconds": 5518}
{"event": "progress", "epoch": 40, "step": 250, "loss": -17.880866938523, "seconds": 5538}
{"event": "progress", "epoch": 40, "step": 300, "loss": -13.177887388101466, "seconds": 5558}
{"event": "epoch", "epoch": 40, "phase": "float", "loss": -15.390819052595807, "seconds": 141.99940012300067, "elapsed_seconds": 5581.0787363750005, "learning_rate": 0.000125, "utterances": 770, "total_utterances": 770, "invalid_utterances": 0, "noisy_si_sdr": 6.016738904979767, "si_sdr": 13.77131746467849, "si_sdri": 7.754578559698723, "best_si_sdri": 7.754578559698723}
{"event": "progress", "epoch": 41, "step": 0, "loss": -13.391063441177671, "seconds": 5582}
{"event": "progress", "epoch": 41, "step": 50, "loss": -14.218785389083433, "seconds": 5601}
{"event": "progress", "epoch": 41, "step": 100, "loss": -14.650088907406134, "seconds": 5619}
{"event": "progress", "epoch": 41, "step": 150, "loss": -16.78955940919332, "seconds": 5639}
{"event": "progress", "epoch": 41, "step": 200, "loss": -17.7058321953816, "seconds": 5659}
{"event": "progress", "epoch": 41, "step": 250, "loss": -16.10335238767823, "seconds": 5679}
{"event": "progress", "epoch": 41, "step": 300, "loss": -19.43226698983929, "seconds": 5699}
{"event": "epoch", "epoch": 41, "phase": "float", "loss": -15.450145734547581, "seconds": 140.2428797600005, "elapsed_seconds": 5721.5206956030015, "learning_rate": 0.000125, "utterances": 770, "total_utterances": 770, "invalid_utterances": 0, "noisy_si_sdr": 6.016738904979767, "si_sdr": 13.796180764422129, "si_sdri": 7.779441859442362, "best_si_sdri": 7.779441859442362}
{"event": "progress", "epoch": 42, "step": 0, "loss": -16.01326008607789, "seconds": 5722}
{"event": "progress", "epoch": 42, "step": 50, "loss": -14.587920984971815, "seconds": 5741}
{"event": "progress", "epoch": 42, "step": 100, "loss": -16.843688082299415, "seconds": 5761}
{"event": "progress", "epoch": 42, "step": 150, "loss": -16.275683292044462, "seconds": 5781}
{"event": "progress", "epoch": 42, "step": 200, "loss": -17.932259115534038, "seconds": 5801}
{"event": "progress", "epoch": 42, "step": 250, "loss": -19.485464806651155, "seconds": 5820}
{"event": "progress", "epoch": 42, "step": 300, "loss": -15.04318296482976, "seconds": 5840}
{"event": "epoch", "epoch": 42, "phase": "float", "loss": -15.414949526834874, "seconds": 141.51886211599958, "elapsed_seconds": 5863.352865689001, "learning_rate": 0.000125, "utterances": 770, "total_utterances": 770, "invalid_utterances": 0, "noisy_si_sdr": 6.016738904979767, "si_sdr": 13.799185274073832, "si_sdri": 7.782446369094064, "best_si_sdri": 7.782446369094064}
{"event": "progress", "epoch": 43, "step": 0, "loss": -15.398528861642557, "seconds": 5864}
{"event": "progress", "epoch": 43, "step": 50, "loss": -14.017951456707825, "seconds": 5882}
{"event": "progress", "epoch": 43, "step": 100, "loss": -15.107336712838093, "seconds": 5902}
{"event": "progress", "epoch": 43, "step": 150, "loss": -13.628391646870169, "seconds": 5921}
{"event": "progress", "epoch": 43, "step": 200, "loss": -13.951894837410542, "seconds": 5941}
{"event": "progress", "epoch": 43, "step": 250, "loss": -19.38538756808764, "seconds": 5962}
{"event": "progress", "epoch": 43, "step": 300, "loss": -14.557638943489057, "seconds": 5981}
{"event": "epoch", "epoch": 43, "phase": "float", "loss": -15.558925177794805, "seconds": 141.41653849199975, "elapsed_seconds": 6004.942779942001, "learning_rate": 0.000125, "utterances": 770, "total_utterances": 770, "invalid_utterances": 0, "noisy_si_sdr": 6.016738904979767, "si_sdr": 13.766451963100103, "si_sdri": 7.749713058120335, "best_si_sdri": 7.782446369094064}
{"event": "progress", "epoch": 44, "step": 0, "loss": -14.122693739988302, "seconds": 6006}
{"event": "progress", "epoch": 44, "step": 50, "loss": -18.07024426214223, "seconds": 6024}
