{"event": "start", "device": "cuda", "torch": "2.11.0+cu128", "model": {"learned_parameters": 84738, "convolution_weights": 83392, "macs_per_second": 5212000.0, "context_frames": 127, "neural_state_bytes_int8": 8064}, "model_kind": "spectral_tcn", "gpu": "NVIDIA L4", "test_used_for_selection": false, "selection_metric": "mean utterance SI-SDR improvement", "validation_is_partial": false, "calibration": null, "added_training_sources": {"speech_manifest_sha256": "24acf8d2789c019fb966b39754bd71376e016b4d1169cd611031f94271d7ac77", "noise_manifest_sha256": "e953b3952bb66377ad6bc67b93cb1b2148511cca952b41b0fb038a93a79a8b03", "speech_recordings": 25675, "noise_recordings": 837, "synthetic_probability": 0.5, "samples_per_epoch": 10802}, "distillation": null, "resume_checkpoint_sha256": "78ea4b8013145f6f692e88f06ef35c246a2b58d206a95db259b417b331bf2c2b", "manifest_sha256": {"train": "c0b9ea9aa7b13d30aadd30f76274f6b2f932d802ae85c55426c2c3e13a4a247c", "val": "c1e0ccf95766f1542da3e8eebc1cf33107ca6ecf3ccf59c7a2d8078c171f5668"}, "source_sha256": {"__init__.py": "8fa53a117dcac5ce5f496e7685d7f3a4af5c4ed2b87475e4ba888f9925b3a560", "comparison.py": "a861f6857cb645cc11f3aed738af2829c8cec8e474cea33f2c5d9508184c2f26", "data.py": "1b755c38236483957f8ecc62a4923841aa33f3bd9c26e2a1de288ae5132f22f3", "development.py": "11b16e960701f64e5813b84e1f40e6be62d682777e04d683c4f671110ca70d44", "development_checkpoints.py": "97737ea04e6d702114661b0e45cd27ab7d3aa76c46c7542b9d53b672967230d8", "distillation.py": "20e30ce566a21ba20458492494c02437065dee829d02e16cb5eea916154d6a32", "embedded.py": "9c517cf2f15c44e4426ba09f06f80e613824bdc25191429f50bbf826ad801ef1", "evaluate.py": "8672d748c4d21434f57c349dacd382798e58624e2b412c48ba58abd0022bac35", "experimental_gru.py": "6605fe08627f9457d438bcfe1bbf45bc23327ca8cb723e776cb657d1a1944a8a", "experimental_layer_norm.py": "61f60b2d3d7359c61f32d057e7a107fb0b02acac3d31f0d73b0e1f53266d7b39", "experimental_native.py": "fb80aecbeb69448b3f25aad2c329555a0eab4077a9a83349bf3f68486eafa18c", "export.py": "8c99c30eb7ebf6a4603d322945e8239c44e1e86e42bb6ab045a79aed65ff6107", "extra_data.py": "193cf8fd9d8704d040602ad00ba13b10d3ff61c06ffebe739a0acf72728979a3", "final_evaluation.py": "10b02ad35604dbd7ecd8534c02e946d67cdac5aebf2aa257f5bf499689a533d8", "frequency_deep_filter.py": "7ef7b10ac56bf0dcec9a6f2cfb141cfd47514593ecf0c46e3a817146ee8a4dd9", "frequency_embedded.py": "04808d9e34f42e68a960be9476bb40303a6e897c5461a09413885029c256b6ee", "frequency_evaluate.py": "bdc5f29e7a49f1b3251b29257b68044c733eaa942802feb4e9d70db70c4699a6", "frequency_export.py": "947e8e06a6e4501d4d3e21305e7b903d433d28158ec6c79e2cde063e5eca33fe", "frequency_gru.py": "41e0f10b122e8afb588d08f7d5220257c9b9f4f8ea792749baa07cbf3f292632", "frequency_model.py": "68da4df1ae92084c1ca1dba91ccbc16be4731fa2561bd48bdac6117127f689f4", "frequency_normalization.py": "407ae0de89eeb9202fe4ef8389b6308112564b4a84665745e98f9883fb0cac90", "frequency_quantization.py": "4739cdcac4753e31465593d3372c11936048778db29da2debf2975a33a4de162", "gtcrn_model.py": "ac4b4d02621a0508f129f162ad4146c8e5f33889631b8594681384110113d185", "gtcrn_recurrent_probe.py": "737707e0196a6ca67590b36ef4cc6c7ca91a7acc0b3973f17a20286e158fd581", "losses.py": "5f0e7753d8c7d5e827bb58e688288bbb883322b1326b878ab826139734621753", "mask_diagnostics.py": "0e7b71ffd2de26d647c91091d90a6090fe4dda579cb34393f4ba8c78ac1a44c3", "metrics.py": "9832420689fcc6e27d02ef2c751f76ac86c17d9f9164864543bf7604826da2b5", "mixtures.py": "aa52046143db594b101027108f1e4cad1a5dbdbbcde717146155b2847a3eef7a", "model.py": "ae35b641f3dd1a58932a8675cc58cac0029c637dbb196c125b3ae560ad61482e", "models.py": "c137123d38119828cdc1d3eaeeb59ac258012daf06161823aed9ee0b202b806b", "output_gain.py": "45f865d68ab1352c3dad0ed55ee8b028dab94ef1afc67ded18c2384f63d0512e", "quality.py": "39cae6c04fb76d8493f4bf6bec12c99a01dee5a8a25402ded65dbdb90f311874", "quantization.py": "cb16d537edc4dbac1a378e0f3e33b8e614a956da0fe1dc469d386c911696d5c5", "runtime_cache.py": "8b0dc114256533810bddefe350d4bf57009dc69b75d42819ae1590c4ee0e7019", "teacher_gain.py": "e6cc00ebad630a5e3587b9ddeecd57dbc9cf9db5e1bce43be66bd91b541ac7d4", "train.py": "490aca734da6b34beba04fb92d8f5a77f079f4e57dcaef9c1fde96dd55c7f1a0", "vendor/__init__.py": "bce826e18e3d79c14e2a9aebd441101f82cfe9ef703698e3cfebda168e9f2561", "vendor/gtcrn/__init__.py": "ef43765e819258761704a8ce25fa34a15b9c31140992b1bb2ba654ecf1879f89", "vendor/gtcrn/convert.py": "dbff3a360a720f11fca0b4a4f8bc6bdb3ebb712fa617dfe37df8b31a9c5a586e", "vendor/gtcrn/convolution.py": "28465f8a160b8484548ec2e2d8319d5b0650f45079f5abf9d41a8cb15ce2fdf4", "vendor/gtcrn/network.py": "20bf0610702506fa45cd543454b84bbeb862d73c7c20a3f8d820fdc04da6099b", "vendor/gtcrn/streaming.py": "649cede9019dd9397de2b773797ee7a37b860c71cfea41a09e41b3193f527007", "warm_start.py": "1f4431725906167c03c1b2cebb0c4d69dd8585789cfe580df29fa399cafc6b4f"}, "train_utterances": 10802, "validation_utterances": 770, "train_speakers": ["p227", "p228", "p230", "p231", "p233", "p236", "p239", "p243", "p244", "p250", "p254", "p256", "p258", "p259", "p267", "p268", "p269", "p270", "p273", "p274", "p276", "p277", "p278", "p279", "p282", "p286"], "validation_speakers": ["p226", "p287"], "phase": "float"}
{"event": "initial_validation", "utterances": 770, "total_utterances": 770, "invalid_utterances": 0, "noisy_si_sdr": 6.016738904979767, "si_sdr": 13.69680970335125, "si_sdri": 7.680070798371481}
{"event": "progress", "epoch": 1, "step": 0, "loss": -10.430182432049886, "seconds": 12}
{"event": "progress", "epoch": 1, "step": 50, "loss": -11.152112788401443, "seconds": 17}
{"event": "progress", "epoch": 1, "step": 100, "loss": -14.814564645330128, "seconds": 23}
{"event": "progress", "epoch": 1, "step": 150, "loss": -13.038732122897665, "seconds": 29}
{"event": "progress", "epoch": 1, "step": 200, "loss": -8.59871035069956, "seconds": 35}
{"event": "progress", "epoch": 1, "step": 250, "loss": -11.571655346773634, "seconds": 40}
{"event": "progress", "epoch": 1, "step": 300, "loss": -12.652732664014398, "seconds": 45}
{"event": "epoch", "epoch": 1, "phase": "float", "loss": -12.15924769934756, "seconds": 45.22168206800052, "elapsed_seconds": 54.96929053799977, "learning_rate": 0.0002, "utterances": 770, "total_utterances": 770, "invalid_utterances": 0, "noisy_si_sdr": 6.016738904979767, "si_sdr": 13.704041547717567, "si_sdri": 7.6873026427378, "best_si_sdri": 7.6873026427378}
{"event": "progress", "epoch": 2, "step": 0, "loss": -10.531587113726673, "seconds": 55}
{"event": "progress", "epoch": 2, "step": 50, "loss": -13.060616755347544, "seconds": 61}
{"event": "progress", "epoch": 2, "step": 100, "loss": -12.458502118879558, "seconds": 66}
{"event": "progress", "epoch": 2, "step": 150, "loss": -12.851208900798408, "seconds": 72}
{"event": "progress", "epoch": 2, "step": 200, "loss": -10.94025614764352, "seconds": 78}
{"event": "progress", "epoch": 2, "step": 250, "loss": -12.16110932915259, "seconds": 83}
{"event": "progress", "epoch": 2, "step": 300, "loss": -12.748217483916603, "seconds": 89}
{"event": "epoch", "epoch": 2, "phase": "float", "loss": -12.23828848620464, "seconds": 45.36754328000097, "elapsed_seconds": 100.3724977490001, "learning_rate": 0.0002, "utterances": 770, "total_utterances": 770, "invalid_utterances": 0, "noisy_si_sdr": 6.016738904979767, "si_sdr": 13.690362911124895, "si_sdri": 7.673624006145127, "best_si_sdri": 7.6873026427378}
{"event": "progress", "epoch": 3, "step": 0, "loss": -13.673933740802367, "seconds": 101}
{"event": "progress", "epoch": 3, "step": 50, "loss": -11.535328151566937, "seconds": 106}
{"event": "progress", "epoch": 3, "step": 100, "loss": -14.457360062751809, "seconds": 112}
{"event": "progress", "epoch": 3, "step": 150, "loss": -12.473491057519233, "seconds": 118}
{"event": "progress", "epoch": 3, "step": 200, "loss": -13.86716316863517, "seconds": 123}
{"event": "progress", "epoch": 3, "step": 250, "loss": -13.24517760308995, "seconds": 129}
{"event": "progress", "epoch": 3, "step": 300, "loss": -14.696602427231696, "seconds": 135}
{"event": "epoch", "epoch": 3, "phase": "float", "loss": -12.369978583755858, "seconds": 45.9673972419987, "elapsed_seconds": 146.35828141799902, "learning_rate": 0.0002, "utterances": 770, "total_utterances": 770, "invalid_utterances": 0, "noisy_si_sdr": 6.016738904979767, "si_sdr": 13.673107657576674, "si_sdri": 7.656368752596904, "best_si_sdri": 7.6873026427378}
{"event": "progress", "epoch": 4, "step": 0, "loss": -12.862098895846778, "seconds": 147}
{"event": "progress", "epoch": 4, "step": 50, "loss": -12.56472006317294, "seconds": 152}
{"event": "progress", "epoch": 4, "step": 100, "loss": -13.010014682888515, "seconds": 158}
{"event": "progress", "epoch": 4, "step": 150, "loss": -12.097456616451044, "seconds": 164}
{"event": "progress", "epoch": 4, "step": 200, "loss": -13.593694857823806, "seconds": 170}
{"event": "progress", "epoch": 4, "step": 250, "loss": -11.668492322379285, "seconds": 176}
{"event": "progress", "epoch": 4, "step": 300, "loss": -14.312826689519428, "seconds": 181}
{"event": "epoch", "epoch": 4, "phase": "float", "loss": -12.234560377425185, "seconds": 44.59968330599986, "elapsed_seconds": 190.98019639300037, "learning_rate": 0.0002, "utterances": 770, "total_utterances": 770, "invalid_utterances": 0, "noisy_si_sdr": 6.016738904979767, "si_sdr": 13.645425715662402, "si_sdri": 7.628686810682631, "best_si_sdri": 7.6873026427378}
{"event": "progress", "epoch": 5, "step": 0, "loss": -14.487047402047878, "seconds": 191}
{"event": "progress", "epoch": 5, "step": 50, "loss": -13.99966176839824, "seconds": 197}
{"event": "progress", "epoch": 5, "step": 100, "loss": -13.32094617149032, "seconds": 202}
{"event": "progress", "epoch": 5, "step": 150, "loss": -15.033293995103744, "seconds": 208}
{"event": "progress", "epoch": 5, "step": 200, "loss": -13.620409207170626, "seconds": 214}
{"event": "progress", "epoch": 5, "step": 250, "loss": -13.62063327447039, "seconds": 220}
{"event": "progress", "epoch": 5, "step": 300, "loss": -12.060364413974611, "seconds": 226}
{"event": "epoch", "epoch": 5, "phase": "float", "loss": -12.337241957297325, "seconds": 45.81514622800023, "elapsed_seconds": 236.8405677310002, "learning_rate": 0.0002, "utterances": 770, "total_utterances": 770, "invalid_utterances": 0, "noisy_si_sdr": 6.016738904979767, "si_sdr": 13.648784962926134, "si_sdri": 7.6320460579463685, "best_si_sdri": 7.6873026427378}
{"event": "progress", "epoch": 6, "step": 0, "loss": -13.531450925299865, "seconds": 237}
{"event": "progress", "epoch": 6, "step": 50, "loss": -12.984462271581432, "seconds": 243}
{"event": "progress", "epoch": 6, "step": 100, "loss": -10.684171058738345, "seconds": 249}
{"event": "progress", "epoch": 6, "step": 150, "loss": -12.728573650234065, "seconds": 255}
{"event": "progress", "epoch": 6, "step": 200, "loss": -12.268694177386944, "seconds": 261}
{"event": "progress", "epoch": 6, "step": 250, "loss": -13.017081525187411, "seconds": 268}
{"event": "progress", "epoch": 6, "step": 300, "loss": -14.155617203383464, "seconds": 273}
{"event": "epoch", "epoch": 6, "phase": "float", "loss": -12.497489567141024, "seconds": 48.54907094800001, "elapsed_seconds": 285.4072875169986, "learning_rate": 0.0001, "utterances": 770, "total_utterances": 770, "invalid_utterances": 0, "noisy_si_sdr": 6.016738904979767, "si_sdr": 13.695525949784189, "si_sdri": 7.678787044804423, "best_si_sdri": 7.6873026427378}
{"event": "progress", "epoch": 7, "step": 0, "loss": -10.610642715479461, "seconds": 286}
{"event": "progress", "epoch": 7, "step": 50, "loss": -10.878836881885412, "seconds": 292}
{"event": "progress", "epoch": 7, "step": 100, "loss": -12.090106712873595, "seconds": 298}
{"event": "progress", "epoch": 7, "step": 150, "loss": -11.711570067654655, "seconds": 303}
{"event": "progress", "epoch": 7, "step": 200, "loss": -10.589169806245602, "seconds": 309}
{"event": "progress", "epoch": 7, "step": 250, "loss": -13.490055294619868, "seconds": 315}
{"event": "progress", "epoch": 7, "step": 300, "loss": -11.490513680566966, "seconds": 320}
{"event": "epoch", "epoch": 7, "phase": "float", "loss": -12.399502243928437, "seconds": 44.11073084800046, "elapsed_seconds": 329.538735963999, "learning_rate": 0.0001, "utterances": 770, "total_utterances": 770, "invalid_utterances": 0, "noisy_si_sdr": 6.016738904979767, "si_sdr": 13.708787296934599, "si_sdri": 7.692048391954832, "best_si_sdri": 7.692048391954832}
{"event": "progress", "epoch": 8, "step": 0, "loss": -12.364362062523657, "seconds": 330}
{"event": "progress", "epoch": 8, "step": 50, "loss": -14.254499764329177, "seconds": 336}
{"event": "progress", "epoch": 8, "step": 100, "loss": -13.699219043223218, "seconds": 342}
{"event": "progress", "epoch": 8, "step": 150, "loss": -10.541420383444486, "seconds": 347}
{"event": "progress", "epoch": 8, "step": 200, "loss": -11.651701251631707, "seconds": 353}
{"event": "progress", "epoch": 8, "step": 250, "loss": -11.169144200960748, "seconds": 359}
{"event": "progress", "epoch": 8, "step": 300, "loss": -11.845221919068454, "seconds": 365}
{"event": "epoch", "epoch": 8, "phase": "float", "loss": -12.47414161903647, "seconds": 47.20698679599991, "elapsed_seconds": 376.7923011309995, "learning_rate": 0.0001, "utterances": 770, "total_utterances": 770, "invalid_utterances": 0, "noisy_si_sdr": 6.016738904979767, "si_sdr": 13.64312912744712, "si_sdri": 7.62639022246735, "best_si_sdri": 7.692048391954832}
{"event": "progress", "epoch": 9, "step": 0, "loss": -8.760501925940162, "seconds": 377}
{"event": "progress", "epoch": 9, "step": 50, "loss": -14.539950504460123, "seconds": 383}
{"event": "progress", "epoch": 9, "step": 100, "loss": -10.212398913510164, "seconds": 389}
{"event": "progress", "epoch": 9, "step": 150, "loss": -8.654462713928927, "seconds": 395}
{"event": "progress", "epoch": 9, "step": 200, "loss": -11.25185520954331, "seconds": 401}
{"event": "progress", "epoch": 9, "step": 250, "loss": -12.921631521057636, "seconds": 406}
{"event": "progress", "epoch": 9, "step": 300, "loss": -14.5282978314181, "seconds": 412}
{"event": "epoch", "epoch": 9, "phase": "float", "loss": -12.491928373536785, "seconds": 46.93149908600026, "elapsed_seconds": 423.74116588799916, "learning_rate": 0.0001, "utterances": 770, "total_utterances": 770, "invalid_utterances": 0, "noisy_si_sdr": 6.016738904979767, "si_sdr": 13.6633911829752, "si_sdri": 7.646652277995434, "best_si_sdri": 7.692048391954832}
{"event": "progress", "epoch": 10, "step": 0, "loss": -11.612057678553345, "seconds": 424}
{"event": "progress", "epoch": 10, "step": 50, "loss": -12.767557371135235, "seconds": 430}
{"event": "progress", "epoch": 10, "step": 100, "loss": -10.902645219980789, "seconds": 436}
{"event": "progress", "epoch": 10, "step": 150, "loss": -14.53360826997043, "seconds": 442}
{"event": "progress", "epoch": 10, "step": 200, "loss": -13.16524212930116, "seconds": 448}
{"event": "progress", "epoch": 10, "step": 250, "loss": -11.415546084621422, "seconds": 454}
{"event": "progress", "epoch": 10, "step": 300, "loss": -12.93459011000088, "seconds": 460}
{"event": "epoch", "epoch": 10, "phase": "float", "loss": -12.3978324448118, "seconds": 45.31396567199954, "elapsed_seconds": 469.06961941400004, "learning_rate": 0.0001, "utterances": 770, "total_utterances": 770, "invalid_utterances": 0, "noisy_si_sdr": 6.016738904979767, "si_sdr": 13.671043832234554, "si_sdri": 7.6543049272547865, "best_si_sdri": 7.692048391954832}
{"event": "progress", "epoch": 11, "step": 0, "loss": -12.258980983199203, "seconds": 470}
{"event": "progress", "epoch": 11, "step": 50, "loss": -12.382781643107176, "seconds": 475}
{"event": "progress", "epoch": 11, "step": 100, "loss": -12.404685964906081, "seconds": 481}
{"event": "progress", "epoch": 11, "step": 150, "loss": -12.164164052932668, "seconds": 487}
{"event": "progress", "epoch": 11, "step": 200, "loss": -10.83179710564532, "seconds": 492}
{"event": "progress", "epoch": 11, "step": 250, "loss": -12.788442351457139, "seconds": 498}
{"event": "progress", "epoch": 11, "step": 300, "loss": -13.48187995234959, "seconds": 504}
{"event": "epoch", "epoch": 11, "phase": "float", "loss": -12.543371052061172, "seconds": 45.80258725400017, "elapsed_seconds": 514.9068498809993, "learning_rate": 0.0001, "utterances": 770, "total_utterances": 770, "invalid_utterances": 0, "noisy_si_sdr": 6.016738904979767, "si_sdr": 13.724133640961155, "si_sdri": 7.707394735981386, "best_si_sdri": 7.707394735981386}
{"event": "progress", "epoch": 12, "step": 0, "loss": -11.383953203524186, "seconds": 515}
{"event": "progress", "epoch": 12, "step": 50, "loss": -10.781897860461385, "seconds": 521}
{"event": "progress", "epoch": 12, "step": 100, "loss": -13.468705955235782, "seconds": 527}
{"event": "progress", "epoch": 12, "step": 150, "loss": -10.694924453550424, "seconds": 533}
{"event": "progress", "epoch": 12, "step": 200, "loss": -9.409908455393875, "seconds": 539}
{"event": "progress", "epoch": 12, "step": 250, "loss": -14.290586987944247, "seconds": 545}
{"event": "progress", "epoch": 12, "step": 300, "loss": -12.256294333980772, "seconds": 551}
{"event": "epoch", "epoch": 12, "phase": "float", "loss": -12.53490441545021, "seconds": 47.725684098000784, "elapsed_seconds": 562.669686231, "learning_rate": 0.0001, "utterances": 770, "total_utterances": 770, "invalid_utterances": 0, "noisy_si_sdr": 6.016738904979767, "si_sdr": 13.732927609329344, "si_sdri": 7.7161887043495785, "best_si_sdri": 7.7161887043495785}
{"event": "progress", "epoch": 13, "step": 0, "loss": -13.88860306771785, "seconds": 563}
{"event": "progress", "epoch": 13, "step": 50, "loss": -12.297606381656156, "seconds": 569}
{"event": "progress", "epoch": 13, "step": 100, "loss": -12.147872963283918, "seconds": 575}
{"event": "progress", "epoch": 13, "step": 150, "loss": -10.84262652329518, "seconds": 581}
{"event": "progress", "epoch": 13, "step": 200, "loss": -12.488400728721182, "seconds": 587}
{"event": "progress", "epoch": 13, "step": 250, "loss": -11.9279618980156, "seconds": 593}
{"event": "progress", "epoch": 13, "step": 300, "loss": -10.926129528944742, "seconds": 598}
{"event": "epoch", "epoch": 13, "phase": "float", "loss": -12.401571016667376, "seconds": 44.070338940999136, "elapsed_seconds": 606.7900272669995, "learning_rate": 0.0001, "utterances": 770, "total_utterances": 770, "invalid_utterances": 0, "noisy_si_sdr": 6.016738904979767, "si_sdr": 13.708237938156087, "si_sdri": 7.691499033176318, "best_si_sdri": 7.7161887043495785}
{"event": "progress", "epoch": 14, "step": 0, "loss": -14.753599364198246, "seconds": 607}
{"event": "progress", "epoch": 14, "step": 50, "loss": -13.589260368858245, "seconds": 612}
{"event": "progress", "epoch": 14, "step": 100, "loss": -13.298637905494486, "seconds": 618}
{"event": "progress", "epoch": 14, "step": 150, "loss": -13.196855902205634, "seconds": 624}
{"event": "progress", "epoch": 14, "step": 200, "loss": -12.737411837541929, "seconds": 630}
{"event": "progress", "epoch": 14, "step": 250, "loss": -12.11412454922915, "seconds": 636}
{"event": "progress", "epoch": 14, "step": 300, "loss": -12.88860697209185, "seconds": 642}
{"event": "epoch", "epoch": 14, "phase": "float", "loss": -12.57093445820908, "seconds": 46.63757924099991, "elapsed_seconds": 653.4541635859987, "learning_rate": 0.0001, "utterances": 770, "total_utterances": 770, "invalid_utterances": 0, "noisy_si_sdr": 6.016738904979767, "si_sdr": 13.668392037078007, "si_sdri": 7.651653132098238, "best_si_sdri": 7.7161887043495785}
{"event": "progress", "epoch": 15, "step": 0, "loss": -9.505522138951761, "seconds": 654}
{"event": "progress", "epoch": 15, "step": 50, "loss": -12.002135398427722, "seconds": 660}
{"event": "progress", "epoch": 15, "step": 100, "loss": -12.81095866214995, "seconds": 666}
{"event": "progress", "epoch": 15, "step": 150, "loss": -10.815594444051635, "seconds": 672}
{"event": "progress", "epoch": 15, "step": 200, "loss": -12.347011042500434, "seconds": 678}
{"event": "progress", "epoch": 15, "step": 250, "loss": -13.26844523488548, "seconds": 684}
{"event": "progress", "epoch": 15, "step": 300, "loss": -10.88754397097706, "seconds": 689}
{"event": "epoch", "epoch": 15, "phase": "float", "loss": -12.48049384138857, "seconds": 46.611701787998754, "elapsed_seconds": 700.0864233249995, "learning_rate": 0.0001, "utterances": 770, "total_utterances": 770, "invalid_utterances": 0, "noisy_si_sdr": 6.016738904979767, "si_sdr": 13.69160635150439, "si_sdri": 7.6748674465246225, "best_si_sdri": 7.7161887043495785}
{"event": "progress", "epoch": 16, "step": 0, "loss": -10.66281593030886, "seconds": 700}
{"event": "progress", "epoch": 16, "step": 50, "loss": -11.869274322950869, "seconds": 706}
{"event": "progress", "epoch": 16, "step": 100, "loss": -13.273687892651342, "seconds": 713}
{"event": "progress", "epoch": 16, "step": 150, "loss": -13.301273975273855, "seconds": 719}
{"event": "progress", "epoch": 16, "step": 200, "loss": -14.150174874393905, "seconds": 725}
{"event": "progress", "epoch": 16, "step": 250, "loss": -13.079886802692837, "seconds": 730}
{"event": "progress", "epoch": 16, "step": 300, "loss": -13.767440093401952, "seconds": 736}
{"event": "epoch", "epoch": 16, "phase": "float", "loss": -12.673206477081461, "seconds": 46.571016836000126, "elapsed_seconds": 746.6728677699994, "learning_rate": 0.0001, "utterances": 770, "total_utterances": 770, "invalid_utterances": 0, "noisy_si_sdr": 6.016738904979767, "si_sdr": 13.73063862691049, "si_sdri": 7.713899721930723, "best_si_sdri": 7.7161887043495785}
{"event": "progress", "epoch": 17, "step": 0, "loss": -12.62823324400085, "seconds": 747}
{"event": "progress", "epoch": 17, "step": 50, "loss": -13.093486408865925, "seconds": 752}
{"event": "progress", "epoch": 17, "step": 100, "loss": -15.340350332992623, "seconds": 758}
{"event": "progress", "epoch": 17, "step": 150, "loss": -14.90763616264011, "seconds": 763}
{"event": "progress", "epoch": 17, "step": 200, "loss": -12.524908797956286, "seconds": 769}
{"event": "progress", "epoch": 17, "step": 250, "loss": -13.14196213364018, "seconds": 775}
{"event": "progress", "epoch": 17, "step": 300, "loss": -13.044756503011062, "seconds": 781}
{"event": "epoch", "epoch": 17, "phase": "float", "loss": -12.648555076595596, "seconds": 44.99577294699884, "elapsed_seconds": 791.7064847519996, "learning_rate": 5e-05, "utterances": 770, "total_utterances": 770, "invalid_utterances": 0, "noisy_si_sdr": 6.016738904979767, "si_sdr": 13.718385504170657, "si_sdri": 7.701646599190887, "best_si_sdri": 7.7161887043495785}
{"event": "progress", "epoch": 18, "step": 0, "loss": -13.373902802498737, "seconds": 792}
{"event": "progress", "epoch": 18, "step": 50, "loss": -10.777696396233381, "seconds": 798}
{"event": "progress", "epoch": 18, "step": 100, "loss": -15.14868704447202, "seconds": 804}
{"event": "progress", "epoch": 18, "step": 150, "loss": -11.299026341469947, "seconds": 810}
{"event": "progress", "epoch": 18, "step": 200, "loss": -12.680692992675137, "seconds": 816}
{"event": "progress", "epoch": 18, "step": 250, "loss": -11.861491973505107, "seconds": 822}
{"event": "progress", "epoch": 18, "step": 300, "loss": -11.809929057684919, "seconds": 827}
{"event": "epoch", "epoch": 18, "phase": "float", "loss": -12.515021396328889, "seconds": 47.42985598599989, "elapsed_seconds": 839.1686505090001, "learning_rate": 5e-05, "utterances": 770, "total_utterances": 770, "invalid_utterances": 0, "noisy_si_sdr": 6.016738904979767, "si_sdr": 13.735892085505139, "si_sdri": 7.719153180525372, "best_si_sdri": 7.719153180525372}
{"event": "progress", "epoch": 19, "step": 0, "loss": -12.50729495598874, "seconds": 840}
{"event": "progress", "epoch": 19, "step": 50, "loss": -8.879611974816324, "seconds": 846}
{"event": "progress", "epoch": 19, "step": 100, "loss": -10.727577929011758, "seconds": 851}
{"event": "progress", "epoch": 19, "step": 150, "loss": -12.055817858264481, "seconds": 857}
{"event": "progress", "epoch": 19, "step": 200, "loss": -12.705287001743349, "seconds": 863}
{"event": "progress", "epoch": 19, "step": 250, "loss": -14.93491511916515, "seconds": 869}
{"event": "progress", "epoch": 19, "step": 300, "loss": -11.214403283320978, "seconds": 874}
{"event": "epoch", "epoch": 19, "phase": "float", "loss": -12.653577451762468, "seconds": 46.28097037599946, "elapsed_seconds": 885.5011984229986, "learning_rate": 5e-05, "utterances": 770, "total_utterances": 770, "invalid_utterances": 0, "noisy_si_sdr": 6.016738904979767, "si_sdr": 13.698518716205175, "si_sdri": 7.6817798112254065, "best_si_sdri": 7.719153180525372}
{"event": "progress", "epoch": 20, "step": 0, "loss": -11.360930395623999, "seconds": 886}
{"event": "progress", "epoch": 20, "step": 50, "loss": -12.10080652233041, "seconds": 890}
{"event": "progress", "epoch": 20, "step": 100, "loss": -12.433212721934154, "seconds": 895}
{"event": "progress", "epoch": 20, "step": 150, "loss": -11.591316897319182, "seconds": 900}
{"event": "progress", "epoch": 20, "step": 200, "loss": -11.655687886678699, "seconds": 906}
{"event": "progress", "epoch": 20, "step": 250, "loss": -12.318503618222246, "seconds": 911}
{"event": "progress", "epoch": 20, "step": 300, "loss": -12.27358239589831, "seconds": 917}
{"event": "epoch", "epoch": 20, "phase": "float", "loss": -12.506455538165959, "seconds": 43.35772801100029, "elapsed_seconds": 928.885353878999, "learning_rate": 5e-05, "utterances": 770, "total_utterances": 770, "invalid_utterances": 0, "noisy_si_sdr": 6.016738904979767, "si_sdr": 13.685547024161275, "si_sdri": 7.668808119181506, "best_si_sdri": 7.719153180525372}
{"event": "progress", "epoch": 21, "step": 0, "loss": -10.277520958424567, "seconds": 929}
{"event": "progress", "epoch": 21, "step": 50, "loss": -14.025648551344027, "seconds": 935}
{"event": "progress", "epoch": 21, "step": 100, "loss": -11.761851181217084, "seconds": 941}
{"event": "progress", "epoch": 21, "step": 150, "loss": -11.991809695313622, "seconds": 947}
{"event": "progress", "epoch": 21, "step": 200, "loss": -11.93075796835396, "seconds": 953}
{"event": "progress", "epoch": 21, "step": 250, "loss": -14.523026233344005, "seconds": 959}
{"event": "progress", "epoch": 21, "step": 300, "loss": -13.088667927233022, "seconds": 965}
{"event": "epoch", "epoch": 21, "phase": "float", "loss": -12.589538827687559, "seconds": 47.67174063700077, "elapsed_seconds": 976.5740452849986, "learning_rate": 5e-05, "utterances": 770, "total_utterances": 770, "invalid_utterances": 0, "noisy_si_sdr": 6.016738904979767, "si_sdr": 13.72014502685427, "si_sdri": 7.703406121874504, "best_si_sdri": 7.719153180525372}
{"event": "progress", "epoch": 22, "step": 0, "loss": -11.944507424508721, "seconds": 977}
{"event": "progress", "epoch": 22, "step": 50, "loss": -12.119760431365652, "seconds": 983}
{"event": "progress", "epoch": 22, "step": 100, "loss": -11.694898276167473, "seconds": 989}
{"event": "progress", "epoch": 22, "step": 150, "loss": -13.33558496991854, "seconds": 994}
{"event": "progress", "epoch": 22, "step": 200, "loss": -13.484835154488142, "seconds": 1000}
{"event": "progress", "epoch": 22, "step": 250, "loss": -13.397557719735943, "seconds": 1006}
{"event": "progress", "epoch": 22, "step": 300, "loss": -12.309249156798396, "seconds": 1012}
{"event": "epoch", "epoch": 22, "phase": "float", "loss": -12.5907116561437, "seconds": 46.30976411700067, "elapsed_seconds": 1022.9090085579992, "learning_rate": 5e-05, "utterances": 770, "total_utterances": 770, "invalid_utterances": 0, "noisy_si_sdr": 6.016738904979767, "si_sdr": 13.74245225720895, "si_sdri": 7.725713352229181, "best_si_sdri": 7.725713352229181}
{"event": "progress", "epoch": 23, "step": 0, "loss": -13.819670710925328, "seconds": 1023}
{"event": "progress", "epoch": 23, "step": 50, "loss": -8.23760598084473, "seconds": 1029}
{"event": "progress", "epoch": 23, "step": 100, "loss": -12.385554010246437, "seconds": 1033}
{"event": "progress", "epoch": 23, "step": 150, "loss": -14.531638910049452, "seconds": 1038}
{"event": "progress", "epoch": 23, "step": 200, "loss": -13.072258290946209, "seconds": 1044}
{"event": "progress", "epoch": 23, "step": 250, "loss": -11.515617272394945, "seconds": 1049}
{"event": "progress", "epoch": 23, "step": 300, "loss": -12.018475827819437, "seconds": 1055}
{"event": "epoch", "epoch": 23, "phase": "float", "loss": -12.429365519303387, "seconds": 43.42632299300021, "elapsed_seconds": 1066.3956225370002, "learning_rate": 5e-05, "utterances": 770, "total_utterances": 770, "invalid_utterances": 0, "noisy_si_sdr": 6.016738904979767, "si_sdr": 13.719906137049946, "si_sdri": 7.7031672320701805, "best_si_sdri": 7.725713352229181}
{"event": "progress", "epoch": 24, "step": 0, "loss": -12.390125372914481, "seconds": 1067}
{"event": "progress", "epoch": 24, "step": 50, "loss": -13.245378270845022, "seconds": 1073}
{"event": "progress", "epoch": 24, "step": 100, "loss": -10.31722016026884, "seconds": 1079}
{"event": "progress", "epoch": 24, "step": 150, "loss": -13.994490652930013, "seconds": 1084}
{"event": "progress", "epoch": 24, "step": 200, "loss": -12.716560602263792, "seconds": 1090}
{"event": "progress", "epoch": 24, "step": 250, "loss": -13.403703362132056, "seconds": 1096}
{"event": "progress", "epoch": 24, "step": 300, "loss": -12.839350641399989, "seconds": 1102}
{"event": "epoch", "epoch": 24, "phase": "float", "loss": -12.544693189043198, "seconds": 46.728544439998586, "elapsed_seconds": 1113.1467258039993, "learning_rate": 5e-05, "utterances": 770, "total_utterances": 770, "invalid_utterances": 0, "noisy_si_sdr": 6.016738904979767, "si_sdr": 13.714930801008771, "si_sdri": 7.698191896029002, "best_si_sdri": 7.725713352229181}
{"event": "progress", "epoch": 25, "step": 0, "loss": -14.091516239589165, "seconds": 1114}
{"event": "progress", "epoch": 25, "step": 50, "loss": -11.572095816746693, "seconds": 1120}
{"event": "progress", "epoch": 25, "step": 100, "loss": -13.288539996145872, "seconds": 1125}
{"event": "progress", "epoch": 25, "step": 150, "loss": -14.19009433900046, "seconds": 1131}
{"event": "progress", "epoch": 25, "step": 200, "loss": -13.850926035609778, "seconds": 1137}
{"event": "progress", "epoch": 25, "step": 250, "loss": -12.339743929157706, "seconds": 1142}
{"event": "progress", "epoch": 25, "step": 300, "loss": -13.281190831631772, "seconds": 1148}
{"event": "epoch", "epoch": 25, "phase": "float", "loss": -12.696393542833103, "seconds": 46.524092154000755, "elapsed_seconds": 1159.6880305630002, "learning_rate": 5e-05, "utterances": 770, "total_utterances": 770, "invalid_utterances": 0, "noisy_si_sdr": 6.016738904979767, "si_sdr": 13.720813914045715, "si_sdri": 7.70407500906595, "best_si_sdri": 7.725713352229181}
{"event": "progress", "epoch": 26, "step": 0, "loss": -13.406641397803265, "seconds": 1160}
{"event": "progress", "epoch": 26, "step": 50, "loss": -13.211952718860775, "seconds": 1166}
{"event": "progress", "epoch": 26, "step": 100, "loss": -11.975294100417566, "seconds": 1170}
{"event": "progress", "epoch": 26, "step": 150, "loss": -12.713154662464321, "seconds": 1175}
{"event": "progress", "epoch": 26, "step": 200, "loss": -11.255183577804509, "seconds": 1181}
{"event": "progress", "epoch": 26, "step": 250, "loss": -13.210924477603871, "seconds": 1187}
{"event": "progress", "epoch": 26, "step": 300, "loss": -13.521757024386009, "seconds": 1192}
{"event": "epoch", "epoch": 26, "phase": "float", "loss": -12.71284972978883, "seconds": 43.04789961300048, "elapsed_seconds": 1202.7542960729988, "learning_rate": 5e-05, "utterances": 770, "total_utterances": 770, "invalid_utterances": 0, "noisy_si_sdr": 6.016738904979767, "si_sdr": 13.732637138410103, "si_sdri": 7.715898233430337, "best_si_sdri": 7.725713352229181}
{"event": "progress", "epoch": 27, "step": 0, "loss": -15.198837560917445, "seconds": 1203}
{"event": "progress", "epoch": 27, "step": 50, "loss": -13.0126261959851, "seconds": 1209}
{"event": "progress", "epoch": 27, "step": 100, "loss": -15.72497002924882, "seconds": 1215}
{"event": "progress", "epoch": 27, "step": 150, "loss": -10.682401246746483, "seconds": 1221}
{"event": "progress", "epoch": 27, "step": 200, "loss": -12.827233355365376, "seconds": 1227}
{"event": "progress", "epoch": 27, "step": 250, "loss": -14.604192156051887, "seconds": 1233}
{"event": "progress", "epoch": 27, "step": 300, "loss": -13.843033914169185, "seconds": 1239}
{"event": "epoch", "epoch": 27, "phase": "float", "loss": -12.658689562917797, "seconds": 47.88385438000114, "elapsed_seconds": 1250.6613384920001, "learning_rate": 5e-05, "utterances": 770, "total_utterances": 770, "invalid_utterances": 0, "noisy_si_sdr": 6.016738904979767, "si_sdr": 13.711998008797064, "si_sdri": 7.695259103817297, "best_si_sdri": 7.725713352229181}
{"event": "progress", "epoch": 28, "step": 0, "loss": -14.232819321264156, "seconds": 1251}
{"event": "progress", "epoch": 28, "step": 50, "loss": -13.111886645625498, "seconds": 1257}
{"event": "progress", "epoch": 28, "step": 100, "loss": -15.08456540328589, "seconds": 1263}
{"event": "progress", "epoch": 28, "step": 150, "loss": -12.064270241130668, "seconds": 1269}
{"event": "progress", "epoch": 28, "step": 200, "loss": -13.161005188303069, "seconds": 1275}
{"event": "progress", "epoch": 28, "step": 250, "loss": -12.522484231854817, "seconds": 1281}
{"event": "progress", "epoch": 28, "step": 300, "loss": -13.162644882635869, "seconds": 1287}
{"event": "epoch", "epoch": 28, "phase": "float", "loss": -12.723186221213195, "seconds": 46.890562188998956, "elapsed_seconds": 1297.5677635849988, "learning_rate": 5e-05, "utterances": 770, "total_utterances": 770, "invalid_utterances": 0, "noisy_si_sdr": 6.016738904979767, "si_sdr": 13.718519482481998, "si_sdri": 7.701780577502229, "best_si_sdri": 7.725713352229181}
{"event": "progress", "epoch": 29, "step": 0, "loss": -13.230488610781366, "seconds": 1298}
{"event": "progress", "epoch": 29, "step": 50, "loss": -10.669114055031057, "seconds": 1304}
{"event": "progress", "epoch": 29, "step": 100, "loss": -13.431305247118088, "seconds": 1309}
{"event": "progress", "epoch": 29, "step": 150, "loss": -14.231767799948484, "seconds": 1313}
{"event": "progress", "epoch": 29, "step": 200, "loss": -11.842300098912641, "seconds": 1319}
{"event": "progress", "epoch": 29, "step": 250, "loss": -11.323527951972402, "seconds": 1325}
{"event": "progress", "epoch": 29, "step": 300, "loss": -13.16841058716843, "seconds": 1330}
{"event": "epoch", "epoch": 29, "phase": "float", "loss": -12.713872300016698, "seconds": 43.62557734799884, "elapsed_seconds": 1341.2262176329987, "learning_rate": 5e-05, "utterances": 770, "total_utterances": 770, "invalid_utterances": 0, "noisy_si_sdr": 6.016738904979767, "si_sdr": 13.728348252091788, "si_sdri": 7.711609347112025, "best_si_sdri": 7.725713352229181}
{"event": "progress", "epoch": 30, "step": 0, "loss": -12.918246764757503, "seconds": 1342}
{"event": "progress", "epoch": 30, "step": 50, "loss": -11.804998588600107, "seconds": 1348}
{"event": "progress", "epoch": 30, "step": 100, "loss": -10.82529715435972, "seconds": 1353}
{"event": "progress", "epoch": 30, "step": 150, "loss": -10.927888810038779, "seconds": 1359}
{"event": "progress", "epoch": 30, "step": 200, "loss": -12.584006158129945, "seconds": 1365}
{"event": "progress", "epoch": 30, "step": 250, "loss": -11.608799717337241, "seconds": 1371}
{"event": "progress", "epoch": 30, "step": 300, "loss": -12.573496330248084, "seconds": 1377}
{"event": "epoch", "epoch": 30, "phase": "float", "loss": -12.509603996227641, "seconds": 46.78054666200114, "elapsed_seconds": 1388.022837298, "learning_rate": 5e-05, "utterances": 770, "total_utterances": 770, "invalid_utterances": 0, "noisy_si_sdr": 6.016738904979767, "si_sdr": 13.715401008014839, "si_sdri": 7.698662103035073, "best_si_sdri": 7.725713352229181}
{"event": "progress", "epoch": 31, "step": 0, "loss": -13.326068000031405, "seconds": 1388}
{"event": "progress", "epoch": 31, "step": 50, "loss": -13.077942591580342, "seconds": 1394}
{"event": "progress", "epoch": 31, "step": 100, "loss": -10.739919489805231, "seconds": 1400}
{"event": "progress", "epoch": 31, "step": 150, "loss": -11.825123631214275, "seconds": 1406}
{"event": "progress", "epoch": 31, "step": 200, "loss": -16.625788618886087, "seconds": 1412}
{"event": "progress", "epoch": 31, "step": 250, "loss": -13.77595518491053, "seconds": 1417}
{"event": "progress", "epoch": 31, "step": 300, "loss": -13.798294626775268, "seconds": 1423}
{"event": "epoch", "epoch": 31, "phase": "float", "loss": -12.685284563833209, "seconds": 46.79815221000172, "elapsed_seconds": 1434.8462268919993, "learning_rate": 5e-05, "utterances": 770, "total_utterances": 770, "invalid_utterances": 0, "noisy_si_sdr": 6.016738904979767, "si_sdr": 13.720726580000493, "si_sdri": 7.703987675020728, "best_si_sdri": 7.725713352229181}
{"event": "progress", "epoch": 32, "step": 0, "loss": -9.91943396847111, "seconds": 1435}
{"event": "progress", "epoch": 32, "step": 50, "loss": -13.33174253667328, "seconds": 1441}
{"event": "progress", "epoch": 32, "step": 100, "loss": -14.54858842398941, "seconds": 1447}
{"event": "progress", "epoch": 32, "step": 150, "loss": -13.987952088256526, "seconds": 1452}
{"event": "progress", "epoch": 32, "step": 200, "loss": -11.179440541936968, "seconds": 1456}
{"event": "progress", "epoch": 32, "step": 250, "loss": -14.027069929707983, "seconds": 1462}
{"event": "progress", "epoch": 32, "step": 300, "loss": -13.559244704338793, "seconds": 1468}
{"event": "epoch", "epoch": 32, "phase": "float", "loss": -12.613319496690762, "seconds": 43.64049066699954, "elapsed_seconds": 1478.5110355119996, "learning_rate": 5e-05, "utterances": 770, "total_utterances": 770, "invalid_utterances": 0, "noisy_si_sdr": 6.016738904979767, "si_sdr": 13.720094401414721, "si_sdri": 7.703355496434954, "best_si_sdri": 7.725713352229181}
{"event": "progress", "epoch": 33, "step": 0, "loss": -11.997190340523357, "seconds": 1479}
{"event": "progress", "epoch": 33, "step": 50, "loss": -12.605542844392732, "seconds": 1484}
{"event": "progress", "epoch": 33, "step": 100, "loss": -12.056341176879222, "seconds": 1489}
{"event": "progress", "epoch": 33, "step": 150, "loss": -11.632408575936935, "seconds": 1495}
{"event": "progress", "epoch": 33, "step": 200, "loss": -10.475454485134716, "seconds": 1501}
{"event": "progress", "epoch": 33, "step": 250, "loss": -9.42650930363822, "seconds": 1507}
{"event": "progress", "epoch": 33, "step": 300, "loss": -12.207742302326848, "seconds": 1512}
{"event": "epoch", "epoch": 33, "phase": "float", "loss": -12.579309989795536, "seconds": 45.34758997300014, "elapsed_seconds": 1523.8749557489991, "learning_rate": 5e-05, "utterances": 770, "total_utterances": 770, "invalid_utterances": 0, "noisy_si_sdr": 6.016738904979767, "si_sdr": 13.708004735630144, "si_sdri": 7.691265830650376, "best_si_sdri": 7.725713352229181}
{"event": "progress", "epoch": 34, "step": 0, "loss": -9.520042669133169, "seconds": 1524}
{"event": "progress", "epoch": 34, "step": 50, "loss": -10.807348710944854, "seconds": 1530}
{"event": "progress", "epoch": 34, "step": 100, "loss": -14.201387759061802, "seconds": 1536}
{"event": "progress", "epoch": 34, "step": 150, "loss": -12.628004561506387, "seconds": 1542}
{"event": "progress", "epoch": 34, "step": 200, "loss": -10.244056878556684, "seconds": 1548}
{"event": "progress", "epoch": 34, "step": 250, "loss": -12.002518445592722, "seconds": 1554}
{"event": "progress", "epoch": 34, "step": 300, "loss": -11.550140055567667, "seconds": 1559}
{"event": "epoch", "epoch": 34, "phase": "float", "loss": -12.71235121916431, "seconds": 46.89518949000012, "elapsed_seconds": 1570.787665730999, "learning_rate": 5e-05, "utterances": 770, "total_utterances": 770, "invalid_utterances": 0, "noisy_si_sdr": 6.016738904979767, "si_sdr": 13.726175786766078, "si_sdri": 7.709436881786311, "best_si_sdri": 7.725713352229181}
{"event": "progress", "epoch": 35, "step": 0, "loss": -12.31700374882284, "seconds": 1571}
{"event": "progress", "epoch": 35, "step": 50, "loss": -13.871360260393995, "seconds": 1577}
{"event": "progress", "epoch": 35, "step": 100, "loss": -12.370950282533515, "seconds": 1582}
{"event": "progress", "epoch": 35, "step": 150, "loss": -11.745200551484892, "seconds": 1588}
{"event": "progress", "epoch": 35, "step": 200, "loss": -12.136273612199552, "seconds": 1592}
{"event": "progress", "epoch": 35, "step": 250, "loss": -10.490173554332788, "seconds": 1597}
{"event": "progress", "epoch": 35, "step": 300, "loss": -13.394394849601426, "seconds": 1602}
{"event": "epoch", "epoch": 35, "phase": "float", "loss": -12.640828160358893, "seconds": 42.418873853999685, "elapsed_seconds": 1613.2230727400001, "learning_rate": 5e-05, "utterances": 770, "total_utterances": 770, "invalid_utterances": 0, "noisy_si_sdr": 6.016738904979767, "si_sdr": 13.723604949425857, "si_sdri": 7.706866044446088, "best_si_sdri": 7.725713352229181}
{"event": "progress", "epoch": 36, "step": 0, "loss": -11.699599702451035, "seconds": 1614}
{"event": "progress", "epoch": 36, "step": 50, "loss": -11.659409071214291, "seconds": 1619}
{"event": "progress", "epoch": 36, "step": 100, "loss": -13.373036392116477, "seconds": 1625}
{"event": "progress", "epoch": 36, "step": 150, "loss": -12.22480133765407, "seconds": 1631}
{"event": "progress", "epoch": 36, "step": 200, "loss": -14.681697046190994, "seconds": 1637}
{"event": "progress", "epoch": 36, "step": 250, "loss": -12.066638483122741, "seconds": 1643}
{"event": "progress", "epoch": 36, "step": 300, "loss": -13.263971914603053, "seconds": 1649}
{"event": "epoch", "epoch": 36, "phase": "float", "loss": -12.605312607702302, "seconds": 46.75222085800124, "elapsed_seconds": 1659.9926753580003, "learning_rate": 5e-05, "utterances": 770, "total_utterances": 770, "invalid_utterances": 0, "noisy_si_sdr": 6.016738904979767, "si_sdr": 13.695163613191388, "si_sdri": 7.678424708211621, "best_si_sdri": 7.725713352229181}
{"event": "progress", "epoch": 37, "step": 0, "loss": -9.754198182808238, "seconds": 1660}
{"event": "progress", "epoch": 37, "step": 50, "loss": -12.33514606263092, "seconds": 1666}
{"event": "progress", "epoch": 37, "step": 100, "loss": -12.768445626785997, "seconds": 1672}
{"event": "progress", "epoch": 37, "step": 150, "loss": -10.806280882160824, "seconds": 1678}
{"event": "progress", "epoch": 37, "step": 200, "loss": -11.25968657735794, "seconds": 1684}
{"event": "progress", "epoch": 37, "step": 250, "loss": -12.743042938094671, "seconds": 1689}
{"event": "progress", "epoch": 37, "step": 300, "loss": -12.47006484649095, "seconds": 1695}
{"event": "epoch", "epoch": 37, "phase": "float", "loss": -12.604179284174887, "seconds": 46.06728102099987, "elapsed_seconds": 1706.081871982, "learning_rate": 5e-05, "utterances": 770, "total_utterances": 770, "invalid_utterances": 0, "noisy_si_sdr": 6.016738904979767, "si_sdr": 13.731452631756559, "si_sdri": 7.7147137267767905, "best_si_sdri": 7.725713352229181}
{"event": "progress", "epoch": 38, "step": 0, "loss": -13.775517854888275, "seconds": 1707}
{"event": "progress", "epoch": 38, "step": 50, "loss": -12.303015830257909, "seconds": 1712}
{"event": "progress", "epoch": 38, "step": 100, "loss": -9.523365644257357, "seconds": 1718}
{"event": "progress", "epoch": 38, "step": 150, "loss": -11.753339537840464, "seconds": 1724}
{"event": "progress", "epoch": 38, "step": 200, "loss": -12.591700335152058, "seconds": 1730}
{"event": "progress", "epoch": 38, "step": 250, "loss": -11.775080356622928, "seconds": 1735}
{"event": "progress", "epoch": 38, "step": 300, "loss": -10.405928191366064, "seconds": 1740}
{"event": "epoch", "epoch": 38, "phase": "float", "loss": -12.68780305351948, "seconds": 44.12484869100081, "elapsed_seconds": 1750.2265073139988, "learning_rate": 5e-05, "utterances": 770, "total_utterances": 770, "invalid_utterances": 0, "noisy_si_sdr": 6.016738904979767, "si_sdr": 13.719541583150427, "si_sdri": 7.702802678170662, "best_si_sdri": 7.725713352229181}
{"event": "progress", "epoch": 39, "step": 0, "loss": -12.645260389662612, "seconds": 1751}
{"event": "progress", "epoch": 39, "step": 50, "loss": -13.449999965466253, "seconds": 1756}
{"event": "progress", "epoch": 39, "step": 100, "loss": -13.00197146501322, "seconds": 1761}
{"event": "progress", "epoch": 39, "step": 150, "loss": -14.258286823747952, "seconds": 1767}
{"event": "progress", "epoch": 39, "step": 200, "loss": -12.173948556574874, "seconds": 1773}
{"event": "progress", "epoch": 39, "step": 250, "loss": -14.569378099957461, "seconds": 1778}
{"event": "progress", "epoch": 39, "step": 300, "loss": -15.120776955289077, "seconds": 1784}
{"event": "epoch", "epoch": 39, "phase": "float", "loss": -12.700426805274777, "seconds": 44.77946240399979, "elapsed_seconds": 1795.0223605659994, "learning_rate": 5e-05, "utterances": 770, "total_utterances": 770, "invalid_utterances": 0, "noisy_si_sdr": 6.016738904979767, "si_sdr": 13.71022923931266, "si_sdri": 7.6934903343328935, "best_si_sdri": 7.725713352229181}
{"event": "progress", "epoch": 40, "step": 0, "loss": -11.759680567257451, "seconds": 1795}
{"event": "progress", "epoch": 40, "step": 50, "loss": -10.969328028341003, "seconds": 1801}
{"event": "progress", "epoch": 40, "step": 100, "loss": -11.437353418623728, "seconds": 1807}
{"event": "progress", "epoch": 40, "step": 150, "loss": -8.628096998363311, "seconds": 1813}
{"event": "progress", "epoch": 40, "step": 200, "loss": -13.545300710990967, "seconds": 1819}
{"event": "progress", "epoch": 40, "step": 250, "loss": -14.850470535208881, "seconds": 1825}
{"event": "progress", "epoch": 40, "step": 300, "loss": -12.00946814076583, "seconds": 1831}
{"event": "epoch", "epoch": 40, "phase": "float", "loss": -12.58300279354838, "seconds": 47.301829854999596, "elapsed_seconds": 1842.3443243909987, "learning_rate": 5e-05, "utterances": 770, "total_utterances": 770, "invalid_utterances": 0, "noisy_si_sdr": 6.016738904979767, "si_sdr": 13.700482656133696, "si_sdri": 7.683743751153926, "best_si_sdri": 7.725713352229181}
{"event": "progress", "epoch": 41, "step": 0, "loss": -13.083709268129223, "seconds": 1843}
{"event": "progress", "epoch": 41, "step": 50, "loss": -14.825349800631287, "seconds": 1849}
{"event": "progress", "epoch": 41, "step": 100, "loss": -13.47248129288958, "seconds": 1855}
{"event": "progress", "epoch": 41, "step": 150, "loss": -11.11764653132834, "seconds": 1861}
{"event": "progress", "epoch": 41, "step": 200, "loss": -12.739242032770424, "seconds": 1867}
{"event": "progress", "epoch": 41, "step": 250, "loss": -13.012685125017935, "seconds": 1873}
{"event": "progress", "epoch": 41, "step": 300, "loss": -11.72431794106821, "seconds": 1877}
{"event": "epoch", "epoch": 41, "phase": "float", "loss": -12.691566350661425, "seconds": 44.26355720999891, "elapsed_seconds": 1886.6247742550004, "learning_rate": 5e-05, "utterances": 770, "total_utterances": 770, "invalid_utterances": 0, "noisy_si_sdr": 6.016738904979767, "si_sdr": 13.723728154666823, "si_sdri": 7.706989249687056, "best_si_sdri": 7.725713352229181}
{"event": "progress", "epoch": 42, "step": 0, "loss": -12.90708351565372, "seconds": 1887}
{"event": "progress", "epoch": 42, "step": 50, "loss": -13.164390140316954, "seconds": 1893}
{"event": "progress", "epoch": 42, "step": 100, "loss": -11.324195826698912, "seconds": 1898}
{"event": "progress", "epoch": 42, "step": 150, "loss": -11.649208527624594, "seconds": 1904}
