Checking "python3" ...
Python 3.12.10
"python3" has been detected
Activating ESP-IDF 5.4
Setting IDF_PATH to '/private/tmp/esp32-denoiser-idf-v5.4.2'.
* Checking python version ... 3.12.10
* Checking python dependencies ... OK
* Deactivating the current ESP-IDF environment (if any) ... OK
* Establishing a new ESP-IDF environment ... OK
* Identifying shell ... bash
* Detecting outdated tools in system ... OK - no outdated tools found
* Shell completion ... Autocompletion code generated
WARNING: Failed to load shell autocompletion for bash version: 3.2.57(1)-release!

Done! You can now compile ESP-IDF projects.
Go to the project directory and run:

  idf.py build
Executing action: all (aliases: build)
Running cmake in directory /private/tmp/gtcrn-champion-build-20260914
Executing "cmake -G Ninja -DPYTHON_DEPS_CHECKED=1 -DPYTHON=/private/tmp/esp32-denoiser-idf-tools-v5.4.2/python_env/idf5.4_py3.12_env/bin/python -DESP_PLATFORM=1 -DSDKCONFIG=/private/tmp/gtcrn-champion-sdkconfig-20260914 -DIDF_TARGET=esp32s3 -DCCACHE_ENABLE=0 /Users/sidchat/Documents/GitHub/autoencoder_denoiser/output/esp32/firmware_build/gtcrn_s3_champion_20260914/source_snapshot/firmware/gtcrn_benchmark"...
-- Found Git: /usr/bin/git (found version "2.39.5 (Apple Git-154)")
-- The C compiler identification is GNU 14.2.0
-- The CXX compiler identification is GNU 14.2.0
-- The ASM compiler identification is GNU
-- Found assembler: /tmp/esp32-denoiser-idf-tools-v5.4.2/tools/xtensa-esp-elf/esp-14.2.0_20241119/xtensa-esp-elf/bin/xtensa-esp32s3-elf-gcc
-- Detecting C compiler ABI info
-- Detecting C compiler ABI info - done
-- Check for working C compiler: /tmp/esp32-denoiser-idf-tools-v5.4.2/tools/xtensa-esp-elf/esp-14.2.0_20241119/xtensa-esp-elf/bin/xtensa-esp32s3-elf-gcc - skipped
-- Detecting C compile features
-- Detecting C compile features - done
-- Detecting CXX compiler ABI info
-- Detecting CXX compiler ABI info - done
-- Check for working CXX compiler: /tmp/esp32-denoiser-idf-tools-v5.4.2/tools/xtensa-esp-elf/esp-14.2.0_20241119/xtensa-esp-elf/bin/xtensa-esp32s3-elf-g++ - skipped
-- Detecting CXX compile features
-- Detecting CXX compile features - done
-- Building ESP-IDF components for target esp32s3
CMake Error at /tmp/esp32-denoiser-idf-v5.4.2/tools/cmake/build.cmake:620 (message):
  Traceback (most recent call last):

    File "<frozen runpy>", line 198, in _run_module_as_main
    File "<frozen runpy>", line 88, in _run_code
    File "/private/tmp/esp32-denoiser-idf-tools-v5.4.2/python_env/idf5.4_py3.12_env/lib/python3.12/site-packages/idf_component_manager/prepare_components/__main__.py", line 6, in <module>
      main()
    File "/private/tmp/esp32-denoiser-idf-tools-v5.4.2/python_env/idf5.4_py3.12_env/lib/python3.12/site-packages/idf_component_manager/prepare_components/prepare.py", line 337, in main
      args.func(args)
    File "/private/tmp/esp32-denoiser-idf-tools-v5.4.2/python_env/idf5.4_py3.12_env/lib/python3.12/site-packages/idf_component_manager/prepare_components/prepare.py", line 146, in prepare_dep_dirs
      local_components_list_file = _get_component_list_file(args.local_components_list_file)
                                   ^^^^^^^^^^^^^^^^^^^^^^^^^^^^^^^^^^^^^^^^^^^^^^^^^^^^^^^^^
    File "/private/tmp/esp32-denoiser-idf-tools-v5.4.2/python_env/idf5.4_py3.12_env/lib/python3.12/site-packages/idf_component_manager/prepare_components/prepare.py", line 102, in _get_component_list_file
      component_list_parent_pid = _get_ppid_file_path(local_components_list_file)
                                  ^^^^^^^^^^^^^^^^^^^^^^^^^^^^^^^^^^^^^^^^^^^^^^^
    File "/private/tmp/esp32-denoiser-idf-tools-v5.4.2/python_env/idf5.4_py3.12_env/lib/python3.12/site-packages/idf_component_manager/prepare_components/prepare.py", line 70, in _get_ppid_file_path
      return Path(f'{local_component_list_file}.{get_cmake_pid()}')
                                                 ^^^^^^^^^^^^^^^
    File "/private/tmp/esp32-denoiser-idf-tools-v5.4.2/python_env/idf5.4_py3.12_env/lib/python3.12/site-packages/idf_component_manager/prepare_components/cmake_pid.py", line 33, in get_cmake_pid
      parent = current.parent()
               ^^^^^^^^^^^^^^^^
    File "/private/tmp/esp32-denoiser-idf-tools-v5.4.2/python_env/idf5.4_py3.12_env/lib/python3.12/site-packages/psutil/__init__.py", line 597, in parent
      lowest_pid = _LOWEST_PID if _LOWEST_PID is not None else pids()[0]
                                                               ^^^^^^
    File "/private/tmp/esp32-denoiser-idf-tools-v5.4.2/python_env/idf5.4_py3.12_env/lib/python3.12/site-packages/psutil/__init__.py", line 1468, in pids
      ret = sorted(_psplatform.pids())
                   ^^^^^^^^^^^^^^^^^^
    File "/private/tmp/esp32-denoiser-idf-tools-v5.4.2/python_env/idf5.4_py3.12_env/lib/python3.12/site-packages/psutil/_psosx.py", line 320, in pids
      ls = cext.pids()
           ^^^^^^^^^^^

  PermissionError: [Errno 1] Operation not permitted (originated from
  sysctl() malloc 1/3)

Call Stack (most recent call first):
  /tmp/esp32-denoiser-idf-v5.4.2/tools/cmake/project.cmake:718 (idf_build_process)
  CMakeLists.txt:4 (project)


-- Configuring incomplete, errors occurred!
cmake failed with exit code 1, output of the command is in the /private/tmp/gtcrn-champion-build-20260914/log/idf_py_stderr_output_9058 and /private/tmp/gtcrn-champion-build-20260914/log/idf_py_stdout_output_9058
