{"event": "start", "device": "cuda", "torch": "2.11.0+cu128", "model": {"precision": "float-only; INT8 QAT/export/runtime are not implemented", "learned_parameters": 23669, "fixed_erb_parameters": 24576, "total_parameters_including_fixed": 48245, "learned_parameter_bytes_float32": 94676, "fixed_erb_bytes_float32": 98304, "state_dict_bytes": 197524, "fixed_erb_shape": [64, 192], "fixed_erb_nonzero_values_one_direction": 382, "fixed_erb_transpose_duplicate": true, "macs_per_second": 33000000, "macs_status": "published upstream accounting; not measured MCU cycles or an INT8 runtime", "context_frames": null, "temporal_context": "causal recurrent history; intra-frame bidirectional frequency GRUs", "neural_state_elements": 18048, "neural_state_bytes_float32": 72192, "audio_overlap_state_bytes_float32": 3072, "state_scope": "batch1 persistent state only; activations, weight snapshot and FFT scratch excluded", "packed_bytes_status": "unavailable; no integer exporter", "upstream_revision": "502ebfab64da7c4a9af78dcb9c6ceef1ebb01c73", "framing": "causal_zero_overlap_v1", "constructor_initialization": "fresh; the adapter does not load pretrained weights"}, "model_kind": "gtcrn", "gpu": "NVIDIA L4", "test_used_for_selection": false, "selection_metric": "mean utterance SI-SDR improvement", "validation_is_partial": false, "calibration": null, "added_training_sources": {"speech_manifest_sha256": "24acf8d2789c019fb966b39754bd71376e016b4d1169cd611031f94271d7ac77", "noise_manifest_sha256": "e953b3952bb66377ad6bc67b93cb1b2148511cca952b41b0fb038a93a79a8b03", "speech_recordings": 25675, "noise_recordings": 837, "synthetic_probability": 0.5, "samples_per_epoch": 10802}, "distillation": null, "resume_checkpoint_sha256": null, "manifest_sha256": {"train": "c0b9ea9aa7b13d30aadd30f76274f6b2f932d802ae85c55426c2c3e13a4a247c", "val": "c1e0ccf95766f1542da3e8eebc1cf33107ca6ecf3ccf59c7a2d8078c171f5668"}, "source_sha256": {"__init__.py": "8fa53a117dcac5ce5f496e7685d7f3a4af5c4ed2b87475e4ba888f9925b3a560", "comparison.py": "a72684d6697349141729ba28d1973dfdba7131e6bbc9e6684b91883b9f5c7350", "data.py": "1b755c38236483957f8ecc62a4923841aa33f3bd9c26e2a1de288ae5132f22f3", "development.py": "11b16e960701f64e5813b84e1f40e6be62d682777e04d683c4f671110ca70d44", "development_checkpoints.py": "97737ea04e6d702114661b0e45cd27ab7d3aa76c46c7542b9d53b672967230d8", "distillation.py": "6e2b72d890afa061d9361e43587cfb446455bff94b4177f7afc76e23446758f7", "embedded.py": "a31581b4d7c51fd82488420fa7b7997605d056b0001b6582aeb852fe2e1022b2", "evaluate.py": "c2f71a72cf7ee5b1a7ef358af06db13f612d51ea66029c53c57b33e81f34c3e3", "export.py": "e76ad5ab812577fde4e89da543fd0f42a3b1d374221c754b00f5a6d4c3593cb0", "extra_data.py": "193cf8fd9d8704d040602ad00ba13b10d3ff61c06ffebe739a0acf72728979a3", "frequency_deep_filter.py": "7ef7b10ac56bf0dcec9a6f2cfb141cfd47514593ecf0c46e3a817146ee8a4dd9", "frequency_embedded.py": "04808d9e34f42e68a960be9476bb40303a6e897c5461a09413885029c256b6ee", "frequency_evaluate.py": "bdc5f29e7a49f1b3251b29257b68044c733eaa942802feb4e9d70db70c4699a6", "frequency_export.py": "947e8e06a6e4501d4d3e21305e7b903d433d28158ec6c79e2cde063e5eca33fe", "frequency_gru.py": "41e0f10b122e8afb588d08f7d5220257c9b9f4f8ea792749baa07cbf3f292632", "frequency_model.py": "68da4df1ae92084c1ca1dba91ccbc16be4731fa2561bd48bdac6117127f689f4", "frequency_normalization.py": "407ae0de89eeb9202fe4ef8389b6308112564b4a84665745e98f9883fb0cac90", "frequency_quantization.py": "4739cdcac4753e31465593d3372c11936048778db29da2debf2975a33a4de162", "gtcrn_model.py": "14cd761539cee0b81da95fa35ba3e21dc0e5317572a9546f4fd20c522b1da2b8", "losses.py": "5f0e7753d8c7d5e827bb58e688288bbb883322b1326b878ab826139734621753", "mask_diagnostics.py": "0e7b71ffd2de26d647c91091d90a6090fe4dda579cb34393f4ba8c78ac1a44c3", "metrics.py": "9832420689fcc6e27d02ef2c751f76ac86c17d9f9164864543bf7604826da2b5", "mixtures.py": "aa52046143db594b101027108f1e4cad1a5dbdbbcde717146155b2847a3eef7a", "model.py": "ae35b641f3dd1a58932a8675cc58cac0029c637dbb196c125b3ae560ad61482e", "models.py": "c137123d38119828cdc1d3eaeeb59ac258012daf06161823aed9ee0b202b806b", "quality.py": "39cae6c04fb76d8493f4bf6bec12c99a01dee5a8a25402ded65dbdb90f311874", "quantization.py": "cb16d537edc4dbac1a378e0f3e33b8e614a956da0fe1dc469d386c911696d5c5", "runtime_cache.py": "8b0dc114256533810bddefe350d4bf57009dc69b75d42819ae1590c4ee0e7019", "train.py": "c87608f1df2cbb33c26dac41ee0c4de00177e02980444e396e481a8c5e9241bd", "vendor/__init__.py": "bce826e18e3d79c14e2a9aebd441101f82cfe9ef703698e3cfebda168e9f2561", "vendor/gtcrn/__init__.py": "ef43765e819258761704a8ce25fa34a15b9c31140992b1bb2ba654ecf1879f89", "vendor/gtcrn/convert.py": "dbff3a360a720f11fca0b4a4f8bc6bdb3ebb712fa617dfe37df8b31a9c5a586e", "vendor/gtcrn/convolution.py": "28465f8a160b8484548ec2e2d8319d5b0650f45079f5abf9d41a8cb15ce2fdf4", "vendor/gtcrn/network.py": "20bf0610702506fa45cd543454b84bbeb862d73c7c20a3f8d820fdc04da6099b", "vendor/gtcrn/streaming.py": "649cede9019dd9397de2b773797ee7a37b860c71cfea41a09e41b3193f527007", "warm_start.py": "1f4431725906167c03c1b2cebb0c4d69dd8585789cfe580df29fa399cafc6b4f"}, "train_utterances": 10802, "validation_utterances": 770, "train_speakers": ["p227", "p228", "p230", "p231", "p233", "p236", "p239", "p243", "p244", "p250", "p254", "p256", "p258", "p259", "p267", "p268", "p269", "p270", "p273", "p274", "p276", "p277", "p278", "p279", "p282", "p286"], "validation_speakers": ["p226", "p287"], "phase": "float"}
{"event": "initial_validation", "utterances": 770, "total_utterances": 770, "invalid_utterances": 0, "noisy_si_sdr": 6.016738904979767, "si_sdr": -8.76966681207325, "si_sdri": -14.786405717053018}
{"event": "progress", "epoch": 1, "step": 0, "loss": 12.810528599554104, "seconds": 16}
{"event": "progress", "epoch": 1, "step": 50, "loss": -1.9489094094025483, "seconds": 34}
{"event": "progress", "epoch": 1, "step": 100, "loss": -6.3452924582099115, "seconds": 54}
{"event": "progress", "epoch": 1, "step": 150, "loss": -6.234981855625234, "seconds": 74}
{"event": "progress", "epoch": 1, "step": 200, "loss": -3.301934937697446, "seconds": 92}
{"event": "progress", "epoch": 1, "step": 250, "loss": -7.184829255490636, "seconds": 113}
{"event": "progress", "epoch": 1, "step": 300, "loss": -8.168032657480484, "seconds": 134}
{"event": "epoch", "epoch": 1, "phase": "float", "loss": -5.680427893270194, "seconds": 150.24430828500044, "elapsed_seconds": 161.5802011630003, "learning_rate": 0.001, "utterances": 770, "total_utterances": 770, "invalid_utterances": 0, "noisy_si_sdr": 6.016738904979767, "si_sdr": 10.514841643933018, "si_sdri": 4.498102738953249, "best_si_sdri": 4.498102738953249}
{"event": "progress", "epoch": 2, "step": 0, "loss": -7.505066272483465, "seconds": 162}
{"event": "progress", "epoch": 2, "step": 50, "loss": -8.638037086959741, "seconds": 184}
{"event": "progress", "epoch": 2, "step": 100, "loss": -9.878542244055076, "seconds": 205}
{"event": "progress", "epoch": 2, "step": 150, "loss": -11.054101200318653, "seconds": 225}
{"event": "progress", "epoch": 2, "step": 200, "loss": -8.767901119050105, "seconds": 246}
{"event": "progress", "epoch": 2, "step": 250, "loss": -9.94089985439134, "seconds": 268}
{"event": "progress", "epoch": 2, "step": 300, "loss": -11.75766567543769, "seconds": 290}
{"event": "epoch", "epoch": 2, "phase": "float", "loss": -9.49597113348578, "seconds": 151.89061516000038, "elapsed_seconds": 313.65664124999967, "learning_rate": 0.001, "utterances": 770, "total_utterances": 770, "invalid_utterances": 0, "noisy_si_sdr": 6.016738904979767, "si_sdr": 11.64764891528367, "si_sdri": 5.630910010303902, "best_si_sdri": 5.630910010303902}
{"event": "progress", "epoch": 3, "step": 0, "loss": -9.792848381512337, "seconds": 315}
{"event": "progress", "epoch": 3, "step": 50, "loss": -9.807314883643091, "seconds": 336}
{"event": "progress", "epoch": 3, "step": 100, "loss": -12.40414836885355, "seconds": 357}
{"event": "progress", "epoch": 3, "step": 150, "loss": -10.138869714126795, "seconds": 378}
{"event": "progress", "epoch": 3, "step": 200, "loss": -12.580028018978739, "seconds": 400}
{"event": "progress", "epoch": 3, "step": 250, "loss": -11.740905948887653, "seconds": 420}
{"event": "progress", "epoch": 3, "step": 300, "loss": -12.66934279848206, "seconds": 442}
{"event": "epoch", "epoch": 3, "phase": "float", "loss": -10.580654473586078, "seconds": 152.23788168800093, "elapsed_seconds": 466.07822139400014, "learning_rate": 0.001, "utterances": 770, "total_utterances": 770, "invalid_utterances": 0, "noisy_si_sdr": 6.016738904979767, "si_sdr": 12.012132427646467, "si_sdri": 5.9953935226667, "best_si_sdri": 5.9953935226667}
{"event": "progress", "epoch": 4, "step": 0, "loss": -11.468029006042281, "seconds": 467}
{"event": "progress", "epoch": 4, "step": 50, "loss": -10.376032997638902, "seconds": 489}
{"event": "progress", "epoch": 4, "step": 100, "loss": -11.98211349916263, "seconds": 509}
{"event": "progress", "epoch": 4, "step": 150, "loss": -11.496511344195852, "seconds": 531}
{"event": "progress", "epoch": 4, "step": 200, "loss": -12.626195009832843, "seconds": 552}
{"event": "progress", "epoch": 4, "step": 250, "loss": -10.867285110137534, "seconds": 574}
{"event": "progress", "epoch": 4, "step": 300, "loss": -12.907832334519176, "seconds": 594}
{"event": "epoch", "epoch": 4, "phase": "float", "loss": -11.143467486686665, "seconds": 149.5250183070002, "elapsed_seconds": 615.7469713949995, "learning_rate": 0.001, "utterances": 770, "total_utterances": 770, "invalid_utterances": 0, "noisy_si_sdr": 6.016738904979767, "si_sdr": 12.399327952773834, "si_sdri": 6.382589047794067, "best_si_sdri": 6.382589047794067}
{"event": "progress", "epoch": 5, "step": 0, "loss": -13.963347869210722, "seconds": 617}
{"event": "progress", "epoch": 5, "step": 50, "loss": -12.81904299528586, "seconds": 637}
{"event": "progress", "epoch": 5, "step": 100, "loss": -12.938491392273649, "seconds": 656}
{"event": "progress", "epoch": 5, "step": 150, "loss": -13.859133672358809, "seconds": 675}
{"event": "progress", "epoch": 5, "step": 200, "loss": -12.314062911975977, "seconds": 696}
{"event": "progress", "epoch": 5, "step": 250, "loss": -12.503503877358302, "seconds": 714}
{"event": "progress", "epoch": 5, "step": 300, "loss": -11.26742478992372, "seconds": 734}
{"event": "epoch", "epoch": 5, "phase": "float", "loss": -11.603553771053638, "seconds": 140.09252383400053, "elapsed_seconds": 756.0190920879995, "learning_rate": 0.001, "utterances": 770, "total_utterances": 770, "invalid_utterances": 0, "noisy_si_sdr": 6.016738904979767, "si_sdr": 12.458082280268755, "si_sdri": 6.441343375288988, "best_si_sdri": 6.441343375288988}
{"event": "progress", "epoch": 6, "step": 0, "loss": -13.002205358993333, "seconds": 757}
{"event": "progress", "epoch": 6, "step": 50, "loss": -12.344721342680295, "seconds": 777}
{"event": "progress", "epoch": 6, "step": 100, "loss": -10.059855206430912, "seconds": 797}
{"event": "progress", "epoch": 6, "step": 150, "loss": -11.953774358499004, "seconds": 817}
{"event": "progress", "epoch": 6, "step": 200, "loss": -11.7452064952139, "seconds": 835}
{"event": "progress", "epoch": 6, "step": 250, "loss": -13.100934278981857, "seconds": 854}
{"event": "progress", "epoch": 6, "step": 300, "loss": -12.98004438253885, "seconds": 874}
{"event": "epoch", "epoch": 6, "phase": "float", "loss": -12.03796890106655, "seconds": 141.55787532400063, "elapsed_seconds": 897.7525254619995, "learning_rate": 0.001, "utterances": 770, "total_utterances": 770, "invalid_utterances": 0, "noisy_si_sdr": 6.016738904979767, "si_sdr": 12.657699353939616, "si_sdri": 6.640960448959849, "best_si_sdri": 6.640960448959849}
{"event": "progress", "epoch": 7, "step": 0, "loss": -10.251829194863207, "seconds": 899}
{"event": "progress", "epoch": 7, "step": 50, "loss": -10.53167739864882, "seconds": 918}
{"event": "progress", "epoch": 7, "step": 100, "loss": -12.472319038658924, "seconds": 937}
{"event": "progress", "epoch": 7, "step": 150, "loss": -12.449551301284536, "seconds": 956}
{"event": "progress", "epoch": 7, "step": 200, "loss": -10.577257856430403, "seconds": 975}
{"event": "progress", "epoch": 7, "step": 250, "loss": -13.549744254330118, "seconds": 996}
{"event": "progress", "epoch": 7, "step": 300, "loss": -11.548920745206127, "seconds": 1015}
{"event": "epoch", "epoch": 7, "phase": "float", "loss": -12.092254415910627, "seconds": 139.50620413999968, "elapsed_seconds": 1037.4387521160006, "learning_rate": 0.001, "utterances": 770, "total_utterances": 770, "invalid_utterances": 0, "noisy_si_sdr": 6.016738904979767, "si_sdr": 12.13138220838541, "si_sdri": 6.114643303405645, "best_si_sdri": 6.640960448959849}
{"event": "progress", "epoch": 8, "step": 0, "loss": -11.274394515789671, "seconds": 1038}
{"event": "progress", "epoch": 8, "step": 50, "loss": -14.131248372100323, "seconds": 1057}
{"event": "progress", "epoch": 8, "step": 100, "loss": -13.204965043839552, "seconds": 1077}
{"event": "progress", "epoch": 8, "step": 150, "loss": -12.000125824651928, "seconds": 1097}
{"event": "progress", "epoch": 8, "step": 200, "loss": -12.12488035698307, "seconds": 1116}
{"event": "progress", "epoch": 8, "step": 250, "loss": -10.426077991814449, "seconds": 1135}
{"event": "progress", "epoch": 8, "step": 300, "loss": -11.316550975721626, "seconds": 1155}
{"event": "epoch", "epoch": 8, "phase": "float", "loss": -12.3211770674466, "seconds": 139.84693710600004, "elapsed_seconds": 1177.3754166769995, "learning_rate": 0.001, "utterances": 770, "total_utterances": 770, "invalid_utterances": 0, "noisy_si_sdr": 6.016738904979767, "si_sdr": 12.660345289333016, "si_sdri": 6.643606384353249, "best_si_sdri": 6.643606384353249}
{"event": "progress", "epoch": 9, "step": 0, "loss": -11.994034978823915, "seconds": 1178}
{"event": "progress", "epoch": 9, "step": 50, "loss": -14.732398281260899, "seconds": 1198}
{"event": "progress", "epoch": 9, "step": 100, "loss": -9.76555044115867, "seconds": 1217}
{"event": "progress", "epoch": 9, "step": 150, "loss": -8.367532414592972, "seconds": 1236}
{"event": "progress", "epoch": 9, "step": 200, "loss": -11.078232114418594, "seconds": 1257}
{"event": "progress", "epoch": 9, "step": 250, "loss": -12.835441278925263, "seconds": 1276}
{"event": "progress", "epoch": 9, "step": 300, "loss": -13.63592395150795, "seconds": 1295}
{"event": "epoch", "epoch": 9, "phase": "float", "loss": -12.542655101532237, "seconds": 140.00986965300035, "elapsed_seconds": 1317.5654823879995, "learning_rate": 0.001, "utterances": 770, "total_utterances": 770, "invalid_utterances": 0, "noisy_si_sdr": 6.016738904979767, "si_sdr": 12.580967789442347, "si_sdri": 6.5642288844625805, "best_si_sdri": 6.643606384353249}
{"event": "progress", "epoch": 10, "step": 0, "loss": -11.839549772338987, "seconds": 1318}
{"event": "progress", "epoch": 10, "step": 50, "loss": -13.537594886678358, "seconds": 1338}
{"event": "progress", "epoch": 10, "step": 100, "loss": -11.297483953326111, "seconds": 1358}
{"event": "progress", "epoch": 10, "step": 150, "loss": -14.075548646727555, "seconds": 1378}
{"event": "progress", "epoch": 10, "step": 200, "loss": -12.770908161345556, "seconds": 1398}
{"event": "progress", "epoch": 10, "step": 250, "loss": -11.561698584038055, "seconds": 1416}
{"event": "progress", "epoch": 10, "step": 300, "loss": -12.565944943148248, "seconds": 1435}
{"event": "epoch", "epoch": 10, "phase": "float", "loss": -12.619033500109824, "seconds": 140.779712001, "elapsed_seconds": 1458.4494454350006, "learning_rate": 0.001, "utterances": 770, "total_utterances": 770, "invalid_utterances": 0, "noisy_si_sdr": 6.016738904979767, "si_sdr": 12.876502016544013, "si_sdri": 6.859763111564246, "best_si_sdri": 6.859763111564246}
{"event": "progress", "epoch": 11, "step": 0, "loss": -12.327791579049709, "seconds": 1459}
{"event": "progress", "epoch": 11, "step": 50, "loss": -13.074315797802045, "seconds": 1480}
{"event": "progress", "epoch": 11, "step": 100, "loss": -12.987026079519335, "seconds": 1500}
{"event": "progress", "epoch": 11, "step": 150, "loss": -12.328300101608788, "seconds": 1519}
{"event": "progress", "epoch": 11, "step": 200, "loss": -10.76618739955886, "seconds": 1537}
{"event": "progress", "epoch": 11, "step": 250, "loss": -12.997952814213289, "seconds": 1557}
{"event": "progress", "epoch": 11, "step": 300, "loss": -13.342086277941597, "seconds": 1577}
{"event": "epoch", "epoch": 11, "phase": "float", "loss": -12.828352646001646, "seconds": 142.0632465609997, "elapsed_seconds": 1600.7019701480003, "learning_rate": 0.001, "utterances": 770, "total_utterances": 770, "invalid_utterances": 0, "noisy_si_sdr": 6.016738904979767, "si_sdr": 13.00470068885571, "si_sdri": 6.987961783875944, "best_si_sdri": 6.987961783875944}
{"event": "progress", "epoch": 12, "step": 0, "loss": -10.385261652344756, "seconds": 1602}
{"event": "progress", "epoch": 12, "step": 50, "loss": -11.996786355443172, "seconds": 1621}
{"event": "progress", "epoch": 12, "step": 100, "loss": -13.963516954767037, "seconds": 1639}
{"event": "progress", "epoch": 12, "step": 150, "loss": -11.60433365120905, "seconds": 1659}
{"event": "progress", "epoch": 12, "step": 200, "loss": -9.871707102740345, "seconds": 1679}
{"event": "progress", "epoch": 12, "step": 250, "loss": -14.785852098963645, "seconds": 1699}
{"event": "progress", "epoch": 12, "step": 300, "loss": -12.131141185154208, "seconds": 1718}
{"event": "epoch", "epoch": 12, "phase": "float", "loss": -12.924716977752446, "seconds": 139.40600792700025, "elapsed_seconds": 1740.2918088250008, "learning_rate": 0.001, "utterances": 770, "total_utterances": 770, "invalid_utterances": 0, "noisy_si_sdr": 6.016738904979767, "si_sdr": 12.300753571963087, "si_sdri": 6.284014666983319, "best_si_sdri": 6.987961783875944}
{"event": "progress", "epoch": 13, "step": 0, "loss": -13.784517976793762, "seconds": 1741}
{"event": "progress", "epoch": 13, "step": 50, "loss": -13.106912380201285, "seconds": 1760}
{"event": "progress", "epoch": 13, "step": 100, "loss": -12.708364542016309, "seconds": 1780}
{"event": "progress", "epoch": 13, "step": 150, "loss": -10.886869880870726, "seconds": 1800}
{"event": "progress", "epoch": 13, "step": 200, "loss": -12.927825485008562, "seconds": 1819}
{"event": "progress", "epoch": 13, "step": 250, "loss": -12.43987978721903, "seconds": 1838}
{"event": "progress", "epoch": 13, "step": 300, "loss": -10.762511346703667, "seconds": 1858}
{"event": "epoch", "epoch": 13, "phase": "float", "loss": -12.952038408589623, "seconds": 140.14896123200015, "elapsed_seconds": 1880.5298811169996, "learning_rate": 0.001, "utterances": 770, "total_utterances": 770, "invalid_utterances": 0, "noisy_si_sdr": 6.016738904979767, "si_sdr": 12.846286649079426, "si_sdri": 6.829547744099659, "best_si_sdri": 6.987961783875944}
{"event": "progress", "epoch": 14, "step": 0, "loss": -15.990273044563253, "seconds": 1881}
{"event": "progress", "epoch": 14, "step": 50, "loss": -14.19229301475752, "seconds": 1901}
{"event": "progress", "epoch": 14, "step": 100, "loss": -13.907847727204803, "seconds": 1919}
{"event": "progress", "epoch": 14, "step": 150, "loss": -13.634504496338186, "seconds": 1939}
{"event": "progress", "epoch": 14, "step": 200, "loss": -13.124436302010412, "seconds": 1959}
{"event": "progress", "epoch": 14, "step": 250, "loss": -12.267910709732025, "seconds": 1979}
{"event": "progress", "epoch": 14, "step": 300, "loss": -14.1502056022134, "seconds": 1998}
{"event": "epoch", "epoch": 14, "phase": "float", "loss": -13.157037674129644, "seconds": 138.9224914259994, "elapsed_seconds": 2019.5276029790002, "learning_rate": 0.001, "utterances": 770, "total_utterances": 770, "invalid_utterances": 0, "noisy_si_sdr": 6.016738904979767, "si_sdr": 12.770411446989963, "si_sdri": 6.753672542010195, "best_si_sdri": 6.987961783875944}
{"event": "progress", "epoch": 15, "step": 0, "loss": -9.93652313573787, "seconds": 2020}
{"event": "progress", "epoch": 15, "step": 50, "loss": -12.415659106657838, "seconds": 2040}
{"event": "progress", "epoch": 15, "step": 100, "loss": -14.048091047639938, "seconds": 2061}
{"event": "progress", "epoch": 15, "step": 150, "loss": -11.23770036433531, "seconds": 2080}
