{"event": "start", "device": "cuda", "torch": "2.11.0+cu128", "model": {"learned_parameters": 84738, "convolution_weights": 83392, "macs_per_second": 5212000.0, "context_frames": 127, "neural_state_bytes_int8": 8064}, "model_kind": "spectral_tcn", "gpu": "NVIDIA L4", "test_used_for_selection": false, "selection_metric": "mean utterance SI-SDR improvement", "validation_is_partial": false, "calibration": null, "added_training_sources": {"speech_manifest_sha256": "24acf8d2789c019fb966b39754bd71376e016b4d1169cd611031f94271d7ac77", "noise_manifest_sha256": "e953b3952bb66377ad6bc67b93cb1b2148511cca952b41b0fb038a93a79a8b03", "speech_recordings": 25675, "noise_recordings": 837, "synthetic_probability": 0.5, "samples_per_epoch": 10802}, "distillation": null, "resume_checkpoint_sha256": "78ea4b8013145f6f692e88f06ef35c246a2b58d206a95db259b417b331bf2c2b", "manifest_sha256": {"train": "c0b9ea9aa7b13d30aadd30f76274f6b2f932d802ae85c55426c2c3e13a4a247c", "val": "c1e0ccf95766f1542da3e8eebc1cf33107ca6ecf3ccf59c7a2d8078c171f5668"}, "source_sha256": {"__init__.py": "8fa53a117dcac5ce5f496e7685d7f3a4af5c4ed2b87475e4ba888f9925b3a560", "comparison.py": "a72684d6697349141729ba28d1973dfdba7131e6bbc9e6684b91883b9f5c7350", "data.py": "1b755c38236483957f8ecc62a4923841aa33f3bd9c26e2a1de288ae5132f22f3", "development.py": "11b16e960701f64e5813b84e1f40e6be62d682777e04d683c4f671110ca70d44", "development_checkpoints.py": "97737ea04e6d702114661b0e45cd27ab7d3aa76c46c7542b9d53b672967230d8", "distillation.py": "6e2b72d890afa061d9361e43587cfb446455bff94b4177f7afc76e23446758f7", "embedded.py": "a31581b4d7c51fd82488420fa7b7997605d056b0001b6582aeb852fe2e1022b2", "evaluate.py": "c2f71a72cf7ee5b1a7ef358af06db13f612d51ea66029c53c57b33e81f34c3e3", "export.py": "e76ad5ab812577fde4e89da543fd0f42a3b1d374221c754b00f5a6d4c3593cb0", "extra_data.py": "193cf8fd9d8704d040602ad00ba13b10d3ff61c06ffebe739a0acf72728979a3", "frequency_deep_filter.py": "7ef7b10ac56bf0dcec9a6f2cfb141cfd47514593ecf0c46e3a817146ee8a4dd9", "frequency_embedded.py": "04808d9e34f42e68a960be9476bb40303a6e897c5461a09413885029c256b6ee", "frequency_evaluate.py": "bdc5f29e7a49f1b3251b29257b68044c733eaa942802feb4e9d70db70c4699a6", "frequency_export.py": "947e8e06a6e4501d4d3e21305e7b903d433d28158ec6c79e2cde063e5eca33fe", "frequency_gru.py": "41e0f10b122e8afb588d08f7d5220257c9b9f4f8ea792749baa07cbf3f292632", "frequency_model.py": "68da4df1ae92084c1ca1dba91ccbc16be4731fa2561bd48bdac6117127f689f4", "frequency_normalization.py": "407ae0de89eeb9202fe4ef8389b6308112564b4a84665745e98f9883fb0cac90", "frequency_quantization.py": "4739cdcac4753e31465593d3372c11936048778db29da2debf2975a33a4de162", "gtcrn_model.py": "14cd761539cee0b81da95fa35ba3e21dc0e5317572a9546f4fd20c522b1da2b8", "losses.py": "5f0e7753d8c7d5e827bb58e688288bbb883322b1326b878ab826139734621753", "mask_diagnostics.py": "0e7b71ffd2de26d647c91091d90a6090fe4dda579cb34393f4ba8c78ac1a44c3", "metrics.py": "9832420689fcc6e27d02ef2c751f76ac86c17d9f9164864543bf7604826da2b5", "mixtures.py": "aa52046143db594b101027108f1e4cad1a5dbdbbcde717146155b2847a3eef7a", "model.py": "ae35b641f3dd1a58932a8675cc58cac0029c637dbb196c125b3ae560ad61482e", "models.py": "c137123d38119828cdc1d3eaeeb59ac258012daf06161823aed9ee0b202b806b", "quality.py": "39cae6c04fb76d8493f4bf6bec12c99a01dee5a8a25402ded65dbdb90f311874", "quantization.py": "cb16d537edc4dbac1a378e0f3e33b8e614a956da0fe1dc469d386c911696d5c5", "runtime_cache.py": "8b0dc114256533810bddefe350d4bf57009dc69b75d42819ae1590c4ee0e7019", "train.py": "c87608f1df2cbb33c26dac41ee0c4de00177e02980444e396e481a8c5e9241bd", "vendor/__init__.py": "bce826e18e3d79c14e2a9aebd441101f82cfe9ef703698e3cfebda168e9f2561", "vendor/gtcrn/__init__.py": "ef43765e819258761704a8ce25fa34a15b9c31140992b1bb2ba654ecf1879f89", "vendor/gtcrn/convert.py": "dbff3a360a720f11fca0b4a4f8bc6bdb3ebb712fa617dfe37df8b31a9c5a586e", "vendor/gtcrn/convolution.py": "28465f8a160b8484548ec2e2d8319d5b0650f45079f5abf9d41a8cb15ce2fdf4", "vendor/gtcrn/network.py": "20bf0610702506fa45cd543454b84bbeb862d73c7c20a3f8d820fdc04da6099b", "vendor/gtcrn/streaming.py": "649cede9019dd9397de2b773797ee7a37b860c71cfea41a09e41b3193f527007", "warm_start.py": "1f4431725906167c03c1b2cebb0c4d69dd8585789cfe580df29fa399cafc6b4f"}, "train_utterances": 10802, "validation_utterances": 770, "train_speakers": ["p227", "p228", "p230", "p231", "p233", "p236", "p239", "p243", "p244", "p250", "p254", "p256", "p258", "p259", "p267", "p268", "p269", "p270", "p273", "p274", "p276", "p277", "p278", "p279", "p282", "p286"], "validation_speakers": ["p226", "p287"], "phase": "float"}
{"event": "initial_validation", "utterances": 770, "total_utterances": 770, "invalid_utterances": 0, "noisy_si_sdr": 6.016738904979767, "si_sdr": 13.696809698986353, "si_sdri": 7.680070794006584}
{"event": "progress", "epoch": 1, "step": 0, "loss": -10.74865993600525, "seconds": 11}
{"event": "progress", "epoch": 1, "step": 50, "loss": -11.444464097974112, "seconds": 15}
{"event": "progress", "epoch": 1, "step": 100, "loss": -15.072104078050138, "seconds": 21}
{"event": "progress", "epoch": 1, "step": 150, "loss": -13.309185919716711, "seconds": 27}
{"event": "progress", "epoch": 1, "step": 200, "loss": -9.006118087158779, "seconds": 32}
{"event": "progress", "epoch": 1, "step": 250, "loss": -11.865792388876724, "seconds": 38}
{"event": "progress", "epoch": 1, "step": 300, "loss": -12.895288120380359, "seconds": 44}
{"event": "epoch", "epoch": 1, "phase": "float", "loss": -12.452206213320414, "seconds": 44.75971890399887, "elapsed_seconds": 54.204011255000296, "learning_rate": 0.0002, "utterances": 770, "total_utterances": 770, "invalid_utterances": 0, "noisy_si_sdr": 6.016738904979767, "si_sdr": 13.70856494253067, "si_sdri": 7.691826037550903, "best_si_sdri": 7.691826037550903}
{"event": "progress", "epoch": 2, "step": 0, "loss": -10.819561636567096, "seconds": 55}
{"event": "progress", "epoch": 2, "step": 50, "loss": -13.290291730837225, "seconds": 60}
{"event": "progress", "epoch": 2, "step": 100, "loss": -12.692136798435541, "seconds": 66}
{"event": "progress", "epoch": 2, "step": 150, "loss": -13.117940735733871, "seconds": 71}
{"event": "progress", "epoch": 2, "step": 200, "loss": -11.174880730900242, "seconds": 77}
{"event": "progress", "epoch": 2, "step": 250, "loss": -12.393834098066709, "seconds": 83}
{"event": "progress", "epoch": 2, "step": 300, "loss": -12.964099378750632, "seconds": 88}
{"event": "epoch", "epoch": 2, "phase": "float", "loss": -12.48549616658719, "seconds": 45.293677829000444, "elapsed_seconds": 99.52188809099971, "learning_rate": 0.0002, "utterances": 770, "total_utterances": 770, "invalid_utterances": 0, "noisy_si_sdr": 6.016738904979767, "si_sdr": 13.686147845773213, "si_sdri": 7.669408940793444, "best_si_sdri": 7.691826037550903}
{"event": "progress", "epoch": 3, "step": 0, "loss": -13.895972112807064, "seconds": 100}
{"event": "progress", "epoch": 3, "step": 50, "loss": -11.706672515347002, "seconds": 105}
{"event": "progress", "epoch": 3, "step": 100, "loss": -14.658921075588006, "seconds": 110}
{"event": "progress", "epoch": 3, "step": 150, "loss": -12.663669798386518, "seconds": 116}
{"event": "progress", "epoch": 3, "step": 200, "loss": -14.067639156599052, "seconds": 121}
{"event": "progress", "epoch": 3, "step": 250, "loss": -13.474307176614891, "seconds": 127}
{"event": "progress", "epoch": 3, "step": 300, "loss": -14.950563480166592, "seconds": 132}
{"event": "epoch", "epoch": 3, "phase": "float", "loss": -12.587745832514509, "seconds": 44.008838484998705, "elapsed_seconds": 143.5442966749997, "learning_rate": 0.0002, "utterances": 770, "total_utterances": 770, "invalid_utterances": 0, "noisy_si_sdr": 6.016738904979767, "si_sdr": 13.672204668213709, "si_sdri": 7.655465763233942, "best_si_sdri": 7.691826037550903}
{"event": "progress", "epoch": 4, "step": 0, "loss": -13.094171100061885, "seconds": 144}
{"event": "progress", "epoch": 4, "step": 50, "loss": -12.774138135378449, "seconds": 149}
{"event": "progress", "epoch": 4, "step": 100, "loss": -13.210669592561699, "seconds": 153}
{"event": "progress", "epoch": 4, "step": 150, "loss": -12.260044406841102, "seconds": 158}
{"event": "progress", "epoch": 4, "step": 200, "loss": -13.74332741051229, "seconds": 164}
{"event": "progress", "epoch": 4, "step": 250, "loss": -11.845576455934866, "seconds": 170}
{"event": "progress", "epoch": 4, "step": 300, "loss": -14.440176479676756, "seconds": 176}
{"event": "epoch", "epoch": 4, "phase": "float", "loss": -12.446130720451743, "seconds": 43.3126787350011, "elapsed_seconds": 186.87426626399974, "learning_rate": 0.0002, "utterances": 770, "total_utterances": 770, "invalid_utterances": 0, "noisy_si_sdr": 6.016738904979767, "si_sdr": 13.659094754958309, "si_sdri": 7.642355849978542, "best_si_sdri": 7.691826037550903}
{"event": "progress", "epoch": 5, "step": 0, "loss": -14.639376960270305, "seconds": 187}
{"event": "progress", "epoch": 5, "step": 50, "loss": -14.197104494580621, "seconds": 193}
{"event": "progress", "epoch": 5, "step": 100, "loss": -13.451438766433643, "seconds": 199}
{"event": "progress", "epoch": 5, "step": 150, "loss": -15.192461761742068, "seconds": 204}
{"event": "progress", "epoch": 5, "step": 200, "loss": -13.811791105682104, "seconds": 210}
{"event": "progress", "epoch": 5, "step": 250, "loss": -13.783107314230495, "seconds": 215}
{"event": "progress", "epoch": 5, "step": 300, "loss": -12.287529848046265, "seconds": 220}
{"event": "epoch", "epoch": 5, "phase": "float", "loss": -12.543330900382147, "seconds": 44.075499516999116, "elapsed_seconds": 230.96387039399997, "learning_rate": 0.0002, "utterances": 770, "total_utterances": 770, "invalid_utterances": 0, "noisy_si_sdr": 6.016738904979767, "si_sdr": 13.654585323212336, "si_sdri": 7.63784641823257, "best_si_sdri": 7.691826037550903}
{"event": "progress", "epoch": 6, "step": 0, "loss": -13.70129913600903, "seconds": 231}
{"event": "progress", "epoch": 6, "step": 50, "loss": -13.134902400236667, "seconds": 237}
{"event": "progress", "epoch": 6, "step": 100, "loss": -10.875864490566613, "seconds": 242}
{"event": "progress", "epoch": 6, "step": 150, "loss": -12.924719852167751, "seconds": 247}
{"event": "progress", "epoch": 6, "step": 200, "loss": -12.452186872590623, "seconds": 253}
{"event": "progress", "epoch": 6, "step": 250, "loss": -13.183526408312044, "seconds": 259}
{"event": "progress", "epoch": 6, "step": 300, "loss": -14.403702612621046, "seconds": 264}
{"event": "epoch", "epoch": 6, "phase": "float", "loss": -12.699188737111593, "seconds": 44.660811844998534, "elapsed_seconds": 275.6412613049997, "learning_rate": 0.0001, "utterances": 770, "total_utterances": 770, "invalid_utterances": 0, "noisy_si_sdr": 6.016738904979767, "si_sdr": 13.702156965557766, "si_sdri": 7.685418060577998, "best_si_sdri": 7.691826037550903}
{"event": "progress", "epoch": 7, "step": 0, "loss": -10.784858313100099, "seconds": 276}
{"event": "progress", "epoch": 7, "step": 50, "loss": -11.059910846802346, "seconds": 282}
{"event": "progress", "epoch": 7, "step": 100, "loss": -12.254638201279018, "seconds": 287}
{"event": "progress", "epoch": 7, "step": 150, "loss": -11.899683972952813, "seconds": 292}
{"event": "progress", "epoch": 7, "step": 200, "loss": -10.79309888559203, "seconds": 297}
{"event": "progress", "epoch": 7, "step": 250, "loss": -13.64802908619888, "seconds": 303}
{"event": "progress", "epoch": 7, "step": 300, "loss": -11.657930407823985, "seconds": 308}
{"event": "epoch", "epoch": 7, "phase": "float", "loss": -12.599157008480747, "seconds": 43.08367381100106, "elapsed_seconds": 318.7364440019992, "learning_rate": 0.0001, "utterances": 770, "total_utterances": 770, "invalid_utterances": 0, "noisy_si_sdr": 6.016738904979767, "si_sdr": 13.709159697824306, "si_sdri": 7.69242079284454, "best_si_sdri": 7.69242079284454}
{"event": "progress", "epoch": 8, "step": 0, "loss": -12.525895626484417, "seconds": 319}
{"event": "progress", "epoch": 8, "step": 50, "loss": -14.397492540494827, "seconds": 325}
{"event": "progress", "epoch": 8, "step": 100, "loss": -13.9044915715197, "seconds": 331}
{"event": "progress", "epoch": 8, "step": 150, "loss": -10.753502231548781, "seconds": 335}
{"event": "progress", "epoch": 8, "step": 200, "loss": -11.842053095481486, "seconds": 340}
{"event": "progress", "epoch": 8, "step": 250, "loss": -11.331717284980218, "seconds": 346}
{"event": "progress", "epoch": 8, "step": 300, "loss": -12.030749512542444, "seconds": 351}
{"event": "epoch", "epoch": 8, "phase": "float", "loss": -12.661419270326846, "seconds": 43.57050854999943, "elapsed_seconds": 362.3573079500002, "learning_rate": 0.0001, "utterances": 770, "total_utterances": 770, "invalid_utterances": 0, "noisy_si_sdr": 6.016738904979767, "si_sdr": 13.650597482253422, "si_sdri": 7.633858577273655, "best_si_sdri": 7.69242079284454}
{"event": "progress", "epoch": 9, "step": 0, "loss": -11.889195502759328, "seconds": 363}
{"event": "progress", "epoch": 9, "step": 50, "loss": -14.687310164169714, "seconds": 368}
{"event": "progress", "epoch": 9, "step": 100, "loss": -10.396406055021107, "seconds": 374}
{"event": "progress", "epoch": 9, "step": 150, "loss": -8.890303610654815, "seconds": 380}
{"event": "progress", "epoch": 9, "step": 200, "loss": -11.47118712914201, "seconds": 386}
{"event": "progress", "epoch": 9, "step": 250, "loss": -13.071683217832872, "seconds": 391}
{"event": "progress", "epoch": 9, "step": 300, "loss": -14.682768786727273, "seconds": 397}
{"event": "epoch", "epoch": 9, "phase": "float", "loss": -12.684188982900771, "seconds": 45.651484280999284, "elapsed_seconds": 408.0245412559998, "learning_rate": 0.0001, "utterances": 770, "total_utterances": 770, "invalid_utterances": 0, "noisy_si_sdr": 6.016738904979767, "si_sdr": 13.660160276606014, "si_sdri": 7.643421371626246, "best_si_sdri": 7.69242079284454}
{"event": "progress", "epoch": 10, "step": 0, "loss": -11.792905621277665, "seconds": 408}
{"event": "progress", "epoch": 10, "step": 50, "loss": -12.920366455365386, "seconds": 414}
{"event": "progress", "epoch": 10, "step": 100, "loss": -11.078870896117657, "seconds": 419}
{"event": "progress", "epoch": 10, "step": 150, "loss": -14.699907858287967, "seconds": 425}
{"event": "progress", "epoch": 10, "step": 200, "loss": -13.342817782234292, "seconds": 430}
{"event": "progress", "epoch": 10, "step": 250, "loss": -11.577710402474288, "seconds": 434}
{"event": "progress", "epoch": 10, "step": 300, "loss": -13.139203243154379, "seconds": 439}
{"event": "epoch", "epoch": 10, "phase": "float", "loss": -12.582763629037386, "seconds": 41.76166751799974, "elapsed_seconds": 449.80299140399984, "learning_rate": 0.0001, "utterances": 770, "total_utterances": 770, "invalid_utterances": 0, "noisy_si_sdr": 6.016738904979767, "si_sdr": 13.675741247757832, "si_sdri": 7.6590023427780665, "best_si_sdri": 7.69242079284454}
{"event": "progress", "epoch": 11, "step": 0, "loss": -12.442099744621446, "seconds": 450}
{"event": "progress", "epoch": 11, "step": 50, "loss": -12.57028769150092, "seconds": 455}
{"event": "progress", "epoch": 11, "step": 100, "loss": -12.533943765711248, "seconds": 461}
{"event": "progress", "epoch": 11, "step": 150, "loss": -12.303221945377707, "seconds": 467}
{"event": "progress", "epoch": 11, "step": 200, "loss": -10.988402032749605, "seconds": 472}
{"event": "progress", "epoch": 11, "step": 250, "loss": -12.973902528019547, "seconds": 478}
{"event": "progress", "epoch": 11, "step": 300, "loss": -13.668678397709357, "seconds": 484}
{"event": "epoch", "epoch": 11, "phase": "float", "loss": -12.724590298489769, "seconds": 45.22234864599886, "elapsed_seconds": 495.0413826210006, "learning_rate": 0.0001, "utterances": 770, "total_utterances": 770, "invalid_utterances": 0, "noisy_si_sdr": 6.016738904979767, "si_sdr": 13.725826214808984, "si_sdri": 7.709087309829216, "best_si_sdri": 7.709087309829216}
{"event": "progress", "epoch": 12, "step": 0, "loss": -11.568323957202018, "seconds": 495}
{"event": "progress", "epoch": 12, "step": 50, "loss": -10.979376201813666, "seconds": 501}
{"event": "progress", "epoch": 12, "step": 100, "loss": -13.62048222275618, "seconds": 507}
{"event": "progress", "epoch": 12, "step": 150, "loss": -10.870047794658007, "seconds": 512}
{"event": "progress", "epoch": 12, "step": 200, "loss": -9.613938843809628, "seconds": 517}
{"event": "progress", "epoch": 12, "step": 250, "loss": -14.457045712656278, "seconds": 523}
{"event": "progress", "epoch": 12, "step": 300, "loss": -12.426451975193721, "seconds": 529}
{"event": "epoch", "epoch": 12, "phase": "float", "loss": -12.711614442603949, "seconds": 43.906528180999885, "elapsed_seconds": 538.982913934, "learning_rate": 0.0001, "utterances": 770, "total_utterances": 770, "invalid_utterances": 0, "noisy_si_sdr": 6.016738904979767, "si_sdr": 13.73528571740976, "si_sdri": 7.718546812429992, "best_si_sdri": 7.718546812429992}
{"event": "progress", "epoch": 13, "step": 0, "loss": -14.073350650776515, "seconds": 539}
{"event": "progress", "epoch": 13, "step": 50, "loss": -12.456441010837587, "seconds": 545}
{"event": "progress", "epoch": 13, "step": 100, "loss": -12.3605090409733, "seconds": 551}
{"event": "progress", "epoch": 13, "step": 150, "loss": -11.01578832922014, "seconds": 556}
{"event": "progress", "epoch": 13, "step": 200, "loss": -12.679212175205997, "seconds": 562}
{"event": "progress", "epoch": 13, "step": 250, "loss": -12.095291472734413, "seconds": 567}
{"event": "progress", "epoch": 13, "step": 300, "loss": -11.150225775430581, "seconds": 571}
{"event": "epoch", "epoch": 13, "phase": "float", "loss": -12.604506366338708, "seconds": 42.65910389199962, "elapsed_seconds": 581.6797825100002, "learning_rate": 0.0001, "utterances": 770, "total_utterances": 770, "invalid_utterances": 0, "noisy_si_sdr": 6.016738904979767, "si_sdr": 13.702924041396928, "si_sdri": 7.686185136417164, "best_si_sdri": 7.718546812429992}
{"event": "progress", "epoch": 14, "step": 0, "loss": -14.949817803364272, "seconds": 582}
{"event": "progress", "epoch": 14, "step": 50, "loss": -13.751763070165582, "seconds": 588}
{"event": "progress", "epoch": 14, "step": 100, "loss": -13.456990769135633, "seconds": 593}
{"event": "progress", "epoch": 14, "step": 150, "loss": -13.372858831337279, "seconds": 599}
{"event": "progress", "epoch": 14, "step": 200, "loss": -12.87448412707863, "seconds": 604}
{"event": "progress", "epoch": 14, "step": 250, "loss": -12.253249349480468, "seconds": 610}
{"event": "progress", "epoch": 14, "step": 300, "loss": -13.03612177918344, "seconds": 615}
{"event": "epoch", "epoch": 14, "phase": "float", "loss": -12.757845872951323, "seconds": 44.597727602000305, "elapsed_seconds": 626.2939375320002, "learning_rate": 0.0001, "utterances": 770, "total_utterances": 770, "invalid_utterances": 0, "noisy_si_sdr": 6.016738904979767, "si_sdr": 13.658229687639006, "si_sdri": 7.641490782659237, "best_si_sdri": 7.718546812429992}
{"event": "progress", "epoch": 15, "step": 0, "loss": -9.742747003384768, "seconds": 627}
{"event": "progress", "epoch": 15, "step": 50, "loss": -12.14469875393192, "seconds": 632}
{"event": "progress", "epoch": 15, "step": 100, "loss": -12.958182832750946, "seconds": 637}
{"event": "progress", "epoch": 15, "step": 150, "loss": -11.010739609780321, "seconds": 643}
{"event": "progress", "epoch": 15, "step": 200, "loss": -12.508664171099122, "seconds": 649}
{"event": "progress", "epoch": 15, "step": 250, "loss": -13.435629824927677, "seconds": 654}
{"event": "progress", "epoch": 15, "step": 300, "loss": -11.088895336097638, "seconds": 660}
{"event": "epoch", "epoch": 15, "phase": "float", "loss": -12.718782734454242, "seconds": 45.01055494499997, "elapsed_seconds": 671.3206683440003, "learning_rate": 0.0001, "utterances": 770, "total_utterances": 770, "invalid_utterances": 0, "noisy_si_sdr": 6.016738904979767, "si_sdr": 13.688535700481669, "si_sdri": 7.671796795501901, "best_si_sdri": 7.718546812429992}
{"event": "progress", "epoch": 16, "step": 0, "loss": -10.817042364156562, "seconds": 672}
{"event": "progress", "epoch": 16, "step": 50, "loss": -12.027885817480227, "seconds": 677}
{"event": "progress", "epoch": 16, "step": 100, "loss": -13.411642945646017, "seconds": 683}
{"event": "progress", "epoch": 16, "step": 150, "loss": -13.499215372213609, "seconds": 688}
{"event": "progress", "epoch": 16, "step": 200, "loss": -14.326927596490547, "seconds": 693}
{"event": "progress", "epoch": 16, "step": 250, "loss": -13.264174386931277, "seconds": 699}
{"event": "progress", "epoch": 16, "step": 300, "loss": -13.941523027272371, "seconds": 705}
{"event": "epoch", "epoch": 16, "phase": "float", "loss": -12.86372265604501, "seconds": 42.410995971999, "elapsed_seconds": 713.7489000659989, "learning_rate": 0.0001, "utterances": 770, "total_utterances": 770, "invalid_utterances": 0, "noisy_si_sdr": 6.016738904979767, "si_sdr": 13.727194642672126, "si_sdri": 7.710455737692359, "best_si_sdri": 7.718546812429992}
{"event": "progress", "epoch": 17, "step": 0, "loss": -12.807067699637013, "seconds": 714}
{"event": "progress", "epoch": 17, "step": 50, "loss": -13.257212519253896, "seconds": 720}
{"event": "progress", "epoch": 17, "step": 100, "loss": -15.48313718108524, "seconds": 725}
{"event": "progress", "epoch": 17, "step": 150, "loss": -15.03565694820493, "seconds": 731}
{"event": "progress", "epoch": 17, "step": 200, "loss": -12.701266511703384, "seconds": 736}
{"event": "progress", "epoch": 17, "step": 250, "loss": -13.299696370886274, "seconds": 742}
{"event": "progress", "epoch": 17, "step": 300, "loss": -13.171714880835705, "seconds": 748}
{"event": "epoch", "epoch": 17, "phase": "float", "loss": -12.821660703207051, "seconds": 45.601567694999176, "elapsed_seconds": 759.3663802319988, "learning_rate": 5e-05, "utterances": 770, "total_utterances": 770, "invalid_utterances": 0, "noisy_si_sdr": 6.016738904979767, "si_sdr": 13.717058983651558, "si_sdri": 7.700320078671791, "best_si_sdri": 7.718546812429992}
{"event": "progress", "epoch": 18, "step": 0, "loss": -13.5393646195573, "seconds": 760}
{"event": "progress", "epoch": 18, "step": 50, "loss": -10.965081241827114, "seconds": 766}
{"event": "progress", "epoch": 18, "step": 100, "loss": -15.320778541723245, "seconds": 771}
{"event": "progress", "epoch": 18, "step": 150, "loss": -11.509061277033634, "seconds": 777}
{"event": "progress", "epoch": 18, "step": 200, "loss": -12.807403920898956, "seconds": 782}
{"event": "progress", "epoch": 18, "step": 250, "loss": -12.014593437944491, "seconds": 788}
{"event": "progress", "epoch": 18, "step": 300, "loss": -11.994011814341807, "seconds": 794}
{"event": "epoch", "epoch": 18, "phase": "float", "loss": -12.76940717916249, "seconds": 44.72003265300009, "elapsed_seconds": 804.1030506930001, "learning_rate": 5e-05, "utterances": 770, "total_utterances": 770, "invalid_utterances": 0, "noisy_si_sdr": 6.016738904979767, "si_sdr": 13.730180068415821, "si_sdri": 7.713441163436052, "best_si_sdri": 7.718546812429992}
{"event": "progress", "epoch": 19, "step": 0, "loss": -12.74161705079095, "seconds": 804}
{"event": "progress", "epoch": 19, "step": 50, "loss": -9.126816508737079, "seconds": 809}
{"event": "progress", "epoch": 19, "step": 100, "loss": -10.906963376346706, "seconds": 815}
{"event": "progress", "epoch": 19, "step": 150, "loss": -12.170205947167112, "seconds": 821}
{"event": "progress", "epoch": 19, "step": 200, "loss": -12.839636423491516, "seconds": 826}
{"event": "progress", "epoch": 19, "step": 250, "loss": -15.128192051857045, "seconds": 831}
{"event": "progress", "epoch": 19, "step": 300, "loss": -11.38853275920393, "seconds": 837}
{"event": "epoch", "epoch": 19, "phase": "float", "loss": -12.831878302295651, "seconds": 43.85346880399993, "elapsed_seconds": 847.9735921299998, "learning_rate": 5e-05, "utterances": 770, "total_utterances": 770, "invalid_utterances": 0, "noisy_si_sdr": 6.016738904979767, "si_sdr": 13.697075590011186, "si_sdri": 7.680336685031419, "best_si_sdri": 7.718546812429992}
{"event": "progress", "epoch": 20, "step": 0, "loss": -11.630419976272226, "seconds": 848}
{"event": "progress", "epoch": 20, "step": 50, "loss": -12.312769102757592, "seconds": 853}
{"event": "progress", "epoch": 20, "step": 100, "loss": -12.589523884544082, "seconds": 858}
{"event": "progress", "epoch": 20, "step": 150, "loss": -11.744691206909412, "seconds": 864}
{"event": "progress", "epoch": 20, "step": 200, "loss": -11.818364470256531, "seconds": 869}
{"event": "progress", "epoch": 20, "step": 250, "loss": -12.47565839626097, "seconds": 875}
{"event": "progress", "epoch": 20, "step": 300, "loss": -12.42850968242065, "seconds": 881}
{"event": "epoch", "epoch": 20, "phase": "float", "loss": -12.684954606537323, "seconds": 44.54911793999963, "elapsed_seconds": 892.540370585999, "learning_rate": 5e-05, "utterances": 770, "total_utterances": 770, "invalid_utterances": 0, "noisy_si_sdr": 6.016738904979767, "si_sdr": 13.684489711071965, "si_sdri": 7.667750806092198, "best_si_sdri": 7.718546812429992}
{"event": "progress", "epoch": 21, "step": 0, "loss": -10.485744203247705, "seconds": 893}
{"event": "progress", "epoch": 21, "step": 50, "loss": -14.183782834622345, "seconds": 899}
{"event": "progress", "epoch": 21, "step": 100, "loss": -11.948481765990177, "seconds": 904}
{"event": "progress", "epoch": 21, "step": 150, "loss": -12.179896384364817, "seconds": 909}
{"event": "progress", "epoch": 21, "step": 200, "loss": -12.108970338423378, "seconds": 915}
{"event": "progress", "epoch": 21, "step": 250, "loss": -14.743441768624892, "seconds": 920}
{"event": "progress", "epoch": 21, "step": 300, "loss": -13.207062784238522, "seconds": 925}
{"event": "epoch", "epoch": 21, "phase": "float", "loss": -12.763020710849329, "seconds": 43.45486731300116, "elapsed_seconds": 936.0164070709998, "learning_rate": 5e-05, "utterances": 770, "total_utterances": 770, "invalid_utterances": 0, "noisy_si_sdr": 6.016738904979767, "si_sdr": 13.714295878565878, "si_sdri": 7.69755697358611, "best_si_sdri": 7.718546812429992}
{"event": "progress", "epoch": 22, "step": 0, "loss": -12.10580484476056, "seconds": 936}
{"event": "progress", "epoch": 22, "step": 50, "loss": -12.286276600615452, "seconds": 942}
{"event": "progress", "epoch": 22, "step": 100, "loss": -11.846486183312646, "seconds": 948}
{"event": "progress", "epoch": 22, "step": 150, "loss": -13.47332864471538, "seconds": 954}
{"event": "progress", "epoch": 22, "step": 200, "loss": -13.616179067712688, "seconds": 959}
{"event": "progress", "epoch": 22, "step": 250, "loss": -13.544150496224926, "seconds": 965}
{"event": "progress", "epoch": 22, "step": 300, "loss": -12.477497729786897, "seconds": 971}
{"event": "epoch", "epoch": 22, "phase": "float", "loss": -12.77697395413294, "seconds": 46.04762167999979, "elapsed_seconds": 982.0807315839993, "learning_rate": 5e-05, "utterances": 770, "total_utterances": 770, "invalid_utterances": 0, "noisy_si_sdr": 6.016738904979767, "si_sdr": 13.732238568294331, "si_sdri": 7.7154996633145645, "best_si_sdri": 7.718546812429992}
{"event": "progress", "epoch": 23, "step": 0, "loss": -13.979323385700274, "seconds": 982}
{"event": "progress", "epoch": 23, "step": 50, "loss": -9.781734343699515, "seconds": 988}
{"event": "progress", "epoch": 23, "step": 100, "loss": -12.599305353317266, "seconds": 993}
{"event": "progress", "epoch": 23, "step": 150, "loss": -14.629782474877725, "seconds": 998}
{"event": "progress", "epoch": 23, "step": 200, "loss": -13.238970721549428, "seconds": 1003}
{"event": "progress", "epoch": 23, "step": 250, "loss": -11.694697936727227, "seconds": 1009}
{"event": "progress", "epoch": 23, "step": 300, "loss": -12.162282107218473, "seconds": 1015}
{"event": "epoch", "epoch": 23, "phase": "float", "loss": -12.627486700232403, "seconds": 42.996149810000134, "elapsed_seconds": 1025.1066946360006, "learning_rate": 5e-05, "utterances": 770, "total_utterances": 770, "invalid_utterances": 0, "noisy_si_sdr": 6.016738904979767, "si_sdr": 13.713177992550952, "si_sdri": 7.696439087571185, "best_si_sdri": 7.718546812429992}
{"event": "progress", "epoch": 24, "step": 0, "loss": -12.599681860899405, "seconds": 1025}
{"event": "progress", "epoch": 24, "step": 50, "loss": -13.477569607523655, "seconds": 1031}
{"event": "progress", "epoch": 24, "step": 100, "loss": -10.53430226668904, "seconds": 1036}
{"event": "progress", "epoch": 24, "step": 150, "loss": -14.148358750642206, "seconds": 1042}
{"event": "progress", "epoch": 24, "step": 200, "loss": -12.86002911273295, "seconds": 1047}
{"event": "progress", "epoch": 24, "step": 250, "loss": -13.58778587742328, "seconds": 1053}
{"event": "progress", "epoch": 24, "step": 300, "loss": -13.041652017927628, "seconds": 1058}
{"event": "epoch", "epoch": 24, "phase": "float", "loss": -12.722381034319854, "seconds": 44.52394106000065, "elapsed_seconds": 1069.6533896069996, "learning_rate": 5e-05, "utterances": 770, "total_utterances": 770, "invalid_utterances": 0, "noisy_si_sdr": 6.016738904979767, "si_sdr": 13.711355234233732, "si_sdri": 7.694616329253966, "best_si_sdri": 7.718546812429992}
{"event": "progress", "epoch": 25, "step": 0, "loss": -14.307200474634229, "seconds": 1070}
{"event": "progress", "epoch": 25, "step": 50, "loss": -11.700276317408118, "seconds": 1076}
{"event": "progress", "epoch": 25, "step": 100, "loss": -13.45494563082645, "seconds": 1081}
{"event": "progress", "epoch": 25, "step": 150, "loss": -14.370662203567573, "seconds": 1087}
{"event": "progress", "epoch": 25, "step": 200, "loss": -13.980914989228634, "seconds": 1093}
{"event": "progress", "epoch": 25, "step": 250, "loss": -12.492142896491753, "seconds": 1099}
{"event": "progress", "epoch": 25, "step": 300, "loss": -13.46324824581511, "seconds": 1104}
{"event": "epoch", "epoch": 25, "phase": "float", "loss": -12.871446307231363, "seconds": 44.87350928900014, "elapsed_seconds": 1114.548986161999, "learning_rate": 5e-05, "utterances": 770, "total_utterances": 770, "invalid_utterances": 0, "noisy_si_sdr": 6.016738904979767, "si_sdr": 13.71834715226585, "si_sdri": 7.701608247286082, "best_si_sdri": 7.718546812429992}
{"event": "progress", "epoch": 26, "step": 0, "loss": -13.583523807254716, "seconds": 1115}
{"event": "progress", "epoch": 26, "step": 50, "loss": -13.400705209991969, "seconds": 1121}
{"event": "progress", "epoch": 26, "step": 100, "loss": -12.117331440248115, "seconds": 1126}
{"event": "progress", "epoch": 26, "step": 150, "loss": -12.861969187013123, "seconds": 1131}
{"event": "progress", "epoch": 26, "step": 200, "loss": -11.435315104447042, "seconds": 1135}
{"event": "progress", "epoch": 26, "step": 250, "loss": -13.393640733330567, "seconds": 1141}
{"event": "progress", "epoch": 26, "step": 300, "loss": -13.72789671495277, "seconds": 1146}
{"event": "epoch", "epoch": 26, "phase": "float", "loss": -12.898145147287732, "seconds": 42.01455220599928, "elapsed_seconds": 1156.5798928210006, "learning_rate": 5e-05, "utterances": 770, "total_utterances": 770, "invalid_utterances": 0, "noisy_si_sdr": 6.016738904979767, "si_sdr": 13.72961105757514, "si_sdri": 7.712872152595372, "best_si_sdri": 7.718546812429992}
{"event": "progress", "epoch": 27, "step": 0, "loss": -15.346116017090818, "seconds": 1157}
{"event": "progress", "epoch": 27, "step": 50, "loss": -13.165075283356284, "seconds": 1163}
{"event": "progress", "epoch": 27, "step": 100, "loss": -15.907513409771322, "seconds": 1168}
{"event": "progress", "epoch": 27, "step": 150, "loss": -10.895940705741614, "seconds": 1174}
{"event": "progress", "epoch": 27, "step": 200, "loss": -13.005208794616838, "seconds": 1180}
{"event": "progress", "epoch": 27, "step": 250, "loss": -14.744364395546953, "seconds": 1185}
{"event": "progress", "epoch": 27, "step": 300, "loss": -14.012047267464352, "seconds": 1191}
{"event": "epoch", "epoch": 27, "phase": "float", "loss": -12.839908615824964, "seconds": 45.41685600200071, "elapsed_seconds": 1202.0099581209997, "learning_rate": 5e-05, "utterances": 770, "total_utterances": 770, "invalid_utterances": 0, "noisy_si_sdr": 6.016738904979767, "si_sdr": 13.709066572268918, "si_sdri": 7.6923276672891525, "best_si_sdri": 7.718546812429992}
{"event": "progress", "epoch": 28, "step": 0, "loss": -14.416764408717334, "seconds": 1202}
{"event": "progress", "epoch": 28, "step": 50, "loss": -13.297296025696825, "seconds": 1208}
{"event": "progress", "epoch": 28, "step": 100, "loss": -15.291727670189017, "seconds": 1213}
{"event": "progress", "epoch": 28, "step": 150, "loss": -12.23298765958364, "seconds": 1219}
{"event": "progress", "epoch": 28, "step": 200, "loss": -13.359726956766035, "seconds": 1224}
{"event": "progress", "epoch": 28, "step": 250, "loss": -12.676751341288142, "seconds": 1229}
{"event": "progress", "epoch": 28, "step": 300, "loss": -13.306011589152547, "seconds": 1235}
{"event": "epoch", "epoch": 28, "phase": "float", "loss": -12.890466286449628, "seconds": 44.2085290540017, "elapsed_seconds": 1246.2399900189994, "learning_rate": 5e-05, "utterances": 770, "total_utterances": 770, "invalid_utterances": 0, "noisy_si_sdr": 6.016738904979767, "si_sdr": 13.717074180361188, "si_sdri": 7.70033527538142, "best_si_sdri": 7.718546812429992}
{"event": "progress", "epoch": 29, "step": 0, "loss": -13.395029929682643, "seconds": 1247}
{"event": "progress", "epoch": 29, "step": 50, "loss": -10.839060845416661, "seconds": 1252}
{"event": "progress", "epoch": 29, "step": 100, "loss": -13.586953093131815, "seconds": 1258}
{"event": "progress", "epoch": 29, "step": 150, "loss": -14.383938620513335, "seconds": 1264}
{"event": "progress", "epoch": 29, "step": 200, "loss": -12.013810355103761, "seconds": 1269}
{"event": "progress", "epoch": 29, "step": 250, "loss": -11.506959317446645, "seconds": 1273}
{"event": "progress", "epoch": 29, "step": 300, "loss": -13.32916444289684, "seconds": 1278}
{"event": "epoch", "epoch": 29, "phase": "float", "loss": -12.886541579935946, "seconds": 42.80018350799946, "elapsed_seconds": 1289.0569489659993, "learning_rate": 5e-05, "utterances": 770, "total_utterances": 770, "invalid_utterances": 0, "noisy_si_sdr": 6.016738904979767, "si_sdr": 13.730899676650246, "si_sdri": 7.714160771670478, "best_si_sdri": 7.718546812429992}
{"event": "progress", "epoch": 30, "step": 0, "loss": -13.059067363560807, "seconds": 1289}
{"event": "progress", "epoch": 30, "step": 50, "loss": -11.946810564845347, "seconds": 1295}
{"event": "progress", "epoch": 30, "step": 100, "loss": -11.187227299269882, "seconds": 1301}
{"event": "progress", "epoch": 30, "step": 150, "loss": -11.096653287411236, "seconds": 1306}
{"event": "progress", "epoch": 30, "step": 200, "loss": -12.736464524492916, "seconds": 1311}
{"event": "progress", "epoch": 30, "step": 250, "loss": -11.764233313350527, "seconds": 1316}
{"event": "progress", "epoch": 30, "step": 300, "loss": -12.73097640280297, "seconds": 1322}
{"event": "epoch", "epoch": 30, "phase": "float", "loss": -12.758737212921732, "seconds": 43.91737017500054, "elapsed_seconds": 1332.9905454010004, "learning_rate": 5e-05, "utterances": 770, "total_utterances": 770, "invalid_utterances": 0, "noisy_si_sdr": 6.016738904979767, "si_sdr": 13.713703988159793, "si_sdri": 7.696965083180026, "best_si_sdri": 7.718546812429992}
{"event": "progress", "epoch": 31, "step": 0, "loss": -13.50624351839665, "seconds": 1333}
{"event": "progress", "epoch": 31, "step": 50, "loss": -13.210493493515113, "seconds": 1339}
{"event": "progress", "epoch": 31, "step": 100, "loss": -10.965315898500478, "seconds": 1345}
{"event": "progress", "epoch": 31, "step": 150, "loss": -11.979474099623541, "seconds": 1351}
{"event": "progress", "epoch": 31, "step": 200, "loss": -16.749576582231423, "seconds": 1356}
{"event": "progress", "epoch": 31, "step": 250, "loss": -13.935409243780267, "seconds": 1362}
{"event": "progress", "epoch": 31, "step": 300, "loss": -13.963822273556374, "seconds": 1368}
{"event": "epoch", "epoch": 31, "phase": "float", "loss": -12.863881993579273, "seconds": 45.899473051000314, "elapsed_seconds": 1378.9063619070002, "learning_rate": 5e-05, "utterances": 770, "total_utterances": 770, "invalid_utterances": 0, "noisy_si_sdr": 6.016738904979767, "si_sdr": 13.716608905692517, "si_sdri": 7.6998700007127505, "best_si_sdri": 7.718546812429992}
{"event": "progress", "epoch": 32, "step": 0, "loss": -10.195323708109289, "seconds": 1379}
{"event": "progress", "epoch": 32, "step": 50, "loss": -13.466975517929328, "seconds": 1385}
{"event": "progress", "epoch": 32, "step": 100, "loss": -14.686188379729227, "seconds": 1390}
{"event": "progress", "epoch": 32, "step": 150, "loss": -14.111017970582392, "seconds": 1395}
{"event": "progress", "epoch": 32, "step": 200, "loss": -11.330007250107933, "seconds": 1401}
{"event": "progress", "epoch": 32, "step": 250, "loss": -14.166229855375478, "seconds": 1406}
{"event": "progress", "epoch": 32, "step": 300, "loss": -13.696311592408195, "seconds": 1411}
{"event": "epoch", "epoch": 32, "phase": "float", "loss": -12.803278575938135, "seconds": 41.187681145998795, "elapsed_seconds": 1420.1092769730003, "learning_rate": 5e-05, "utterances": 770, "total_utterances": 770, "invalid_utterances": 0, "noisy_si_sdr": 6.016738904979767, "si_sdr": 13.718765046466247, "si_sdri": 7.702026141486479, "best_si_sdri": 7.718546812429992}
{"event": "progress", "epoch": 33, "step": 0, "loss": -12.172624493759228, "seconds": 1420}
{"event": "progress", "epoch": 33, "step": 50, "loss": -12.772154911087183, "seconds": 1426}
{"event": "progress", "epoch": 33, "step": 100, "loss": -12.210239625472939, "seconds": 1432}
{"event": "progress", "epoch": 33, "step": 150, "loss": -11.835602293068282, "seconds": 1438}
{"event": "progress", "epoch": 33, "step": 200, "loss": -10.683454461733682, "seconds": 1443}
{"event": "progress", "epoch": 33, "step": 250, "loss": -9.910894812933327, "seconds": 1449}
{"event": "progress", "epoch": 33, "step": 300, "loss": -12.383537681857852, "seconds": 1455}
{"event": "epoch", "epoch": 33, "phase": "float", "loss": -12.764009196426475, "seconds": 45.65723835800054, "elapsed_seconds": 1465.780053426999, "learning_rate": 5e-05, "utterances": 770, "total_utterances": 770, "invalid_utterances": 0, "noisy_si_sdr": 6.016738904979767, "si_sdr": 13.703909922870071, "si_sdri": 7.687171017890303, "best_si_sdri": 7.718546812429992}
{"event": "progress", "epoch": 34, "step": 0, "loss": -9.707511304675473, "seconds": 1466}
{"event": "progress", "epoch": 34, "step": 50, "loss": -10.98050314638244, "seconds": 1472}
{"event": "progress", "epoch": 34, "step": 100, "loss": -14.410609236244252, "seconds": 1478}
{"event": "progress", "epoch": 34, "step": 150, "loss": -12.784390068285346, "seconds": 1483}
{"event": "progress", "epoch": 34, "step": 200, "loss": -10.428506654363964, "seconds": 1489}
{"event": "progress", "epoch": 34, "step": 250, "loss": -12.160291358261514, "seconds": 1494}
