{"event": "start", "device": "cuda", "torch": "2.11.0+cu128", "model": {"precision": "float-only; QAT and integer export are not implemented", "learned_parameters": 82210, "deployed_parameters": 81986, "training_normalization_parameters": 224, "convolution_weights": 77360, "convolution_biases": 1682, "convolution_layers": 25, "recurrent_weights": 2304, "recurrent_biases": 96, "projection_weights": 512, "projection_biases": 32, "macs_per_frame": 404016, "macs_per_second": 25251000.0, "macs_status": "matrix products only; GRU nonlinearities and elementwise gates excluded", "context_frames": null, "temporal_context": "recurrent history; no future audio frames", "recurrent_state_bytes_int8": 528, "global_state_bytes_int8": 4032, "neural_state_bytes_int8": 4560, "neural_state_bytes_int8_status": "forecast only; float states are currently used", "neural_state_bytes_float32": 18240, "packed_bytes_status": "unavailable; this recurrent graph has no integer exporter"}, "model_kind": "frequency_gru", "gpu": "NVIDIA L4", "test_used_for_selection": false, "selection_metric": "mean utterance SI-SDR improvement", "validation_is_partial": false, "calibration": null, "added_training_sources": null, "distillation": null, "resume_checkpoint_sha256": null, "manifest_sha256": {"train": "c0b9ea9aa7b13d30aadd30f76274f6b2f932d802ae85c55426c2c3e13a4a247c", "val": "c1e0ccf95766f1542da3e8eebc1cf33107ca6ecf3ccf59c7a2d8078c171f5668"}, "source_sha256": {"__init__.py": "8fa53a117dcac5ce5f496e7685d7f3a4af5c4ed2b87475e4ba888f9925b3a560", "data.py": "1b755c38236483957f8ecc62a4923841aa33f3bd9c26e2a1de288ae5132f22f3", "development.py": "11b16e960701f64e5813b84e1f40e6be62d682777e04d683c4f671110ca70d44", "distillation.py": "1b095eb1b1ddddae0edbacbf0030811d3e1787b910ae114690134df6de760f04", "embedded.py": "a31581b4d7c51fd82488420fa7b7997605d056b0001b6582aeb852fe2e1022b2", "evaluate.py": "c2f71a72cf7ee5b1a7ef358af06db13f612d51ea66029c53c57b33e81f34c3e3", "export.py": "29f5148bbef5c7d64353566af2c1387ce17ec419164976e10517065b9cdebff6", "extra_data.py": "193cf8fd9d8704d040602ad00ba13b10d3ff61c06ffebe739a0acf72728979a3", "frequency_embedded.py": "04808d9e34f42e68a960be9476bb40303a6e897c5461a09413885029c256b6ee", "frequency_evaluate.py": "bdc5f29e7a49f1b3251b29257b68044c733eaa942802feb4e9d70db70c4699a6", "frequency_export.py": "d7d8a0c7f4aea3e9426594d1e38b11713ae57c654f8c4d1e1b7428074575d155", "frequency_gru.py": "41e0f10b122e8afb588d08f7d5220257c9b9f4f8ea792749baa07cbf3f292632", "frequency_model.py": "68da4df1ae92084c1ca1dba91ccbc16be4731fa2561bd48bdac6117127f689f4", "frequency_normalization.py": "407ae0de89eeb9202fe4ef8389b6308112564b4a84665745e98f9883fb0cac90", "frequency_quantization.py": "4739cdcac4753e31465593d3372c11936048778db29da2debf2975a33a4de162", "losses.py": "5f0e7753d8c7d5e827bb58e688288bbb883322b1326b878ab826139734621753", "mask_diagnostics.py": "0e7b71ffd2de26d647c91091d90a6090fe4dda579cb34393f4ba8c78ac1a44c3", "metrics.py": "9832420689fcc6e27d02ef2c751f76ac86c17d9f9164864543bf7604826da2b5", "mixtures.py": "aa52046143db594b101027108f1e4cad1a5dbdbbcde717146155b2847a3eef7a", "model.py": "ae35b641f3dd1a58932a8675cc58cac0029c637dbb196c125b3ae560ad61482e", "models.py": "107e7a06fb63880b37da57c01bf90b67f8d209decf7aa01def80a7b144d8b82b", "quality.py": "39cae6c04fb76d8493f4bf6bec12c99a01dee5a8a25402ded65dbdb90f311874", "quantization.py": "cb16d537edc4dbac1a378e0f3e33b8e614a956da0fe1dc469d386c911696d5c5", "runtime_cache.py": "8b0dc114256533810bddefe350d4bf57009dc69b75d42819ae1590c4ee0e7019", "train.py": "07d0173dc239ca223ec3e89c40939d48e74d9ed5263c0806bdf98793e69ab572"}, "train_utterances": 10802, "validation_utterances": 770, "train_speakers": ["p227", "p228", "p230", "p231", "p233", "p236", "p239", "p243", "p244", "p250", "p254", "p256", "p258", "p259", "p267", "p268", "p269", "p270", "p273", "p274", "p276", "p277", "p278", "p279", "p282", "p286"], "validation_speakers": ["p226", "p287"], "phase": "float"}
{"event": "initial_validation", "utterances": 770, "total_utterances": 770, "invalid_utterances": 0, "noisy_si_sdr": 6.016738904979767, "si_sdr": 6.016738687284277, "si_sdri": -2.176954912763959e-07}
{"event": "progress", "epoch": 1, "step": 0, "loss": -7.436436621088023, "seconds": 11}
{"event": "progress", "epoch": 1, "step": 50, "loss": -7.699982660170114, "seconds": 20}
{"event": "progress", "epoch": 1, "step": 100, "loss": -11.9318076558318, "seconds": 29}
{"event": "progress", "epoch": 1, "step": 150, "loss": -12.87159695347933, "seconds": 37}
{"event": "progress", "epoch": 1, "step": 200, "loss": -12.15937387314776, "seconds": 46}
{"event": "progress", "epoch": 1, "step": 250, "loss": -8.7927537091966, "seconds": 55}
{"event": "progress", "epoch": 1, "step": 300, "loss": -11.632051294324095, "seconds": 64}
{"event": "epoch", "epoch": 1, "phase": "float", "loss": -10.999520557009816, "seconds": 67.60371431600015, "elapsed_seconds": 75.8560026540008, "learning_rate": 0.001, "utterances": 770, "total_utterances": 770, "invalid_utterances": 0, "noisy_si_sdr": 6.016738904979767, "si_sdr": 11.891048565152294, "si_sdri": 5.874309660172529, "best_si_sdri": 5.874309660172529}
{"event": "progress", "epoch": 2, "step": 0, "loss": -13.216692944547201, "seconds": 76}
{"event": "progress", "epoch": 2, "step": 50, "loss": -11.84545463156952, "seconds": 85}
{"event": "progress", "epoch": 2, "step": 100, "loss": -14.413980038340267, "seconds": 95}
{"event": "progress", "epoch": 2, "step": 150, "loss": -11.932506266156306, "seconds": 102}
{"event": "progress", "epoch": 2, "step": 200, "loss": -12.231378367925151, "seconds": 111}
{"event": "progress", "epoch": 2, "step": 250, "loss": -11.533809209222797, "seconds": 120}
{"event": "progress", "epoch": 2, "step": 300, "loss": -12.975546072303338, "seconds": 129}
{"event": "epoch", "epoch": 2, "phase": "float", "loss": -12.616416444591659, "seconds": 64.65717863399914, "elapsed_seconds": 140.57023458100048, "learning_rate": 0.001, "utterances": 770, "total_utterances": 770, "invalid_utterances": 0, "noisy_si_sdr": 6.016738904979767, "si_sdr": 12.357380793286872, "si_sdri": 6.340641888307106, "best_si_sdri": 6.340641888307106}
{"event": "progress", "epoch": 3, "step": 0, "loss": -12.680477827016016, "seconds": 141}
{"event": "progress", "epoch": 3, "step": 50, "loss": -13.400027365685146, "seconds": 151}
{"event": "progress", "epoch": 3, "step": 100, "loss": -11.918944135526615, "seconds": 159}
{"event": "progress", "epoch": 3, "step": 150, "loss": -11.733687614117457, "seconds": 167}
{"event": "progress", "epoch": 3, "step": 200, "loss": -13.196447977360299, "seconds": 176}
{"event": "progress", "epoch": 3, "step": 250, "loss": -13.316461705040183, "seconds": 185}
{"event": "progress", "epoch": 3, "step": 300, "loss": -14.240447397275599, "seconds": 194}
{"event": "epoch", "epoch": 3, "phase": "float", "loss": -13.006697512977292, "seconds": 65.14097632499943, "elapsed_seconds": 205.7730900760007, "learning_rate": 0.001, "utterances": 770, "total_utterances": 770, "invalid_utterances": 0, "noisy_si_sdr": 6.016738904979767, "si_sdr": 12.653551743325089, "si_sdri": 6.63681283834532, "best_si_sdri": 6.63681283834532}
{"event": "progress", "epoch": 4, "step": 0, "loss": -12.445806772361385, "seconds": 206}
{"event": "progress", "epoch": 4, "step": 50, "loss": -15.331172323957647, "seconds": 215}
{"event": "progress", "epoch": 4, "step": 100, "loss": -13.539787303897313, "seconds": 224}
{"event": "progress", "epoch": 4, "step": 150, "loss": -11.247813589600797, "seconds": 232}
{"event": "progress", "epoch": 4, "step": 200, "loss": -12.44955964115144, "seconds": 241}
{"event": "progress", "epoch": 4, "step": 250, "loss": -13.89367190496085, "seconds": 249}
{"event": "progress", "epoch": 4, "step": 300, "loss": -13.356695585553146, "seconds": 259}
{"event": "epoch", "epoch": 4, "phase": "float", "loss": -13.359482095698732, "seconds": 64.5767923150006, "elapsed_seconds": 270.3986267070004, "learning_rate": 0.001, "utterances": 770, "total_utterances": 770, "invalid_utterances": 0, "noisy_si_sdr": 6.016738904979767, "si_sdr": 12.726363392677941, "si_sdri": 6.709624487698173, "best_si_sdri": 6.709624487698173}
{"event": "progress", "epoch": 5, "step": 0, "loss": -14.65463497337063, "seconds": 271}
{"event": "progress", "epoch": 5, "step": 50, "loss": -13.652934579846566, "seconds": 279}
{"event": "progress", "epoch": 5, "step": 100, "loss": -12.136429009222816, "seconds": 288}
{"event": "progress", "epoch": 5, "step": 150, "loss": -11.424943223783137, "seconds": 297}
{"event": "progress", "epoch": 5, "step": 200, "loss": -12.967155201156798, "seconds": 305}
{"event": "progress", "epoch": 5, "step": 250, "loss": -14.304873280787387, "seconds": 314}
{"event": "progress", "epoch": 5, "step": 300, "loss": -13.457090643422113, "seconds": 323}
{"event": "epoch", "epoch": 5, "phase": "float", "loss": -13.519197691104173, "seconds": 64.41495266699985, "elapsed_seconds": 334.8809796410005, "learning_rate": 0.001, "utterances": 770, "total_utterances": 770, "invalid_utterances": 0, "noisy_si_sdr": 6.016738904979767, "si_sdr": 12.386533706995579, "si_sdri": 6.369794802015811, "best_si_sdri": 6.709624487698173}
{"event": "progress", "epoch": 6, "step": 0, "loss": -13.008647654313936, "seconds": 335}
{"event": "progress", "epoch": 6, "step": 50, "loss": -12.222593208082525, "seconds": 344}
{"event": "progress", "epoch": 6, "step": 100, "loss": -14.679747446303647, "seconds": 353}
{"event": "progress", "epoch": 6, "step": 150, "loss": -14.032066494955211, "seconds": 361}
{"event": "progress", "epoch": 6, "step": 200, "loss": -13.32866582714837, "seconds": 370}
{"event": "progress", "epoch": 6, "step": 250, "loss": -13.444158209555017, "seconds": 379}
{"event": "progress", "epoch": 6, "step": 300, "loss": -13.74102714197171, "seconds": 388}
{"event": "epoch", "epoch": 6, "phase": "float", "loss": -13.690263174040222, "seconds": 64.1330432779996, "elapsed_seconds": 399.03617172300073, "learning_rate": 0.001, "utterances": 770, "total_utterances": 770, "invalid_utterances": 0, "noisy_si_sdr": 6.016738904979767, "si_sdr": 12.954831950730142, "si_sdri": 6.938093045750374, "best_si_sdri": 6.938093045750374}
{"event": "progress", "epoch": 7, "step": 0, "loss": -14.030709126432951, "seconds": 399}
{"event": "progress", "epoch": 7, "step": 50, "loss": -14.34109425542545, "seconds": 409}
{"event": "progress", "epoch": 7, "step": 100, "loss": -14.079020835853179, "seconds": 418}
{"event": "progress", "epoch": 7, "step": 150, "loss": -12.79997206909348, "seconds": 425}
{"event": "progress", "epoch": 7, "step": 200, "loss": -13.360099313643413, "seconds": 434}
{"event": "progress", "epoch": 7, "step": 250, "loss": -14.07387612411771, "seconds": 444}
{"event": "progress", "epoch": 7, "step": 300, "loss": -14.99526796683103, "seconds": 453}
{"event": "epoch", "epoch": 7, "phase": "float", "loss": -13.995759985819175, "seconds": 64.57656783099992, "elapsed_seconds": 463.68328162500075, "learning_rate": 0.001, "utterances": 770, "total_utterances": 770, "invalid_utterances": 0, "noisy_si_sdr": 6.016738904979767, "si_sdr": 13.092276628670733, "si_sdri": 7.075537723690964, "best_si_sdri": 7.075537723690964}
{"event": "progress", "epoch": 8, "step": 0, "loss": -13.76375956840073, "seconds": 464}
{"event": "progress", "epoch": 8, "step": 50, "loss": -15.065220490096701, "seconds": 473}
{"event": "progress", "epoch": 8, "step": 100, "loss": -15.160188384523632, "seconds": 482}
{"event": "progress", "epoch": 8, "step": 150, "loss": -14.221768471970528, "seconds": 490}
{"event": "progress", "epoch": 8, "step": 200, "loss": -13.443280317049528, "seconds": 499}
{"event": "progress", "epoch": 8, "step": 250, "loss": -15.739155144423059, "seconds": 508}
{"event": "progress", "epoch": 8, "step": 300, "loss": -12.673922719396652, "seconds": 517}
{"event": "epoch", "epoch": 8, "phase": "float", "loss": -14.20294326949, "seconds": 64.50626695399933, "elapsed_seconds": 528.2331641360006, "learning_rate": 0.001, "utterances": 770, "total_utterances": 770, "invalid_utterances": 0, "noisy_si_sdr": 6.016738904979767, "si_sdr": 13.314122295247845, "si_sdri": 7.297383390268076, "best_si_sdri": 7.297383390268076}
{"event": "progress", "epoch": 9, "step": 0, "loss": -14.144848720038356, "seconds": 529}
{"event": "progress", "epoch": 9, "step": 50, "loss": -12.359116499923164, "seconds": 537}
{"event": "progress", "epoch": 9, "step": 100, "loss": -13.506995656535295, "seconds": 546}
{"event": "progress", "epoch": 9, "step": 150, "loss": -12.331198330712589, "seconds": 554}
{"event": "progress", "epoch": 9, "step": 200, "loss": -14.315385861453901, "seconds": 563}
{"event": "progress", "epoch": 9, "step": 250, "loss": -16.252245014828056, "seconds": 573}
{"event": "progress", "epoch": 9, "step": 300, "loss": -12.208572405543485, "seconds": 583}
{"event": "epoch", "epoch": 9, "phase": "float", "loss": -14.279036490763016, "seconds": 67.94466568200005, "elapsed_seconds": 596.221887013, "learning_rate": 0.001, "utterances": 770, "total_utterances": 770, "invalid_utterances": 0, "noisy_si_sdr": 6.016738904979767, "si_sdr": 13.116370797732971, "si_sdri": 7.099631892753204, "best_si_sdri": 7.297383390268076}
{"event": "progress", "epoch": 10, "step": 0, "loss": -15.288765485208902, "seconds": 597}
{"event": "progress", "epoch": 10, "step": 50, "loss": -13.42016052969209, "seconds": 606}
{"event": "progress", "epoch": 10, "step": 100, "loss": -13.346855740981496, "seconds": 617}
{"event": "progress", "epoch": 10, "step": 150, "loss": -14.093129219309956, "seconds": 626}
{"event": "progress", "epoch": 10, "step": 200, "loss": -14.968696822543624, "seconds": 636}
{"event": "progress", "epoch": 10, "step": 250, "loss": -16.855049824609345, "seconds": 645}
{"event": "progress", "epoch": 10, "step": 300, "loss": -13.68777397554502, "seconds": 656}
{"event": "epoch", "epoch": 10, "phase": "float", "loss": -14.331595356225515, "seconds": 72.33936052700028, "elapsed_seconds": 668.5934361140007, "learning_rate": 0.001, "utterances": 770, "total_utterances": 770, "invalid_utterances": 0, "noisy_si_sdr": 6.016738904979767, "si_sdr": 12.746488390061453, "si_sdri": 6.729749485081683, "best_si_sdri": 7.297383390268076}
{"event": "progress", "epoch": 11, "step": 0, "loss": -14.150170063885273, "seconds": 669}
{"event": "progress", "epoch": 11, "step": 50, "loss": -15.111017506552642, "seconds": 679}
{"event": "progress", "epoch": 11, "step": 100, "loss": -14.681671625745166, "seconds": 690}
{"event": "progress", "epoch": 11, "step": 150, "loss": -12.446584105696571, "seconds": 699}
{"event": "progress", "epoch": 11, "step": 200, "loss": -15.429084865595874, "seconds": 709}
{"event": "progress", "epoch": 11, "step": 250, "loss": -13.606208869682566, "seconds": 719}
{"event": "progress", "epoch": 11, "step": 300, "loss": -14.278676601403927, "seconds": 729}
{"event": "epoch", "epoch": 11, "phase": "float", "loss": -14.490258271200453, "seconds": 72.87888919099987, "elapsed_seconds": 741.563599303, "learning_rate": 0.001, "utterances": 770, "total_utterances": 770, "invalid_utterances": 0, "noisy_si_sdr": 6.016738904979767, "si_sdr": 13.419680987041163, "si_sdri": 7.402942082061395, "best_si_sdri": 7.402942082061395}
{"event": "progress", "epoch": 12, "step": 0, "loss": -13.624178711691126, "seconds": 742}
{"event": "progress", "epoch": 12, "step": 50, "loss": -14.26849157017599, "seconds": 752}
{"event": "progress", "epoch": 12, "step": 100, "loss": -14.373700864836959, "seconds": 763}
{"event": "progress", "epoch": 12, "step": 150, "loss": -15.884907667176586, "seconds": 772}
{"event": "progress", "epoch": 12, "step": 200, "loss": -15.565858562240745, "seconds": 781}
{"event": "progress", "epoch": 12, "step": 250, "loss": -14.447214559463294, "seconds": 792}
{"event": "progress", "epoch": 12, "step": 300, "loss": -13.886492404563453, "seconds": 801}
{"event": "epoch", "epoch": 12, "phase": "float", "loss": -14.43080763476685, "seconds": 73.00065864199951, "elapsed_seconds": 814.6378763550001, "learning_rate": 0.001, "utterances": 770, "total_utterances": 770, "invalid_utterances": 0, "noisy_si_sdr": 6.016738904979767, "si_sdr": 13.489124684120869, "si_sdri": 7.4723857791411, "best_si_sdri": 7.4723857791411}
{"event": "progress", "epoch": 13, "step": 0, "loss": -15.094363420857777, "seconds": 815}
{"event": "progress", "epoch": 13, "step": 50, "loss": -19.01348013489803, "seconds": 826}
{"event": "progress", "epoch": 13, "step": 100, "loss": -17.5781528987754, "seconds": 836}
{"event": "progress", "epoch": 13, "step": 150, "loss": -16.341018022318018, "seconds": 844}
{"event": "progress", "epoch": 13, "step": 200, "loss": -14.969600598119184, "seconds": 854}
{"event": "progress", "epoch": 13, "step": 250, "loss": -12.968690017265804, "seconds": 864}
{"event": "progress", "epoch": 13, "step": 300, "loss": -14.782695095196022, "seconds": 874}
{"event": "epoch", "epoch": 13, "phase": "float", "loss": -14.553549998916601, "seconds": 72.80044725299922, "elapsed_seconds": 887.5080093250008, "learning_rate": 0.001, "utterances": 770, "total_utterances": 770, "invalid_utterances": 0, "noisy_si_sdr": 6.016738904979767, "si_sdr": 13.36329521063486, "si_sdri": 7.34655630565509, "best_si_sdri": 7.4723857791411}
{"event": "progress", "epoch": 14, "step": 0, "loss": -13.200427925431292, "seconds": 888}
{"event": "progress", "epoch": 14, "step": 50, "loss": -14.921733881594779, "seconds": 898}
{"event": "progress", "epoch": 14, "step": 100, "loss": -13.584125376587725, "seconds": 908}
{"event": "progress", "epoch": 14, "step": 150, "loss": -12.972646892420517, "seconds": 917}
{"event": "progress", "epoch": 14, "step": 200, "loss": -14.050335775623614, "seconds": 927}
{"event": "progress", "epoch": 14, "step": 250, "loss": -15.606320419502996, "seconds": 937}
{"event": "progress", "epoch": 14, "step": 300, "loss": -14.583955069856506, "seconds": 947}
{"event": "epoch", "epoch": 14, "phase": "float", "loss": -14.671330846814131, "seconds": 73.19983041199976, "elapsed_seconds": 960.7305529170008, "learning_rate": 0.001, "utterances": 770, "total_utterances": 770, "invalid_utterances": 0, "noisy_si_sdr": 6.016738904979767, "si_sdr": 13.339954834471333, "si_sdri": 7.323215929491567, "best_si_sdri": 7.4723857791411}
{"event": "progress", "epoch": 15, "step": 0, "loss": -14.523446184702603, "seconds": 961}
{"event": "progress", "epoch": 15, "step": 50, "loss": -15.567932754771405, "seconds": 972}
{"event": "progress", "epoch": 15, "step": 100, "loss": -14.785995322243334, "seconds": 981}
{"event": "progress", "epoch": 15, "step": 150, "loss": -16.929468151029386, "seconds": 988}
{"event": "progress", "epoch": 15, "step": 200, "loss": -16.9292059480537, "seconds": 995}
{"event": "progress", "epoch": 15, "step": 250, "loss": -15.508940369032903, "seconds": 1003}
{"event": "progress", "epoch": 15, "step": 300, "loss": -12.881696928140602, "seconds": 1012}
{"event": "epoch", "epoch": 15, "phase": "float", "loss": -14.60352301522978, "seconds": 62.461088126000504, "elapsed_seconds": 1023.234480907, "learning_rate": 0.001, "utterances": 770, "total_utterances": 770, "invalid_utterances": 0, "noisy_si_sdr": 6.016738904979767, "si_sdr": 13.540950943686536, "si_sdri": 7.524212038706769, "best_si_sdri": 7.524212038706769}
{"event": "progress", "epoch": 16, "step": 0, "loss": -14.70690559084791, "seconds": 1024}
{"event": "progress", "epoch": 16, "step": 50, "loss": -14.438846311420038, "seconds": 1032}
{"event": "progress", "epoch": 16, "step": 100, "loss": -12.727662610749931, "seconds": 1041}
{"event": "progress", "epoch": 16, "step": 150, "loss": -13.24496115514172, "seconds": 1049}
{"event": "progress", "epoch": 16, "step": 200, "loss": -13.395928906844428, "seconds": 1057}
{"event": "progress", "epoch": 16, "step": 250, "loss": -15.92390182714784, "seconds": 1066}
{"event": "progress", "epoch": 16, "step": 300, "loss": -15.733764035902091, "seconds": 1075}
{"event": "epoch", "epoch": 16, "phase": "float", "loss": -14.613906474587257, "seconds": 63.163600645999395, "elapsed_seconds": 1086.451587554, "learning_rate": 0.001, "utterances": 770, "total_utterances": 770, "invalid_utterances": 0, "noisy_si_sdr": 6.016738904979767, "si_sdr": 13.45593916831663, "si_sdri": 7.439200263336863, "best_si_sdri": 7.524212038706769}
{"event": "progress", "epoch": 17, "step": 0, "loss": -13.336909988301354, "seconds": 1087}
{"event": "progress", "epoch": 17, "step": 50, "loss": -15.641546550932652, "seconds": 1095}
{"event": "progress", "epoch": 17, "step": 100, "loss": -11.848451566469258, "seconds": 1104}
{"event": "progress", "epoch": 17, "step": 150, "loss": -14.239566377183023, "seconds": 1111}
{"event": "progress", "epoch": 17, "step": 200, "loss": -13.16536150881415, "seconds": 1120}
{"event": "progress", "epoch": 17, "step": 250, "loss": -15.35057298354675, "seconds": 1129}
{"event": "progress", "epoch": 17, "step": 300, "loss": -12.640813820215865, "seconds": 1138}
{"event": "epoch", "epoch": 17, "phase": "float", "loss": -14.667351745167249, "seconds": 62.739960373999565, "elapsed_seconds": 1149.2281575260004, "learning_rate": 0.001, "utterances": 770, "total_utterances": 770, "invalid_utterances": 0, "noisy_si_sdr": 6.016738904979767, "si_sdr": 13.468051042232778, "si_sdri": 7.451312137253012, "best_si_sdri": 7.524212038706769}
{"event": "progress", "epoch": 18, "step": 0, "loss": -14.548883176006475, "seconds": 1150}
{"event": "progress", "epoch": 18, "step": 50, "loss": -12.818235263999412, "seconds": 1158}
{"event": "progress", "epoch": 18, "step": 100, "loss": -15.444933025957045, "seconds": 1167}
{"event": "progress", "epoch": 18, "step": 150, "loss": -17.661760996894472, "seconds": 1175}
{"event": "progress", "epoch": 18, "step": 200, "loss": -14.577415741518568, "seconds": 1183}
{"event": "progress", "epoch": 18, "step": 250, "loss": -15.012216624168811, "seconds": 1192}
{"event": "progress", "epoch": 18, "step": 300, "loss": -15.88499000207737, "seconds": 1201}
{"event": "epoch", "epoch": 18, "phase": "float", "loss": -14.698825495154601, "seconds": 62.869078383999295, "elapsed_seconds": 1212.1245129980007, "learning_rate": 0.001, "utterances": 770, "total_utterances": 770, "invalid_utterances": 0, "noisy_si_sdr": 6.016738904979767, "si_sdr": 13.528005181260713, "si_sdri": 7.511266276280949, "best_si_sdri": 7.524212038706769}
{"event": "progress", "epoch": 19, "step": 0, "loss": -14.429104050500936, "seconds": 1213}
{"event": "progress", "epoch": 19, "step": 50, "loss": -14.895073258939027, "seconds": 1221}
{"event": "progress", "epoch": 19, "step": 100, "loss": -14.854741225837552, "seconds": 1230}
{"event": "progress", "epoch": 19, "step": 150, "loss": -14.722898477627934, "seconds": 1238}
{"event": "progress", "epoch": 19, "step": 200, "loss": -14.70075783490889, "seconds": 1247}
{"event": "progress", "epoch": 19, "step": 250, "loss": -16.791786283982713, "seconds": 1256}
{"event": "progress", "epoch": 19, "step": 300, "loss": -17.995904055120143, "seconds": 1265}
{"event": "epoch", "epoch": 19, "phase": "float", "loss": -14.81060590743436, "seconds": 63.503465503999905, "elapsed_seconds": 1275.6591742160008, "learning_rate": 0.001, "utterances": 770, "total_utterances": 770, "invalid_utterances": 0, "noisy_si_sdr": 6.016738904979767, "si_sdr": 13.660632759236401, "si_sdri": 7.6438938542566355, "best_si_sdri": 7.6438938542566355}
{"event": "progress", "epoch": 20, "step": 0, "loss": -14.229188334776524, "seconds": 1276}
{"event": "progress", "epoch": 20, "step": 50, "loss": -16.21302138087264, "seconds": 1284}
{"event": "progress", "epoch": 20, "step": 100, "loss": -13.654007930179223, "seconds": 1293}
{"event": "progress", "epoch": 20, "step": 150, "loss": -15.01812471307648, "seconds": 1302}
{"event": "progress", "epoch": 20, "step": 200, "loss": -17.670709190214808, "seconds": 1310}
{"event": "progress", "epoch": 20, "step": 250, "loss": -13.256668403410508, "seconds": 1319}
{"event": "progress", "epoch": 20, "step": 300, "loss": -17.88223128564153, "seconds": 1327}
{"event": "epoch", "epoch": 20, "phase": "float", "loss": -14.806884778045275, "seconds": 62.95864149500085, "elapsed_seconds": 1338.6819258470005, "learning_rate": 0.001, "utterances": 770, "total_utterances": 770, "invalid_utterances": 0, "noisy_si_sdr": 6.016738904979767, "si_sdr": 13.396212817605594, "si_sdri": 7.379473912625827, "best_si_sdri": 7.6438938542566355}
{"event": "progress", "epoch": 21, "step": 0, "loss": -13.640574173794212, "seconds": 1339}
{"event": "progress", "epoch": 21, "step": 50, "loss": -13.981583036502707, "seconds": 1348}
{"event": "progress", "epoch": 21, "step": 100, "loss": -15.484162590009632, "seconds": 1356}
{"event": "progress", "epoch": 21, "step": 150, "loss": -12.65452353100869, "seconds": 1365}
{"event": "progress", "epoch": 21, "step": 200, "loss": -14.112064401744192, "seconds": 1373}
{"event": "progress", "epoch": 21, "step": 250, "loss": -12.435988230656747, "seconds": 1382}
{"event": "progress", "epoch": 21, "step": 300, "loss": -12.864519149057553, "seconds": 1391}
{"event": "epoch", "epoch": 21, "phase": "float", "loss": -14.78247181186588, "seconds": 62.92257441699985, "elapsed_seconds": 1401.646431966, "learning_rate": 0.001, "utterances": 770, "total_utterances": 770, "invalid_utterances": 0, "noisy_si_sdr": 6.016738904979767, "si_sdr": 13.540240168434462, "si_sdri": 7.523501263454696, "best_si_sdri": 7.6438938542566355}
{"event": "progress", "epoch": 22, "step": 0, "loss": -14.577942682649443, "seconds": 1402}
{"event": "progress", "epoch": 22, "step": 50, "loss": -15.65792204831225, "seconds": 1411}
{"event": "progress", "epoch": 22, "step": 100, "loss": -14.287395556394184, "seconds": 1420}
{"event": "progress", "epoch": 22, "step": 150, "loss": -14.073685146299823, "seconds": 1428}
{"event": "progress", "epoch": 22, "step": 200, "loss": -13.915967579701753, "seconds": 1437}
{"event": "progress", "epoch": 22, "step": 250, "loss": -15.737459089399769, "seconds": 1445}
{"event": "progress", "epoch": 22, "step": 300, "loss": -15.611581946495644, "seconds": 1454}
{"event": "epoch", "epoch": 22, "phase": "float", "loss": -14.796364289333479, "seconds": 63.397680441000375, "elapsed_seconds": 1465.0701057350007, "learning_rate": 0.001, "utterances": 770, "total_utterances": 770, "invalid_utterances": 0, "noisy_si_sdr": 6.016738904979767, "si_sdr": 13.456230238224235, "si_sdri": 7.439491333244467, "best_si_sdri": 7.6438938542566355}
{"event": "progress", "epoch": 23, "step": 0, "loss": -14.283871865080675, "seconds": 1466}
{"event": "progress", "epoch": 23, "step": 50, "loss": -12.418664465918862, "seconds": 1474}
{"event": "progress", "epoch": 23, "step": 100, "loss": -14.784415872712513, "seconds": 1483}
{"event": "progress", "epoch": 23, "step": 150, "loss": -14.01319414680733, "seconds": 1492}
{"event": "progress", "epoch": 23, "step": 200, "loss": -14.482751512908418, "seconds": 1500}
{"event": "progress", "epoch": 23, "step": 250, "loss": -14.647907639101433, "seconds": 1509}
{"event": "progress", "epoch": 23, "step": 300, "loss": -15.517076573551652, "seconds": 1517}
{"event": "epoch", "epoch": 23, "phase": "float", "loss": -14.799946955403602, "seconds": 63.23436217899962, "elapsed_seconds": 1528.3426261690001, "learning_rate": 0.001, "utterances": 770, "total_utterances": 770, "invalid_utterances": 0, "noisy_si_sdr": 6.016738904979767, "si_sdr": 13.593191634124718, "si_sdri": 7.576452729144951, "best_si_sdri": 7.6438938542566355}
{"event": "progress", "epoch": 24, "step": 0, "loss": -13.353666405306422, "seconds": 1529}
{"event": "progress", "epoch": 24, "step": 50, "loss": -14.623019860259898, "seconds": 1538}
{"event": "progress", "epoch": 24, "step": 100, "loss": -14.653961553746312, "seconds": 1547}
{"event": "progress", "epoch": 24, "step": 150, "loss": -14.632900352376826, "seconds": 1555}
{"event": "progress", "epoch": 24, "step": 200, "loss": -14.3592929262689, "seconds": 1563}
{"event": "progress", "epoch": 24, "step": 250, "loss": -11.54532512816601, "seconds": 1572}
{"event": "progress", "epoch": 24, "step": 300, "loss": -15.253664548782432, "seconds": 1580}
{"event": "epoch", "epoch": 24, "phase": "float", "loss": -14.97364304111988, "seconds": 62.86277362599958, "elapsed_seconds": 1591.2290736120003, "learning_rate": 0.001, "utterances": 770, "total_utterances": 770, "invalid_utterances": 0, "noisy_si_sdr": 6.016738904979767, "si_sdr": 13.688334593255997, "si_sdri": 7.671595688276227, "best_si_sdri": 7.671595688276227}
{"event": "progress", "epoch": 25, "step": 0, "loss": -17.906265957023265, "seconds": 1592}
{"event": "progress", "epoch": 25, "step": 50, "loss": -14.681933999451086, "seconds": 1600}
{"event": "progress", "epoch": 25, "step": 100, "loss": -13.801265488111717, "seconds": 1608}
{"event": "progress", "epoch": 25, "step": 150, "loss": -16.022943064791367, "seconds": 1617}
{"event": "progress", "epoch": 25, "step": 200, "loss": -13.842040433062843, "seconds": 1625}
{"event": "progress", "epoch": 25, "step": 250, "loss": -14.194159065860596, "seconds": 1633}
{"event": "progress", "epoch": 25, "step": 300, "loss": -13.56794662118848, "seconds": 1642}
{"event": "epoch", "epoch": 25, "phase": "float", "loss": -14.939089434398552, "seconds": 62.5227789620003, "elapsed_seconds": 1653.8165290840006, "learning_rate": 0.001, "utterances": 770, "total_utterances": 770, "invalid_utterances": 0, "noisy_si_sdr": 6.016738904979767, "si_sdr": 13.692346225954127, "si_sdri": 7.675607320974358, "best_si_sdri": 7.675607320974358}
{"event": "progress", "epoch": 26, "step": 0, "loss": -15.571205583008613, "seconds": 1654}
{"event": "progress", "epoch": 26, "step": 50, "loss": -16.12567186296016, "seconds": 1663}
{"event": "progress", "epoch": 26, "step": 100, "loss": -13.975498184498235, "seconds": 1672}
{"event": "progress", "epoch": 26, "step": 150, "loss": -16.15376798203652, "seconds": 1680}
{"event": "progress", "epoch": 26, "step": 200, "loss": -13.568530937792614, "seconds": 1687}
{"event": "progress", "epoch": 26, "step": 250, "loss": -12.015363180746608, "seconds": 1696}
{"event": "progress", "epoch": 26, "step": 300, "loss": -15.237303383956618, "seconds": 1705}
{"event": "epoch", "epoch": 26, "phase": "float", "loss": -14.939432418772599, "seconds": 63.203113196998856, "elapsed_seconds": 1717.0705371950007, "learning_rate": 0.001, "utterances": 770, "total_utterances": 770, "invalid_utterances": 0, "noisy_si_sdr": 6.016738904979767, "si_sdr": 13.727005394564474, "si_sdri": 7.710266489584705, "best_si_sdri": 7.710266489584705}
{"event": "progress", "epoch": 27, "step": 0, "loss": -16.24780993714331, "seconds": 1717}
{"event": "progress", "epoch": 27, "step": 50, "loss": -13.688046355759468, "seconds": 1726}
{"event": "progress", "epoch": 27, "step": 100, "loss": -15.22606030616356, "seconds": 1735}
{"event": "progress", "epoch": 27, "step": 150, "loss": -13.448746933667442, "seconds": 1743}
{"event": "progress", "epoch": 27, "step": 200, "loss": -13.731495236073549, "seconds": 1751}
{"event": "progress", "epoch": 27, "step": 250, "loss": -16.780960058539982, "seconds": 1760}
{"event": "progress", "epoch": 27, "step": 300, "loss": -14.61480470065994, "seconds": 1769}
{"event": "epoch", "epoch": 27, "phase": "float", "loss": -14.965242382430835, "seconds": 63.14846981200026, "elapsed_seconds": 1780.2886271290008, "learning_rate": 0.001, "utterances": 770, "total_utterances": 770, "invalid_utterances": 0, "noisy_si_sdr": 6.016738904979767, "si_sdr": 13.274489251878771, "si_sdri": 7.257750346899006, "best_si_sdri": 7.710266489584705}
{"event": "progress", "epoch": 28, "step": 0, "loss": -15.702596237261272, "seconds": 1781}
{"event": "progress", "epoch": 28, "step": 50, "loss": -16.570912877090908, "seconds": 1789}
{"event": "progress", "epoch": 28, "step": 100, "loss": -13.987051129147256, "seconds": 1798}
{"event": "progress", "epoch": 28, "step": 150, "loss": -15.969159257423, "seconds": 1806}
{"event": "progress", "epoch": 28, "step": 200, "loss": -15.122015147104042, "seconds": 1814}
{"event": "progress", "epoch": 28, "step": 250, "loss": -16.835957786973122, "seconds": 1823}
{"event": "progress", "epoch": 28, "step": 300, "loss": -15.143974263356847, "seconds": 1832}
{"event": "epoch", "epoch": 28, "phase": "float", "loss": -14.984818902171074, "seconds": 63.3297906759999, "elapsed_seconds": 1843.64517987, "learning_rate": 0.001, "utterances": 770, "total_utterances": 770, "invalid_utterances": 0, "noisy_si_sdr": 6.016738904979767, "si_sdr": 13.703917362846626, "si_sdri": 7.687178457866858, "best_si_sdri": 7.710266489584705}
{"event": "progress", "epoch": 29, "step": 0, "loss": -17.127428891031535, "seconds": 1844}
{"event": "progress", "epoch": 29, "step": 50, "loss": -14.241407576592117, "seconds": 1853}
{"event": "progress", "epoch": 29, "step": 100, "loss": -14.893610153388577, "seconds": 1861}
{"event": "progress", "epoch": 29, "step": 150, "loss": -13.445060579052843, "seconds": 1870}
{"event": "progress", "epoch": 29, "step": 200, "loss": -13.903965245870763, "seconds": 1878}
{"event": "progress", "epoch": 29, "step": 250, "loss": -15.40035859389746, "seconds": 1887}
{"event": "progress", "epoch": 29, "step": 300, "loss": -14.826616523432842, "seconds": 1895}
{"event": "epoch", "epoch": 29, "phase": "float", "loss": -14.995134461682113, "seconds": 62.98396177200084, "elapsed_seconds": 1906.6512813629997, "learning_rate": 0.001, "utterances": 770, "total_utterances": 770, "invalid_utterances": 0, "noisy_si_sdr": 6.016738904979767, "si_sdr": 13.294951433545675, "si_sdri": 7.278212528565909, "best_si_sdri": 7.710266489584705}
{"event": "progress", "epoch": 30, "step": 0, "loss": -15.021446858642816, "seconds": 1907}
{"event": "progress", "epoch": 30, "step": 50, "loss": -15.235851822636079, "seconds": 1916}
{"event": "progress", "epoch": 30, "step": 100, "loss": -16.25115739719153, "seconds": 1924}
{"event": "progress", "epoch": 30, "step": 150, "loss": -17.16729462761568, "seconds": 1933}
{"event": "progress", "epoch": 30, "step": 200, "loss": -14.926968751240105, "seconds": 1941}
{"event": "progress", "epoch": 30, "step": 250, "loss": -16.062451886660675, "seconds": 1950}
{"event": "progress", "epoch": 30, "step": 300, "loss": -14.268726678617732, "seconds": 1959}
{"event": "epoch", "epoch": 30, "phase": "float", "loss": -15.09405062886664, "seconds": 63.28621395600021, "elapsed_seconds": 1969.9744942340003, "learning_rate": 0.001, "utterances": 770, "total_utterances": 770, "invalid_utterances": 0, "noisy_si_sdr": 6.016738904979767, "si_sdr": 13.609923337829269, "si_sdri": 7.593184432849502, "best_si_sdri": 7.710266489584705}
{"event": "progress", "epoch": 31, "step": 0, "loss": -14.161983339145465, "seconds": 1970}
{"event": "progress", "epoch": 31, "step": 50, "loss": -13.564042390567046, "seconds": 1978}
{"event": "progress", "epoch": 31, "step": 100, "loss": -15.852127843200027, "seconds": 1987}
{"event": "progress", "epoch": 31, "step": 150, "loss": -15.923099267985872, "seconds": 1996}
{"event": "progress", "epoch": 31, "step": 200, "loss": -12.280746121353939, "seconds": 2004}
{"event": "progress", "epoch": 31, "step": 250, "loss": -15.005900994309654, "seconds": 2013}
{"event": "progress", "epoch": 31, "step": 300, "loss": -14.451697586910713, "seconds": 2022}
{"event": "epoch", "epoch": 31, "phase": "float", "loss": -15.004991607093187, "seconds": 62.26417594600025, "elapsed_seconds": 2032.2689414939996, "learning_rate": 0.001, "utterances": 770, "total_utterances": 770, "invalid_utterances": 0, "noisy_si_sdr": 6.016738904979767, "si_sdr": 13.86182811210325, "si_sdri": 7.845089207123484, "best_si_sdri": 7.845089207123484}
{"event": "progress", "epoch": 32, "step": 0, "loss": -14.860603436114683, "seconds": 2033}
{"event": "progress", "epoch": 32, "step": 50, "loss": -15.200286707709138, "seconds": 2042}
{"event": "progress", "epoch": 32, "step": 100, "loss": -12.927166135445713, "seconds": 2051}
{"event": "progress", "epoch": 32, "step": 150, "loss": -15.989397068902257, "seconds": 2060}
{"event": "progress", "epoch": 32, "step": 200, "loss": -14.866497612801393, "seconds": 2067}
{"event": "progress", "epoch": 32, "step": 250, "loss": -13.769732896024415, "seconds": 2077}
{"event": "progress", "epoch": 32, "step": 300, "loss": -15.65306425133734, "seconds": 2087}
{"event": "epoch", "epoch": 32, "phase": "float", "loss": -15.009456041717813, "seconds": 71.1991696870009, "elapsed_seconds": 2103.524080669, "learning_rate": 0.001, "utterances": 770, "total_utterances": 770, "invalid_utterances": 0, "noisy_si_sdr": 6.016738904979767, "si_sdr": 13.848208871784585, "si_sdri": 7.8314699668048195, "best_si_sdri": 7.845089207123484}
{"event": "progress", "epoch": 33, "step": 0, "loss": -14.85017975969039, "seconds": 2104}
{"event": "progress", "epoch": 33, "step": 50, "loss": -15.930066349508344, "seconds": 2118}
{"event": "progress", "epoch": 33, "step": 100, "loss": -17.280479609515616, "seconds": 2131}
{"event": "progress", "epoch": 33, "step": 150, "loss": -13.341541099359995, "seconds": 2145}
{"event": "progress", "epoch": 33, "step": 200, "loss": -18.096598657507524, "seconds": 2157}
{"event": "progress", "epoch": 33, "step": 250, "loss": -14.803869007886428, "seconds": 2170}
{"event": "progress", "epoch": 33, "step": 300, "loss": -14.636095532020068, "seconds": 2185}
{"event": "epoch", "epoch": 33, "phase": "float", "loss": -15.023571350994947, "seconds": 100.62831514299978, "elapsed_seconds": 2204.184037324001, "learning_rate": 0.001, "utterances": 770, "total_utterances": 770, "invalid_utterances": 0, "noisy_si_sdr": 6.016738904979767, "si_sdr": 13.77421007960487, "si_sdri": 7.757471174625102, "best_si_sdri": 7.845089207123484}
{"event": "progress", "epoch": 34, "step": 0, "loss": -15.931507429667835, "seconds": 2205}
{"event": "progress", "epoch": 34, "step": 50, "loss": -12.50029703486845, "seconds": 2220}
{"event": "progress", "epoch": 34, "step": 100, "loss": -13.921027961186212, "seconds": 2232}
{"event": "progress", "epoch": 34, "step": 150, "loss": -15.038572998485865, "seconds": 2247}
{"event": "progress", "epoch": 34, "step": 200, "loss": -15.541654683973274, "seconds": 2261}
{"event": "progress", "epoch": 34, "step": 250, "loss": -15.432779241376004, "seconds": 2276}
{"event": "progress", "epoch": 34, "step": 300, "loss": -13.499147627128465, "seconds": 2289}
{"event": "epoch", "epoch": 34, "phase": "float", "loss": -15.08340358479892, "seconds": 104.62988672500069, "elapsed_seconds": 2308.836600912, "learning_rate": 0.001, "utterances": 770, "total_utterances": 770, "invalid_utterances": 0, "noisy_si_sdr": 6.016738904979767, "si_sdr": 13.728965387563441, "si_sdri": 7.712226482583672, "best_si_sdri": 7.845089207123484}
{"event": "progress", "epoch": 35, "step": 0, "loss": -14.123746889004188, "seconds": 2309}
{"event": "progress", "epoch": 35, "step": 50, "loss": -12.666324049474923, "seconds": 2324}
{"event": "progress", "epoch": 35, "step": 100, "loss": -15.038865902184472, "seconds": 2339}
{"event": "progress", "epoch": 35, "step": 150, "loss": -18.71444030527738, "seconds": 2355}
{"event": "progress", "epoch": 35, "step": 200, "loss": -14.890070270586516, "seconds": 2369}
{"event": "progress", "epoch": 35, "step": 250, "loss": -12.981262293886223, "seconds": 2382}
{"event": "progress", "epoch": 35, "step": 300, "loss": -14.206878806188145, "seconds": 2395}
{"event": "epoch", "epoch": 35, "phase": "float", "loss": -15.12103421999738, "seconds": 105.1118654740003, "elapsed_seconds": 2413.986633474, "learning_rate": 0.001, "utterances": 770, "total_utterances": 770, "invalid_utterances": 0, "noisy_si_sdr": 6.016738904979767, "si_sdr": 13.814925657719447, "si_sdri": 7.798186752739679, "best_si_sdri": 7.845089207123484}
{"event": "progress", "epoch": 36, "step": 0, "loss": -14.887062448156392, "seconds": 2415}
{"event": "progress", "epoch": 36, "step": 50, "loss": -12.957653439025794, "seconds": 2430}
{"event": "progress", "epoch": 36, "step": 100, "loss": -15.390623580085244, "seconds": 2445}
{"event": "progress", "epoch": 36, "step": 150, "loss": -16.041152426172786, "seconds": 2459}
{"event": "progress", "epoch": 36, "step": 200, "loss": -16.17773715131196, "seconds": 2474}
{"event": "progress", "epoch": 36, "step": 250, "loss": -13.58901632158157, "seconds": 2488}
{"event": "progress", "epoch": 36, "step": 300, "loss": -13.61459235980161, "seconds": 2503}
{"event": "epoch", "epoch": 36, "phase": "float", "loss": -15.04436304899053, "seconds": 108.36371135699846, "elapsed_seconds": 2522.3956669279996, "learning_rate": 0.0005, "utterances": 770, "total_utterances": 770, "invalid_utterances": 0, "noisy_si_sdr": 6.016738904979767, "si_sdr": 13.743315825503045, "si_sdri": 7.726576920523276, "best_si_sdri": 7.845089207123484}
{"event": "progress", "epoch": 37, "step": 0, "loss": -15.328164663196914, "seconds": 2523}
{"event": "progress", "epoch": 37, "step": 50, "loss": -15.999099824152268, "seconds": 2536}
{"event": "progress", "epoch": 37, "step": 100, "loss": -14.044208962577533, "seconds": 2550}
{"event": "progress", "epoch": 37, "step": 150, "loss": -15.455910558184472, "seconds": 2564}
{"event": "progress", "epoch": 37, "step": 200, "loss": -21.022804749010305, "seconds": 2579}
{"event": "progress", "epoch": 37, "step": 250, "loss": -14.115430059184252, "seconds": 2593}
{"event": "progress", "epoch": 37, "step": 300, "loss": -15.51193625118736, "seconds": 2608}
{"event": "epoch", "epoch": 37, "phase": "float", "loss": -15.252242606693057, "seconds": 105.26251169199895, "elapsed_seconds": 2627.7004882670008, "learning_rate": 0.0005, "utterances": 770, "total_utterances": 770, "invalid_utterances": 0, "noisy_si_sdr": 6.016738904979767, "si_sdr": 13.902408167859946, "si_sdri": 7.885669262880182, "best_si_sdri": 7.885669262880182}
{"event": "progress", "epoch": 38, "step": 0, "loss": -13.903511372171346, "seconds": 2628}
{"event": "progress", "epoch": 38, "step": 50, "loss": -16.072053922068264, "seconds": 2643}
{"event": "progress", "epoch": 38, "step": 100, "loss": -14.155167711839493, "seconds": 2658}
{"event": "progress", "epoch": 38, "step": 150, "loss": -15.827901224786146, "seconds": 2670}
{"event": "progress", "epoch": 38, "step": 200, "loss": -17.62791173066467, "seconds": 2683}
{"event": "progress", "epoch": 38, "step": 250, "loss": -14.948528044137568, "seconds": 2694}
{"event": "progress", "epoch": 38, "step": 300, "loss": -14.997049909961444, "seconds": 2708}
{"event": "epoch", "epoch": 38, "phase": "float", "loss": -15.257366145832476, "seconds": 98.43715738099854, "elapsed_seconds": 2726.205961959, "learning_rate": 0.0005, "utterances": 770, "total_utterances": 770, "invalid_utterances": 0, "noisy_si_sdr": 6.016738904979767, "si_sdr": 13.951251886585906, "si_sdri": 7.934512981606135, "best_si_sdri": 7.934512981606135}
{"event": "progress", "epoch": 39, "step": 0, "loss": -17.0215918683997, "seconds": 2727}
{"event": "progress", "epoch": 39, "step": 50, "loss": -16.027261772793008, "seconds": 2740}
{"event": "progress", "epoch": 39, "step": 100, "loss": -16.284361988234416, "seconds": 2754}
{"event": "progress", "epoch": 39, "step": 150, "loss": -13.731993020391748, "seconds": 2768}
{"event": "progress", "epoch": 39, "step": 200, "loss": -14.272642624007787, "seconds": 2780}
{"event": "progress", "epoch": 39, "step": 250, "loss": -13.548564182726095, "seconds": 2793}
{"event": "progress", "epoch": 39, "step": 300, "loss": -15.777535353601152, "seconds": 2807}
{"event": "epoch", "epoch": 39, "phase": "float", "loss": -15.25664849843495, "seconds": 97.28076137000062, "elapsed_seconds": 2823.556339160001, "learning_rate": 0.0005, "utterances": 770, "total_utterances": 770, "invalid_utterances": 0, "noisy_si_sdr": 6.016738904979767, "si_sdr": 13.825222218032573, "si_sdri": 7.8084833130528075, "best_si_sdri": 7.934512981606135}
{"event": "progress", "epoch": 40, "step": 0, "loss": -16.63170572815961, "seconds": 2824}
{"event": "progress", "epoch": 40, "step": 50, "loss": -14.74146408968437, "seconds": 2836}
{"event": "progress", "epoch": 40, "step": 100, "loss": -14.373910805837353, "seconds": 2851}
{"event": "progress", "epoch": 40, "step": 150, "loss": -12.76342852898312, "seconds": 2864}
{"event": "progress", "epoch": 40, "step": 200, "loss": -15.71041465275648, "seconds": 2878}
{"event": "progress", "epoch": 40, "step": 250, "loss": -17.49290803571193, "seconds": 2891}
{"event": "progress", "epoch": 40, "step": 300, "loss": -13.608349140442368, "seconds": 2903}
{"event": "epoch", "epoch": 40, "phase": "float", "loss": -15.32324616622201, "seconds": 97.72867526200025, "elapsed_seconds": 2921.3253039850006, "learning_rate": 0.0005, "utterances": 770, "total_utterances": 770, "invalid_utterances": 0, "noisy_si_sdr": 6.016738904979767, "si_sdr": 13.770628845047822, "si_sdri": 7.7538899400680545, "best_si_sdri": 7.934512981606135}
{"event": "progress", "epoch": 41, "step": 0, "loss": -13.75539545226863, "seconds": 2922}
{"event": "progress", "epoch": 41, "step": 50, "loss": -14.345422176482675, "seconds": 2936}
{"event": "progress", "epoch": 41, "step": 100, "loss": -15.110387207259585, "seconds": 2949}
{"event": "progress", "epoch": 41, "step": 150, "loss": -16.868276251083593, "seconds": 2962}
{"event": "progress", "epoch": 41, "step": 200, "loss": -17.342916587479245, "seconds": 2975}
{"event": "progress", "epoch": 41, "step": 250, "loss": -15.405027971320846, "seconds": 2988}
{"event": "progress", "epoch": 41, "step": 300, "loss": -18.677534651231095, "seconds": 3001}
{"event": "epoch", "epoch": 41, "phase": "float", "loss": -15.38406100679041, "seconds": 96.42480786199849, "elapsed_seconds": 3017.7892331860003, "learning_rate": 0.0005, "utterances": 770, "total_utterances": 770, "invalid_utterances": 0, "noisy_si_sdr": 6.016738904979767, "si_sdr": 13.796136184609088, "si_sdri": 7.77939727962932, "best_si_sdri": 7.934512981606135}
{"event": "progress", "epoch": 42, "step": 0, "loss": -15.758790518040383, "seconds": 3018}
{"event": "progress", "epoch": 42, "step": 50, "loss": -14.946607229257651, "seconds": 3032}
{"event": "progress", "epoch": 42, "step": 100, "loss": -16.19286191313513, "seconds": 3046}
{"event": "progress", "epoch": 42, "step": 150, "loss": -16.44476732513804, "seconds": 3059}
{"event": "progress", "epoch": 42, "step": 200, "loss": -16.56630785002321, "seconds": 3073}
{"event": "progress", "epoch": 42, "step": 250, "loss": -18.696633953481033, "seconds": 3086}
{"event": "progress", "epoch": 42, "step": 300, "loss": -16.00380796607345, "seconds": 3099}
{"event": "epoch", "epoch": 42, "phase": "float", "loss": -15.348448444234252, "seconds": 97.61313910399986, "elapsed_seconds": 3115.464120320001, "learning_rate": 0.0005, "utterances": 770, "total_utterances": 770, "invalid_utterances": 0, "noisy_si_sdr": 6.016738904979767, "si_sdr": 13.8823474696806, "si_sdri": 7.865608564700832, "best_si_sdri": 7.934512981606135}
{"event": "progress", "epoch": 43, "step": 0, "loss": -16.064295007924855, "seconds": 3116}
{"event": "progress", "epoch": 43, "step": 50, "loss": -14.29916981690645, "seconds": 3128}
{"event": "progress", "epoch": 43, "step": 100, "loss": -14.629049756430042, "seconds": 3142}
{"event": "progress", "epoch": 43, "step": 150, "loss": -13.990985375748494, "seconds": 3156}
{"event": "progress", "epoch": 43, "step": 200, "loss": -14.525542911322592, "seconds": 3169}
{"event": "progress", "epoch": 43, "step": 250, "loss": -17.560883869796093, "seconds": 3183}
{"event": "progress", "epoch": 43, "step": 300, "loss": -14.683030622834755, "seconds": 3196}
{"event": "epoch", "epoch": 43, "phase": "float", "loss": -15.409651481277601, "seconds": 98.02548577099878, "elapsed_seconds": 3213.522166773, "learning_rate": 0.00025, "utterances": 770, "total_utterances": 770, "invalid_utterances": 0, "noisy_si_sdr": 6.016738904979767, "si_sdr": 13.926830189083306, "si_sdri": 7.91009128410354, "best_si_sdri": 7.934512981606135}
{"event": "progress", "epoch": 44, "step": 0, "loss": -14.334208509001215, "seconds": 3214}
{"event": "progress", "epoch": 44, "step": 50, "loss": -17.247353658508956, "seconds": 3228}
{"event": "progress", "epoch": 44, "step": 100, "loss": -15.400096483997455, "seconds": 3241}
{"event": "progress", "epoch": 44, "step": 150, "loss": -16.891516010436582, "seconds": 3252}
{"event": "progress", "epoch": 44, "step": 200, "loss": -14.835348878168114, "seconds": 3265}
{"event": "progress", "epoch": 44, "step": 250, "loss": -13.9933307636365, "seconds": 3279}
{"event": "progress", "epoch": 44, "step": 300, "loss": -15.638542785534963, "seconds": 3292}
{"event": "epoch", "epoch": 44, "phase": "float", "loss": -15.362788559836837, "seconds": 96.04573317299946, "elapsed_seconds": 3309.600695676001, "learning_rate": 0.00025, "utterances": 770, "total_utterances": 770, "invalid_utterances": 0, "noisy_si_sdr": 6.016738904979767, "si_sdr": 13.85925720172661, "si_sdri": 7.842518296746843, "best_si_sdri": 7.934512981606135}
{"event": "progress", "epoch": 45, "step": 0, "loss": -17.543391662110306, "seconds": 3310}
{"event": "progress", "epoch": 45, "step": 50, "loss": -12.358870141123298, "seconds": 3324}
{"event": "progress", "epoch": 45, "step": 100, "loss": -16.347185913286268, "seconds": 3338}
{"event": "progress", "epoch": 45, "step": 150, "loss": -14.822985473570427, "seconds": 3351}
{"event": "progress", "epoch": 45, "step": 200, "loss": -13.762466915514143, "seconds": 3364}
{"event": "progress", "epoch": 45, "step": 250, "loss": -15.182921809601764, "seconds": 3377}
{"event": "progress", "epoch": 45, "step": 300, "loss": -16.895979639324022, "seconds": 3388}
{"event": "epoch", "epoch": 45, "phase": "float", "loss": -15.464574658082794, "seconds": 96.2674826679995, "elapsed_seconds": 3405.903346995001, "learning_rate": 0.00025, "utterances": 770, "total_utterances": 770, "invalid_utterances": 0, "noisy_si_sdr": 6.016738904979767, "si_sdr": 14.057929056019963, "si_sdri": 8.041190151040196, "best_si_sdri": 8.041190151040196}
{"event": "progress", "epoch": 46, "step": 0, "loss": -15.71411102008476, "seconds": 3406}
{"event": "progress", "epoch": 46, "step": 50, "loss": -15.450401698522265, "seconds": 3421}
{"event": "progress", "epoch": 46, "step": 100, "loss": -15.395047110709587, "seconds": 3434}
{"event": "progress", "epoch": 46, "step": 150, "loss": -17.28117522366571, "seconds": 3448}
{"event": "progress", "epoch": 46, "step": 200, "loss": -16.018399937059563, "seconds": 3461}
{"event": "progress", "epoch": 46, "step": 250, "loss": -15.19820327320434, "seconds": 3475}
{"event": "progress", "epoch": 46, "step": 300, "loss": -16.698927477735637, "seconds": 3487}
{"event": "epoch", "epoch": 46, "phase": "float", "loss": -15.399522415925437, "seconds": 99.10412463899956, "elapsed_seconds": 3505.0745357569995, "learning_rate": 0.00025, "utterances": 770, "total_utterances": 770, "invalid_utterances": 0, "noisy_si_sdr": 6.016738904979767, "si_sdr": 13.959599852582835, "si_sdri": 7.942860947603069, "best_si_sdri": 8.041190151040196}
{"event": "progress", "epoch": 47, "step": 0, "loss": -17.51981657470035, "seconds": 3506}
{"event": "progress", "epoch": 47, "step": 50, "loss": -15.56119881378344, "seconds": 3519}
{"event": "progress", "epoch": 47, "step": 100, "loss": -13.86491971847042, "seconds": 3531}
{"event": "progress", "epoch": 47, "step": 150, "loss": -14.33367171205261, "seconds": 3544}
{"event": "progress", "epoch": 47, "step": 200, "loss": -14.194281322519625, "seconds": 3558}
{"event": "progress", "epoch": 47, "step": 250, "loss": -14.418537461127155, "seconds": 3572}
{"event": "progress", "epoch": 47, "step": 300, "loss": -14.757958551090956, "seconds": 3585}
{"event": "epoch", "epoch": 47, "phase": "float", "loss": -15.420007237221801, "seconds": 97.04852303500047, "elapsed_seconds": 3602.146315649001, "learning_rate": 0.00025, "utterances": 770, "total_utterances": 770, "invalid_utterances": 0, "noisy_si_sdr": 6.016738904979767, "si_sdr": 13.972081046144817, "si_sdri": 7.95534214116505, "best_si_sdri": 8.041190151040196}
{"event": "progress", "epoch": 48, "step": 0, "loss": -13.41673246287586, "seconds": 3603}
{"event": "progress", "epoch": 48, "step": 50, "loss": -17.019006469845234, "seconds": 3616}
{"event": "progress", "epoch": 48, "step": 100, "loss": -13.81805684168956, "seconds": 3630}
{"event": "progress", "epoch": 48, "step": 150, "loss": -13.044126976981001, "seconds": 3644}
{"event": "progress", "epoch": 48, "step": 200, "loss": -16.61836968460359, "seconds": 3657}
{"event": "progress", "epoch": 48, "step": 250, "loss": -11.659197583470295, "seconds": 3669}
{"event": "progress", "epoch": 48, "step": 300, "loss": -15.836772856466864, "seconds": 3682}
{"event": "epoch", "epoch": 48, "phase": "float", "loss": -15.506364714438385, "seconds": 97.33780029000081, "elapsed_seconds": 3699.5192341290003, "learning_rate": 0.00025, "utterances": 770, "total_utterances": 770, "invalid_utterances": 0, "noisy_si_sdr": 6.016738904979767, "si_sdr": 13.925430002127937, "si_sdri": 7.9086910971481705, "best_si_sdri": 8.041190151040196}
{"event": "progress", "epoch": 49, "step": 0, "loss": -15.72617907584392, "seconds": 3700}
{"event": "progress", "epoch": 49, "step": 50, "loss": -15.076185702764626, "seconds": 3713}
{"event": "progress", "epoch": 49, "step": 100, "loss": -12.987795673695524, "seconds": 3726}
{"event": "progress", "epoch": 49, "step": 150, "loss": -15.157338708559573, "seconds": 3740}
{"event": "progress", "epoch": 49, "step": 200, "loss": -18.10238204924227, "seconds": 3753}
{"event": "progress", "epoch": 49, "step": 250, "loss": -14.527201665915081, "seconds": 3767}
{"event": "progress", "epoch": 49, "step": 300, "loss": -16.94080100112555, "seconds": 3780}
{"event": "epoch", "epoch": 49, "phase": "float", "loss": -15.472222947488817, "seconds": 98.67062466099924, "elapsed_seconds": 3798.2305796929995, "learning_rate": 0.00025, "utterances": 770, "total_utterances": 770, "invalid_utterances": 0, "noisy_si_sdr": 6.016738904979767, "si_sdr": 14.01416482192319, "si_sdri": 7.997425916943424, "best_si_sdri": 8.041190151040196}
{"event": "progress", "epoch": 50, "step": 0, "loss": -13.68847747510301, "seconds": 3799}
{"event": "progress", "epoch": 50, "step": 50, "loss": -14.51391891090001, "seconds": 3810}
{"event": "progress", "epoch": 50, "step": 100, "loss": -15.839251558729032, "seconds": 3824}
{"event": "progress", "epoch": 50, "step": 150, "loss": -15.792291703621418, "seconds": 3836}
{"event": "progress", "epoch": 50, "step": 200, "loss": -15.081204619797493, "seconds": 3850}
{"event": "progress", "epoch": 50, "step": 250, "loss": -15.869447608313632, "seconds": 3864}
{"event": "progress", "epoch": 50, "step": 300, "loss": -13.794310167107854, "seconds": 3877}
{"event": "epoch", "epoch": 50, "phase": "float", "loss": -15.499968542947995, "seconds": 96.20676863099834, "elapsed_seconds": 3894.470041284001, "learning_rate": 0.000125, "utterances": 770, "total_utterances": 770, "invalid_utterances": 0, "noisy_si_sdr": 6.016738904979767, "si_sdr": 13.972542828701801, "si_sdri": 7.955803923722034, "best_si_sdri": 8.041190151040196}
{"event": "progress", "epoch": 51, "step": 0, "loss": -13.235810599915018, "seconds": 3895}
{"event": "progress", "epoch": 51, "step": 50, "loss": -15.639207649281543, "seconds": 3909}
{"event": "progress", "epoch": 51, "step": 100, "loss": -16.06173837352912, "seconds": 3922}
{"event": "progress", "epoch": 51, "step": 150, "loss": -17.890769534528992, "seconds": 3936}
{"event": "progress", "epoch": 51, "step": 200, "loss": -15.165664725705497, "seconds": 3947}
{"event": "progress", "epoch": 51, "step": 250, "loss": -18.636946454099505, "seconds": 3960}
{"event": "progress", "epoch": 51, "step": 300, "loss": -14.440655312069694, "seconds": 3973}
{"event": "epoch", "epoch": 51, "phase": "float", "loss": -15.586901163512271, "seconds": 96.00365671200052, "elapsed_seconds": 3990.5173839090003, "learning_rate": 0.000125, "utterances": 770, "total_utterances": 770, "invalid_utterances": 0, "noisy_si_sdr": 6.016738904979767, "si_sdr": 13.962703736640318, "si_sdri": 7.945964831660551, "best_si_sdri": 8.041190151040196}
{"event": "progress", "epoch": 52, "step": 0, "loss": -14.03875949075048, "seconds": 3991}
{"event": "progress", "epoch": 52, "step": 50, "loss": -13.254014380559621, "seconds": 4005}
{"event": "progress", "epoch": 52, "step": 100, "loss": -15.544934530188272, "seconds": 4018}
{"event": "progress", "epoch": 52, "step": 150, "loss": -13.21243518552505, "seconds": 4032}
{"event": "progress", "epoch": 52, "step": 200, "loss": -18.29060370219315, "seconds": 4046}
{"event": "progress", "epoch": 52, "step": 250, "loss": -15.078371508684317, "seconds": 4059}
{"event": "progress", "epoch": 52, "step": 300, "loss": -16.546025323424246, "seconds": 4072}
{"event": "epoch", "epoch": 52, "phase": "float", "loss": -15.6169455478414, "seconds": 97.22839911900155, "elapsed_seconds": 4087.7778521380005, "learning_rate": 0.000125, "utterances": 770, "total_utterances": 770, "invalid_utterances": 0, "noisy_si_sdr": 6.016738904979767, "si_sdr": 14.000322540552801, "si_sdri": 7.9835836355730345, "best_si_sdri": 8.041190151040196}
{"event": "progress", "epoch": 53, "step": 0, "loss": -15.585741230083732, "seconds": 4088}
{"event": "progress", "epoch": 53, "step": 50, "loss": -14.022064461029291, "seconds": 4101}
{"event": "progress", "epoch": 53, "step": 100, "loss": -12.831786298726222, "seconds": 4115}
{"event": "progress", "epoch": 53, "step": 150, "loss": -14.843594520265285, "seconds": 4129}
{"event": "progress", "epoch": 53, "step": 200, "loss": -16.48908387089617, "seconds": 4142}
{"event": "progress", "epoch": 53, "step": 250, "loss": -14.961141925562128, "seconds": 4156}
{"event": "progress", "epoch": 53, "step": 300, "loss": -17.159808080502312, "seconds": 4169}
