{"event": "start", "device": "cuda", "torch": "2.11.0+cu128", "model": {"learned_parameters": 85186, "convolution_weights": 83496, "macs_per_second": 5218500.0, "context_frames": 125, "neural_state_bytes_int8": 6944}, "gpu": "NVIDIA L4", "test_used_for_selection": false, "selection_metric": "mean utterance SI-SDR improvement", "validation_is_partial": false, "calibration": null, "train_utterances": 10802, "validation_utterances": 770, "train_speakers": ["p227", "p228", "p230", "p231", "p233", "p236", "p239", "p243", "p244", "p250", "p254", "p256", "p258", "p259", "p267", "p268", "p269", "p270", "p273", "p274", "p276", "p277", "p278", "p279", "p282", "p286"], "validation_speakers": ["p226", "p287"], "phase": "float"}
{"event": "initial_validation", "utterances": 770, "total_utterances": 770, "invalid_utterances": 0, "noisy_si_sdr": 6.016738904979767, "si_sdr": 6.016738687284277, "si_sdri": -2.176954912763959e-07}
{"event": "progress", "epoch": 1, "step": 0, "loss": -7.436436621088023, "seconds": 3}
{"event": "progress", "epoch": 1, "step": 50, "loss": -9.87473820874299, "seconds": 5}
{"event": "progress", "epoch": 1, "step": 100, "loss": -11.48234733442887, "seconds": 6}
{"event": "progress", "epoch": 1, "step": 150, "loss": -12.63644867276824, "seconds": 8}
{"event": "progress", "epoch": 1, "step": 200, "loss": -11.674531456662521, "seconds": 9}
{"event": "progress", "epoch": 1, "step": 250, "loss": -8.658669217042117, "seconds": 11}
{"event": "progress", "epoch": 1, "step": 300, "loss": -11.200247877817226, "seconds": 12}
{"event": "epoch", "epoch": 1, "phase": "float", "loss": -10.957976342595044, "seconds": 11.832016598999871, "elapsed_seconds": 14.334454067000024, "learning_rate": 0.001, "utterances": 770, "total_utterances": 770, "invalid_utterances": 0, "noisy_si_sdr": 6.016738904979767, "si_sdr": 11.626063467059284, "si_sdri": 5.609324562079517, "best_si_sdri": 5.609324562079517}
{"event": "progress", "epoch": 2, "step": 0, "loss": -12.865021172076055, "seconds": 15}
{"event": "progress", "epoch": 2, "step": 50, "loss": -11.369383042263593, "seconds": 16}
{"event": "progress", "epoch": 2, "step": 100, "loss": -14.07778716008363, "seconds": 18}
{"event": "progress", "epoch": 2, "step": 150, "loss": -11.505865956983865, "seconds": 19}
{"event": "progress", "epoch": 2, "step": 200, "loss": -11.620634159766277, "seconds": 20}
{"event": "progress", "epoch": 2, "step": 250, "loss": -11.038054827000908, "seconds": 22}
{"event": "progress", "epoch": 2, "step": 300, "loss": -12.317296542979987, "seconds": 23}
{"event": "epoch", "epoch": 2, "phase": "float", "loss": -12.100107960474496, "seconds": 11.415335000999903, "elapsed_seconds": 25.782308950000015, "learning_rate": 0.001, "utterances": 770, "total_utterances": 770, "invalid_utterances": 0, "noisy_si_sdr": 6.016738904979767, "si_sdr": 11.971215467344596, "si_sdri": 5.954476562364827, "best_si_sdri": 5.954476562364827}
{"event": "progress", "epoch": 3, "step": 0, "loss": -12.168983494944506, "seconds": 26}
{"event": "progress", "epoch": 3, "step": 50, "loss": -12.944373369095036, "seconds": 27}
{"event": "progress", "epoch": 3, "step": 100, "loss": -11.413259201455592, "seconds": 29}
{"event": "progress", "epoch": 3, "step": 150, "loss": -11.305224983643388, "seconds": 30}
{"event": "progress", "epoch": 3, "step": 200, "loss": -12.53809717897719, "seconds": 32}
{"event": "progress", "epoch": 3, "step": 250, "loss": -12.308862636537786, "seconds": 33}
{"event": "progress", "epoch": 3, "step": 300, "loss": -13.533453048674502, "seconds": 35}
{"event": "epoch", "epoch": 3, "phase": "float", "loss": -12.452749889001932, "seconds": 11.103859551000141, "elapsed_seconds": 36.91719688299986, "learning_rate": 0.001, "utterances": 770, "total_utterances": 770, "invalid_utterances": 0, "noisy_si_sdr": 6.016738904979767, "si_sdr": 12.141564072001033, "si_sdri": 6.124825167021267, "best_si_sdri": 6.124825167021267}
{"event": "progress", "epoch": 4, "step": 0, "loss": -11.87405245943668, "seconds": 37}
{"event": "progress", "epoch": 4, "step": 50, "loss": -15.054944320592828, "seconds": 39}
{"event": "progress", "epoch": 4, "step": 100, "loss": -12.714370547721707, "seconds": 40}
{"event": "progress", "epoch": 4, "step": 150, "loss": -10.74449842815714, "seconds": 42}
{"event": "progress", "epoch": 4, "step": 200, "loss": -11.833549401034649, "seconds": 43}
{"event": "progress", "epoch": 4, "step": 250, "loss": -13.193598162343587, "seconds": 45}
{"event": "progress", "epoch": 4, "step": 300, "loss": -12.70478829354156, "seconds": 46}
{"event": "epoch", "epoch": 4, "phase": "float", "loss": -12.754155892521752, "seconds": 11.43165879199978, "elapsed_seconds": 48.38639341299995, "learning_rate": 0.001, "utterances": 770, "total_utterances": 770, "invalid_utterances": 0, "noisy_si_sdr": 6.016738904979767, "si_sdr": 12.355645548960181, "si_sdri": 6.338906643980415, "best_si_sdri": 6.338906643980415}
{"event": "progress", "epoch": 5, "step": 0, "loss": -14.148143333526246, "seconds": 49}
{"event": "progress", "epoch": 5, "step": 50, "loss": -13.386730143265694, "seconds": 50}
{"event": "progress", "epoch": 5, "step": 100, "loss": -11.515190352524474, "seconds": 52}
{"event": "progress", "epoch": 5, "step": 150, "loss": -10.936611571751499, "seconds": 53}
{"event": "progress", "epoch": 5, "step": 200, "loss": -11.923512978787844, "seconds": 54}
{"event": "progress", "epoch": 5, "step": 250, "loss": -13.397013361324067, "seconds": 56}
{"event": "progress", "epoch": 5, "step": 300, "loss": -12.60795741444397, "seconds": 57}
{"event": "epoch", "epoch": 5, "phase": "float", "loss": -12.873297408613606, "seconds": 11.229733792000161, "elapsed_seconds": 59.64751603700006, "learning_rate": 0.001, "utterances": 770, "total_utterances": 770, "invalid_utterances": 0, "noisy_si_sdr": 6.016738904979767, "si_sdr": 12.644180372113826, "si_sdri": 6.627441467134058, "best_si_sdri": 6.627441467134058}
{"event": "progress", "epoch": 6, "step": 0, "loss": -12.611642013408321, "seconds": 60}
{"event": "progress", "epoch": 6, "step": 50, "loss": -11.498892281152001, "seconds": 61}
{"event": "progress", "epoch": 6, "step": 100, "loss": -14.311084710519914, "seconds": 63}
{"event": "progress", "epoch": 6, "step": 150, "loss": -13.746341928359216, "seconds": 64}
{"event": "progress", "epoch": 6, "step": 200, "loss": -12.632613449067698, "seconds": 66}
{"event": "progress", "epoch": 6, "step": 250, "loss": -12.725221833383337, "seconds": 67}
{"event": "progress", "epoch": 6, "step": 300, "loss": -13.33001864581253, "seconds": 69}
{"event": "epoch", "epoch": 6, "phase": "float", "loss": -12.982284684024098, "seconds": 11.166444683999998, "elapsed_seconds": 70.85174017400004, "learning_rate": 0.001, "utterances": 770, "total_utterances": 770, "invalid_utterances": 0, "noisy_si_sdr": 6.016738904979767, "si_sdr": 12.605417121390241, "si_sdri": 6.5886782164104725, "best_si_sdri": 6.627441467134058}
{"event": "progress", "epoch": 7, "step": 0, "loss": -13.539688984067418, "seconds": 71}
{"event": "progress", "epoch": 7, "step": 50, "loss": -13.945185391371776, "seconds": 72}
{"event": "progress", "epoch": 7, "step": 100, "loss": -13.110011747559511, "seconds": 74}
{"event": "progress", "epoch": 7, "step": 150, "loss": -12.998049597791674, "seconds": 75}
{"event": "progress", "epoch": 7, "step": 200, "loss": -12.096695963827225, "seconds": 77}
{"event": "progress", "epoch": 7, "step": 250, "loss": -12.808855972860556, "seconds": 78}
{"event": "progress", "epoch": 7, "step": 300, "loss": -14.225708761029924, "seconds": 80}
{"event": "epoch", "epoch": 7, "phase": "float", "loss": -13.197189079411883, "seconds": 11.239824765999856, "elapsed_seconds": 82.106211798, "learning_rate": 0.001, "utterances": 770, "total_utterances": 770, "invalid_utterances": 0, "noisy_si_sdr": 6.016738904979767, "si_sdr": 12.375153698030008, "si_sdri": 6.358414793050242, "best_si_sdri": 6.627441467134058}
{"event": "progress", "epoch": 8, "step": 0, "loss": -13.070006582024128, "seconds": 82}
{"event": "progress", "epoch": 8, "step": 50, "loss": -14.369509633564704, "seconds": 84}
{"event": "progress", "epoch": 8, "step": 100, "loss": -14.226159727651012, "seconds": 85}
{"event": "progress", "epoch": 8, "step": 150, "loss": -12.966019615212739, "seconds": 87}
{"event": "progress", "epoch": 8, "step": 200, "loss": -13.029762980921577, "seconds": 88}
{"event": "progress", "epoch": 8, "step": 250, "loss": -15.39161595085579, "seconds": 90}
{"event": "progress", "epoch": 8, "step": 300, "loss": -12.335327694907342, "seconds": 91}
{"event": "epoch", "epoch": 8, "phase": "float", "loss": -13.400286334568872, "seconds": 11.056950768999968, "elapsed_seconds": 93.17805617099998, "learning_rate": 0.001, "utterances": 770, "total_utterances": 770, "invalid_utterances": 0, "noisy_si_sdr": 6.016738904979767, "si_sdr": 12.739696102417314, "si_sdri": 6.722957197437546, "best_si_sdri": 6.722957197437546}
{"event": "progress", "epoch": 9, "step": 0, "loss": -13.43721969248076, "seconds": 93}
{"event": "progress", "epoch": 9, "step": 50, "loss": -11.81699459905851, "seconds": 95}
{"event": "progress", "epoch": 9, "step": 100, "loss": -12.599100767958372, "seconds": 96}
{"event": "progress", "epoch": 9, "step": 150, "loss": -11.922570880841008, "seconds": 98}
{"event": "progress", "epoch": 9, "step": 200, "loss": -13.587309567265853, "seconds": 99}
{"event": "progress", "epoch": 9, "step": 250, "loss": -15.031306939163803, "seconds": 101}
{"event": "progress", "epoch": 9, "step": 300, "loss": -11.353650688511104, "seconds": 102}
{"event": "epoch", "epoch": 9, "phase": "float", "loss": -13.470211714483437, "seconds": 11.30246050400001, "elapsed_seconds": 104.5116779309999, "learning_rate": 0.001, "utterances": 770, "total_utterances": 770, "invalid_utterances": 0, "noisy_si_sdr": 6.016738904979767, "si_sdr": 12.643577336329079, "si_sdri": 6.626838431349309, "best_si_sdri": 6.722957197437546}
{"event": "progress", "epoch": 10, "step": 0, "loss": -14.466101209686716, "seconds": 105}
{"event": "progress", "epoch": 10, "step": 50, "loss": -13.208645352273729, "seconds": 106}
{"event": "progress", "epoch": 10, "step": 100, "loss": -12.882683980965844, "seconds": 108}
{"event": "progress", "epoch": 10, "step": 150, "loss": -13.999330711225616, "seconds": 109}
{"event": "progress", "epoch": 10, "step": 200, "loss": -14.612901826912546, "seconds": 111}
{"event": "progress", "epoch": 10, "step": 250, "loss": -15.77320702966767, "seconds": 112}
{"event": "progress", "epoch": 10, "step": 300, "loss": -13.007012439565985, "seconds": 113}
{"event": "epoch", "epoch": 10, "phase": "float", "loss": -13.589127895941088, "seconds": 11.257173109000178, "elapsed_seconds": 115.78998321900008, "learning_rate": 0.001, "utterances": 770, "total_utterances": 770, "invalid_utterances": 0, "noisy_si_sdr": 6.016738904979767, "si_sdr": 12.730886092426674, "si_sdri": 6.714147187446908, "best_si_sdri": 6.722957197437546}
{"event": "progress", "epoch": 11, "step": 0, "loss": -13.838677851709516, "seconds": 116}
{"event": "progress", "epoch": 11, "step": 50, "loss": -14.26177888713497, "seconds": 117}
{"event": "progress", "epoch": 11, "step": 100, "loss": -14.469798442247034, "seconds": 119}
{"event": "progress", "epoch": 11, "step": 150, "loss": -11.995881259074388, "seconds": 120}
{"event": "progress", "epoch": 11, "step": 200, "loss": -14.083399323580117, "seconds": 122}
{"event": "progress", "epoch": 11, "step": 250, "loss": -13.29102958633971, "seconds": 123}
{"event": "progress", "epoch": 11, "step": 300, "loss": -13.657151191846971, "seconds": 125}
{"event": "epoch", "epoch": 11, "phase": "float", "loss": -13.736923255506978, "seconds": 11.25209731699988, "elapsed_seconds": 127.05992433699976, "learning_rate": 0.001, "utterances": 770, "total_utterances": 770, "invalid_utterances": 0, "noisy_si_sdr": 6.016738904979767, "si_sdr": 12.97690983970239, "si_sdri": 6.9601709347226235, "best_si_sdri": 6.9601709347226235}
{"event": "progress", "epoch": 12, "step": 0, "loss": -13.217528568912101, "seconds": 127}
{"event": "progress", "epoch": 12, "step": 50, "loss": -13.702950697555488, "seconds": 129}
{"event": "progress", "epoch": 12, "step": 100, "loss": -14.196804299016506, "seconds": 130}
{"event": "progress", "epoch": 12, "step": 150, "loss": -14.692654601666776, "seconds": 132}
{"event": "progress", "epoch": 12, "step": 200, "loss": -14.380193625743663, "seconds": 133}
{"event": "progress", "epoch": 12, "step": 250, "loss": -13.61073694277638, "seconds": 135}
{"event": "progress", "epoch": 12, "step": 300, "loss": -13.37257375255827, "seconds": 136}
{"event": "epoch", "epoch": 12, "phase": "float", "loss": -13.678038629506585, "seconds": 11.513139817000138, "elapsed_seconds": 138.60339446999978, "learning_rate": 0.001, "utterances": 770, "total_utterances": 770, "invalid_utterances": 0, "noisy_si_sdr": 6.016738904979767, "si_sdr": 12.93266191213863, "si_sdri": 6.915923007158865, "best_si_sdri": 6.9601709347226235}
{"event": "progress", "epoch": 13, "step": 0, "loss": -14.22337300764421, "seconds": 139}
{"event": "progress", "epoch": 13, "step": 50, "loss": -17.09702041631907, "seconds": 140}
{"event": "progress", "epoch": 13, "step": 100, "loss": -16.368566104133592, "seconds": 142}
{"event": "progress", "epoch": 13, "step": 150, "loss": -15.524103346232227, "seconds": 143}
{"event": "progress", "epoch": 13, "step": 200, "loss": -14.230099601457422, "seconds": 144}
{"event": "progress", "epoch": 13, "step": 250, "loss": -12.692706157195957, "seconds": 146}
{"event": "progress", "epoch": 13, "step": 300, "loss": -13.793848774886204, "seconds": 147}
{"event": "epoch", "epoch": 13, "phase": "float", "loss": -13.834330933795172, "seconds": 11.13375467600008, "elapsed_seconds": 149.75738925899986, "learning_rate": 0.001, "utterances": 770, "total_utterances": 770, "invalid_utterances": 0, "noisy_si_sdr": 6.016738904979767, "si_sdr": 12.97000538091874, "si_sdri": 6.953266475938975, "best_si_sdri": 6.9601709347226235}
{"event": "progress", "epoch": 14, "step": 0, "loss": -12.915557142265001, "seconds": 150}
{"event": "progress", "epoch": 14, "step": 50, "loss": -13.833707287242305, "seconds": 151}
{"event": "progress", "epoch": 14, "step": 100, "loss": -13.232699797328005, "seconds": 153}
{"event": "progress", "epoch": 14, "step": 150, "loss": -12.431723010131456, "seconds": 155}
{"event": "progress", "epoch": 14, "step": 200, "loss": -13.558022046160772, "seconds": 156}
{"event": "progress", "epoch": 14, "step": 250, "loss": -14.617149594005019, "seconds": 158}
{"event": "progress", "epoch": 14, "step": 300, "loss": -13.801122924502629, "seconds": 159}
{"event": "epoch", "epoch": 14, "phase": "float", "loss": -13.90413496195062, "seconds": 12.323772582999936, "elapsed_seconds": 162.10203132200013, "learning_rate": 0.001, "utterances": 770, "total_utterances": 770, "invalid_utterances": 0, "noisy_si_sdr": 6.016738904979767, "si_sdr": 12.663464653411475, "si_sdri": 6.646725748431709, "best_si_sdri": 6.9601709347226235}
{"event": "progress", "epoch": 15, "step": 0, "loss": -14.178488669422045, "seconds": 162}
{"event": "progress", "epoch": 15, "step": 50, "loss": -14.852047845770835, "seconds": 164}
{"event": "progress", "epoch": 15, "step": 100, "loss": -15.1224265073201, "seconds": 166}
{"event": "progress", "epoch": 15, "step": 150, "loss": -16.122021771922917, "seconds": 168}
{"event": "progress", "epoch": 15, "step": 200, "loss": -15.829604360196056, "seconds": 170}
{"event": "progress", "epoch": 15, "step": 250, "loss": -14.569494796488694, "seconds": 171}
{"event": "progress", "epoch": 15, "step": 300, "loss": -12.563182144124319, "seconds": 173}
{"event": "epoch", "epoch": 15, "phase": "float", "loss": -13.948041694216087, "seconds": 13.824381827000252, "elapsed_seconds": 175.94296774099985, "learning_rate": 0.001, "utterances": 770, "total_utterances": 770, "invalid_utterances": 0, "noisy_si_sdr": 6.016738904979767, "si_sdr": 13.04914711320083, "si_sdri": 7.032408208221061, "best_si_sdri": 7.032408208221061}
{"event": "progress", "epoch": 16, "step": 0, "loss": -13.825510528420246, "seconds": 176}
{"event": "progress", "epoch": 16, "step": 50, "loss": -14.026341139242266, "seconds": 178}
{"event": "progress", "epoch": 16, "step": 100, "loss": -12.2215922387228, "seconds": 180}
{"event": "progress", "epoch": 16, "step": 150, "loss": -12.613342550845367, "seconds": 182}
{"event": "progress", "epoch": 16, "step": 200, "loss": -13.1208525599725, "seconds": 183}
{"event": "progress", "epoch": 16, "step": 250, "loss": -14.845782798273145, "seconds": 185}
{"event": "progress", "epoch": 16, "step": 300, "loss": -14.44699536192558, "seconds": 187}
{"event": "epoch", "epoch": 16, "phase": "float", "loss": -13.943256730912085, "seconds": 13.767955129000256, "elapsed_seconds": 189.7671981059998, "learning_rate": 0.001, "utterances": 770, "total_utterances": 770, "invalid_utterances": 0, "noisy_si_sdr": 6.016738904979767, "si_sdr": 13.148757557481478, "si_sdri": 7.132018652501711, "best_si_sdri": 7.132018652501711}
{"event": "progress", "epoch": 17, "step": 0, "loss": -13.315311629208235, "seconds": 190}
{"event": "progress", "epoch": 17, "step": 50, "loss": -14.640987688440955, "seconds": 192}
{"event": "progress", "epoch": 17, "step": 100, "loss": -11.47616176975528, "seconds": 194}
{"event": "progress", "epoch": 17, "step": 150, "loss": -13.62889354711655, "seconds": 195}
{"event": "progress", "epoch": 17, "step": 200, "loss": -12.387149012104484, "seconds": 197}
{"event": "progress", "epoch": 17, "step": 250, "loss": -14.303319144109738, "seconds": 199}
{"event": "progress", "epoch": 17, "step": 300, "loss": -12.325128556658733, "seconds": 201}
{"event": "epoch", "epoch": 17, "phase": "float", "loss": -14.020474496535924, "seconds": 14.495621244000176, "elapsed_seconds": 204.29534624899998, "learning_rate": 0.001, "utterances": 770, "total_utterances": 770, "invalid_utterances": 0, "noisy_si_sdr": 6.016738904979767, "si_sdr": 13.242080139608511, "si_sdri": 7.2253412346287424, "best_si_sdri": 7.2253412346287424}
{"event": "progress", "epoch": 18, "step": 0, "loss": -14.041459551595146, "seconds": 205}
{"event": "progress", "epoch": 18, "step": 50, "loss": -12.629314611695795, "seconds": 206}
{"event": "progress", "epoch": 18, "step": 100, "loss": -14.560507477981396, "seconds": 208}
{"event": "progress", "epoch": 18, "step": 150, "loss": -15.835262187059671, "seconds": 210}
{"event": "progress", "epoch": 18, "step": 200, "loss": -14.007560836840717, "seconds": 212}
{"event": "progress", "epoch": 18, "step": 250, "loss": -13.823576016175178, "seconds": 214}
{"event": "progress", "epoch": 18, "step": 300, "loss": -14.893301343976548, "seconds": 216}
{"event": "epoch", "epoch": 18, "phase": "float", "loss": -14.01616428812048, "seconds": 14.229658163000295, "elapsed_seconds": 218.56580371500013, "learning_rate": 0.001, "utterances": 770, "total_utterances": 770, "invalid_utterances": 0, "noisy_si_sdr": 6.016738904979767, "si_sdr": 13.176056035264105, "si_sdri": 7.1593171302843395, "best_si_sdri": 7.2253412346287424}
{"event": "progress", "epoch": 19, "step": 0, "loss": -14.118790524920033, "seconds": 219}
{"event": "progress", "epoch": 19, "step": 50, "loss": -14.862628637985042, "seconds": 220}
{"event": "progress", "epoch": 19, "step": 100, "loss": -13.91535144138404, "seconds": 222}
{"event": "progress", "epoch": 19, "step": 150, "loss": -13.828785593133468, "seconds": 224}
{"event": "progress", "epoch": 19, "step": 200, "loss": -13.777852314322242, "seconds": 225}
{"event": "progress", "epoch": 19, "step": 250, "loss": -15.267894997237317, "seconds": 227}
{"event": "progress", "epoch": 19, "step": 300, "loss": -16.54226986999862, "seconds": 229}
{"event": "epoch", "epoch": 19, "phase": "float", "loss": -14.162939000070732, "seconds": 13.593216212000243, "elapsed_seconds": 232.17890896900008, "learning_rate": 0.001, "utterances": 770, "total_utterances": 770, "invalid_utterances": 0, "noisy_si_sdr": 6.016738904979767, "si_sdr": 13.087404656342425, "si_sdri": 7.070665751362659, "best_si_sdri": 7.2253412346287424}
{"event": "progress", "epoch": 20, "step": 0, "loss": -13.509395393794506, "seconds": 232}
{"event": "progress", "epoch": 20, "step": 50, "loss": -15.366344115579672, "seconds": 234}
{"event": "progress", "epoch": 20, "step": 100, "loss": -13.484949003916537, "seconds": 236}
{"event": "progress", "epoch": 20, "step": 150, "loss": -14.025222734985888, "seconds": 238}
{"event": "progress", "epoch": 20, "step": 200, "loss": -16.17814489463789, "seconds": 239}
{"event": "progress", "epoch": 20, "step": 250, "loss": -12.91080211090858, "seconds": 241}
{"event": "progress", "epoch": 20, "step": 300, "loss": -16.13022404115602, "seconds": 243}
{"event": "epoch", "epoch": 20, "phase": "float", "loss": -14.119150691228148, "seconds": 13.736550611999974, "elapsed_seconds": 245.93350567400012, "learning_rate": 0.001, "utterances": 770, "total_utterances": 770, "invalid_utterances": 0, "noisy_si_sdr": 6.016738904979767, "si_sdr": 13.184590230228252, "si_sdri": 7.167851325248487, "best_si_sdri": 7.2253412346287424}
{"event": "progress", "epoch": 21, "step": 0, "loss": -13.390462250913387, "seconds": 246}
{"event": "progress", "epoch": 21, "step": 50, "loss": -13.295476906354395, "seconds": 248}
{"event": "progress", "epoch": 21, "step": 100, "loss": -14.802096627414663, "seconds": 250}
{"event": "progress", "epoch": 21, "step": 150, "loss": -12.213327237905968, "seconds": 252}
{"event": "progress", "epoch": 21, "step": 200, "loss": -13.869816330699678, "seconds": 253}
{"event": "progress", "epoch": 21, "step": 250, "loss": -12.036691267301666, "seconds": 255}
{"event": "progress", "epoch": 21, "step": 300, "loss": -12.900908893134414, "seconds": 257}
{"event": "epoch", "epoch": 21, "phase": "float", "loss": -14.173592286742208, "seconds": 13.805485392999799, "elapsed_seconds": 259.76074599000003, "learning_rate": 0.001, "utterances": 770, "total_utterances": 770, "invalid_utterances": 0, "noisy_si_sdr": 6.016738904979767, "si_sdr": 13.36473962445007, "si_sdri": 7.348000719470303, "best_si_sdri": 7.348000719470303}
{"event": "progress", "epoch": 22, "step": 0, "loss": -14.738389595116754, "seconds": 260}
{"event": "progress", "epoch": 22, "step": 50, "loss": -15.132326843701922, "seconds": 262}
{"event": "progress", "epoch": 22, "step": 100, "loss": -14.174524220924795, "seconds": 263}
{"event": "progress", "epoch": 22, "step": 150, "loss": -13.702849230646812, "seconds": 265}
{"event": "progress", "epoch": 22, "step": 200, "loss": -13.309817981100519, "seconds": 267}
{"event": "progress", "epoch": 22, "step": 250, "loss": -14.697219674638099, "seconds": 269}
{"event": "progress", "epoch": 22, "step": 300, "loss": -14.791806478124993, "seconds": 270}
{"event": "epoch", "epoch": 22, "phase": "float", "loss": -14.194276427411987, "seconds": 13.58594484499963, "elapsed_seconds": 273.38802617600004, "learning_rate": 0.001, "utterances": 770, "total_utterances": 770, "invalid_utterances": 0, "noisy_si_sdr": 6.016738904979767, "si_sdr": 13.274875199564995, "si_sdri": 7.258136294585229, "best_si_sdri": 7.348000719470303}
{"event": "progress", "epoch": 23, "step": 0, "loss": -12.85804776965599, "seconds": 274}
{"event": "progress", "epoch": 23, "step": 50, "loss": -12.398397157075213, "seconds": 275}
{"event": "progress", "epoch": 23, "step": 100, "loss": -14.680939153191716, "seconds": 277}
{"event": "progress", "epoch": 23, "step": 150, "loss": -13.977654281814088, "seconds": 279}
{"event": "progress", "epoch": 23, "step": 200, "loss": -14.060656541143747, "seconds": 281}
{"event": "progress", "epoch": 23, "step": 250, "loss": -13.673934499168098, "seconds": 282}
{"event": "progress", "epoch": 23, "step": 300, "loss": -14.899907158457506, "seconds": 284}
{"event": "epoch", "epoch": 23, "phase": "float", "loss": -14.205071909398011, "seconds": 13.650802285999816, "elapsed_seconds": 287.0542126549999, "learning_rate": 0.001, "utterances": 770, "total_utterances": 770, "invalid_utterances": 0, "noisy_si_sdr": 6.016738904979767, "si_sdr": 13.299911225546465, "si_sdri": 7.283172320566695, "best_si_sdri": 7.348000719470303}
{"event": "progress", "epoch": 24, "step": 0, "loss": -12.586060528041003, "seconds": 287}
{"event": "progress", "epoch": 24, "step": 50, "loss": -13.979458737290848, "seconds": 289}
{"event": "progress", "epoch": 24, "step": 100, "loss": -14.165465766253948, "seconds": 291}
{"event": "progress", "epoch": 24, "step": 150, "loss": -14.145162634595152, "seconds": 293}
{"event": "progress", "epoch": 24, "step": 200, "loss": -14.042243400856613, "seconds": 294}
{"event": "progress", "epoch": 24, "step": 250, "loss": -11.15745844011999, "seconds": 296}
{"event": "progress", "epoch": 24, "step": 300, "loss": -15.00275664819443, "seconds": 298}
{"event": "epoch", "epoch": 24, "phase": "float", "loss": -14.334870647989433, "seconds": 13.833246733999658, "elapsed_seconds": 300.91198977800013, "learning_rate": 0.001, "utterances": 770, "total_utterances": 770, "invalid_utterances": 0, "noisy_si_sdr": 6.016738904979767, "si_sdr": 13.393602023563613, "si_sdri": 7.376863118583845, "best_si_sdri": 7.376863118583845}
{"event": "progress", "epoch": 25, "step": 0, "loss": -16.288383473827892, "seconds": 301}
{"event": "progress", "epoch": 25, "step": 50, "loss": -13.774391291400011, "seconds": 303}
{"event": "progress", "epoch": 25, "step": 100, "loss": -13.58651935673814, "seconds": 305}
{"event": "progress", "epoch": 25, "step": 150, "loss": -15.34382998378677, "seconds": 306}
{"event": "progress", "epoch": 25, "step": 200, "loss": -12.951539881153908, "seconds": 308}
{"event": "progress", "epoch": 25, "step": 250, "loss": -13.465385347265629, "seconds": 310}
{"event": "progress", "epoch": 25, "step": 300, "loss": -12.262499807100834, "seconds": 311}
{"event": "epoch", "epoch": 25, "phase": "float", "loss": -14.292161053988126, "seconds": 13.525029673999597, "elapsed_seconds": 314.47065899200015, "learning_rate": 0.001, "utterances": 770, "total_utterances": 770, "invalid_utterances": 0, "noisy_si_sdr": 6.016738904979767, "si_sdr": 13.444187556456221, "si_sdri": 7.427448651476454, "best_si_sdri": 7.427448651476454}
{"event": "progress", "epoch": 26, "step": 0, "loss": -14.593634109132815, "seconds": 315}
{"event": "progress", "epoch": 26, "step": 50, "loss": -15.614022896682089, "seconds": 317}
{"event": "progress", "epoch": 26, "step": 100, "loss": -13.057832173023249, "seconds": 318}
{"event": "progress", "epoch": 26, "step": 150, "loss": -15.425888366734139, "seconds": 320}
{"event": "progress", "epoch": 26, "step": 200, "loss": -13.16871397494711, "seconds": 322}
{"event": "progress", "epoch": 26, "step": 250, "loss": -10.969623431645164, "seconds": 323}
{"event": "progress", "epoch": 26, "step": 300, "loss": -15.201301943318445, "seconds": 325}
{"event": "epoch", "epoch": 26, "phase": "float", "loss": -14.330029481634192, "seconds": 13.71203877400012, "elapsed_seconds": 328.236563765, "learning_rate": 0.001, "utterances": 770, "total_utterances": 770, "invalid_utterances": 0, "noisy_si_sdr": 6.016738904979767, "si_sdr": 13.457049092406645, "si_sdri": 7.440310187426876, "best_si_sdri": 7.440310187426876}
{"event": "progress", "epoch": 27, "step": 0, "loss": -15.559564201403855, "seconds": 328}
{"event": "progress", "epoch": 27, "step": 50, "loss": -13.279128729873868, "seconds": 330}
{"event": "progress", "epoch": 27, "step": 100, "loss": -14.403315605316727, "seconds": 332}
{"event": "progress", "epoch": 27, "step": 150, "loss": -13.497725231873773, "seconds": 334}
{"event": "progress", "epoch": 27, "step": 200, "loss": -13.420866511633347, "seconds": 335}
{"event": "progress", "epoch": 27, "step": 250, "loss": -15.658549867240417, "seconds": 337}
{"event": "progress", "epoch": 27, "step": 300, "loss": -14.186064210972697, "seconds": 339}
{"event": "epoch", "epoch": 27, "phase": "float", "loss": -14.366247461175504, "seconds": 13.732007365999834, "elapsed_seconds": 342.0261638500001, "learning_rate": 0.001, "utterances": 770, "total_utterances": 770, "invalid_utterances": 0, "noisy_si_sdr": 6.016738904979767, "si_sdr": 13.481330909922322, "si_sdri": 7.4645920049425545, "best_si_sdri": 7.4645920049425545}
{"event": "progress", "epoch": 28, "step": 0, "loss": -15.14912023652904, "seconds": 342}
{"event": "progress", "epoch": 28, "step": 50, "loss": -14.795307689320506, "seconds": 344}
{"event": "progress", "epoch": 28, "step": 100, "loss": -13.871118634816703, "seconds": 346}
{"event": "progress", "epoch": 28, "step": 150, "loss": -15.2705079952617, "seconds": 347}
{"event": "progress", "epoch": 28, "step": 200, "loss": -14.732957607864016, "seconds": 349}
{"event": "progress", "epoch": 28, "step": 250, "loss": -15.652042628036991, "seconds": 351}
{"event": "progress", "epoch": 28, "step": 300, "loss": -14.530080556796538, "seconds": 353}
{"event": "epoch", "epoch": 28, "phase": "float", "loss": -14.393377989986387, "seconds": 13.695613377999962, "elapsed_seconds": 355.7639191359999, "learning_rate": 0.001, "utterances": 770, "total_utterances": 770, "invalid_utterances": 0, "noisy_si_sdr": 6.016738904979767, "si_sdr": 13.36250524531711, "si_sdri": 7.345766340337341, "best_si_sdri": 7.4645920049425545}
{"event": "progress", "epoch": 29, "step": 0, "loss": -15.419520719895358, "seconds": 356}
{"event": "progress", "epoch": 29, "step": 50, "loss": -14.088237990267764, "seconds": 358}
{"event": "progress", "epoch": 29, "step": 100, "loss": -14.720665200425206, "seconds": 359}
{"event": "progress", "epoch": 29, "step": 150, "loss": -13.428792288086278, "seconds": 361}
{"event": "progress", "epoch": 29, "step": 200, "loss": -13.833619724459991, "seconds": 363}
{"event": "progress", "epoch": 29, "step": 250, "loss": -15.243176428881775, "seconds": 365}
{"event": "progress", "epoch": 29, "step": 300, "loss": -14.175125022104025, "seconds": 366}
{"event": "epoch", "epoch": 29, "phase": "float", "loss": -14.39513318239695, "seconds": 13.620476777000022, "elapsed_seconds": 369.4011801500001, "learning_rate": 0.001, "utterances": 770, "total_utterances": 770, "invalid_utterances": 0, "noisy_si_sdr": 6.016738904979767, "si_sdr": 13.316882212480138, "si_sdri": 7.300143307500369, "best_si_sdri": 7.4645920049425545}
{"event": "progress", "epoch": 30, "step": 0, "loss": -14.955217904650183, "seconds": 370}
{"event": "progress", "epoch": 30, "step": 50, "loss": -14.570372185524986, "seconds": 371}
{"event": "progress", "epoch": 30, "step": 100, "loss": -15.572992699226813, "seconds": 373}
{"event": "progress", "epoch": 30, "step": 150, "loss": -16.087688419184097, "seconds": 375}
{"event": "progress", "epoch": 30, "step": 200, "loss": -14.482196804231286, "seconds": 377}
{"event": "progress", "epoch": 30, "step": 250, "loss": -15.386154946975305, "seconds": 379}
{"event": "progress", "epoch": 30, "step": 300, "loss": -14.098685652719137, "seconds": 380}
{"event": "epoch", "epoch": 30, "phase": "float", "loss": -14.48523772539452, "seconds": 13.62996293399965, "elapsed_seconds": 383.06037400000014, "learning_rate": 0.001, "utterances": 770, "total_utterances": 770, "invalid_utterances": 0, "noisy_si_sdr": 6.016738904979767, "si_sdr": 13.610762981142747, "si_sdri": 7.594024076162981, "best_si_sdri": 7.594024076162981}
{"event": "progress", "epoch": 31, "step": 0, "loss": -13.61799054343281, "seconds": 383}
{"event": "progress", "epoch": 31, "step": 50, "loss": -13.378118651869316, "seconds": 385}
{"event": "progress", "epoch": 31, "step": 100, "loss": -15.635308786067377, "seconds": 387}
{"event": "progress", "epoch": 31, "step": 150, "loss": -13.724979401317617, "seconds": 389}
{"event": "progress", "epoch": 31, "step": 200, "loss": -12.03913039133413, "seconds": 391}
{"event": "progress", "epoch": 31, "step": 250, "loss": -13.778959633808764, "seconds": 392}
{"event": "progress", "epoch": 31, "step": 300, "loss": -14.704137788889206, "seconds": 394}
{"event": "epoch", "epoch": 31, "phase": "float", "loss": -14.438284571322239, "seconds": 13.716355639000085, "elapsed_seconds": 396.8082832649998, "learning_rate": 0.001, "utterances": 770, "total_utterances": 770, "invalid_utterances": 0, "noisy_si_sdr": 6.016738904979767, "si_sdr": 13.557232970710581, "si_sdri": 7.540494065730812, "best_si_sdri": 7.594024076162981}
{"event": "progress", "epoch": 32, "step": 0, "loss": -14.581305283966612, "seconds": 397}
{"event": "progress", "epoch": 32, "step": 50, "loss": -14.984385045600092, "seconds": 399}
{"event": "progress", "epoch": 32, "step": 100, "loss": -12.751566944953266, "seconds": 401}
{"event": "progress", "epoch": 32, "step": 150, "loss": -14.908772817752407, "seconds": 402}
{"event": "progress", "epoch": 32, "step": 200, "loss": -14.675082528676732, "seconds": 404}
{"event": "progress", "epoch": 32, "step": 250, "loss": -13.411222167109841, "seconds": 406}
{"event": "progress", "epoch": 32, "step": 300, "loss": -14.658206749640474, "seconds": 407}
{"event": "epoch", "epoch": 32, "phase": "float", "loss": -14.428675384375278, "seconds": 13.64828824999995, "elapsed_seconds": 410.4777592149999, "learning_rate": 0.001, "utterances": 770, "total_utterances": 770, "invalid_utterances": 0, "noisy_si_sdr": 6.016738904979767, "si_sdr": 13.356839482653246, "si_sdri": 7.340100577673478, "best_si_sdri": 7.594024076162981}
{"event": "progress", "epoch": 33, "step": 0, "loss": -13.97697617201162, "seconds": 411}
{"event": "progress", "epoch": 33, "step": 50, "loss": -15.460481673289618, "seconds": 413}
{"event": "progress", "epoch": 33, "step": 100, "loss": -16.473023343294898, "seconds": 414}
{"event": "progress", "epoch": 33, "step": 150, "loss": -13.307638881593569, "seconds": 416}
{"event": "progress", "epoch": 33, "step": 200, "loss": -17.219608439596442, "seconds": 418}
{"event": "progress", "epoch": 33, "step": 250, "loss": -14.170028093974846, "seconds": 419}
{"event": "progress", "epoch": 33, "step": 300, "loss": -14.300177915186353, "seconds": 421}
{"event": "epoch", "epoch": 33, "phase": "float", "loss": -14.440532100600054, "seconds": 13.674742704999971, "elapsed_seconds": 424.1765560429999, "learning_rate": 0.001, "utterances": 770, "total_utterances": 770, "invalid_utterances": 0, "noisy_si_sdr": 6.016738904979767, "si_sdr": 13.493095394773093, "si_sdri": 7.476356489793324, "best_si_sdri": 7.594024076162981}
{"event": "progress", "epoch": 34, "step": 0, "loss": -14.613708934131116, "seconds": 424}
{"event": "progress", "epoch": 34, "step": 50, "loss": -12.617481911863004, "seconds": 426}
{"event": "progress", "epoch": 34, "step": 100, "loss": -13.399925633735343, "seconds": 428}
{"event": "progress", "epoch": 34, "step": 150, "loss": -14.261647333513924, "seconds": 430}
{"event": "progress", "epoch": 34, "step": 200, "loss": -14.808415191136879, "seconds": 431}
{"event": "progress", "epoch": 34, "step": 250, "loss": -14.559443521197895, "seconds": 433}
{"event": "progress", "epoch": 34, "step": 300, "loss": -13.287599993449707, "seconds": 435}
{"event": "epoch", "epoch": 34, "phase": "float", "loss": -14.525466513027306, "seconds": 13.882850039999994, "elapsed_seconds": 438.07964280399983, "learning_rate": 0.001, "utterances": 770, "total_utterances": 770, "invalid_utterances": 0, "noisy_si_sdr": 6.016738904979767, "si_sdr": 13.51912817281565, "si_sdri": 7.502389267835883, "best_si_sdri": 7.594024076162981}
{"event": "progress", "epoch": 35, "step": 0, "loss": -14.099469721589891, "seconds": 438}
{"event": "progress", "epoch": 35, "step": 50, "loss": -12.151813700281403, "seconds": 440}
{"event": "progress", "epoch": 35, "step": 100, "loss": -14.275870958082184, "seconds": 442}
{"event": "progress", "epoch": 35, "step": 150, "loss": -17.7901151975283, "seconds": 443}
{"event": "progress", "epoch": 35, "step": 200, "loss": -13.858259475362487, "seconds": 445}
{"event": "progress", "epoch": 35, "step": 250, "loss": -12.76801523330052, "seconds": 447}
{"event": "progress", "epoch": 35, "step": 300, "loss": -13.484422881903598, "seconds": 449}
{"event": "epoch", "epoch": 35, "phase": "float", "loss": -14.536558599339326, "seconds": 13.639258887999858, "elapsed_seconds": 451.73531099799993, "learning_rate": 0.0005, "utterances": 770, "total_utterances": 770, "invalid_utterances": 0, "noisy_si_sdr": 6.016738904979767, "si_sdr": 13.484404633548273, "si_sdri": 7.467665728568507, "best_si_sdri": 7.594024076162981}
{"event": "progress", "epoch": 36, "step": 0, "loss": -14.315950651028194, "seconds": 452}
{"event": "progress", "epoch": 36, "step": 50, "loss": -13.107776578484229, "seconds": 454}
{"event": "progress", "epoch": 36, "step": 100, "loss": -15.213668058639408, "seconds": 455}
{"event": "progress", "epoch": 36, "step": 150, "loss": -15.37384269440761, "seconds": 457}
{"event": "progress", "epoch": 36, "step": 200, "loss": -15.630179347445441, "seconds": 459}
{"event": "progress", "epoch": 36, "step": 250, "loss": -13.369672478658634, "seconds": 461}
{"event": "progress", "epoch": 36, "step": 300, "loss": -13.61430817748548, "seconds": 463}
{"event": "epoch", "epoch": 36, "phase": "float", "loss": -14.669204213463253, "seconds": 13.741660599999705, "elapsed_seconds": 465.50945862900016, "learning_rate": 0.0005, "utterances": 770, "total_utterances": 770, "invalid_utterances": 0, "noisy_si_sdr": 6.016738904979767, "si_sdr": 13.628202639000461, "si_sdri": 7.611463734020694, "best_si_sdri": 7.611463734020694}
{"event": "progress", "epoch": 37, "step": 0, "loss": -14.753197934317063, "seconds": 466}
{"event": "progress", "epoch": 37, "step": 50, "loss": -15.444267982133297, "seconds": 467}
{"event": "progress", "epoch": 37, "step": 100, "loss": -13.567140129838283, "seconds": 469}
{"event": "progress", "epoch": 37, "step": 150, "loss": -14.992783045761328, "seconds": 471}
{"event": "progress", "epoch": 37, "step": 200, "loss": -19.352950673119324, "seconds": 473}
{"event": "progress", "epoch": 37, "step": 250, "loss": -14.10454240567055, "seconds": 475}
{"event": "progress", "epoch": 37, "step": 300, "loss": -14.465371996488031, "seconds": 476}
{"event": "epoch", "epoch": 37, "phase": "float", "loss": -14.743958830585116, "seconds": 13.740793548000056, "elapsed_seconds": 479.2905684450002, "learning_rate": 0.0005, "utterances": 770, "total_utterances": 770, "invalid_utterances": 0, "noisy_si_sdr": 6.016738904979767, "si_sdr": 13.546349696294854, "si_sdri": 7.529610791315088, "best_si_sdri": 7.611463734020694}
{"event": "progress", "epoch": 38, "step": 0, "loss": -13.5995687674972, "seconds": 479}
{"event": "progress", "epoch": 38, "step": 50, "loss": -15.549319357574038, "seconds": 481}
{"event": "progress", "epoch": 38, "step": 100, "loss": -13.380812665375235, "seconds": 483}
{"event": "progress", "epoch": 38, "step": 150, "loss": -15.629478987056594, "seconds": 485}
{"event": "progress", "epoch": 38, "step": 200, "loss": -17.01238026258529, "seconds": 487}
{"event": "progress", "epoch": 38, "step": 250, "loss": -14.764666313641445, "seconds": 488}
{"event": "progress", "epoch": 38, "step": 300, "loss": -14.660952569593872, "seconds": 490}
{"event": "epoch", "epoch": 38, "phase": "float", "loss": -14.735290246930559, "seconds": 13.641447098999834, "elapsed_seconds": 492.9478977630001, "learning_rate": 0.0005, "utterances": 770, "total_utterances": 770, "invalid_utterances": 0, "noisy_si_sdr": 6.016738904979767, "si_sdr": 13.707064398442734, "si_sdri": 7.690325493462967, "best_si_sdri": 7.690325493462967}
{"event": "progress", "epoch": 39, "step": 0, "loss": -15.925333336320815, "seconds": 493}
{"event": "progress", "epoch": 39, "step": 50, "loss": -15.316930003996212, "seconds": 495}
{"event": "progress", "epoch": 39, "step": 100, "loss": -16.10513191167967, "seconds": 497}
{"event": "progress", "epoch": 39, "step": 150, "loss": -13.652605805517455, "seconds": 499}
{"event": "progress", "epoch": 39, "step": 200, "loss": -13.9787611837164, "seconds": 500}
{"event": "progress", "epoch": 39, "step": 250, "loss": -13.232396677519317, "seconds": 502}
{"event": "progress", "epoch": 39, "step": 300, "loss": -15.442074890726168, "seconds": 504}
{"event": "epoch", "epoch": 39, "phase": "float", "loss": -14.729209083818256, "seconds": 13.752300295000168, "elapsed_seconds": 506.738486489, "learning_rate": 0.0005, "utterances": 770, "total_utterances": 770, "invalid_utterances": 0, "noisy_si_sdr": 6.016738904979767, "si_sdr": 13.736729846288458, "si_sdri": 7.719990941308689, "best_si_sdri": 7.719990941308689}
{"event": "progress", "epoch": 40, "step": 0, "loss": -15.524413049597092, "seconds": 507}
{"event": "progress", "epoch": 40, "step": 50, "loss": -14.504528024521086, "seconds": 509}
{"event": "progress", "epoch": 40, "step": 100, "loss": -14.235699189314385, "seconds": 511}
{"event": "progress", "epoch": 40, "step": 150, "loss": -12.62864002454598, "seconds": 513}
{"event": "progress", "epoch": 40, "step": 200, "loss": -15.172339873215545, "seconds": 514}
{"event": "progress", "epoch": 40, "step": 250, "loss": -16.09323160117774, "seconds": 516}
{"event": "progress", "epoch": 40, "step": 300, "loss": -13.675707591144633, "seconds": 518}
{"event": "epoch", "epoch": 40, "phase": "float", "loss": -14.778550859473732, "seconds": 13.843324601999939, "elapsed_seconds": 520.6343689599998, "learning_rate": 0.0005, "utterances": 770, "total_utterances": 770, "invalid_utterances": 0, "noisy_si_sdr": 6.016738904979767, "si_sdr": 13.666247318852355, "si_sdri": 7.649508413872588, "best_si_sdri": 7.719990941308689}
{"event": "progress", "epoch": 41, "step": 0, "loss": -13.46363999641644, "seconds": 521}
{"event": "progress", "epoch": 41, "step": 50, "loss": -13.998188639819645, "seconds": 523}
{"event": "progress", "epoch": 41, "step": 100, "loss": -15.048995770658557, "seconds": 525}
{"event": "progress", "epoch": 41, "step": 150, "loss": -15.9004990909823, "seconds": 526}
{"event": "progress", "epoch": 41, "step": 200, "loss": -16.602283043301988, "seconds": 528}
{"event": "progress", "epoch": 41, "step": 250, "loss": -14.728077997859831, "seconds": 530}
{"event": "progress", "epoch": 41, "step": 300, "loss": -17.94813590419954, "seconds": 531}
{"event": "epoch", "epoch": 41, "phase": "float", "loss": -14.808084199987801, "seconds": 13.84534970300001, "elapsed_seconds": 534.5001952510002, "learning_rate": 0.0005, "utterances": 770, "total_utterances": 770, "invalid_utterances": 0, "noisy_si_sdr": 6.016738904979767, "si_sdr": 13.790886485881527, "si_sdri": 7.77414758090176, "best_si_sdri": 7.77414758090176}
{"event": "progress", "epoch": 42, "step": 0, "loss": -14.916723477382357, "seconds": 535}
{"event": "progress", "epoch": 42, "step": 50, "loss": -14.591678525995851, "seconds": 537}
{"event": "progress", "epoch": 42, "step": 100, "loss": -14.908145012478604, "seconds": 538}
{"event": "progress", "epoch": 42, "step": 150, "loss": -16.27682746651789, "seconds": 540}
{"event": "progress", "epoch": 42, "step": 200, "loss": -15.343063155439552, "seconds": 542}
{"event": "progress", "epoch": 42, "step": 250, "loss": -16.893648471724244, "seconds": 543}
{"event": "progress", "epoch": 42, "step": 300, "loss": -14.922950573887324, "seconds": 545}
{"event": "epoch", "epoch": 42, "phase": "float", "loss": -14.786894121459103, "seconds": 13.733598230000098, "elapsed_seconds": 548.276378774, "learning_rate": 0.0005, "utterances": 770, "total_utterances": 770, "invalid_utterances": 0, "noisy_si_sdr": 6.016738904979767, "si_sdr": 13.700509178496114, "si_sdri": 7.683770273516347, "best_si_sdri": 7.77414758090176}
{"event": "progress", "epoch": 43, "step": 0, "loss": -15.603349856715177, "seconds": 549}
{"event": "progress", "epoch": 43, "step": 50, "loss": -14.084632834393574, "seconds": 550}
{"event": "progress", "epoch": 43, "step": 100, "loss": -13.91243751700177, "seconds": 552}
{"event": "progress", "epoch": 43, "step": 150, "loss": -13.859908190174236, "seconds": 554}
{"event": "progress", "epoch": 43, "step": 200, "loss": -14.402089602638572, "seconds": 555}
{"event": "progress", "epoch": 43, "step": 250, "loss": -15.949993507779746, "seconds": 557}
{"event": "progress", "epoch": 43, "step": 300, "loss": -14.033916648554143, "seconds": 559}
{"event": "epoch", "epoch": 43, "phase": "float", "loss": -14.855535141632943, "seconds": 13.776465618999737, "elapsed_seconds": 562.077142779, "learning_rate": 0.0005, "utterances": 770, "total_utterances": 770, "invalid_utterances": 0, "noisy_si_sdr": 6.016738904979767, "si_sdr": 13.717575832097612, "si_sdri": 7.700836927117846, "best_si_sdri": 7.77414758090176}
{"event": "progress", "epoch": 44, "step": 0, "loss": -14.193424115608194, "seconds": 562}
{"event": "progress", "epoch": 44, "step": 50, "loss": -16.086665081184186, "seconds": 564}
{"event": "progress", "epoch": 44, "step": 100, "loss": -14.563719361162542, "seconds": 566}
{"event": "progress", "epoch": 44, "step": 150, "loss": -15.856579311866977, "seconds": 567}
{"event": "progress", "epoch": 44, "step": 200, "loss": -14.529908408882756, "seconds": 569}
{"event": "progress", "epoch": 44, "step": 250, "loss": -13.734897814675966, "seconds": 571}
{"event": "progress", "epoch": 44, "step": 300, "loss": -15.531234259362304, "seconds": 573}
{"event": "epoch", "epoch": 44, "phase": "float", "loss": -14.778606152797778, "seconds": 13.618804949999685, "elapsed_seconds": 575.7247360430001, "learning_rate": 0.0005, "utterances": 770, "total_utterances": 770, "invalid_utterances": 0, "noisy_si_sdr": 6.016738904979767, "si_sdr": 13.77005360636751, "si_sdri": 7.75331470138774, "best_si_sdri": 7.77414758090176}
{"event": "progress", "epoch": 45, "step": 0, "loss": -16.81830250327629, "seconds": 576}
{"event": "progress", "epoch": 45, "step": 50, "loss": -12.043827405860593, "seconds": 578}
{"event": "progress", "epoch": 45, "step": 100, "loss": -15.054390252070046, "seconds": 579}
{"event": "progress", "epoch": 45, "step": 150, "loss": -13.997318914803905, "seconds": 581}
{"event": "progress", "epoch": 45, "step": 200, "loss": -13.174169015402756, "seconds": 583}
{"event": "progress", "epoch": 45, "step": 250, "loss": -14.637555475983397, "seconds": 585}
{"event": "progress", "epoch": 45, "step": 300, "loss": -16.25462750064431, "seconds": 587}
{"event": "epoch", "epoch": 45, "phase": "float", "loss": -14.816439453910165, "seconds": 13.732228454000051, "elapsed_seconds": 589.4798104470001, "learning_rate": 0.0005, "utterances": 770, "total_utterances": 770, "invalid_utterances": 0, "noisy_si_sdr": 6.016738904979767, "si_sdr": 13.70577590597352, "si_sdri": 7.6890370009937525, "best_si_sdri": 7.77414758090176}
{"event": "progress", "epoch": 46, "step": 0, "loss": -15.31408295304675, "seconds": 590}
{"event": "progress", "epoch": 46, "step": 50, "loss": -15.152991757963258, "seconds": 591}
{"event": "progress", "epoch": 46, "step": 100, "loss": -15.091288034528901, "seconds": 593}
{"event": "progress", "epoch": 46, "step": 150, "loss": -16.118925954302664, "seconds": 595}
{"event": "progress", "epoch": 46, "step": 200, "loss": -15.618251153429417, "seconds": 597}
{"event": "progress", "epoch": 46, "step": 250, "loss": -14.484647894931747, "seconds": 599}
{"event": "progress", "epoch": 46, "step": 300, "loss": -15.748815389425063, "seconds": 600}
{"event": "epoch", "epoch": 46, "phase": "float", "loss": -14.814594399612597, "seconds": 13.736547881000206, "elapsed_seconds": 603.2387214549999, "learning_rate": 0.00025, "utterances": 770, "total_utterances": 770, "invalid_utterances": 0, "noisy_si_sdr": 6.016738904979767, "si_sdr": 13.736187669478985, "si_sdri": 7.719448764499219, "best_si_sdri": 7.77414758090176}
{"event": "progress", "epoch": 47, "step": 0, "loss": -16.487546462748647, "seconds": 603}
{"event": "progress", "epoch": 47, "step": 50, "loss": -14.76811545392116, "seconds": 605}
{"event": "progress", "epoch": 47, "step": 100, "loss": -13.59934917317006, "seconds": 607}
{"event": "progress", "epoch": 47, "step": 150, "loss": -14.131617634362874, "seconds": 609}
{"event": "progress", "epoch": 47, "step": 200, "loss": -13.990695918055119, "seconds": 611}
{"event": "progress", "epoch": 47, "step": 250, "loss": -14.192088134234499, "seconds": 612}
{"event": "progress", "epoch": 47, "step": 300, "loss": -14.66162387693278, "seconds": 614}
{"event": "epoch", "epoch": 47, "phase": "float", "loss": -14.91342852911767, "seconds": 13.27192385799981, "elapsed_seconds": 616.5380247960002, "learning_rate": 0.00025, "utterances": 770, "total_utterances": 770, "invalid_utterances": 0, "noisy_si_sdr": 6.016738904979767, "si_sdr": 13.803842485056364, "si_sdri": 7.787103580076596, "best_si_sdri": 7.787103580076596}
{"event": "progress", "epoch": 48, "step": 0, "loss": -13.343822796871066, "seconds": 617}
{"event": "progress", "epoch": 48, "step": 50, "loss": -16.26843800905167, "seconds": 618}
{"event": "progress", "epoch": 48, "step": 100, "loss": -13.22448788523058, "seconds": 620}
{"event": "progress", "epoch": 48, "step": 150, "loss": -12.738441573795843, "seconds": 621}
{"event": "progress", "epoch": 48, "step": 200, "loss": -16.104304786596405, "seconds": 623}
{"event": "progress", "epoch": 48, "step": 250, "loss": -11.265067016183458, "seconds": 624}
{"event": "progress", "epoch": 48, "step": 300, "loss": -15.004505246163015, "seconds": 626}
{"event": "epoch", "epoch": 48, "phase": "float", "loss": -14.961634362831498, "seconds": 11.412689310999667, "elapsed_seconds": 627.9824395199998, "learning_rate": 0.00025, "utterances": 770, "total_utterances": 770, "invalid_utterances": 0, "noisy_si_sdr": 6.016738904979767, "si_sdr": 13.772690464181538, "si_sdri": 7.755951559201768, "best_si_sdri": 7.787103580076596}
{"event": "progress", "epoch": 49, "step": 0, "loss": -15.178984799362013, "seconds": 628}
{"event": "progress", "epoch": 49, "step": 50, "loss": -14.686797566139168, "seconds": 630}
{"event": "progress", "epoch": 49, "step": 100, "loss": -12.476644888084728, "seconds": 631}
{"event": "progress", "epoch": 49, "step": 150, "loss": -14.6641435988289, "seconds": 633}
{"event": "progress", "epoch": 49, "step": 200, "loss": -17.10817675954015, "seconds": 634}
{"event": "progress", "epoch": 49, "step": 250, "loss": -13.557637559846086, "seconds": 635}
{"event": "progress", "epoch": 49, "step": 300, "loss": -16.190684987275013, "seconds": 637}
{"event": "epoch", "epoch": 49, "phase": "float", "loss": -14.968699989944431, "seconds": 11.308172017000288, "elapsed_seconds": 639.3171835190001, "learning_rate": 0.00025, "utterances": 770, "total_utterances": 770, "invalid_utterances": 0, "noisy_si_sdr": 6.016738904979767, "si_sdr": 13.824589312965998, "si_sdri": 7.807850407986229, "best_si_sdri": 7.807850407986229}
{"event": "progress", "epoch": 50, "step": 0, "loss": -13.476685754917593, "seconds": 640}
{"event": "progress", "epoch": 50, "step": 50, "loss": -14.327309317296763, "seconds": 641}
{"event": "progress", "epoch": 50, "step": 100, "loss": -15.00056399403034, "seconds": 643}
{"event": "progress", "epoch": 50, "step": 150, "loss": -15.190450592745888, "seconds": 644}
{"event": "progress", "epoch": 50, "step": 200, "loss": -14.875510418866748, "seconds": 646}
{"event": "progress", "epoch": 50, "step": 250, "loss": -15.57044123429716, "seconds": 647}
{"event": "progress", "epoch": 50, "step": 300, "loss": -13.1717028172776, "seconds": 649}
{"event": "epoch", "epoch": 50, "phase": "float", "loss": -14.985809356478574, "seconds": 12.29438204500002, "elapsed_seconds": 651.6427774089998, "learning_rate": 0.00025, "utterances": 770, "total_utterances": 770, "invalid_utterances": 0, "noisy_si_sdr": 6.016738904979767, "si_sdr": 13.82602940617322, "si_sdri": 7.809290501193452, "best_si_sdri": 7.809290501193452}
{"event": "progress", "epoch": 51, "step": 0, "loss": -13.137111653372317, "seconds": 652}
{"event": "progress", "epoch": 51, "step": 50, "loss": -15.650038996848373, "seconds": 653}
{"event": "progress", "epoch": 51, "step": 100, "loss": -15.264547422283444, "seconds": 655}
{"event": "progress", "epoch": 51, "step": 150, "loss": -17.19842176477168, "seconds": 657}
{"event": "progress", "epoch": 51, "step": 200, "loss": -14.352757098133356, "seconds": 659}
{"event": "progress", "epoch": 51, "step": 250, "loss": -16.76778717986753, "seconds": 661}
{"event": "progress", "epoch": 51, "step": 300, "loss": -14.13738830735991, "seconds": 662}
{"event": "epoch", "epoch": 51, "phase": "float", "loss": -15.014788013753424, "seconds": 13.688478310999926, "elapsed_seconds": 665.370389832, "learning_rate": 0.00025, "utterances": 770, "total_utterances": 770, "invalid_utterances": 0, "noisy_si_sdr": 6.016738904979767, "si_sdr": 13.816453372947056, "si_sdri": 7.799714467967287, "best_si_sdri": 7.809290501193452}
{"event": "progress", "epoch": 52, "step": 0, "loss": -13.583758544011816, "seconds": 666}
{"event": "progress", "epoch": 52, "step": 50, "loss": -13.194776839297909, "seconds": 667}
{"event": "progress", "epoch": 52, "step": 100, "loss": -15.278919794114639, "seconds": 669}
{"event": "progress", "epoch": 52, "step": 150, "loss": -12.922825593882845, "seconds": 671}
{"event": "progress", "epoch": 52, "step": 200, "loss": -17.348527226751884, "seconds": 673}
{"event": "progress", "epoch": 52, "step": 250, "loss": -14.971287496319759, "seconds": 674}
{"event": "progress", "epoch": 52, "step": 300, "loss": -15.515777891262724, "seconds": 676}
{"event": "epoch", "epoch": 52, "phase": "float", "loss": -15.040875817702952, "seconds": 13.493797452999843, "elapsed_seconds": 678.8791494980001, "learning_rate": 0.00025, "utterances": 770, "total_utterances": 770, "invalid_utterances": 0, "noisy_si_sdr": 6.016738904979767, "si_sdr": 13.735848191064413, "si_sdri": 7.719109286084646, "best_si_sdri": 7.809290501193452}
{"event": "progress", "epoch": 53, "step": 0, "loss": -15.279620540897511, "seconds": 679}
{"event": "progress", "epoch": 53, "step": 50, "loss": -13.88866237360241, "seconds": 681}
{"event": "progress", "epoch": 53, "step": 100, "loss": -12.206404620037036, "seconds": 683}
{"event": "progress", "epoch": 53, "step": 150, "loss": -14.720785877744662, "seconds": 685}
{"event": "progress", "epoch": 53, "step": 200, "loss": -15.299418415035449, "seconds": 686}
{"event": "progress", "epoch": 53, "step": 250, "loss": -14.405890664925057, "seconds": 688}
{"event": "progress", "epoch": 53, "step": 300, "loss": -16.676711380739746, "seconds": 690}
{"event": "epoch", "epoch": 53, "phase": "float", "loss": -15.045083531131773, "seconds": 13.972094814999764, "elapsed_seconds": 692.8739162960001, "learning_rate": 0.00025, "utterances": 770, "total_utterances": 770, "invalid_utterances": 0, "noisy_si_sdr": 6.016738904979767, "si_sdr": 13.751685126020755, "si_sdri": 7.734946221040989, "best_si_sdri": 7.809290501193452}
{"event": "progress", "epoch": 54, "step": 0, "loss": -15.27972507098714, "seconds": 693}
{"event": "progress", "epoch": 54, "step": 50, "loss": -15.791628868498957, "seconds": 695}
{"event": "progress", "epoch": 54, "step": 100, "loss": -16.04611958668882, "seconds": 697}
{"event": "progress", "epoch": 54, "step": 150, "loss": -14.241035809977113, "seconds": 699}
{"event": "progress", "epoch": 54, "step": 200, "loss": -14.143671755758243, "seconds": 701}
{"event": "progress", "epoch": 54, "step": 250, "loss": -12.22947976345218, "seconds": 702}
{"event": "progress", "epoch": 54, "step": 300, "loss": -14.780009204771538, "seconds": 704}
{"event": "epoch", "epoch": 54, "phase": "float", "loss": -15.068211558215044, "seconds": 14.35899673899985, "elapsed_seconds": 707.2564674189998, "learning_rate": 0.00025, "utterances": 770, "total_utterances": 770, "invalid_utterances": 0, "noisy_si_sdr": 6.016738904979767, "si_sdr": 13.823213204780005, "si_sdri": 7.8064742998002385, "best_si_sdri": 7.809290501193452}
{"event": "progress", "epoch": 55, "step": 0, "loss": -16.018578990768862, "seconds": 708}
{"event": "progress", "epoch": 55, "step": 50, "loss": -14.934950553687719, "seconds": 710}
{"event": "progress", "epoch": 55, "step": 100, "loss": -14.210892975185331, "seconds": 711}
{"event": "progress", "epoch": 55, "step": 150, "loss": -17.81605488024078, "seconds": 713}
{"event": "progress", "epoch": 55, "step": 200, "loss": -14.430004022979265, "seconds": 715}
{"event": "progress", "epoch": 55, "step": 250, "loss": -12.211735968899685, "seconds": 717}
{"event": "progress", "epoch": 55, "step": 300, "loss": -16.021701032984275, "seconds": 719}
{"event": "epoch", "epoch": 55, "phase": "float", "loss": -15.112319753931773, "seconds": 15.523333105999882, "elapsed_seconds": 722.8077321400001, "learning_rate": 0.000125, "utterances": 770, "total_utterances": 770, "invalid_utterances": 0, "noisy_si_sdr": 6.016738904979767, "si_sdr": 13.815048052453696, "si_sdri": 7.798309147473929, "best_si_sdri": 7.809290501193452}
{"event": "progress", "epoch": 56, "step": 0, "loss": -13.987953443652756, "seconds": 723}
{"event": "progress", "epoch": 56, "step": 50, "loss": -13.683858922911618, "seconds": 725}
{"event": "progress", "epoch": 56, "step": 100, "loss": -17.054856626452192, "seconds": 727}
{"event": "progress", "epoch": 56, "step": 150, "loss": -15.434883102562317, "seconds": 729}
{"event": "progress", "epoch": 56, "step": 200, "loss": -14.713294529242056, "seconds": 731}
{"event": "progress", "epoch": 56, "step": 250, "loss": -15.208900940131981, "seconds": 733}
{"event": "progress", "epoch": 56, "step": 300, "loss": -15.731373897273407, "seconds": 735}
{"event": "epoch", "epoch": 56, "phase": "float", "loss": -15.00940239601649, "seconds": 15.389394632999938, "elapsed_seconds": 738.217604944, "learning_rate": 0.000125, "utterances": 770, "total_utterances": 770, "invalid_utterances": 0, "noisy_si_sdr": 6.016738904979767, "si_sdr": 13.841577043391982, "si_sdri": 7.824838138412215, "best_si_sdri": 7.824838138412215}
{"event": "progress", "epoch": 57, "step": 0, "loss": -16.34420811934657, "seconds": 738}
{"event": "progress", "epoch": 57, "step": 50, "loss": -15.681112206974365, "seconds": 740}
{"event": "progress", "epoch": 57, "step": 100, "loss": -15.023566726635357, "seconds": 742}
{"event": "progress", "epoch": 57, "step": 150, "loss": -15.99431019335836, "seconds": 744}
{"event": "progress", "epoch": 57, "step": 200, "loss": -15.273915913918497, "seconds": 746}
{"event": "progress", "epoch": 57, "step": 250, "loss": -15.877311235021185, "seconds": 748}
{"event": "progress", "epoch": 57, "step": 300, "loss": -16.281237566947127, "seconds": 750}
{"event": "epoch", "epoch": 57, "phase": "float", "loss": -15.148515717961706, "seconds": 15.468323254999632, "elapsed_seconds": 753.7343516729998, "learning_rate": 0.000125, "utterances": 770, "total_utterances": 770, "invalid_utterances": 0, "noisy_si_sdr": 6.016738904979767, "si_sdr": 13.788212933506165, "si_sdri": 7.771474028526396, "best_si_sdri": 7.824838138412215}
{"event": "progress", "epoch": 58, "step": 0, "loss": -14.278069852829107, "seconds": 754}
{"event": "progress", "epoch": 58, "step": 50, "loss": -15.607675625089087, "seconds": 756}
{"event": "progress", "epoch": 58, "step": 100, "loss": -14.620694211019664, "seconds": 758}
{"event": "progress", "epoch": 58, "step": 150, "loss": -15.214820577607185, "seconds": 760}
{"event": "progress", "epoch": 58, "step": 200, "loss": -12.723973767400816, "seconds": 762}
{"event": "progress", "epoch": 58, "step": 250, "loss": -16.707075974690802, "seconds": 764}
{"event": "progress", "epoch": 58, "step": 300, "loss": -14.664912821334017, "seconds": 766}
{"event": "epoch", "epoch": 58, "phase": "float", "loss": -15.080660307821859, "seconds": 15.229772115999822, "elapsed_seconds": 768.9802639119998, "learning_rate": 0.000125, "utterances": 770, "total_utterances": 770, "invalid_utterances": 0, "noisy_si_sdr": 6.016738904979767, "si_sdr": 13.796241260859466, "si_sdri": 7.779502355879697, "best_si_sdri": 7.824838138412215}
{"event": "progress", "epoch": 59, "step": 0, "loss": -14.856997091601382, "seconds": 769}
{"event": "progress", "epoch": 59, "step": 50, "loss": -17.4820682311682, "seconds": 771}
{"event": "progress", "epoch": 59, "step": 100, "loss": -16.24839102222497, "seconds": 773}
{"event": "progress", "epoch": 59, "step": 150, "loss": -15.153160849164225, "seconds": 775}
{"event": "progress", "epoch": 59, "step": 200, "loss": -12.743977876176842, "seconds": 777}
{"event": "progress", "epoch": 59, "step": 250, "loss": -16.23763867116967, "seconds": 779}
{"event": "progress", "epoch": 59, "step": 300, "loss": -14.595543526952659, "seconds": 781}
{"event": "epoch", "epoch": 59, "phase": "float", "loss": -15.202153939812183, "seconds": 15.281496785999934, "elapsed_seconds": 784.2889072439998, "learning_rate": 0.000125, "utterances": 770, "total_utterances": 770, "invalid_utterances": 0, "noisy_si_sdr": 6.016738904979767, "si_sdr": 13.804968143427457, "si_sdri": 7.7882292384476886, "best_si_sdri": 7.824838138412215}
{"event": "progress", "epoch": 60, "step": 0, "loss": -15.713050349898069, "seconds": 785}
{"event": "progress", "epoch": 60, "step": 50, "loss": -13.24307215695896, "seconds": 787}
{"event": "progress", "epoch": 60, "step": 100, "loss": -14.543075274158172, "seconds": 789}
{"event": "progress", "epoch": 60, "step": 150, "loss": -17.7831066048157, "seconds": 791}
{"event": "progress", "epoch": 60, "step": 200, "loss": -14.407163264903257, "seconds": 792}
{"event": "progress", "epoch": 60, "step": 250, "loss": -12.86454757170115, "seconds": 794}
{"event": "progress", "epoch": 60, "step": 300, "loss": -14.462339853763549, "seconds": 796}
{"event": "epoch", "epoch": 60, "phase": "float", "loss": -15.12394311008043, "seconds": 15.464679090000118, "elapsed_seconds": 799.77349684, "learning_rate": 0.000125, "utterances": 770, "total_utterances": 770, "invalid_utterances": 0, "noisy_si_sdr": 6.016738904979767, "si_sdr": 13.87037488114895, "si_sdri": 7.8536359761691825, "best_si_sdri": 7.8536359761691825}
{"event": "progress", "epoch": 61, "step": 0, "loss": -13.580533585339522, "seconds": 800}
{"event": "progress", "epoch": 61, "step": 50, "loss": -16.621331078456794, "seconds": 802}
{"event": "progress", "epoch": 61, "step": 100, "loss": -13.662928579580113, "seconds": 804}
{"event": "progress", "epoch": 61, "step": 150, "loss": -14.07599525986987, "seconds": 806}
{"event": "progress", "epoch": 61, "step": 200, "loss": -12.814898456689866, "seconds": 808}
{"event": "progress", "epoch": 61, "step": 250, "loss": -12.647871258413002, "seconds": 810}
{"event": "progress", "epoch": 61, "step": 300, "loss": -14.378020649661567, "seconds": 812}
{"event": "epoch", "epoch": 61, "phase": "float", "loss": -15.169046417770145, "seconds": 15.257522231000166, "elapsed_seconds": 815.0714185749998, "learning_rate": 0.000125, "utterances": 770, "total_utterances": 770, "invalid_utterances": 0, "noisy_si_sdr": 6.016738904979767, "si_sdr": 13.773573685581278, "si_sdri": 7.756834780601509, "best_si_sdri": 7.8536359761691825}
{"event": "progress", "epoch": 62, "step": 0, "loss": -15.729121179921567, "seconds": 815}
{"event": "progress", "epoch": 62, "step": 50, "loss": -13.81724948823754, "seconds": 817}
{"event": "progress", "epoch": 62, "step": 100, "loss": -13.090420345852996, "seconds": 819}
{"event": "progress", "epoch": 62, "step": 150, "loss": -13.542602220542904, "seconds": 821}
{"event": "progress", "epoch": 62, "step": 200, "loss": -18.57017451013852, "seconds": 823}
{"event": "progress", "epoch": 62, "step": 250, "loss": -15.60688422205794, "seconds": 825}
{"event": "progress", "epoch": 62, "step": 300, "loss": -14.92541324541656, "seconds": 827}
{"event": "epoch", "epoch": 62, "phase": "float", "loss": -15.158562137570783, "seconds": 15.40506898700005, "elapsed_seconds": 830.5013276919999, "learning_rate": 0.000125, "utterances": 770, "total_utterances": 770, "invalid_utterances": 0, "noisy_si_sdr": 6.016738904979767, "si_sdr": 13.845390087797595, "si_sdri": 7.828651182817826, "best_si_sdri": 7.8536359761691825}
{"event": "progress", "epoch": 63, "step": 0, "loss": -16.34597600688336, "seconds": 831}
{"event": "progress", "epoch": 63, "step": 50, "loss": -14.968005556896914, "seconds": 833}
{"event": "progress", "epoch": 63, "step": 100, "loss": -11.775353409051759, "seconds": 835}
{"event": "progress", "epoch": 63, "step": 150, "loss": -20.836019628538136, "seconds": 837}
{"event": "progress", "epoch": 63, "step": 200, "loss": -14.801695531522498, "seconds": 839}
{"event": "progress", "epoch": 63, "step": 250, "loss": -13.874552655535059, "seconds": 841}
{"event": "progress", "epoch": 63, "step": 300, "loss": -14.112315422381734, "seconds": 843}
{"event": "epoch", "epoch": 63, "phase": "float", "loss": -15.16687416708552, "seconds": 15.469116009000118, "elapsed_seconds": 846.0019038810001, "learning_rate": 0.000125, "utterances": 770, "total_utterances": 770, "invalid_utterances": 0, "noisy_si_sdr": 6.016738904979767, "si_sdr": 13.822713371676484, "si_sdri": 7.805974466696714, "best_si_sdri": 7.8536359761691825}
{"event": "progress", "epoch": 64, "step": 0, "loss": -14.42992406496011, "seconds": 846}
{"event": "progress", "epoch": 64, "step": 50, "loss": -13.92849232309472, "seconds": 848}
{"event": "progress", "epoch": 64, "step": 100, "loss": -15.403864388483214, "seconds": 850}
{"event": "progress", "epoch": 64, "step": 150, "loss": -16.6774098868745, "seconds": 852}
{"event": "progress", "epoch": 64, "step": 200, "loss": -14.807763945313772, "seconds": 854}
{"event": "progress", "epoch": 64, "step": 250, "loss": -13.75837901182378, "seconds": 856}
{"event": "progress", "epoch": 64, "step": 300, "loss": -16.139071210446797, "seconds": 858}
{"event": "epoch", "epoch": 64, "phase": "float", "loss": -15.106905002428459, "seconds": 14.816645915999743, "elapsed_seconds": 860.8409112609997, "learning_rate": 0.000125, "utterances": 770, "total_utterances": 770, "invalid_utterances": 0, "noisy_si_sdr": 6.016738904979767, "si_sdr": 13.840124862561169, "si_sdri": 7.8233859575814, "best_si_sdri": 7.8536359761691825}
{"event": "progress", "epoch": 65, "step": 0, "loss": -14.512490370875184, "seconds": 861}
{"event": "progress", "epoch": 65, "step": 50, "loss": -14.849259575753702, "seconds": 863}
{"event": "progress", "epoch": 65, "step": 100, "loss": -19.98839513326538, "seconds": 865}
{"event": "progress", "epoch": 65, "step": 150, "loss": -15.421728974587332, "seconds": 867}
{"event": "progress", "epoch": 65, "step": 200, "loss": -16.95761127922953, "seconds": 869}
{"event": "progress", "epoch": 65, "step": 250, "loss": -15.780373596522558, "seconds": 871}
{"event": "progress", "epoch": 65, "step": 300, "loss": -14.50955582967982, "seconds": 873}
{"event": "epoch", "epoch": 65, "phase": "float", "loss": -15.106655909934641, "seconds": 15.5282710270003, "elapsed_seconds": 876.3928377289999, "learning_rate": 6.25e-05, "utterances": 770, "total_utterances": 770, "invalid_utterances": 0, "noisy_si_sdr": 6.016738904979767, "si_sdr": 13.838190923240193, "si_sdri": 7.821452018260426, "best_si_sdri": 7.8536359761691825}
{"event": "progress", "epoch": 66, "step": 0, "loss": -15.308015737382355, "seconds": 877}
{"event": "progress", "epoch": 66, "step": 50, "loss": -16.027468226083023, "seconds": 879}
{"event": "progress", "epoch": 66, "step": 100, "loss": -15.092239778896587, "seconds": 880}
{"event": "progress", "epoch": 66, "step": 150, "loss": -14.005517626059149, "seconds": 883}
{"event": "progress", "epoch": 66, "step": 200, "loss": -13.34223972621418, "seconds": 885}
{"event": "progress", "epoch": 66, "step": 250, "loss": -14.910158194440847, "seconds": 887}
{"event": "progress", "epoch": 66, "step": 300, "loss": -17.788487676151334, "seconds": 888}
{"event": "epoch", "epoch": 66, "phase": "float", "loss": -15.167399456626827, "seconds": 15.414069359000223, "elapsed_seconds": 891.8321037330002, "learning_rate": 6.25e-05, "utterances": 770, "total_utterances": 770, "invalid_utterances": 0, "noisy_si_sdr": 6.016738904979767, "si_sdr": 13.867005325822259, "si_sdri": 7.850266420842493, "best_si_sdri": 7.8536359761691825}
{"event": "progress", "epoch": 67, "step": 0, "loss": -15.413443340231652, "seconds": 892}
{"event": "progress", "epoch": 67, "step": 50, "loss": -14.292405275439663, "seconds": 894}
{"event": "progress", "epoch": 67, "step": 100, "loss": -14.575065855405871, "seconds": 896}
{"event": "progress", "epoch": 67, "step": 150, "loss": -13.472876957495469, "seconds": 898}
{"event": "progress", "epoch": 67, "step": 200, "loss": -15.58867044059381, "seconds": 900}
{"event": "progress", "epoch": 67, "step": 250, "loss": -15.417673843884096, "seconds": 902}
{"event": "progress", "epoch": 67, "step": 300, "loss": -18.291660251525975, "seconds": 904}
{"event": "epoch", "epoch": 67, "phase": "float", "loss": -15.162168967015564, "seconds": 15.11941813600015, "elapsed_seconds": 906.9727883740002, "learning_rate": 6.25e-05, "utterances": 770, "total_utterances": 770, "invalid_utterances": 0, "noisy_si_sdr": 6.016738904979767, "si_sdr": 13.907248123149909, "si_sdri": 7.890509218170143, "best_si_sdri": 7.890509218170143}
{"event": "progress", "epoch": 68, "step": 0, "loss": -17.72747922939628, "seconds": 907}
{"event": "progress", "epoch": 68, "step": 50, "loss": -14.773460441190617, "seconds": 909}
{"event": "progress", "epoch": 68, "step": 100, "loss": -13.891371673855755, "seconds": 911}
{"event": "progress", "epoch": 68, "step": 150, "loss": -14.121984044215537, "seconds": 913}
{"event": "progress", "epoch": 68, "step": 200, "loss": -15.583509468981985, "seconds": 915}
{"event": "progress", "epoch": 68, "step": 250, "loss": -13.963174393815011, "seconds": 917}
{"event": "progress", "epoch": 68, "step": 300, "loss": -14.87477375721089, "seconds": 919}
{"event": "epoch", "epoch": 68, "phase": "float", "loss": -15.179049546206308, "seconds": 15.358835973000168, "elapsed_seconds": 922.392429129, "learning_rate": 6.25e-05, "utterances": 770, "total_utterances": 770, "invalid_utterances": 0, "noisy_si_sdr": 6.016738904979767, "si_sdr": 13.842181330696752, "si_sdri": 7.825442425716985, "best_si_sdri": 7.890509218170143}
{"event": "progress", "epoch": 69, "step": 0, "loss": -15.232814139784756, "seconds": 923}
{"event": "progress", "epoch": 69, "step": 50, "loss": -14.715455476670389, "seconds": 925}
{"event": "progress", "epoch": 69, "step": 100, "loss": -16.617038194966344, "seconds": 927}
{"event": "progress", "epoch": 69, "step": 150, "loss": -13.801188691948568, "seconds": 929}
{"event": "progress", "epoch": 69, "step": 200, "loss": -17.188902789467335, "seconds": 931}
{"event": "progress", "epoch": 69, "step": 250, "loss": -15.017802174527091, "seconds": 933}
{"event": "progress", "epoch": 69, "step": 300, "loss": -13.81084912234283, "seconds": 934}
{"event": "epoch", "epoch": 69, "phase": "float", "loss": -15.183775266669581, "seconds": 15.513345838000077, "elapsed_seconds": 937.9339771139998, "learning_rate": 6.25e-05, "utterances": 770, "total_utterances": 770, "invalid_utterances": 0, "noisy_si_sdr": 6.016738904979767, "si_sdr": 13.867452351225902, "si_sdri": 7.850713446246132, "best_si_sdri": 7.890509218170143}
{"event": "progress", "epoch": 70, "step": 0, "loss": -15.473481248206994, "seconds": 938}
{"event": "progress", "epoch": 70, "step": 50, "loss": -15.477579532972708, "seconds": 940}
{"event": "progress", "epoch": 70, "step": 100, "loss": -14.907554953622512, "seconds": 942}
{"event": "progress", "epoch": 70, "step": 150, "loss": -14.784238912735434, "seconds": 944}
{"event": "progress", "epoch": 70, "step": 200, "loss": -18.313658916958836, "seconds": 946}
{"event": "progress", "epoch": 70, "step": 250, "loss": -16.490613305166935, "seconds": 947}
{"event": "progress", "epoch": 70, "step": 300, "loss": -15.641047811609123, "seconds": 950}
{"event": "epoch", "epoch": 70, "phase": "float", "loss": -15.212997970348134, "seconds": 14.97634687999971, "elapsed_seconds": 952.9418905849998, "learning_rate": 6.25e-05, "utterances": 770, "total_utterances": 770, "invalid_utterances": 0, "noisy_si_sdr": 6.016738904979767, "si_sdr": 13.886293544325406, "si_sdri": 7.869554639345638, "best_si_sdri": 7.890509218170143}
{"event": "progress", "epoch": 71, "step": 0, "loss": -15.577318193955467, "seconds": 953}
{"event": "progress", "epoch": 71, "step": 50, "loss": -13.061965114744943, "seconds": 955}
{"event": "progress", "epoch": 71, "step": 100, "loss": -14.004367254324267, "seconds": 957}
{"event": "progress", "epoch": 71, "step": 150, "loss": -15.194193568122584, "seconds": 959}
{"event": "progress", "epoch": 71, "step": 200, "loss": -14.262114725508969, "seconds": 961}
{"event": "progress", "epoch": 71, "step": 250, "loss": -14.202321015304848, "seconds": 963}
{"event": "progress", "epoch": 71, "step": 300, "loss": -14.165832322835639, "seconds": 965}
{"event": "epoch", "epoch": 71, "phase": "float", "loss": -15.246722848760825, "seconds": 15.31378805500026, "elapsed_seconds": 968.2753808369998, "learning_rate": 6.25e-05, "utterances": 770, "total_utterances": 770, "invalid_utterances": 0, "noisy_si_sdr": 6.016738904979767, "si_sdr": 13.85738006672534, "si_sdri": 7.840641161745575, "best_si_sdri": 7.890509218170143}
{"event": "progress", "epoch": 72, "step": 0, "loss": -14.698064641657151, "seconds": 969}
{"event": "progress", "epoch": 72, "step": 50, "loss": -14.728487223448049, "seconds": 971}
{"event": "progress", "epoch": 72, "step": 100, "loss": -16.406576768458187, "seconds": 973}
{"event": "progress", "epoch": 72, "step": 150, "loss": -15.95104814357573, "seconds": 975}
{"event": "progress", "epoch": 72, "step": 200, "loss": -14.228984673121971, "seconds": 977}
{"event": "progress", "epoch": 72, "step": 250, "loss": -16.843787286478012, "seconds": 978}
{"event": "progress", "epoch": 72, "step": 300, "loss": -17.04443047165133, "seconds": 980}
{"event": "epoch", "epoch": 72, "phase": "float", "loss": -15.321505236027045, "seconds": 15.338386891000027, "elapsed_seconds": 983.63078228, "learning_rate": 3.125e-05, "utterances": 770, "total_utterances": 770, "invalid_utterances": 0, "noisy_si_sdr": 6.016738904979767, "si_sdr": 13.838838917668408, "si_sdri": 7.822100012688641, "best_si_sdri": 7.890509218170143}
{"event": "progress", "epoch": 73, "step": 0, "loss": -15.519923210290967, "seconds": 984}
{"event": "progress", "epoch": 73, "step": 50, "loss": -13.611414905046404, "seconds": 986}
{"event": "progress", "epoch": 73, "step": 100, "loss": -17.820398751277036, "seconds": 988}
{"event": "progress", "epoch": 73, "step": 150, "loss": -13.92490802670554, "seconds": 989}
{"event": "progress", "epoch": 73, "step": 200, "loss": -14.751641729061813, "seconds": 991}
{"event": "progress", "epoch": 73, "step": 250, "loss": -16.4379660152693, "seconds": 993}
{"event": "progress", "epoch": 73, "step": 300, "loss": -12.525147707597803, "seconds": 995}
{"event": "epoch", "epoch": 73, "phase": "float", "loss": -15.260026050850689, "seconds": 15.130223268000009, "elapsed_seconds": 998.7910408389998, "learning_rate": 3.125e-05, "utterances": 770, "total_utterances": 770, "invalid_utterances": 0, "noisy_si_sdr": 6.016738904979767, "si_sdr": 13.853723212576945, "si_sdri": 7.836984307597179, "best_si_sdri": 7.890509218170143}
{"event": "progress", "epoch": 74, "step": 0, "loss": -16.275960283693554, "seconds": 999}
{"event": "progress", "epoch": 74, "step": 50, "loss": -14.56790700006701, "seconds": 1001}
{"event": "progress", "epoch": 74, "step": 100, "loss": -16.47236384846444, "seconds": 1003}
{"event": "progress", "epoch": 74, "step": 150, "loss": -14.205563164589128, "seconds": 1005}
{"event": "progress", "epoch": 74, "step": 200, "loss": -15.661793062493503, "seconds": 1007}
{"event": "progress", "epoch": 74, "step": 250, "loss": -16.604931791577254, "seconds": 1009}
{"event": "progress", "epoch": 74, "step": 300, "loss": -16.862318322609077, "seconds": 1011}
{"event": "epoch", "epoch": 74, "phase": "float", "loss": -15.280555858543941, "seconds": 15.490458616999604, "elapsed_seconds": 1014.300443436, "learning_rate": 3.125e-05, "utterances": 770, "total_utterances": 770, "invalid_utterances": 0, "noisy_si_sdr": 6.016738904979767, "si_sdr": 13.876905180536395, "si_sdri": 7.860166275556627, "best_si_sdri": 7.890509218170143}
{"event": "progress", "epoch": 75, "step": 0, "loss": -14.330690574986086, "seconds": 1015}
{"event": "progress", "epoch": 75, "step": 50, "loss": -16.415623554367002, "seconds": 1016}
{"event": "progress", "epoch": 75, "step": 100, "loss": -15.847883436026597, "seconds": 1018}
{"event": "progress", "epoch": 75, "step": 150, "loss": -14.763329632707226, "seconds": 1020}
{"event": "progress", "epoch": 75, "step": 200, "loss": -14.377427333582311, "seconds": 1022}
{"event": "progress", "epoch": 75, "step": 250, "loss": -16.052990989379598, "seconds": 1024}
{"event": "progress", "epoch": 75, "step": 300, "loss": -13.577027182977382, "seconds": 1026}
{"event": "epoch", "epoch": 75, "phase": "float", "loss": -15.21466483837364, "seconds": 14.92376665599977, "elapsed_seconds": 1029.255896997, "learning_rate": 3.125e-05, "utterances": 770, "total_utterances": 770, "invalid_utterances": 0, "noisy_si_sdr": 6.016738904979767, "si_sdr": 13.84090136298881, "si_sdri": 7.824162458009044, "best_si_sdri": 7.890509218170143}
{"event": "progress", "epoch": 76, "step": 0, "loss": -14.7851959560533, "seconds": 1029}
{"event": "progress", "epoch": 76, "step": 50, "loss": -17.98048780857721, "seconds": 1031}
{"event": "progress", "epoch": 76, "step": 100, "loss": -14.575062576609593, "seconds": 1033}
{"event": "progress", "epoch": 76, "step": 150, "loss": -14.830309196510864, "seconds": 1035}
{"event": "progress", "epoch": 76, "step": 200, "loss": -14.902065063969138, "seconds": 1037}
{"event": "progress", "epoch": 76, "step": 250, "loss": -15.358516904244272, "seconds": 1039}
{"event": "progress", "epoch": 76, "step": 300, "loss": -14.018647111884267, "seconds": 1041}
{"event": "epoch", "epoch": 76, "phase": "float", "loss": -15.165631954485493, "seconds": 15.431848657000046, "elapsed_seconds": 1044.7060388649998, "learning_rate": 3.125e-05, "utterances": 770, "total_utterances": 770, "invalid_utterances": 0, "noisy_si_sdr": 6.016738904979767, "si_sdr": 13.863428476725291, "si_sdri": 7.846689571745522, "best_si_sdri": 7.890509218170143}
{"event": "progress", "epoch": 77, "step": 0, "loss": -14.442361338508086, "seconds": 1045}
{"event": "progress", "epoch": 77, "step": 50, "loss": -16.31710173051146, "seconds": 1047}
{"event": "progress", "epoch": 77, "step": 100, "loss": -14.25197412451544, "seconds": 1049}
{"event": "progress", "epoch": 77, "step": 150, "loss": -13.626490852179238, "seconds": 1051}
{"event": "progress", "epoch": 77, "step": 200, "loss": -14.671687674897132, "seconds": 1053}
{"event": "progress", "epoch": 77, "step": 250, "loss": -14.744751752673118, "seconds": 1055}
{"event": "progress", "epoch": 77, "step": 300, "loss": -15.739607367893765, "seconds": 1057}
{"event": "epoch", "epoch": 77, "phase": "float", "loss": -15.232692186392228, "seconds": 15.463135375999627, "elapsed_seconds": 1060.190770445, "learning_rate": 2e-05, "utterances": 770, "total_utterances": 770, "invalid_utterances": 0, "noisy_si_sdr": 6.016738904979767, "si_sdr": 13.865882659187944, "si_sdri": 7.8491437542081774, "best_si_sdri": 7.890509218170143}
{"event": "progress", "epoch": 78, "step": 0, "loss": -15.594023140576583, "seconds": 1060}
{"event": "progress", "epoch": 78, "step": 50, "loss": -16.06462737795305, "seconds": 1062}
{"event": "progress", "epoch": 78, "step": 100, "loss": -14.792781717842155, "seconds": 1064}
{"event": "progress", "epoch": 78, "step": 150, "loss": -18.38324610663707, "seconds": 1066}
{"event": "progress", "epoch": 78, "step": 200, "loss": -13.114652597254711, "seconds": 1068}
{"event": "progress", "epoch": 78, "step": 250, "loss": -15.934316822922266, "seconds": 1070}
{"event": "progress", "epoch": 78, "step": 300, "loss": -12.447667224843801, "seconds": 1072}
{"event": "epoch", "epoch": 78, "phase": "float", "loss": -15.278517802183401, "seconds": 14.99379104000036, "elapsed_seconds": 1075.209724803, "learning_rate": 2e-05, "utterances": 770, "total_utterances": 770, "invalid_utterances": 0, "noisy_si_sdr": 6.016738904979767, "si_sdr": 13.864476469271057, "si_sdri": 7.847737564291291, "best_si_sdri": 7.890509218170143}
{"event": "progress", "epoch": 79, "step": 0, "loss": -15.029765916450287, "seconds": 1075}
{"event": "progress", "epoch": 79, "step": 50, "loss": -14.896803980000167, "seconds": 1077}
{"event": "progress", "epoch": 79, "step": 100, "loss": -15.31999393711323, "seconds": 1079}
{"event": "progress", "epoch": 79, "step": 150, "loss": -13.818325193667263, "seconds": 1081}
{"event": "progress", "epoch": 79, "step": 200, "loss": -16.607226342466472, "seconds": 1083}
{"event": "progress", "epoch": 79, "step": 250, "loss": -15.665941120192278, "seconds": 1085}
{"event": "progress", "epoch": 79, "step": 300, "loss": -14.988708501845394, "seconds": 1087}
{"event": "epoch", "epoch": 79, "phase": "float", "loss": -15.25978357839462, "seconds": 15.189893715999915, "elapsed_seconds": 1090.4256907499998, "learning_rate": 2e-05, "utterances": 770, "total_utterances": 770, "invalid_utterances": 0, "noisy_si_sdr": 6.016738904979767, "si_sdr": 13.855342579217696, "si_sdri": 7.838603674237928, "best_si_sdri": 7.890509218170143}
{"event": "progress", "epoch": 80, "step": 0, "loss": -13.849447180858906, "seconds": 1091}
{"event": "progress", "epoch": 80, "step": 50, "loss": -15.773646328759291, "seconds": 1093}
{"event": "progress", "epoch": 80, "step": 100, "loss": -13.776299262589704, "seconds": 1095}
{"event": "progress", "epoch": 80, "step": 150, "loss": -13.5029216005104, "seconds": 1096}
{"event": "progress", "epoch": 80, "step": 200, "loss": -15.455835374856148, "seconds": 1098}
{"event": "progress", "epoch": 80, "step": 250, "loss": -15.677117437989361, "seconds": 1100}
{"event": "progress", "epoch": 80, "step": 300, "loss": -11.962694454578141, "seconds": 1102}
{"event": "epoch", "epoch": 80, "phase": "float", "loss": -15.31798915860239, "seconds": 15.264376018999883, "elapsed_seconds": 1105.7212054400002, "learning_rate": 2e-05, "utterances": 770, "total_utterances": 770, "invalid_utterances": 0, "noisy_si_sdr": 6.016738904979767, "si_sdr": 13.870439919725968, "si_sdri": 7.853701014746198, "best_si_sdri": 7.890509218170143}
{"event": "progress", "epoch": 81, "step": 0, "loss": -14.576804216182207, "seconds": 1106}
{"event": "progress", "epoch": 81, "step": 50, "loss": -17.288969271137777, "seconds": 1108}
{"event": "progress", "epoch": 81, "step": 100, "loss": -13.47136987491567, "seconds": 1110}
{"event": "progress", "epoch": 81, "step": 150, "loss": -14.900130465522523, "seconds": 1112}
{"event": "progress", "epoch": 81, "step": 200, "loss": -17.160867549119256, "seconds": 1114}
{"event": "progress", "epoch": 81, "step": 250, "loss": -15.872653153545457, "seconds": 1115}
{"event": "progress", "epoch": 81, "step": 300, "loss": -15.62645214187657, "seconds": 1117}
{"event": "epoch", "epoch": 81, "phase": "float", "loss": -15.210453688949848, "seconds": 14.798363594999955, "elapsed_seconds": 1120.5430119920002, "learning_rate": 2e-05, "utterances": 770, "total_utterances": 770, "invalid_utterances": 0, "noisy_si_sdr": 6.016738904979767, "si_sdr": 13.845929239136103, "si_sdri": 7.829190334156336, "best_si_sdri": 7.890509218170143}
{"event": "progress", "epoch": 82, "step": 0, "loss": -18.763054024756975, "seconds": 1121}
{"event": "progress", "epoch": 82, "step": 50, "loss": -15.304096131686922, "seconds": 1123}
{"event": "progress", "epoch": 82, "step": 100, "loss": -14.23979522250267, "seconds": 1125}
{"event": "progress", "epoch": 82, "step": 150, "loss": -12.478082406666692, "seconds": 1127}
{"event": "progress", "epoch": 82, "step": 200, "loss": -13.989079169603853, "seconds": 1129}
{"event": "progress", "epoch": 82, "step": 250, "loss": -15.877464494617247, "seconds": 1131}
{"event": "progress", "epoch": 82, "step": 300, "loss": -16.52921892645482, "seconds": 1133}
{"event": "epoch", "epoch": 82, "phase": "float", "loss": -15.207900498157477, "seconds": 15.37237554300009, "elapsed_seconds": 1135.936061331, "learning_rate": 2e-05, "utterances": 770, "total_utterances": 770, "invalid_utterances": 0, "noisy_si_sdr": 6.016738904979767, "si_sdr": 13.857136837439452, "si_sdri": 7.840397932459684, "best_si_sdri": 7.890509218170143}
{"event": "finished", "status": "early_stopped", "best_si_sdri": 7.890509218170143, "epoch": 82, "elapsed_hours": 0.3155428463413889}
