{"event": "start", "device": "cuda", "torch": "2.11.0+cu128", "model": {"learned_parameters": 84738, "convolution_weights": 83392, "macs_per_second": 5212000.0, "context_frames": 127, "neural_state_bytes_int8": 8064}, "model_kind": "spectral_tcn", "gpu": "NVIDIA L4", "test_used_for_selection": false, "selection_metric": "mean utterance SI-SDR improvement", "validation_is_partial": false, "calibration": null, "added_training_sources": null, "distillation": null, "resume_checkpoint_sha256": "db460fa6ddbadfd28660b72147ac13aa7e3de0db7ed825bae8d349610a5c1cf7", "manifest_sha256": {"train": "c0b9ea9aa7b13d30aadd30f76274f6b2f932d802ae85c55426c2c3e13a4a247c", "val": "c1e0ccf95766f1542da3e8eebc1cf33107ca6ecf3ccf59c7a2d8078c171f5668"}, "source_sha256": {"__init__.py": "8fa53a117dcac5ce5f496e7685d7f3a4af5c4ed2b87475e4ba888f9925b3a560", "comparison.py": "a72684d6697349141729ba28d1973dfdba7131e6bbc9e6684b91883b9f5c7350", "data.py": "1b755c38236483957f8ecc62a4923841aa33f3bd9c26e2a1de288ae5132f22f3", "development.py": "11b16e960701f64e5813b84e1f40e6be62d682777e04d683c4f671110ca70d44", "development_checkpoints.py": "fb642d243133f3deed2baaad3030100aa0e0d1501e27e00ec1b99847917c7d54", "distillation.py": "6e2b72d890afa061d9361e43587cfb446455bff94b4177f7afc76e23446758f7", "embedded.py": "a31581b4d7c51fd82488420fa7b7997605d056b0001b6582aeb852fe2e1022b2", "evaluate.py": "c2f71a72cf7ee5b1a7ef358af06db13f612d51ea66029c53c57b33e81f34c3e3", "export.py": "29f5148bbef5c7d64353566af2c1387ce17ec419164976e10517065b9cdebff6", "extra_data.py": "193cf8fd9d8704d040602ad00ba13b10d3ff61c06ffebe739a0acf72728979a3", "frequency_deep_filter.py": "7ef7b10ac56bf0dcec9a6f2cfb141cfd47514593ecf0c46e3a817146ee8a4dd9", "frequency_embedded.py": "04808d9e34f42e68a960be9476bb40303a6e897c5461a09413885029c256b6ee", "frequency_evaluate.py": "bdc5f29e7a49f1b3251b29257b68044c733eaa942802feb4e9d70db70c4699a6", "frequency_export.py": "947e8e06a6e4501d4d3e21305e7b903d433d28158ec6c79e2cde063e5eca33fe", "frequency_gru.py": "41e0f10b122e8afb588d08f7d5220257c9b9f4f8ea792749baa07cbf3f292632", "frequency_model.py": "68da4df1ae92084c1ca1dba91ccbc16be4731fa2561bd48bdac6117127f689f4", "frequency_normalization.py": "407ae0de89eeb9202fe4ef8389b6308112564b4a84665745e98f9883fb0cac90", "frequency_quantization.py": "4739cdcac4753e31465593d3372c11936048778db29da2debf2975a33a4de162", "losses.py": "5f0e7753d8c7d5e827bb58e688288bbb883322b1326b878ab826139734621753", "mask_diagnostics.py": "0e7b71ffd2de26d647c91091d90a6090fe4dda579cb34393f4ba8c78ac1a44c3", "metrics.py": "9832420689fcc6e27d02ef2c751f76ac86c17d9f9164864543bf7604826da2b5", "mixtures.py": "aa52046143db594b101027108f1e4cad1a5dbdbbcde717146155b2847a3eef7a", "model.py": "ae35b641f3dd1a58932a8675cc58cac0029c637dbb196c125b3ae560ad61482e", "models.py": "318d385563bb3606d9c5c18572de96249b396e902646446c8d6a4c0df1dc9273", "quality.py": "39cae6c04fb76d8493f4bf6bec12c99a01dee5a8a25402ded65dbdb90f311874", "quantization.py": "cb16d537edc4dbac1a378e0f3e33b8e614a956da0fe1dc469d386c911696d5c5", "runtime_cache.py": "8b0dc114256533810bddefe350d4bf57009dc69b75d42819ae1590c4ee0e7019", "train.py": "c87608f1df2cbb33c26dac41ee0c4de00177e02980444e396e481a8c5e9241bd", "warm_start.py": "1f4431725906167c03c1b2cebb0c4d69dd8585789cfe580df29fa399cafc6b4f"}, "train_utterances": 10802, "validation_utterances": 770, "train_speakers": ["p227", "p228", "p230", "p231", "p233", "p236", "p239", "p243", "p244", "p250", "p254", "p256", "p258", "p259", "p267", "p268", "p269", "p270", "p273", "p274", "p276", "p277", "p278", "p279", "p282", "p286"], "validation_speakers": ["p226", "p287"], "phase": "float"}
{"event": "initial_validation", "utterances": 770, "total_utterances": 770, "invalid_utterances": 0, "noisy_si_sdr": 6.016738904979767, "si_sdr": 13.955805941037585, "si_sdri": 7.9390670360578195}
{"event": "progress", "epoch": 1, "step": 0, "loss": -14.187562573118374, "seconds": 8}
{"event": "progress", "epoch": 1, "step": 50, "loss": -14.279427270130432, "seconds": 12}
{"event": "progress", "epoch": 1, "step": 100, "loss": -16.385161580990818, "seconds": 16}
{"event": "progress", "epoch": 1, "step": 150, "loss": -16.935383107136573, "seconds": 19}
{"event": "progress", "epoch": 1, "step": 200, "loss": -15.250375035966957, "seconds": 22}
{"event": "progress", "epoch": 1, "step": 250, "loss": -11.756892704163777, "seconds": 26}
{"event": "progress", "epoch": 1, "step": 300, "loss": -14.593280187287633, "seconds": 29}
{"event": "epoch", "epoch": 1, "phase": "float", "loss": -15.214804486540869, "seconds": 29.07779397700051, "elapsed_seconds": 36.16855403000045, "learning_rate": 0.0002, "utterances": 770, "total_utterances": 770, "invalid_utterances": 0, "noisy_si_sdr": 6.016738904979767, "si_sdr": 13.888017607625793, "si_sdri": 7.871278702646026, "best_si_sdri": 7.9390670360578195}
{"event": "progress", "epoch": 2, "step": 0, "loss": -15.708865689011743, "seconds": 36}
{"event": "progress", "epoch": 2, "step": 50, "loss": -14.937786968575825, "seconds": 40}
{"event": "progress", "epoch": 2, "step": 100, "loss": -16.81817937661983, "seconds": 44}
{"event": "progress", "epoch": 2, "step": 150, "loss": -13.81933220449185, "seconds": 48}
{"event": "progress", "epoch": 2, "step": 200, "loss": -14.4108367629141, "seconds": 51}
{"event": "progress", "epoch": 2, "step": 250, "loss": -13.872608101831347, "seconds": 55}
{"event": "progress", "epoch": 2, "step": 300, "loss": -14.57025522561915, "seconds": 58}
{"event": "epoch", "epoch": 2, "phase": "float", "loss": -15.144791478102773, "seconds": 28.89932883199981, "elapsed_seconds": 65.08322404899991, "learning_rate": 0.0002, "utterances": 770, "total_utterances": 770, "invalid_utterances": 0, "noisy_si_sdr": 6.016738904979767, "si_sdr": 13.903250511849729, "si_sdri": 7.886511606869962, "best_si_sdri": 7.9390670360578195}
{"event": "progress", "epoch": 3, "step": 0, "loss": -14.968490771425103, "seconds": 65}
{"event": "progress", "epoch": 3, "step": 50, "loss": -15.23997028429185, "seconds": 69}
{"event": "progress", "epoch": 3, "step": 100, "loss": -14.202871375438102, "seconds": 73}
{"event": "progress", "epoch": 3, "step": 150, "loss": -14.781123081930279, "seconds": 76}
{"event": "progress", "epoch": 3, "step": 200, "loss": -14.471373747947567, "seconds": 80}
{"event": "progress", "epoch": 3, "step": 250, "loss": -15.094590965005839, "seconds": 83}
{"event": "progress", "epoch": 3, "step": 300, "loss": -16.34096371642546, "seconds": 86}
{"event": "epoch", "epoch": 3, "phase": "float", "loss": -15.13856404584896, "seconds": 27.926396367999587, "elapsed_seconds": 93.02125333100048, "learning_rate": 0.0002, "utterances": 770, "total_utterances": 770, "invalid_utterances": 0, "noisy_si_sdr": 6.016738904979767, "si_sdr": 13.96258209921523, "si_sdri": 7.945843194235465, "best_si_sdri": 7.945843194235465}
{"event": "progress", "epoch": 4, "step": 0, "loss": -14.278993944610786, "seconds": 93}
{"event": "progress", "epoch": 4, "step": 50, "loss": -19.522091350822205, "seconds": 97}
{"event": "progress", "epoch": 4, "step": 100, "loss": -15.555125538474847, "seconds": 101}
{"event": "progress", "epoch": 4, "step": 150, "loss": -13.515772387895055, "seconds": 104}
{"event": "progress", "epoch": 4, "step": 200, "loss": -13.742429297460244, "seconds": 108}
{"event": "progress", "epoch": 4, "step": 250, "loss": -15.439549150187407, "seconds": 112}
{"event": "progress", "epoch": 4, "step": 300, "loss": -14.456854623421172, "seconds": 116}
{"event": "epoch", "epoch": 4, "phase": "float", "loss": -15.237312765175977, "seconds": 29.016789573001006, "elapsed_seconds": 122.07365746600044, "learning_rate": 0.0002, "utterances": 770, "total_utterances": 770, "invalid_utterances": 0, "noisy_si_sdr": 6.016738904979767, "si_sdr": 13.887623968084027, "si_sdri": 7.870885063104258, "best_si_sdri": 7.945843194235465}
{"event": "progress", "epoch": 5, "step": 0, "loss": -16.36150347674467, "seconds": 122}
{"event": "progress", "epoch": 5, "step": 50, "loss": -15.999539376808318, "seconds": 126}
{"event": "progress", "epoch": 5, "step": 100, "loss": -13.406709450414484, "seconds": 130}
{"event": "progress", "epoch": 5, "step": 150, "loss": -12.731160090665117, "seconds": 133}
{"event": "progress", "epoch": 5, "step": 200, "loss": -13.861907221492112, "seconds": 137}
{"event": "progress", "epoch": 5, "step": 250, "loss": -15.839811623039132, "seconds": 140}
{"event": "progress", "epoch": 5, "step": 300, "loss": -15.011129343792092, "seconds": 144}
{"event": "epoch", "epoch": 5, "phase": "float", "loss": -15.065995171718384, "seconds": 27.86822051799936, "elapsed_seconds": 149.95548448800037, "learning_rate": 0.0002, "utterances": 770, "total_utterances": 770, "invalid_utterances": 0, "noisy_si_sdr": 6.016738904979767, "si_sdr": 13.917879037617285, "si_sdri": 7.901140132637518, "best_si_sdri": 7.945843194235465}
{"event": "progress", "epoch": 6, "step": 0, "loss": -14.693701729883502, "seconds": 150}
{"event": "progress", "epoch": 6, "step": 50, "loss": -13.425081047754675, "seconds": 154}
{"event": "progress", "epoch": 6, "step": 100, "loss": -16.31476977162508, "seconds": 158}
{"event": "progress", "epoch": 6, "step": 150, "loss": -14.81842056392125, "seconds": 161}
{"event": "progress", "epoch": 6, "step": 200, "loss": -14.653573004552172, "seconds": 165}
{"event": "progress", "epoch": 6, "step": 250, "loss": -14.488343796526248, "seconds": 169}
{"event": "progress", "epoch": 6, "step": 300, "loss": -14.769929931682938, "seconds": 173}
{"event": "epoch", "epoch": 6, "phase": "float", "loss": -15.030644082453133, "seconds": 29.920616864001204, "elapsed_seconds": 179.89702951300023, "learning_rate": 0.0002, "utterances": 770, "total_utterances": 770, "invalid_utterances": 0, "noisy_si_sdr": 6.016738904979767, "si_sdr": 13.91754164790031, "si_sdri": 7.900802742920542, "best_si_sdri": 7.945843194235465}
{"event": "progress", "epoch": 7, "step": 0, "loss": -15.207325951105098, "seconds": 180}
{"event": "progress", "epoch": 7, "step": 50, "loss": -15.37867711968433, "seconds": 183}
{"event": "progress", "epoch": 7, "step": 100, "loss": -15.253621883679038, "seconds": 187}
{"event": "progress", "epoch": 7, "step": 150, "loss": -14.383128445269051, "seconds": 191}
{"event": "progress", "epoch": 7, "step": 200, "loss": -14.500610145088269, "seconds": 194}
{"event": "progress", "epoch": 7, "step": 250, "loss": -15.069826777411809, "seconds": 198}
{"event": "progress", "epoch": 7, "step": 300, "loss": -16.017285798024965, "seconds": 201}
{"event": "epoch", "epoch": 7, "phase": "float", "loss": -15.10470946345702, "seconds": 28.13325482399887, "elapsed_seconds": 208.0427932170005, "learning_rate": 0.0002, "utterances": 770, "total_utterances": 770, "invalid_utterances": 0, "noisy_si_sdr": 6.016738904979767, "si_sdr": 13.88735013237454, "si_sdri": 7.8706112273947735, "best_si_sdri": 7.945843194235465}
{"event": "progress", "epoch": 8, "step": 0, "loss": -14.931277329912174, "seconds": 208}
{"event": "progress", "epoch": 8, "step": 50, "loss": -15.95501299379089, "seconds": 212}
{"event": "progress", "epoch": 8, "step": 100, "loss": -16.30044667653698, "seconds": 215}
{"event": "progress", "epoch": 8, "step": 150, "loss": -15.055131167933322, "seconds": 219}
{"event": "progress", "epoch": 8, "step": 200, "loss": -13.987881718537762, "seconds": 222}
{"event": "progress", "epoch": 8, "step": 250, "loss": -16.430820183967136, "seconds": 226}
{"event": "progress", "epoch": 8, "step": 300, "loss": -13.57516363170255, "seconds": 230}
{"event": "epoch", "epoch": 8, "phase": "float", "loss": -15.193216088412308, "seconds": 28.865475318998506, "elapsed_seconds": 236.9198354830005, "learning_rate": 0.0001, "utterances": 770, "total_utterances": 770, "invalid_utterances": 0, "noisy_si_sdr": 6.016738904979767, "si_sdr": 13.933271128692326, "si_sdri": 7.91653222371256, "best_si_sdri": 7.945843194235465}
{"event": "progress", "epoch": 9, "step": 0, "loss": -14.773554239409021, "seconds": 237}
{"event": "progress", "epoch": 9, "step": 50, "loss": -13.134081510892091, "seconds": 241}
{"event": "progress", "epoch": 9, "step": 100, "loss": -14.681317017023058, "seconds": 244}
{"event": "progress", "epoch": 9, "step": 150, "loss": -13.113461872928053, "seconds": 248}
{"event": "progress", "epoch": 9, "step": 200, "loss": -14.972285154231223, "seconds": 251}
{"event": "progress", "epoch": 9, "step": 250, "loss": -16.86747039106175, "seconds": 255}
{"event": "progress", "epoch": 9, "step": 300, "loss": -13.421000992858296, "seconds": 259}
{"event": "epoch", "epoch": 9, "phase": "float", "loss": -15.204988717926275, "seconds": 28.185131350999654, "elapsed_seconds": 265.1226335070005, "learning_rate": 0.0001, "utterances": 770, "total_utterances": 770, "invalid_utterances": 0, "noisy_si_sdr": 6.016738904979767, "si_sdr": 13.928031576551453, "si_sdri": 7.911292671571684, "best_si_sdri": 7.945843194235465}
{"event": "progress", "epoch": 10, "step": 0, "loss": -16.281671534622316, "seconds": 265}
{"event": "progress", "epoch": 10, "step": 50, "loss": -14.053780743785897, "seconds": 269}
{"event": "progress", "epoch": 10, "step": 100, "loss": -14.157548689927538, "seconds": 273}
{"event": "progress", "epoch": 10, "step": 150, "loss": -14.906664896525456, "seconds": 276}
{"event": "progress", "epoch": 10, "step": 200, "loss": -15.495932662771374, "seconds": 280}
{"event": "progress", "epoch": 10, "step": 250, "loss": -17.825584196836953, "seconds": 283}
{"event": "progress", "epoch": 10, "step": 300, "loss": -14.876866579072054, "seconds": 287}
{"event": "epoch", "epoch": 10, "phase": "float", "loss": -15.211653391899814, "seconds": 29.090399624999918, "elapsed_seconds": 294.2247822469999, "learning_rate": 0.0001, "utterances": 770, "total_utterances": 770, "invalid_utterances": 0, "noisy_si_sdr": 6.016738904979767, "si_sdr": 13.923461645583851, "si_sdri": 7.906722740604081, "best_si_sdri": 7.945843194235465}
{"event": "progress", "epoch": 11, "step": 0, "loss": -15.297818115275465, "seconds": 294}
{"event": "progress", "epoch": 11, "step": 50, "loss": -15.831691569612168, "seconds": 298}
{"event": "progress", "epoch": 11, "step": 100, "loss": -15.219160594515523, "seconds": 302}
{"event": "progress", "epoch": 11, "step": 150, "loss": -13.597366065052235, "seconds": 306}
{"event": "progress", "epoch": 11, "step": 200, "loss": -16.28229542629451, "seconds": 309}
{"event": "progress", "epoch": 11, "step": 250, "loss": -14.487610633771748, "seconds": 312}
{"event": "progress", "epoch": 11, "step": 300, "loss": -15.140900062665875, "seconds": 316}
{"event": "epoch", "epoch": 11, "phase": "float", "loss": -15.298005436897439, "seconds": 27.816289774000325, "elapsed_seconds": 322.06218158199954, "learning_rate": 0.0001, "utterances": 770, "total_utterances": 770, "invalid_utterances": 0, "noisy_si_sdr": 6.016738904979767, "si_sdr": 13.9041195167063, "si_sdri": 7.887380611726532, "best_si_sdri": 7.945843194235465}
{"event": "progress", "epoch": 12, "step": 0, "loss": -14.148928845989422, "seconds": 322}
{"event": "progress", "epoch": 12, "step": 50, "loss": -15.095342921919286, "seconds": 326}
{"event": "progress", "epoch": 12, "step": 100, "loss": -15.358721070530663, "seconds": 330}
{"event": "progress", "epoch": 12, "step": 150, "loss": -16.54104668518953, "seconds": 333}
{"event": "progress", "epoch": 12, "step": 200, "loss": -16.510639040280267, "seconds": 337}
{"event": "progress", "epoch": 12, "step": 250, "loss": -15.046947848170017, "seconds": 340}
{"event": "progress", "epoch": 12, "step": 300, "loss": -14.381052509560952, "seconds": 344}
{"event": "epoch", "epoch": 12, "phase": "float", "loss": -15.137097928980737, "seconds": 29.097096317998876, "elapsed_seconds": 351.1829096170004, "learning_rate": 0.0001, "utterances": 770, "total_utterances": 770, "invalid_utterances": 0, "noisy_si_sdr": 6.016738904979767, "si_sdr": 13.948324985218845, "si_sdri": 7.931586080239079, "best_si_sdri": 7.945843194235465}
{"event": "progress", "epoch": 13, "step": 0, "loss": -15.527258981415791, "seconds": 351}
{"event": "progress", "epoch": 13, "step": 50, "loss": -19.321240087146926, "seconds": 355}
{"event": "progress", "epoch": 13, "step": 100, "loss": -18.10242185881399, "seconds": 359}
{"event": "progress", "epoch": 13, "step": 150, "loss": -16.6714461503463, "seconds": 363}
{"event": "progress", "epoch": 13, "step": 200, "loss": -15.531218096738979, "seconds": 366}
{"event": "progress", "epoch": 13, "step": 250, "loss": -13.461025553631373, "seconds": 369}
{"event": "progress", "epoch": 13, "step": 300, "loss": -15.254286737152608, "seconds": 373}
{"event": "epoch", "epoch": 13, "phase": "float", "loss": -15.261142294289993, "seconds": 27.803181153998594, "elapsed_seconds": 379.0061621599998, "learning_rate": 5e-05, "utterances": 770, "total_utterances": 770, "invalid_utterances": 0, "noisy_si_sdr": 6.016738904979767, "si_sdr": 13.923906107647385, "si_sdri": 7.907167202667617, "best_si_sdri": 7.945843194235465}
{"event": "progress", "epoch": 14, "step": 0, "loss": -13.811419787377533, "seconds": 379}
{"event": "progress", "epoch": 14, "step": 50, "loss": -15.333629603760947, "seconds": 383}
{"event": "progress", "epoch": 14, "step": 100, "loss": -14.475391685145492, "seconds": 387}
{"event": "progress", "epoch": 14, "step": 150, "loss": -13.411761063159124, "seconds": 390}
{"event": "progress", "epoch": 14, "step": 200, "loss": -14.565279667040187, "seconds": 394}
{"event": "progress", "epoch": 14, "step": 250, "loss": -16.32439829850063, "seconds": 398}
{"event": "progress", "epoch": 14, "step": 300, "loss": -15.732363641107622, "seconds": 401}
{"event": "epoch", "epoch": 14, "phase": "float", "loss": -15.317858834337539, "seconds": 28.97963215099844, "elapsed_seconds": 407.9993156679993, "learning_rate": 5e-05, "utterances": 770, "total_utterances": 770, "invalid_utterances": 0, "noisy_si_sdr": 6.016738904979767, "si_sdr": 13.894275870243174, "si_sdri": 7.877536965263406, "best_si_sdri": 7.945843194235465}
{"event": "progress", "epoch": 15, "step": 0, "loss": -15.451798468205684, "seconds": 408}
{"event": "progress", "epoch": 15, "step": 50, "loss": -16.175897614048946, "seconds": 412}
{"event": "progress", "epoch": 15, "step": 100, "loss": -15.765107707285473, "seconds": 416}
{"event": "progress", "epoch": 15, "step": 150, "loss": -17.630078113384844, "seconds": 419}
{"event": "progress", "epoch": 15, "step": 200, "loss": -17.36417326703755, "seconds": 423}
{"event": "progress", "epoch": 15, "step": 250, "loss": -16.1309325074767, "seconds": 427}
{"event": "progress", "epoch": 15, "step": 300, "loss": -13.623329536459794, "seconds": 430}
{"event": "epoch", "epoch": 15, "phase": "float", "loss": -15.254420223294618, "seconds": 27.99032479499874, "elapsed_seconds": 436.00683176500024, "learning_rate": 5e-05, "utterances": 770, "total_utterances": 770, "invalid_utterances": 0, "noisy_si_sdr": 6.016738904979767, "si_sdr": 13.942293817197022, "si_sdri": 7.9255549122172555, "best_si_sdri": 7.945843194235465}
{"event": "progress", "epoch": 16, "step": 0, "loss": -15.254452267041222, "seconds": 436}
{"event": "progress", "epoch": 16, "step": 50, "loss": -14.87515379101363, "seconds": 440}
{"event": "progress", "epoch": 16, "step": 100, "loss": -13.354894398488618, "seconds": 444}
{"event": "progress", "epoch": 16, "step": 150, "loss": -13.73432441404302, "seconds": 448}
{"event": "progress", "epoch": 16, "step": 200, "loss": -13.996516899432837, "seconds": 451}
{"event": "progress", "epoch": 16, "step": 250, "loss": -16.466644389055944, "seconds": 455}
{"event": "progress", "epoch": 16, "step": 300, "loss": -16.322374881376263, "seconds": 459}
