{"event": "start", "device": "cuda", "torch": "2.11.0+cu128", "model": {"learned_parameters": 632322, "convolution_weights": 628480, "macs_per_second": 39280000.0, "context_frames": 127, "neural_state_bytes_int8": 32256}, "gpu": "NVIDIA L4", "test_used_for_selection": false, "selection_metric": "mean utterance SI-SDR improvement", "validation_is_partial": false, "calibration": null, "train_utterances": 10802, "validation_utterances": 770, "train_speakers": ["p227", "p228", "p230", "p231", "p233", "p236", "p239", "p243", "p244", "p250", "p254", "p256", "p258", "p259", "p267", "p268", "p269", "p270", "p273", "p274", "p276", "p277", "p278", "p279", "p282", "p286"], "validation_speakers": ["p226", "p287"], "phase": "float"}
{"event": "initial_validation", "utterances": 770, "total_utterances": 770, "invalid_utterances": 0, "noisy_si_sdr": 6.016738904979767, "si_sdr": 6.016738687284277, "si_sdri": -2.176954912763959e-07}
{"event": "progress", "epoch": 1, "step": 0, "loss": -7.436436621088023, "seconds": 3}
{"event": "progress", "epoch": 1, "step": 50, "loss": -10.284570464181062, "seconds": 4}
{"event": "progress", "epoch": 1, "step": 100, "loss": -12.463999175079987, "seconds": 5}
{"event": "progress", "epoch": 1, "step": 150, "loss": -13.293361714549086, "seconds": 6}
{"event": "progress", "epoch": 1, "step": 200, "loss": -12.260118759923643, "seconds": 7}
{"event": "progress", "epoch": 1, "step": 250, "loss": -9.003624624684251, "seconds": 8}
{"event": "progress", "epoch": 1, "step": 300, "loss": -11.739437447908859, "seconds": 10}
{"event": "epoch", "epoch": 1, "phase": "float", "loss": -11.545229820135393, "seconds": 9.327683689999958, "elapsed_seconds": 11.442762164000214, "learning_rate": 0.001, "utterances": 770, "total_utterances": 770, "invalid_utterances": 0, "noisy_si_sdr": 6.016738904979767, "si_sdr": 12.113629587881814, "si_sdri": 6.096890682902045, "best_si_sdri": 6.096890682902045}
{"event": "progress", "epoch": 2, "step": 0, "loss": -13.435407134532893, "seconds": 12}
{"event": "progress", "epoch": 2, "step": 50, "loss": -12.089491903257231, "seconds": 13}
{"event": "progress", "epoch": 2, "step": 100, "loss": -14.479699095605095, "seconds": 14}
{"event": "progress", "epoch": 2, "step": 150, "loss": -12.101881515406253, "seconds": 15}
{"event": "progress", "epoch": 2, "step": 200, "loss": -12.474764062944597, "seconds": 17}
{"event": "progress", "epoch": 2, "step": 250, "loss": -11.729810430141086, "seconds": 18}
{"event": "progress", "epoch": 2, "step": 300, "loss": -12.947378086791108, "seconds": 19}
{"event": "epoch", "epoch": 2, "phase": "float", "loss": -12.771693839017635, "seconds": 9.633702771000117, "elapsed_seconds": 21.1247833110001, "learning_rate": 0.001, "utterances": 770, "total_utterances": 770, "invalid_utterances": 0, "noisy_si_sdr": 6.016738904979767, "si_sdr": 12.604271000797889, "si_sdri": 6.587532095818121, "best_si_sdri": 6.587532095818121}
{"event": "progress", "epoch": 3, "step": 0, "loss": -12.882344538890518, "seconds": 21}
{"event": "progress", "epoch": 3, "step": 50, "loss": -13.765908454729173, "seconds": 22}
{"event": "progress", "epoch": 3, "step": 100, "loss": -12.170649945068496, "seconds": 24}
{"event": "progress", "epoch": 3, "step": 150, "loss": -12.227112316356997, "seconds": 25}
{"event": "progress", "epoch": 3, "step": 200, "loss": -13.150617532514435, "seconds": 26}
{"event": "progress", "epoch": 3, "step": 250, "loss": -13.078019743646898, "seconds": 27}
{"event": "progress", "epoch": 3, "step": 300, "loss": -14.377503266749812, "seconds": 28}
{"event": "epoch", "epoch": 3, "phase": "float", "loss": -13.266317616115042, "seconds": 9.210352548000174, "elapsed_seconds": 30.38516855600028, "learning_rate": 0.001, "utterances": 770, "total_utterances": 770, "invalid_utterances": 0, "noisy_si_sdr": 6.016738904979767, "si_sdr": 12.93492110207537, "si_sdri": 6.918182197095601, "best_si_sdri": 6.918182197095601}
{"event": "progress", "epoch": 4, "step": 0, "loss": -12.885509255476641, "seconds": 31}
{"event": "progress", "epoch": 4, "step": 50, "loss": -16.212424564065486, "seconds": 32}
{"event": "progress", "epoch": 4, "step": 100, "loss": -13.930094239254721, "seconds": 33}
{"event": "progress", "epoch": 4, "step": 150, "loss": -11.692957832426133, "seconds": 34}
{"event": "progress", "epoch": 4, "step": 200, "loss": -12.53058151272722, "seconds": 35}
{"event": "progress", "epoch": 4, "step": 250, "loss": -14.03743753041977, "seconds": 36}
{"event": "progress", "epoch": 4, "step": 300, "loss": -13.453219057335579, "seconds": 37}
{"event": "epoch", "epoch": 4, "phase": "float", "loss": -13.667374520815162, "seconds": 8.898150360999807, "elapsed_seconds": 39.32906948000027, "learning_rate": 0.001, "utterances": 770, "total_utterances": 770, "invalid_utterances": 0, "noisy_si_sdr": 6.016738904979767, "si_sdr": 13.069417533550958, "si_sdri": 7.052678628571189, "best_si_sdri": 7.052678628571189}
{"event": "progress", "epoch": 5, "step": 0, "loss": -14.955544481066184, "seconds": 40}
{"event": "progress", "epoch": 5, "step": 50, "loss": -14.402245114301417, "seconds": 41}
{"event": "progress", "epoch": 5, "step": 100, "loss": -12.55749428304006, "seconds": 42}
{"event": "progress", "epoch": 5, "step": 150, "loss": -11.772680989239127, "seconds": 43}
{"event": "progress", "epoch": 5, "step": 200, "loss": -12.956528304543205, "seconds": 44}
{"event": "progress", "epoch": 5, "step": 250, "loss": -14.641473868656336, "seconds": 45}
{"event": "progress", "epoch": 5, "step": 300, "loss": -13.786198420929944, "seconds": 46}
{"event": "epoch", "epoch": 5, "phase": "float", "loss": -13.836347884200908, "seconds": 8.507017038999948, "elapsed_seconds": 47.88303825999992, "learning_rate": 0.001, "utterances": 770, "total_utterances": 770, "invalid_utterances": 0, "noisy_si_sdr": 6.016738904979767, "si_sdr": 13.31698665592808, "si_sdri": 7.30024775094831, "best_si_sdri": 7.30024775094831}
{"event": "progress", "epoch": 6, "step": 0, "loss": -13.824295643400788, "seconds": 48}
{"event": "progress", "epoch": 6, "step": 50, "loss": -12.534311193694924, "seconds": 49}
{"event": "progress", "epoch": 6, "step": 100, "loss": -14.92286276100107, "seconds": 50}
{"event": "progress", "epoch": 6, "step": 150, "loss": -14.157620987582003, "seconds": 52}
{"event": "progress", "epoch": 6, "step": 200, "loss": -13.567372249846677, "seconds": 53}
{"event": "progress", "epoch": 6, "step": 250, "loss": -13.711958154963533, "seconds": 54}
{"event": "progress", "epoch": 6, "step": 300, "loss": -14.13372353758362, "seconds": 55}
{"event": "epoch", "epoch": 6, "phase": "float", "loss": -13.982002681336022, "seconds": 9.379808095000044, "elapsed_seconds": 57.308142130000306, "learning_rate": 0.001, "utterances": 770, "total_utterances": 770, "invalid_utterances": 0, "noisy_si_sdr": 6.016738904979767, "si_sdr": 13.523347606352914, "si_sdri": 7.506608701373148, "best_si_sdri": 7.506608701373148}
{"event": "progress", "epoch": 7, "step": 0, "loss": -14.341342591281608, "seconds": 58}
{"event": "progress", "epoch": 7, "step": 50, "loss": -15.072502875589691, "seconds": 59}
{"event": "progress", "epoch": 7, "step": 100, "loss": -14.261705184980077, "seconds": 60}
{"event": "progress", "epoch": 7, "step": 150, "loss": -13.953988743711141, "seconds": 61}
{"event": "progress", "epoch": 7, "step": 200, "loss": -13.461625765552354, "seconds": 62}
{"event": "progress", "epoch": 7, "step": 250, "loss": -14.098049409471964, "seconds": 63}
{"event": "progress", "epoch": 7, "step": 300, "loss": -15.080028197978372, "seconds": 65}
{"event": "epoch", "epoch": 7, "phase": "float", "loss": -14.20685690553681, "seconds": 9.18997728300019, "elapsed_seconds": 66.55286847200023, "learning_rate": 0.001, "utterances": 770, "total_utterances": 770, "invalid_utterances": 0, "noisy_si_sdr": 6.016738904979767, "si_sdr": 13.610211891013751, "si_sdri": 7.5934729860339845, "best_si_sdri": 7.5934729860339845}
{"event": "progress", "epoch": 8, "step": 0, "loss": -13.443797488192445, "seconds": 67}
{"event": "progress", "epoch": 8, "step": 50, "loss": -15.158312685677013, "seconds": 68}
{"event": "progress", "epoch": 8, "step": 100, "loss": -15.0261272327722, "seconds": 69}
{"event": "progress", "epoch": 8, "step": 150, "loss": -14.28687701388825, "seconds": 70}
{"event": "progress", "epoch": 8, "step": 200, "loss": -13.728052061094619, "seconds": 71}
{"event": "progress", "epoch": 8, "step": 250, "loss": -15.930133396864829, "seconds": 72}
{"event": "progress", "epoch": 8, "step": 300, "loss": -13.318544637845868, "seconds": 74}
{"event": "epoch", "epoch": 8, "phase": "float", "loss": -14.393627647620267, "seconds": 9.106809223000255, "elapsed_seconds": 75.70623252099995, "learning_rate": 0.001, "utterances": 770, "total_utterances": 770, "invalid_utterances": 0, "noisy_si_sdr": 6.016738904979767, "si_sdr": 13.525583104214821, "si_sdri": 7.508844199235054, "best_si_sdri": 7.5934729860339845}
{"event": "progress", "epoch": 9, "step": 0, "loss": -14.304647992094246, "seconds": 76}
{"event": "progress", "epoch": 9, "step": 50, "loss": -12.793160817442098, "seconds": 77}
{"event": "progress", "epoch": 9, "step": 100, "loss": -13.842964788187198, "seconds": 78}
{"event": "progress", "epoch": 9, "step": 150, "loss": -12.796457862078334, "seconds": 79}
{"event": "progress", "epoch": 9, "step": 200, "loss": -14.64211789849187, "seconds": 81}
{"event": "progress", "epoch": 9, "step": 250, "loss": -15.829785655545138, "seconds": 82}
{"event": "progress", "epoch": 9, "step": 300, "loss": -12.621075324689738, "seconds": 83}
{"event": "epoch", "epoch": 9, "phase": "float", "loss": -14.488183226004361, "seconds": 9.152086214000065, "elapsed_seconds": 84.8851807850001, "learning_rate": 0.001, "utterances": 770, "total_utterances": 770, "invalid_utterances": 0, "noisy_si_sdr": 6.016738904979767, "si_sdr": 13.660074294929466, "si_sdri": 7.643335389949697, "best_si_sdri": 7.643335389949697}
{"event": "progress", "epoch": 10, "step": 0, "loss": -15.621992220199465, "seconds": 85}
{"event": "progress", "epoch": 10, "step": 50, "loss": -13.939093213592834, "seconds": 86}
{"event": "progress", "epoch": 10, "step": 100, "loss": -13.803919108210104, "seconds": 88}
{"event": "progress", "epoch": 10, "step": 150, "loss": -14.68299289646935, "seconds": 89}
{"event": "progress", "epoch": 10, "step": 200, "loss": -15.344892153933486, "seconds": 90}
{"event": "progress", "epoch": 10, "step": 250, "loss": -16.792054802735727, "seconds": 91}
{"event": "progress", "epoch": 10, "step": 300, "loss": -14.01986413112315, "seconds": 92}
{"event": "epoch", "epoch": 10, "phase": "float", "loss": -14.600613888784606, "seconds": 9.636843223000142, "elapsed_seconds": 94.58622490299967, "learning_rate": 0.001, "utterances": 770, "total_utterances": 770, "invalid_utterances": 0, "noisy_si_sdr": 6.016738904979767, "si_sdr": 13.454288315034411, "si_sdri": 7.437549410054643, "best_si_sdri": 7.643335389949697}
{"event": "progress", "epoch": 11, "step": 0, "loss": -14.540678861573255, "seconds": 95}
{"event": "progress", "epoch": 11, "step": 50, "loss": -15.190205758851079, "seconds": 96}
{"event": "progress", "epoch": 11, "step": 100, "loss": -15.031651375355327, "seconds": 97}
{"event": "progress", "epoch": 11, "step": 150, "loss": -13.22510877545626, "seconds": 99}
{"event": "progress", "epoch": 11, "step": 200, "loss": -15.10625066225428, "seconds": 100}
{"event": "progress", "epoch": 11, "step": 250, "loss": -14.177404487513769, "seconds": 101}
{"event": "progress", "epoch": 11, "step": 300, "loss": -14.59625540774885, "seconds": 103}
{"event": "epoch", "epoch": 11, "phase": "float", "loss": -14.744642560271805, "seconds": 10.337468624000394, "elapsed_seconds": 104.94572086800054, "learning_rate": 0.001, "utterances": 770, "total_utterances": 770, "invalid_utterances": 0, "noisy_si_sdr": 6.016738904979767, "si_sdr": 13.858838003064234, "si_sdri": 7.842099098084468, "best_si_sdri": 7.842099098084468}
{"event": "progress", "epoch": 12, "step": 0, "loss": -13.999079070865507, "seconds": 105}
{"event": "progress", "epoch": 12, "step": 50, "loss": -14.556464483244476, "seconds": 106}
{"event": "progress", "epoch": 12, "step": 100, "loss": -15.115691246067708, "seconds": 108}
{"event": "progress", "epoch": 12, "step": 150, "loss": -15.717709888334902, "seconds": 109}
{"event": "progress", "epoch": 12, "step": 200, "loss": -15.438750412551222, "seconds": 110}
{"event": "progress", "epoch": 12, "step": 250, "loss": -14.720276446850113, "seconds": 111}
{"event": "progress", "epoch": 12, "step": 300, "loss": -14.36726140084581, "seconds": 113}
{"event": "epoch", "epoch": 12, "phase": "float", "loss": -14.684309768767523, "seconds": 9.41239482400033, "elapsed_seconds": 114.41036362900013, "learning_rate": 0.001, "utterances": 770, "total_utterances": 770, "invalid_utterances": 0, "noisy_si_sdr": 6.016738904979767, "si_sdr": 14.011859197480662, "si_sdri": 7.995120292500894, "best_si_sdri": 7.995120292500894}
{"event": "progress", "epoch": 13, "step": 0, "loss": -15.134447083297076, "seconds": 115}
{"event": "progress", "epoch": 13, "step": 50, "loss": -18.22488671892974, "seconds": 116}
{"event": "progress", "epoch": 13, "step": 100, "loss": -17.229535786149405, "seconds": 117}
{"event": "progress", "epoch": 13, "step": 150, "loss": -16.175908965578515, "seconds": 118}
{"event": "progress", "epoch": 13, "step": 200, "loss": -15.176433910729678, "seconds": 120}
{"event": "progress", "epoch": 13, "step": 250, "loss": -13.397021382072626, "seconds": 121}
{"event": "progress", "epoch": 13, "step": 300, "loss": -15.000604606719477, "seconds": 122}
{"event": "epoch", "epoch": 13, "phase": "float", "loss": -14.840444420637443, "seconds": 9.65233625899964, "elapsed_seconds": 124.1042446829997, "learning_rate": 0.001, "utterances": 770, "total_utterances": 770, "invalid_utterances": 0, "noisy_si_sdr": 6.016738904979767, "si_sdr": 13.923444833956314, "si_sdri": 7.906705928976547, "best_si_sdri": 7.995120292500894}
{"event": "progress", "epoch": 14, "step": 0, "loss": -13.844403275483657, "seconds": 124}
{"event": "progress", "epoch": 14, "step": 50, "loss": -14.978857266324471, "seconds": 126}
{"event": "progress", "epoch": 14, "step": 100, "loss": -14.404001664695077, "seconds": 127}
{"event": "progress", "epoch": 14, "step": 150, "loss": -13.488947438747081, "seconds": 128}
{"event": "progress", "epoch": 14, "step": 200, "loss": -14.651462187632795, "seconds": 129}
{"event": "progress", "epoch": 14, "step": 250, "loss": -15.770195396603675, "seconds": 130}
{"event": "progress", "epoch": 14, "step": 300, "loss": -14.793309486982835, "seconds": 132}
{"event": "epoch", "epoch": 14, "phase": "float", "loss": -14.918862077750365, "seconds": 9.615724000000228, "elapsed_seconds": 133.74336287300048, "learning_rate": 0.001, "utterances": 770, "total_utterances": 770, "invalid_utterances": 0, "noisy_si_sdr": 6.016738904979767, "si_sdr": 13.8122909319533, "si_sdri": 7.795552026973533, "best_si_sdri": 7.995120292500894}
{"event": "progress", "epoch": 15, "step": 0, "loss": -15.352462175222577, "seconds": 134}
{"event": "progress", "epoch": 15, "step": 50, "loss": -15.681088654444707, "seconds": 135}
{"event": "progress", "epoch": 15, "step": 100, "loss": -15.683771056513363, "seconds": 136}
{"event": "progress", "epoch": 15, "step": 150, "loss": -17.04211347957731, "seconds": 138}
{"event": "progress", "epoch": 15, "step": 200, "loss": -16.912171904845827, "seconds": 139}
{"event": "progress", "epoch": 15, "step": 250, "loss": -15.483671222796145, "seconds": 140}
{"event": "progress", "epoch": 15, "step": 300, "loss": -13.790390363123882, "seconds": 141}
{"event": "epoch", "epoch": 15, "phase": "float", "loss": -14.944515534475078, "seconds": 9.92934103800053, "elapsed_seconds": 143.69560794100016, "learning_rate": 0.001, "utterances": 770, "total_utterances": 770, "invalid_utterances": 0, "noisy_si_sdr": 6.016738904979767, "si_sdr": 14.073661322369455, "si_sdri": 8.056922417389687, "best_si_sdri": 8.056922417389687}
{"event": "progress", "epoch": 16, "step": 0, "loss": -14.887278395107735, "seconds": 144}
{"event": "progress", "epoch": 16, "step": 50, "loss": -15.046169395070704, "seconds": 145}
{"event": "progress", "epoch": 16, "step": 100, "loss": -13.131123073836193, "seconds": 147}
{"event": "progress", "epoch": 16, "step": 150, "loss": -14.091045011798286, "seconds": 148}
{"event": "progress", "epoch": 16, "step": 200, "loss": -14.003596509301346, "seconds": 149}
{"event": "progress", "epoch": 16, "step": 250, "loss": -15.574970196420878, "seconds": 151}
{"event": "progress", "epoch": 16, "step": 300, "loss": -15.480451151255474, "seconds": 152}
{"event": "epoch", "epoch": 16, "phase": "float", "loss": -14.958807931862115, "seconds": 10.880538571000216, "elapsed_seconds": 154.63106500499998, "learning_rate": 0.001, "utterances": 770, "total_utterances": 770, "invalid_utterances": 0, "noisy_si_sdr": 6.016738904979767, "si_sdr": 14.056128317141948, "si_sdri": 8.039389412162182, "best_si_sdri": 8.056922417389687}
{"event": "progress", "epoch": 17, "step": 0, "loss": -14.079648151655196, "seconds": 155}
{"event": "progress", "epoch": 17, "step": 50, "loss": -15.339446890808974, "seconds": 156}
{"event": "progress", "epoch": 17, "step": 100, "loss": -12.42174537715074, "seconds": 157}
{"event": "progress", "epoch": 17, "step": 150, "loss": -14.944175435564254, "seconds": 159}
{"event": "progress", "epoch": 17, "step": 200, "loss": -13.357795899764152, "seconds": 160}
{"event": "progress", "epoch": 17, "step": 250, "loss": -15.377888393454278, "seconds": 161}
{"event": "progress", "epoch": 17, "step": 300, "loss": -13.42855907271289, "seconds": 162}
{"event": "epoch", "epoch": 17, "phase": "float", "loss": -15.032682385897454, "seconds": 9.757212994999463, "elapsed_seconds": 164.40926878699975, "learning_rate": 0.001, "utterances": 770, "total_utterances": 770, "invalid_utterances": 0, "noisy_si_sdr": 6.016738904979767, "si_sdr": 14.1028885320414, "si_sdri": 8.086149627061632, "best_si_sdri": 8.086149627061632}
{"event": "progress", "epoch": 18, "step": 0, "loss": -14.90011643881153, "seconds": 165}
{"event": "progress", "epoch": 18, "step": 50, "loss": -13.407668498328299, "seconds": 166}
{"event": "progress", "epoch": 18, "step": 100, "loss": -15.516861732510904, "seconds": 167}
{"event": "progress", "epoch": 18, "step": 150, "loss": -17.181692066631165, "seconds": 168}
{"event": "progress", "epoch": 18, "step": 200, "loss": -15.013080140268809, "seconds": 169}
{"event": "progress", "epoch": 18, "step": 250, "loss": -15.02086560256752, "seconds": 171}
{"event": "progress", "epoch": 18, "step": 300, "loss": -15.998464725198417, "seconds": 172}
{"event": "epoch", "epoch": 18, "phase": "float", "loss": -15.082382106268314, "seconds": 9.573780398000054, "elapsed_seconds": 174.03815426799974, "learning_rate": 0.001, "utterances": 770, "total_utterances": 770, "invalid_utterances": 0, "noisy_si_sdr": 6.016738904979767, "si_sdr": 14.127826339873751, "si_sdri": 8.111087434893983, "best_si_sdri": 8.111087434893983}
{"event": "progress", "epoch": 19, "step": 0, "loss": -15.055641580820012, "seconds": 174}
{"event": "progress", "epoch": 19, "step": 50, "loss": -15.735260397879077, "seconds": 176}
{"event": "progress", "epoch": 19, "step": 100, "loss": -15.202041717245711, "seconds": 177}
{"event": "progress", "epoch": 19, "step": 150, "loss": -15.038280543439717, "seconds": 178}
{"event": "progress", "epoch": 19, "step": 200, "loss": -14.873217126625864, "seconds": 179}
{"event": "progress", "epoch": 19, "step": 250, "loss": -16.82000815917369, "seconds": 180}
{"event": "progress", "epoch": 19, "step": 300, "loss": -17.717752411210096, "seconds": 182}
{"event": "epoch", "epoch": 19, "phase": "float", "loss": -15.26397460973317, "seconds": 9.581592171999546, "elapsed_seconds": 183.6638504980001, "learning_rate": 0.001, "utterances": 770, "total_utterances": 770, "invalid_utterances": 0, "noisy_si_sdr": 6.016738904979767, "si_sdr": 14.17991088167348, "si_sdri": 8.163171976693713, "best_si_sdri": 8.163171976693713}
{"event": "progress", "epoch": 20, "step": 0, "loss": -14.856828092459292, "seconds": 184}
{"event": "progress", "epoch": 20, "step": 50, "loss": -16.573987431953377, "seconds": 185}
{"event": "progress", "epoch": 20, "step": 100, "loss": -14.393324636079285, "seconds": 186}
{"event": "progress", "epoch": 20, "step": 150, "loss": -15.315999091372488, "seconds": 188}
{"event": "progress", "epoch": 20, "step": 200, "loss": -17.590530259054468, "seconds": 189}
{"event": "progress", "epoch": 20, "step": 250, "loss": -13.619442402578912, "seconds": 190}
{"event": "progress", "epoch": 20, "step": 300, "loss": -17.237554505409314, "seconds": 191}
{"event": "epoch", "epoch": 20, "phase": "float", "loss": -15.23740177048334, "seconds": 9.354031081000358, "elapsed_seconds": 193.08086356900003, "learning_rate": 0.001, "utterances": 770, "total_utterances": 770, "invalid_utterances": 0, "noisy_si_sdr": 6.016738904979767, "si_sdr": 14.248823467183534, "si_sdri": 8.232084562203768, "best_si_sdri": 8.232084562203768}
{"event": "progress", "epoch": 21, "step": 0, "loss": -14.38516595298477, "seconds": 193}
{"event": "progress", "epoch": 21, "step": 50, "loss": -14.419334388163772, "seconds": 194}
{"event": "progress", "epoch": 21, "step": 100, "loss": -16.184944800245383, "seconds": 196}
{"event": "progress", "epoch": 21, "step": 150, "loss": -13.38405271779903, "seconds": 197}
{"event": "progress", "epoch": 21, "step": 200, "loss": -14.654834234321351, "seconds": 198}
{"event": "progress", "epoch": 21, "step": 250, "loss": -13.230643503731622, "seconds": 200}
{"event": "progress", "epoch": 21, "step": 300, "loss": -13.966935935551435, "seconds": 201}
{"event": "epoch", "epoch": 21, "phase": "float", "loss": -15.305100491264971, "seconds": 9.826125100000354, "elapsed_seconds": 202.9592001560004, "learning_rate": 0.001, "utterances": 770, "total_utterances": 770, "invalid_utterances": 0, "noisy_si_sdr": 6.016738904979767, "si_sdr": 14.26891947451339, "si_sdri": 8.252180569533625, "best_si_sdri": 8.252180569533625}
{"event": "progress", "epoch": 22, "step": 0, "loss": -15.626285532962118, "seconds": 203}
{"event": "progress", "epoch": 22, "step": 50, "loss": -16.05386836654069, "seconds": 204}
{"event": "progress", "epoch": 22, "step": 100, "loss": -15.19492221969304, "seconds": 206}
{"event": "progress", "epoch": 22, "step": 150, "loss": -14.766567844240836, "seconds": 207}
{"event": "progress", "epoch": 22, "step": 200, "loss": -14.455119034271375, "seconds": 208}
{"event": "progress", "epoch": 22, "step": 250, "loss": -16.149222970043326, "seconds": 209}
{"event": "progress", "epoch": 22, "step": 300, "loss": -15.90094627306038, "seconds": 211}
{"event": "epoch", "epoch": 22, "phase": "float", "loss": -15.307520994187529, "seconds": 9.531198515999677, "elapsed_seconds": 212.54664212399985, "learning_rate": 0.001, "utterances": 770, "total_utterances": 770, "invalid_utterances": 0, "noisy_si_sdr": 6.016738904979767, "si_sdr": 14.317122815892866, "si_sdri": 8.3003839109131, "best_si_sdri": 8.3003839109131}
{"event": "progress", "epoch": 23, "step": 0, "loss": -14.716116416203148, "seconds": 213}
{"event": "progress", "epoch": 23, "step": 50, "loss": -13.419221681362876, "seconds": 214}
{"event": "progress", "epoch": 23, "step": 100, "loss": -15.588623015394377, "seconds": 215}
{"event": "progress", "epoch": 23, "step": 150, "loss": -14.942946648081922, "seconds": 217}
{"event": "progress", "epoch": 23, "step": 200, "loss": -15.131254327041558, "seconds": 218}
{"event": "progress", "epoch": 23, "step": 250, "loss": -15.011632898053406, "seconds": 219}
{"event": "progress", "epoch": 23, "step": 300, "loss": -15.683060447904543, "seconds": 220}
{"event": "epoch", "epoch": 23, "phase": "float", "loss": -15.316121909449878, "seconds": 9.955416814999808, "elapsed_seconds": 222.55997083800048, "learning_rate": 0.001, "utterances": 770, "total_utterances": 770, "invalid_utterances": 0, "noisy_si_sdr": 6.016738904979767, "si_sdr": 14.263229738660137, "si_sdri": 8.246490833680369, "best_si_sdri": 8.3003839109131}
{"event": "progress", "epoch": 24, "step": 0, "loss": -14.411894174573971, "seconds": 223}
{"event": "progress", "epoch": 24, "step": 50, "loss": -14.93922979333518, "seconds": 224}
{"event": "progress", "epoch": 24, "step": 100, "loss": -15.184649170726676, "seconds": 225}
{"event": "progress", "epoch": 24, "step": 150, "loss": -14.923461597947178, "seconds": 227}
{"event": "progress", "epoch": 24, "step": 200, "loss": -14.651121083009606, "seconds": 228}
{"event": "progress", "epoch": 24, "step": 250, "loss": -12.480190669409106, "seconds": 229}
{"event": "progress", "epoch": 24, "step": 300, "loss": -15.752287442486494, "seconds": 230}
{"event": "epoch", "epoch": 24, "phase": "float", "loss": -15.473571941645512, "seconds": 9.900630572999944, "elapsed_seconds": 232.4881503659999, "learning_rate": 0.001, "utterances": 770, "total_utterances": 770, "invalid_utterances": 0, "noisy_si_sdr": 6.016738904979767, "si_sdr": 14.297743191150902, "si_sdri": 8.281004286171134, "best_si_sdri": 8.3003839109131}
{"event": "progress", "epoch": 25, "step": 0, "loss": -17.70939752788263, "seconds": 233}
{"event": "progress", "epoch": 25, "step": 50, "loss": -15.169259783818124, "seconds": 234}
{"event": "progress", "epoch": 25, "step": 100, "loss": -14.391672065582938, "seconds": 235}
{"event": "progress", "epoch": 25, "step": 150, "loss": -16.332386386196486, "seconds": 236}
{"event": "progress", "epoch": 25, "step": 200, "loss": -14.39338612888587, "seconds": 238}
{"event": "progress", "epoch": 25, "step": 250, "loss": -14.694281499073785, "seconds": 239}
{"event": "progress", "epoch": 25, "step": 300, "loss": -13.76113027116218, "seconds": 240}
{"event": "epoch", "epoch": 25, "phase": "float", "loss": -15.456696536322788, "seconds": 9.405553360999875, "elapsed_seconds": 241.91685362600037, "learning_rate": 0.001, "utterances": 770, "total_utterances": 770, "invalid_utterances": 0, "noisy_si_sdr": 6.016738904979767, "si_sdr": 14.319503342589135, "si_sdri": 8.302764437609367, "best_si_sdri": 8.302764437609367}
{"event": "progress", "epoch": 26, "step": 0, "loss": -15.848672184709857, "seconds": 242}
{"event": "progress", "epoch": 26, "step": 50, "loss": -16.4367998253788, "seconds": 243}
{"event": "progress", "epoch": 26, "step": 100, "loss": -14.635263263944195, "seconds": 245}
{"event": "progress", "epoch": 26, "step": 150, "loss": -16.327376538913082, "seconds": 246}
{"event": "progress", "epoch": 26, "step": 200, "loss": -14.260309511753114, "seconds": 247}
{"event": "progress", "epoch": 26, "step": 250, "loss": -12.376055367265096, "seconds": 248}
{"event": "progress", "epoch": 26, "step": 300, "loss": -16.047249425541878, "seconds": 250}
{"event": "epoch", "epoch": 26, "phase": "float", "loss": -15.462157762560455, "seconds": 9.608603975000733, "elapsed_seconds": 251.571280098, "learning_rate": 0.001, "utterances": 770, "total_utterances": 770, "invalid_utterances": 0, "noisy_si_sdr": 6.016738904979767, "si_sdr": 14.338786787696419, "si_sdri": 8.322047882716651, "best_si_sdri": 8.322047882716651}
{"event": "progress", "epoch": 27, "step": 0, "loss": -16.69133559593949, "seconds": 252}
{"event": "progress", "epoch": 27, "step": 50, "loss": -14.57887261355129, "seconds": 253}
{"event": "progress", "epoch": 27, "step": 100, "loss": -15.55729194618109, "seconds": 254}
{"event": "progress", "epoch": 27, "step": 150, "loss": -14.307185355415655, "seconds": 256}
{"event": "progress", "epoch": 27, "step": 200, "loss": -14.437276983610104, "seconds": 257}
{"event": "progress", "epoch": 27, "step": 250, "loss": -16.781517982022535, "seconds": 258}
{"event": "progress", "epoch": 27, "step": 300, "loss": -15.170825402412879, "seconds": 259}
{"event": "epoch", "epoch": 27, "phase": "float", "loss": -15.503046924886348, "seconds": 9.655042800000047, "elapsed_seconds": 261.27099282400013, "learning_rate": 0.001, "utterances": 770, "total_utterances": 770, "invalid_utterances": 0, "noisy_si_sdr": 6.016738904979767, "si_sdr": 14.29767753344507, "si_sdri": 8.280938628465302, "best_si_sdri": 8.322047882716651}
{"event": "progress", "epoch": 28, "step": 0, "loss": -16.198639810934495, "seconds": 261}
{"event": "progress", "epoch": 28, "step": 50, "loss": -16.676633486704162, "seconds": 263}
{"event": "progress", "epoch": 28, "step": 100, "loss": -14.887909274122102, "seconds": 264}
{"event": "progress", "epoch": 28, "step": 150, "loss": -16.7087412772387, "seconds": 265}
{"event": "progress", "epoch": 28, "step": 200, "loss": -15.766730567081572, "seconds": 266}
{"event": "progress", "epoch": 28, "step": 250, "loss": -17.069322822285933, "seconds": 268}
{"event": "progress", "epoch": 28, "step": 300, "loss": -15.425695627144561, "seconds": 269}
{"event": "epoch", "epoch": 28, "phase": "float", "loss": -15.523170251987697, "seconds": 9.979406744999324, "elapsed_seconds": 271.27301412700035, "learning_rate": 0.001, "utterances": 770, "total_utterances": 770, "invalid_utterances": 0, "noisy_si_sdr": 6.016738904979767, "si_sdr": 14.368937861098642, "si_sdri": 8.35219895611887, "best_si_sdri": 8.35219895611887}
{"event": "progress", "epoch": 29, "step": 0, "loss": -17.04126646242944, "seconds": 272}
{"event": "progress", "epoch": 29, "step": 50, "loss": -15.111717720786839, "seconds": 273}
{"event": "progress", "epoch": 29, "step": 100, "loss": -15.569807388130144, "seconds": 274}
{"event": "progress", "epoch": 29, "step": 150, "loss": -14.273240395253495, "seconds": 275}
{"event": "progress", "epoch": 29, "step": 200, "loss": -14.6182431724434, "seconds": 277}
{"event": "progress", "epoch": 29, "step": 250, "loss": -16.209105070774953, "seconds": 278}
{"event": "progress", "epoch": 29, "step": 300, "loss": -15.296680765217864, "seconds": 280}
{"event": "epoch", "epoch": 29, "phase": "float", "loss": -15.515547446503499, "seconds": 10.56232476400055, "elapsed_seconds": 281.8899707569999, "learning_rate": 0.001, "utterances": 770, "total_utterances": 770, "invalid_utterances": 0, "noisy_si_sdr": 6.016738904979767, "si_sdr": 14.237387437071456, "si_sdri": 8.220648532091689, "best_si_sdri": 8.35219895611887}
{"event": "progress", "epoch": 30, "step": 0, "loss": -15.970624287244327, "seconds": 282}
{"event": "progress", "epoch": 30, "step": 50, "loss": -15.70114870028748, "seconds": 283}
{"event": "progress", "epoch": 30, "step": 100, "loss": -16.6799849544901, "seconds": 285}
{"event": "progress", "epoch": 30, "step": 150, "loss": -17.173852621927203, "seconds": 286}
{"event": "progress", "epoch": 30, "step": 200, "loss": -15.53720016895107, "seconds": 288}
{"event": "progress", "epoch": 30, "step": 250, "loss": -16.330440492472945, "seconds": 289}
{"event": "progress", "epoch": 30, "step": 300, "loss": -14.811051913488615, "seconds": 291}
{"event": "epoch", "epoch": 30, "phase": "float", "loss": -15.613836428761887, "seconds": 13.26367706199926, "elapsed_seconds": 295.1932635230005, "learning_rate": 0.001, "utterances": 770, "total_utterances": 770, "invalid_utterances": 0, "noisy_si_sdr": 6.016738904979767, "si_sdr": 14.448454890209838, "si_sdri": 8.431715985230072, "best_si_sdri": 8.431715985230072}
{"event": "progress", "epoch": 31, "step": 0, "loss": -14.727322749833645, "seconds": 295}
{"event": "progress", "epoch": 31, "step": 50, "loss": -14.360137662837793, "seconds": 298}
{"event": "progress", "epoch": 31, "step": 100, "loss": -16.32977026721556, "seconds": 301}
{"event": "progress", "epoch": 31, "step": 150, "loss": -15.445275154006394, "seconds": 304}
{"event": "progress", "epoch": 31, "step": 200, "loss": -13.395259427651485, "seconds": 306}
{"event": "progress", "epoch": 31, "step": 250, "loss": -15.46769801583868, "seconds": 309}
{"event": "progress", "epoch": 31, "step": 300, "loss": -15.820979573629348, "seconds": 312}
{"event": "epoch", "epoch": 31, "phase": "float", "loss": -15.538133619070924, "seconds": 21.12562261899984, "elapsed_seconds": 316.3722351639999, "learning_rate": 0.001, "utterances": 770, "total_utterances": 770, "invalid_utterances": 0, "noisy_si_sdr": 6.016738904979767, "si_sdr": 14.515499871173859, "si_sdri": 8.498760966194093, "best_si_sdri": 8.498760966194093}
{"event": "progress", "epoch": 32, "step": 0, "loss": -15.676055842469877, "seconds": 317}
{"event": "progress", "epoch": 32, "step": 50, "loss": -15.933637766304784, "seconds": 319}
{"event": "progress", "epoch": 32, "step": 100, "loss": -13.614575954294741, "seconds": 321}
{"event": "progress", "epoch": 32, "step": 150, "loss": -16.735338734895905, "seconds": 323}
{"event": "progress", "epoch": 32, "step": 200, "loss": -15.889369903890106, "seconds": 325}
{"event": "progress", "epoch": 32, "step": 250, "loss": -14.603919256571983, "seconds": 327}
{"event": "progress", "epoch": 32, "step": 300, "loss": -15.817924703275402, "seconds": 330}
{"event": "epoch", "epoch": 32, "phase": "float", "loss": -15.5495516219637, "seconds": 17.9750926910001, "elapsed_seconds": 334.4080874649999, "learning_rate": 0.001, "utterances": 770, "total_utterances": 770, "invalid_utterances": 0, "noisy_si_sdr": 6.016738904979767, "si_sdr": 14.370022549882234, "si_sdri": 8.353283644902469, "best_si_sdri": 8.498760966194093}
{"event": "progress", "epoch": 33, "step": 0, "loss": -15.302169812996258, "seconds": 335}
{"event": "progress", "epoch": 33, "step": 50, "loss": -16.582388987809342, "seconds": 337}
{"event": "progress", "epoch": 33, "step": 100, "loss": -17.60624499637875, "seconds": 340}
{"event": "progress", "epoch": 33, "step": 150, "loss": -14.209819599809299, "seconds": 343}
{"event": "progress", "epoch": 33, "step": 200, "loss": -18.0423057904998, "seconds": 345}
{"event": "progress", "epoch": 33, "step": 250, "loss": -15.155789477051632, "seconds": 348}
{"event": "progress", "epoch": 33, "step": 300, "loss": -15.27421152454687, "seconds": 350}
{"event": "epoch", "epoch": 33, "phase": "float", "loss": -15.557227975700373, "seconds": 20.18518795, "elapsed_seconds": 354.6163262979999, "learning_rate": 0.001, "utterances": 770, "total_utterances": 770, "invalid_utterances": 0, "noisy_si_sdr": 6.016738904979767, "si_sdr": 14.343306323425168, "si_sdri": 8.326567418445402, "best_si_sdri": 8.498760966194093}
{"event": "progress", "epoch": 34, "step": 0, "loss": -15.859850346476753, "seconds": 355}
{"event": "progress", "epoch": 34, "step": 50, "loss": -13.458263314729031, "seconds": 358}
{"event": "progress", "epoch": 34, "step": 100, "loss": -14.691078598593199, "seconds": 360}
{"event": "progress", "epoch": 34, "step": 150, "loss": -15.362800473038115, "seconds": 362}
{"event": "progress", "epoch": 34, "step": 200, "loss": -16.29240348591685, "seconds": 365}
{"event": "progress", "epoch": 34, "step": 250, "loss": -15.871518994842464, "seconds": 367}
{"event": "progress", "epoch": 34, "step": 300, "loss": -14.227254368559008, "seconds": 370}
{"event": "epoch", "epoch": 34, "phase": "float", "loss": -15.639511680901565, "seconds": 19.999858088999645, "elapsed_seconds": 374.6618934039998, "learning_rate": 0.001, "utterances": 770, "total_utterances": 770, "invalid_utterances": 0, "noisy_si_sdr": 6.016738904979767, "si_sdr": 14.419671224575678, "si_sdri": 8.402932319595909, "best_si_sdri": 8.498760966194093}
{"event": "progress", "epoch": 35, "step": 0, "loss": -14.803271114826252, "seconds": 375}
{"event": "progress", "epoch": 35, "step": 50, "loss": -13.264019039565271, "seconds": 378}
{"event": "progress", "epoch": 35, "step": 100, "loss": -15.392468467897647, "seconds": 380}
{"event": "progress", "epoch": 35, "step": 150, "loss": -18.873188777624268, "seconds": 382}
{"event": "progress", "epoch": 35, "step": 200, "loss": -15.351590231153672, "seconds": 385}
{"event": "progress", "epoch": 35, "step": 250, "loss": -13.861150632817598, "seconds": 387}
{"event": "progress", "epoch": 35, "step": 300, "loss": -14.458001067741849, "seconds": 390}
{"event": "epoch", "epoch": 35, "phase": "float", "loss": -15.643011661846987, "seconds": 19.67593002800004, "elapsed_seconds": 394.3693093620004, "learning_rate": 0.001, "utterances": 770, "total_utterances": 770, "invalid_utterances": 0, "noisy_si_sdr": 6.016738904979767, "si_sdr": 14.375163996174926, "si_sdri": 8.358425091195157, "best_si_sdri": 8.498760966194093}
{"event": "progress", "epoch": 36, "step": 0, "loss": -15.416944255164307, "seconds": 395}
{"event": "progress", "epoch": 36, "step": 50, "loss": -13.846318100510093, "seconds": 397}
{"event": "progress", "epoch": 36, "step": 100, "loss": -16.157981988120703, "seconds": 400}
{"event": "progress", "epoch": 36, "step": 150, "loss": -16.085169788069827, "seconds": 402}
{"event": "progress", "epoch": 36, "step": 200, "loss": -16.226527002230597, "seconds": 405}
{"event": "progress", "epoch": 36, "step": 250, "loss": -14.41196182978015, "seconds": 408}
{"event": "progress", "epoch": 36, "step": 300, "loss": -14.516164842180142, "seconds": 410}
{"event": "epoch", "epoch": 36, "phase": "float", "loss": -15.63761043757707, "seconds": 19.685570534999897, "elapsed_seconds": 414.08775410900034, "learning_rate": 0.0005, "utterances": 770, "total_utterances": 770, "invalid_utterances": 0, "noisy_si_sdr": 6.016738904979767, "si_sdr": 14.378920491870044, "si_sdri": 8.362181586890273, "best_si_sdri": 8.498760966194093}
{"event": "progress", "epoch": 37, "step": 0, "loss": -15.65919135183649, "seconds": 414}
{"event": "progress", "epoch": 37, "step": 50, "loss": -16.618358581218082, "seconds": 417}
{"event": "progress", "epoch": 37, "step": 100, "loss": -14.737623606457692, "seconds": 420}
{"event": "progress", "epoch": 37, "step": 150, "loss": -16.31825221628375, "seconds": 422}
{"event": "progress", "epoch": 37, "step": 200, "loss": -20.885495491820354, "seconds": 425}
{"event": "progress", "epoch": 37, "step": 250, "loss": -15.459717104307696, "seconds": 428}
{"event": "progress", "epoch": 37, "step": 300, "loss": -15.730301051725132, "seconds": 430}
{"event": "epoch", "epoch": 37, "phase": "float", "loss": -15.920379805886846, "seconds": 20.084784949000095, "elapsed_seconds": 434.20282262900037, "learning_rate": 0.0005, "utterances": 770, "total_utterances": 770, "invalid_utterances": 0, "noisy_si_sdr": 6.016738904979767, "si_sdr": 14.580159115951137, "si_sdri": 8.563420210971367, "best_si_sdri": 8.563420210971367}
{"event": "progress", "epoch": 38, "step": 0, "loss": -14.768680000067391, "seconds": 434}
{"event": "progress", "epoch": 38, "step": 50, "loss": -16.66906417211609, "seconds": 437}
{"event": "progress", "epoch": 38, "step": 100, "loss": -15.005823381676807, "seconds": 440}
{"event": "progress", "epoch": 38, "step": 150, "loss": -16.47933022301424, "seconds": 442}
{"event": "progress", "epoch": 38, "step": 200, "loss": -18.06361631434109, "seconds": 444}
{"event": "progress", "epoch": 38, "step": 250, "loss": -15.735964166701443, "seconds": 447}
{"event": "progress", "epoch": 38, "step": 300, "loss": -15.881883377768244, "seconds": 450}
{"event": "epoch", "epoch": 38, "phase": "float", "loss": -15.931365414685152, "seconds": 20.17217100399921, "elapsed_seconds": 454.42825094399996, "learning_rate": 0.0005, "utterances": 770, "total_utterances": 770, "invalid_utterances": 0, "noisy_si_sdr": 6.016738904979767, "si_sdr": 14.593139460157309, "si_sdri": 8.57640055517754, "best_si_sdri": 8.57640055517754}
{"event": "progress", "epoch": 39, "step": 0, "loss": -17.386388571624, "seconds": 455}
{"event": "progress", "epoch": 39, "step": 50, "loss": -16.61740429415188, "seconds": 458}
{"event": "progress", "epoch": 39, "step": 100, "loss": -17.019158690211974, "seconds": 460}
{"event": "progress", "epoch": 39, "step": 150, "loss": -14.543423337006447, "seconds": 463}
{"event": "progress", "epoch": 39, "step": 200, "loss": -15.116772315676343, "seconds": 465}
{"event": "progress", "epoch": 39, "step": 250, "loss": -14.389596900810087, "seconds": 467}
{"event": "progress", "epoch": 39, "step": 300, "loss": -16.305804888740145, "seconds": 470}
{"event": "epoch", "epoch": 39, "phase": "float", "loss": -15.931086587730004, "seconds": 19.526760564999677, "elapsed_seconds": 474.03550416800044, "learning_rate": 0.0005, "utterances": 770, "total_utterances": 770, "invalid_utterances": 0, "noisy_si_sdr": 6.016738904979767, "si_sdr": 14.577165809059391, "si_sdri": 8.560426904079625, "best_si_sdri": 8.57640055517754}
{"event": "progress", "epoch": 40, "step": 0, "loss": -16.981318951501358, "seconds": 474}
{"event": "progress", "epoch": 40, "step": 50, "loss": -15.647406958780545, "seconds": 477}
{"event": "progress", "epoch": 40, "step": 100, "loss": -15.147785344894135, "seconds": 480}
{"event": "progress", "epoch": 40, "step": 150, "loss": -13.768817444783368, "seconds": 482}
{"event": "progress", "epoch": 40, "step": 200, "loss": -16.293928951863833, "seconds": 485}
{"event": "progress", "epoch": 40, "step": 250, "loss": -18.1791686209027, "seconds": 488}
{"event": "progress", "epoch": 40, "step": 300, "loss": -14.56837545823237, "seconds": 490}
{"event": "epoch", "epoch": 40, "phase": "float", "loss": -15.992839153027015, "seconds": 20.91146051099986, "elapsed_seconds": 494.9779517070001, "learning_rate": 0.0005, "utterances": 770, "total_utterances": 770, "invalid_utterances": 0, "noisy_si_sdr": 6.016738904979767, "si_sdr": 14.600728910312114, "si_sdri": 8.583990005332344, "best_si_sdri": 8.583990005332344}
{"event": "progress", "epoch": 41, "step": 0, "loss": -14.633353223388937, "seconds": 495}
{"event": "progress", "epoch": 41, "step": 50, "loss": -15.144300042120864, "seconds": 498}
{"event": "progress", "epoch": 41, "step": 100, "loss": -16.1193609669358, "seconds": 500}
{"event": "progress", "epoch": 41, "step": 150, "loss": -17.219096294350855, "seconds": 502}
{"event": "progress", "epoch": 41, "step": 200, "loss": -17.76966762819203, "seconds": 504}
{"event": "progress", "epoch": 41, "step": 250, "loss": -16.030263775655502, "seconds": 507}
{"event": "progress", "epoch": 41, "step": 300, "loss": -18.60752363916812, "seconds": 509}
{"event": "epoch", "epoch": 41, "phase": "float", "loss": -16.010619927573316, "seconds": 19.057914747000723, "elapsed_seconds": 514.0987235789999, "learning_rate": 0.0005, "utterances": 770, "total_utterances": 770, "invalid_utterances": 0, "noisy_si_sdr": 6.016738904979767, "si_sdr": 14.620394718054216, "si_sdri": 8.603655813074448, "best_si_sdri": 8.603655813074448}
{"event": "progress", "epoch": 42, "step": 0, "loss": -16.277238469621935, "seconds": 514}
{"event": "progress", "epoch": 42, "step": 50, "loss": -15.914964160865374, "seconds": 517}
{"event": "progress", "epoch": 42, "step": 100, "loss": -16.611892023864527, "seconds": 520}
{"event": "progress", "epoch": 42, "step": 150, "loss": -17.257397215749904, "seconds": 522}
{"event": "progress", "epoch": 42, "step": 200, "loss": -16.71493945754269, "seconds": 525}
{"event": "progress", "epoch": 42, "step": 250, "loss": -18.615173287464685, "seconds": 528}
{"event": "progress", "epoch": 42, "step": 300, "loss": -16.14013455713333, "seconds": 530}
{"event": "epoch", "epoch": 42, "phase": "float", "loss": -16.002568066765352, "seconds": 20.06513281200023, "elapsed_seconds": 534.2247916229999, "learning_rate": 0.0005, "utterances": 770, "total_utterances": 770, "invalid_utterances": 0, "noisy_si_sdr": 6.016738904979767, "si_sdr": 14.633851970873177, "si_sdri": 8.61711306589341, "best_si_sdri": 8.61711306589341}
{"event": "progress", "epoch": 43, "step": 0, "loss": -16.88706953876777, "seconds": 534}
{"event": "progress", "epoch": 43, "step": 50, "loss": -15.0204382314362, "seconds": 536}
{"event": "progress", "epoch": 43, "step": 100, "loss": -15.18018632130654, "seconds": 539}
{"event": "progress", "epoch": 43, "step": 150, "loss": -14.815695145712864, "seconds": 542}
{"event": "progress", "epoch": 43, "step": 200, "loss": -15.44001211153265, "seconds": 544}
{"event": "progress", "epoch": 43, "step": 250, "loss": -17.719295955179184, "seconds": 547}
{"event": "progress", "epoch": 43, "step": 300, "loss": -15.359887434421506, "seconds": 550}
{"event": "epoch", "epoch": 43, "phase": "float", "loss": -16.072059687326785, "seconds": 20.260827369999788, "elapsed_seconds": 554.5552558380004, "learning_rate": 0.0005, "utterances": 770, "total_utterances": 770, "invalid_utterances": 0, "noisy_si_sdr": 6.016738904979767, "si_sdr": 14.590640387906706, "si_sdri": 8.57390148292694, "best_si_sdri": 8.61711306589341}
{"event": "progress", "epoch": 44, "step": 0, "loss": -15.06698355906022, "seconds": 555}
{"event": "progress", "epoch": 44, "step": 50, "loss": -17.4847223766274, "seconds": 557}
{"event": "progress", "epoch": 44, "step": 100, "loss": -15.767990152268125, "seconds": 560}
{"event": "progress", "epoch": 44, "step": 150, "loss": -17.184347237909726, "seconds": 563}
{"event": "progress", "epoch": 44, "step": 200, "loss": -15.640659638437578, "seconds": 565}
{"event": "progress", "epoch": 44, "step": 250, "loss": -14.968588419004387, "seconds": 567}
{"event": "progress", "epoch": 44, "step": 300, "loss": -16.561993370786176, "seconds": 569}
{"event": "epoch", "epoch": 44, "phase": "float", "loss": -15.964958092054587, "seconds": 18.851338115000544, "elapsed_seconds": 573.4303540609999, "learning_rate": 0.0005, "utterances": 770, "total_utterances": 770, "invalid_utterances": 0, "noisy_si_sdr": 6.016738904979767, "si_sdr": 14.616612418465936, "si_sdri": 8.599873513486168, "best_si_sdri": 8.61711306589341}
{"event": "progress", "epoch": 45, "step": 0, "loss": -18.00131411677104, "seconds": 574}
{"event": "progress", "epoch": 45, "step": 50, "loss": -13.391898140813776, "seconds": 576}
{"event": "progress", "epoch": 45, "step": 100, "loss": -16.138814868139505, "seconds": 579}
{"event": "progress", "epoch": 45, "step": 150, "loss": -15.636194313006468, "seconds": 582}
{"event": "progress", "epoch": 45, "step": 200, "loss": -14.444029704498508, "seconds": 584}
{"event": "progress", "epoch": 45, "step": 250, "loss": -16.185433150343098, "seconds": 587}
{"event": "progress", "epoch": 45, "step": 300, "loss": -17.583250202174778, "seconds": 590}
{"event": "epoch", "epoch": 45, "phase": "float", "loss": -16.024563492361118, "seconds": 20.49279940299948, "elapsed_seconds": 593.946506493, "learning_rate": 0.0005, "utterances": 770, "total_utterances": 770, "invalid_utterances": 0, "noisy_si_sdr": 6.016738904979767, "si_sdr": 14.583143282845105, "si_sdri": 8.566404377865336, "best_si_sdri": 8.61711306589341}
{"event": "progress", "epoch": 46, "step": 0, "loss": -16.588024037636693, "seconds": 594}
{"event": "progress", "epoch": 46, "step": 50, "loss": -16.00439552439196, "seconds": 596}
{"event": "progress", "epoch": 46, "step": 100, "loss": -16.02807027623916, "seconds": 599}
{"event": "progress", "epoch": 46, "step": 150, "loss": -17.845941176323947, "seconds": 601}
{"event": "progress", "epoch": 46, "step": 200, "loss": -16.686389668570573, "seconds": 604}
{"event": "progress", "epoch": 46, "step": 250, "loss": -15.888533700231225, "seconds": 606}
{"event": "progress", "epoch": 46, "step": 300, "loss": -17.4298228918226, "seconds": 608}
{"event": "epoch", "epoch": 46, "phase": "float", "loss": -16.011999854335794, "seconds": 19.04508408199945, "elapsed_seconds": 613.0275987200002, "learning_rate": 0.0005, "utterances": 770, "total_utterances": 770, "invalid_utterances": 0, "noisy_si_sdr": 6.016738904979767, "si_sdr": 14.611292848158437, "si_sdri": 8.594553943178669, "best_si_sdri": 8.61711306589341}
{"event": "progress", "epoch": 47, "step": 0, "loss": -17.77595967522864, "seconds": 613}
{"event": "progress", "epoch": 47, "step": 50, "loss": -16.018344285751787, "seconds": 616}
{"event": "progress", "epoch": 47, "step": 100, "loss": -14.8555099208938, "seconds": 618}
{"event": "progress", "epoch": 47, "step": 150, "loss": -15.237472225066789, "seconds": 621}
{"event": "progress", "epoch": 47, "step": 200, "loss": -15.162947572319, "seconds": 624}
{"event": "progress", "epoch": 47, "step": 250, "loss": -15.328373927852663, "seconds": 626}
{"event": "progress", "epoch": 47, "step": 300, "loss": -15.474985169057497, "seconds": 628}
{"event": "epoch", "epoch": 47, "phase": "float", "loss": -16.01211898131052, "seconds": 19.69925517199954, "elapsed_seconds": 632.7499979120003, "learning_rate": 0.00025, "utterances": 770, "total_utterances": 770, "invalid_utterances": 0, "noisy_si_sdr": 6.016738904979767, "si_sdr": 14.576254662827203, "si_sdri": 8.559515757847436, "best_si_sdri": 8.61711306589341}
{"event": "progress", "epoch": 48, "step": 0, "loss": -14.255017246350413, "seconds": 633}
{"event": "progress", "epoch": 48, "step": 50, "loss": -17.36610170732269, "seconds": 636}
{"event": "progress", "epoch": 48, "step": 100, "loss": -14.679447100377978, "seconds": 638}
{"event": "progress", "epoch": 48, "step": 150, "loss": -13.85436125003462, "seconds": 640}
{"event": "progress", "epoch": 48, "step": 200, "loss": -17.294326163545918, "seconds": 643}
{"event": "progress", "epoch": 48, "step": 250, "loss": -12.918860909134796, "seconds": 645}
{"event": "progress", "epoch": 48, "step": 300, "loss": -16.318568248151813, "seconds": 648}
{"event": "epoch", "epoch": 48, "phase": "float", "loss": -16.215756796743953, "seconds": 19.72577714199997, "elapsed_seconds": 652.4992193180005, "learning_rate": 0.00025, "utterances": 770, "total_utterances": 770, "invalid_utterances": 0, "noisy_si_sdr": 6.016738904979767, "si_sdr": 14.611260533294269, "si_sdri": 8.594521628314501, "best_si_sdri": 8.61711306589341}
{"event": "progress", "epoch": 49, "step": 0, "loss": -16.409509670537048, "seconds": 653}
{"event": "progress", "epoch": 49, "step": 50, "loss": -15.773808049051825, "seconds": 655}
{"event": "progress", "epoch": 49, "step": 100, "loss": -13.897291374353506, "seconds": 657}
{"event": "progress", "epoch": 49, "step": 150, "loss": -15.814349636816097, "seconds": 660}
{"event": "progress", "epoch": 49, "step": 200, "loss": -18.642569308556062, "seconds": 662}
{"event": "progress", "epoch": 49, "step": 250, "loss": -15.187332131330265, "seconds": 665}
{"event": "progress", "epoch": 49, "step": 300, "loss": -17.637310352581636, "seconds": 668}
{"event": "epoch", "epoch": 49, "phase": "float", "loss": -16.227590324610805, "seconds": 19.874280920000274, "elapsed_seconds": 672.4002119879997, "learning_rate": 0.00025, "utterances": 770, "total_utterances": 770, "invalid_utterances": 0, "noisy_si_sdr": 6.016738904979767, "si_sdr": 14.659286866633584, "si_sdri": 8.642547961653815, "best_si_sdri": 8.642547961653815}
{"event": "progress", "epoch": 50, "step": 0, "loss": -14.6531129779122, "seconds": 673}
{"event": "progress", "epoch": 50, "step": 50, "loss": -15.37122899203552, "seconds": 675}
{"event": "progress", "epoch": 50, "step": 100, "loss": -16.311020725497208, "seconds": 677}
{"event": "progress", "epoch": 50, "step": 150, "loss": -16.399036792482008, "seconds": 680}
{"event": "progress", "epoch": 50, "step": 200, "loss": -15.965864099813686, "seconds": 682}
{"event": "progress", "epoch": 50, "step": 250, "loss": -16.562292579708412, "seconds": 685}
{"event": "progress", "epoch": 50, "step": 300, "loss": -14.59963654487852, "seconds": 687}
{"event": "epoch", "epoch": 50, "phase": "float", "loss": -16.26170007319408, "seconds": 18.72753484399982, "elapsed_seconds": 691.191155386, "learning_rate": 0.00025, "utterances": 770, "total_utterances": 770, "invalid_utterances": 0, "noisy_si_sdr": 6.016738904979767, "si_sdr": 14.705470976219349, "si_sdri": 8.688732071239581, "best_si_sdri": 8.688732071239581}
{"event": "progress", "epoch": 51, "step": 0, "loss": -14.331116750300458, "seconds": 691}
{"event": "progress", "epoch": 51, "step": 50, "loss": -16.6567035143106, "seconds": 694}
{"event": "progress", "epoch": 51, "step": 100, "loss": -16.64988089739291, "seconds": 697}
{"event": "progress", "epoch": 51, "step": 150, "loss": -18.55720440256693, "seconds": 699}
{"event": "progress", "epoch": 51, "step": 200, "loss": -16.006200353466127, "seconds": 702}
{"event": "progress", "epoch": 51, "step": 250, "loss": -18.683173041871477, "seconds": 705}
{"event": "progress", "epoch": 51, "step": 300, "loss": -15.21451306356234, "seconds": 707}
{"event": "epoch", "epoch": 51, "phase": "float", "loss": -16.308292516800858, "seconds": 19.97845064499961, "elapsed_seconds": 711.2413049790002, "learning_rate": 0.00025, "utterances": 770, "total_utterances": 770, "invalid_utterances": 0, "noisy_si_sdr": 6.016738904979767, "si_sdr": 14.685435176764676, "si_sdri": 8.66869627178491, "best_si_sdri": 8.688732071239581}
{"event": "progress", "epoch": 52, "step": 0, "loss": -14.913760229646027, "seconds": 711}
{"event": "progress", "epoch": 52, "step": 50, "loss": -14.351699040866636, "seconds": 714}
{"event": "progress", "epoch": 52, "step": 100, "loss": -16.233775249764214, "seconds": 716}
{"event": "progress", "epoch": 52, "step": 150, "loss": -14.042720622266728, "seconds": 718}
{"event": "progress", "epoch": 52, "step": 200, "loss": -18.752996249425166, "seconds": 721}
{"event": "progress", "epoch": 52, "step": 250, "loss": -15.754411668325279, "seconds": 724}
{"event": "progress", "epoch": 52, "step": 300, "loss": -16.976106812824746, "seconds": 726}
{"event": "epoch", "epoch": 52, "phase": "float", "loss": -16.31280969904921, "seconds": 19.630513752999832, "elapsed_seconds": 730.9014647530003, "learning_rate": 0.00025, "utterances": 770, "total_utterances": 770, "invalid_utterances": 0, "noisy_si_sdr": 6.016738904979767, "si_sdr": 14.642617038395805, "si_sdri": 8.625878133416036, "best_si_sdri": 8.688732071239581}
{"event": "progress", "epoch": 53, "step": 0, "loss": -16.42015216207137, "seconds": 731}
{"event": "progress", "epoch": 53, "step": 50, "loss": -14.738224932266018, "seconds": 734}
{"event": "progress", "epoch": 53, "step": 100, "loss": -13.779559387694828, "seconds": 737}
{"event": "progress", "epoch": 53, "step": 150, "loss": -15.720283206272446, "seconds": 739}
{"event": "progress", "epoch": 53, "step": 200, "loss": -16.777391089969036, "seconds": 742}
{"event": "progress", "epoch": 53, "step": 250, "loss": -15.784910428784125, "seconds": 745}
{"event": "progress", "epoch": 53, "step": 300, "loss": -17.620999744892273, "seconds": 747}
{"event": "epoch", "epoch": 53, "phase": "float", "loss": -16.30572453608985, "seconds": 19.577165396000055, "elapsed_seconds": 750.5019857650004, "learning_rate": 0.00025, "utterances": 770, "total_utterances": 770, "invalid_utterances": 0, "noisy_si_sdr": 6.016738904979767, "si_sdr": 14.655505035019694, "si_sdri": 8.638766130039926, "best_si_sdri": 8.688732071239581}
{"event": "progress", "epoch": 54, "step": 0, "loss": -16.537418550545926, "seconds": 751}
{"event": "progress", "epoch": 54, "step": 50, "loss": -16.909505402885394, "seconds": 753}
{"event": "progress", "epoch": 54, "step": 100, "loss": -17.015139922989146, "seconds": 756}
{"event": "progress", "epoch": 54, "step": 150, "loss": -15.46090765738085, "seconds": 759}
{"event": "progress", "epoch": 54, "step": 200, "loss": -16.14782759301857, "seconds": 761}
{"event": "progress", "epoch": 54, "step": 250, "loss": -14.045321645010635, "seconds": 764}
{"event": "progress", "epoch": 54, "step": 300, "loss": -15.619325782665818, "seconds": 767}
{"event": "epoch", "epoch": 54, "phase": "float", "loss": -16.3379206442407, "seconds": 20.771366363000197, "elapsed_seconds": 771.3006129940004, "learning_rate": 0.00025, "utterances": 770, "total_utterances": 770, "invalid_utterances": 0, "noisy_si_sdr": 6.016738904979767, "si_sdr": 14.698265891480512, "si_sdri": 8.681526986500746, "best_si_sdri": 8.688732071239581}
{"event": "progress", "epoch": 55, "step": 0, "loss": -17.497156142152193, "seconds": 772}
{"event": "progress", "epoch": 55, "step": 50, "loss": -16.016558678573883, "seconds": 774}
{"event": "progress", "epoch": 55, "step": 100, "loss": -15.160324830027712, "seconds": 777}
{"event": "progress", "epoch": 55, "step": 150, "loss": -19.16976753584953, "seconds": 779}
{"event": "progress", "epoch": 55, "step": 200, "loss": -15.610289166349968, "seconds": 781}
{"event": "progress", "epoch": 55, "step": 250, "loss": -13.393750775609062, "seconds": 783}
{"event": "progress", "epoch": 55, "step": 300, "loss": -17.09770732974401, "seconds": 786}
{"event": "epoch", "epoch": 55, "phase": "float", "loss": -16.390648391557118, "seconds": 19.059255600000142, "elapsed_seconds": 790.3839557660003, "learning_rate": 0.000125, "utterances": 770, "total_utterances": 770, "invalid_utterances": 0, "noisy_si_sdr": 6.016738904979767, "si_sdr": 14.701311302239805, "si_sdri": 8.68457239726004, "best_si_sdri": 8.688732071239581}
{"event": "progress", "epoch": 56, "step": 0, "loss": -15.127869437373787, "seconds": 791}
{"event": "progress", "epoch": 56, "step": 50, "loss": -14.464995119968185, "seconds": 793}
{"event": "progress", "epoch": 56, "step": 100, "loss": -18.383149959335114, "seconds": 796}
{"event": "progress", "epoch": 56, "step": 150, "loss": -16.504719297565117, "seconds": 799}
{"event": "progress", "epoch": 56, "step": 200, "loss": -15.685864127013307, "seconds": 801}
{"event": "progress", "epoch": 56, "step": 250, "loss": -16.500260570146224, "seconds": 804}
{"event": "progress", "epoch": 56, "step": 300, "loss": -16.59626636798515, "seconds": 807}
{"event": "epoch", "epoch": 56, "phase": "float", "loss": -16.32587661967176, "seconds": 19.962244180000198, "elapsed_seconds": 810.3783287140004, "learning_rate": 0.000125, "utterances": 770, "total_utterances": 770, "invalid_utterances": 0, "noisy_si_sdr": 6.016738904979767, "si_sdr": 14.705138907773726, "si_sdri": 8.688400002793957, "best_si_sdri": 8.688732071239581}
{"event": "progress", "epoch": 57, "step": 0, "loss": -18.072764597099646, "seconds": 811}
{"event": "progress", "epoch": 57, "step": 50, "loss": -17.22980097875528, "seconds": 813}
{"event": "progress", "epoch": 57, "step": 100, "loss": -16.562474452675097, "seconds": 815}
{"event": "progress", "epoch": 57, "step": 150, "loss": -17.360830386863448, "seconds": 818}
{"event": "progress", "epoch": 57, "step": 200, "loss": -16.46452632144373, "seconds": 820}
{"event": "progress", "epoch": 57, "step": 250, "loss": -16.903959541493908, "seconds": 823}
{"event": "progress", "epoch": 57, "step": 300, "loss": -17.509017434052325, "seconds": 826}
{"event": "epoch", "epoch": 57, "phase": "float", "loss": -16.500605615620056, "seconds": 19.793297205000272, "elapsed_seconds": 830.2016201100005, "learning_rate": 0.000125, "utterances": 770, "total_utterances": 770, "invalid_utterances": 0, "noisy_si_sdr": 6.016738904979767, "si_sdr": 14.700763871235615, "si_sdri": 8.684024966255846, "best_si_sdri": 8.688732071239581}
{"event": "progress", "epoch": 58, "step": 0, "loss": -15.416372916325525, "seconds": 830}
{"event": "progress", "epoch": 58, "step": 50, "loss": -16.604130226178675, "seconds": 833}
{"event": "progress", "epoch": 58, "step": 100, "loss": -15.63092009346019, "seconds": 836}
{"event": "progress", "epoch": 58, "step": 150, "loss": -16.231312609312262, "seconds": 838}
{"event": "progress", "epoch": 58, "step": 200, "loss": -13.848882337047723, "seconds": 840}
{"event": "progress", "epoch": 58, "step": 250, "loss": -17.82702255621203, "seconds": 843}
{"event": "progress", "epoch": 58, "step": 300, "loss": -15.512647216143254, "seconds": 845}
{"event": "epoch", "epoch": 58, "phase": "float", "loss": -16.399985970905554, "seconds": 19.61525500300013, "elapsed_seconds": 849.8505638679999, "learning_rate": 0.000125, "utterances": 770, "total_utterances": 770, "invalid_utterances": 0, "noisy_si_sdr": 6.016738904979767, "si_sdr": 14.709948610200346, "si_sdri": 8.693209705220578, "best_si_sdri": 8.693209705220578}
{"event": "progress", "epoch": 59, "step": 0, "loss": -15.899673173238803, "seconds": 850}
{"event": "progress", "epoch": 59, "step": 50, "loss": -18.74853116674459, "seconds": 852}
{"event": "progress", "epoch": 59, "step": 100, "loss": -17.568189244169005, "seconds": 855}
{"event": "progress", "epoch": 59, "step": 150, "loss": -16.17065377409243, "seconds": 857}
{"event": "progress", "epoch": 59, "step": 200, "loss": -14.751043485384674, "seconds": 860}
{"event": "progress", "epoch": 59, "step": 250, "loss": -17.277258975567968, "seconds": 863}
{"event": "progress", "epoch": 59, "step": 300, "loss": -15.663944042121878, "seconds": 865}
{"event": "epoch", "epoch": 59, "phase": "float", "loss": -16.53961999461239, "seconds": 19.704189972000677, "elapsed_seconds": 869.6133447120001, "learning_rate": 0.000125, "utterances": 770, "total_utterances": 770, "invalid_utterances": 0, "noisy_si_sdr": 6.016738904979767, "si_sdr": 14.685348308842613, "si_sdri": 8.668609403862847, "best_si_sdri": 8.693209705220578}
{"event": "progress", "epoch": 60, "step": 0, "loss": -16.862584816020476, "seconds": 870}
{"event": "progress", "epoch": 60, "step": 50, "loss": -14.510651680336913, "seconds": 872}
{"event": "progress", "epoch": 60, "step": 100, "loss": -15.840485276222854, "seconds": 875}
{"event": "progress", "epoch": 60, "step": 150, "loss": -19.44386568526044, "seconds": 878}
{"event": "progress", "epoch": 60, "step": 200, "loss": -15.291391915274364, "seconds": 880}
{"event": "progress", "epoch": 60, "step": 250, "loss": -14.240281620216713, "seconds": 883}
{"event": "progress", "epoch": 60, "step": 300, "loss": -15.907912610928605, "seconds": 885}
{"event": "epoch", "epoch": 60, "phase": "float", "loss": -16.441508467551586, "seconds": 19.742956829999457, "elapsed_seconds": 889.3806042060005, "learning_rate": 0.000125, "utterances": 770, "total_utterances": 770, "invalid_utterances": 0, "noisy_si_sdr": 6.016738904979767, "si_sdr": 14.734251365754254, "si_sdri": 8.717512460774484, "best_si_sdri": 8.717512460774484}
{"event": "progress", "epoch": 61, "step": 0, "loss": -14.920250888737963, "seconds": 890}
{"event": "progress", "epoch": 61, "step": 50, "loss": -18.210380701495627, "seconds": 892}
{"event": "progress", "epoch": 61, "step": 100, "loss": -14.692278618680628, "seconds": 895}
{"event": "progress", "epoch": 61, "step": 150, "loss": -15.207437784677358, "seconds": 898}
{"event": "progress", "epoch": 61, "step": 200, "loss": -13.919695895576858, "seconds": 900}
{"event": "progress", "epoch": 61, "step": 250, "loss": -14.429892564648833, "seconds": 902}
{"event": "progress", "epoch": 61, "step": 300, "loss": -15.411425097108712, "seconds": 905}
{"event": "epoch", "epoch": 61, "phase": "float", "loss": -16.52235692111496, "seconds": 20.10751182400054, "elapsed_seconds": 909.548931022, "learning_rate": 0.000125, "utterances": 770, "total_utterances": 770, "invalid_utterances": 0, "noisy_si_sdr": 6.016738904979767, "si_sdr": 14.684424109547127, "si_sdri": 8.66768520456736, "best_si_sdri": 8.717512460774484}
{"event": "progress", "epoch": 62, "step": 0, "loss": -16.660309434654216, "seconds": 910}
{"event": "progress", "epoch": 62, "step": 50, "loss": -14.732846011864234, "seconds": 912}
{"event": "progress", "epoch": 62, "step": 100, "loss": -14.562108924295718, "seconds": 915}
{"event": "progress", "epoch": 62, "step": 150, "loss": -14.56622439084549, "seconds": 918}
{"event": "progress", "epoch": 62, "step": 200, "loss": -20.186847410212877, "seconds": 920}
{"event": "progress", "epoch": 62, "step": 250, "loss": -16.940588029719635, "seconds": 922}
{"event": "progress", "epoch": 62, "step": 300, "loss": -16.231558392456925, "seconds": 925}
{"event": "epoch", "epoch": 62, "phase": "float", "loss": -16.51737203548122, "seconds": 19.584200854999835, "elapsed_seconds": 929.1588731130005, "learning_rate": 0.000125, "utterances": 770, "total_utterances": 770, "invalid_utterances": 0, "noisy_si_sdr": 6.016738904979767, "si_sdr": 14.720397869728828, "si_sdri": 8.703658964749062, "best_si_sdri": 8.717512460774484}
{"event": "progress", "epoch": 63, "step": 0, "loss": -18.010783568065882, "seconds": 929}
{"event": "progress", "epoch": 63, "step": 50, "loss": -16.46536707504619, "seconds": 932}
{"event": "progress", "epoch": 63, "step": 100, "loss": -13.113519087489877, "seconds": 934}
{"event": "progress", "epoch": 63, "step": 150, "loss": -22.494194851344226, "seconds": 937}
{"event": "progress", "epoch": 63, "step": 200, "loss": -16.00832704390768, "seconds": 940}
{"event": "progress", "epoch": 63, "step": 250, "loss": -15.804457333927022, "seconds": 942}
{"event": "progress", "epoch": 63, "step": 300, "loss": -15.552705233175299, "seconds": 945}
{"event": "epoch", "epoch": 63, "phase": "float", "loss": -16.497666915419465, "seconds": 20.408102652000707, "elapsed_seconds": 949.5973543310001, "learning_rate": 0.000125, "utterances": 770, "total_utterances": 770, "invalid_utterances": 0, "noisy_si_sdr": 6.016738904979767, "si_sdr": 14.664325561043228, "si_sdri": 8.647586656063464, "best_si_sdri": 8.717512460774484}
{"event": "progress", "epoch": 64, "step": 0, "loss": -15.59936660498709, "seconds": 950}
{"event": "progress", "epoch": 64, "step": 50, "loss": -15.01245243511094, "seconds": 952}
{"event": "progress", "epoch": 64, "step": 100, "loss": -16.59663929730927, "seconds": 955}
{"event": "progress", "epoch": 64, "step": 150, "loss": -18.138723546465357, "seconds": 957}
{"event": "progress", "epoch": 64, "step": 200, "loss": -16.341164626542906, "seconds": 959}
{"event": "progress", "epoch": 64, "step": 250, "loss": -14.795960498782588, "seconds": 961}
{"event": "progress", "epoch": 64, "step": 300, "loss": -17.50992440582477, "seconds": 964}
{"event": "epoch", "epoch": 64, "phase": "float", "loss": -16.44525980198064, "seconds": 18.98416565900061, "elapsed_seconds": 968.6048181860006, "learning_rate": 0.000125, "utterances": 770, "total_utterances": 770, "invalid_utterances": 0, "noisy_si_sdr": 6.016738904979767, "si_sdr": 14.72820383192812, "si_sdri": 8.71146492694835, "best_si_sdri": 8.717512460774484}
{"event": "progress", "epoch": 65, "step": 0, "loss": -15.808491010018354, "seconds": 969}
{"event": "progress", "epoch": 65, "step": 50, "loss": -15.995584409491084, "seconds": 972}
{"event": "progress", "epoch": 65, "step": 100, "loss": -21.901361201728516, "seconds": 974}
{"event": "progress", "epoch": 65, "step": 150, "loss": -16.406406060179457, "seconds": 977}
{"event": "progress", "epoch": 65, "step": 200, "loss": -17.94631642250276, "seconds": 979}
{"event": "progress", "epoch": 65, "step": 250, "loss": -16.91721852121136, "seconds": 982}
{"event": "progress", "epoch": 65, "step": 300, "loss": -15.596524320591591, "seconds": 985}
{"event": "epoch", "epoch": 65, "phase": "float", "loss": -16.431744244775587, "seconds": 20.67406337200009, "elapsed_seconds": 989.3085895630002, "learning_rate": 6.25e-05, "utterances": 770, "total_utterances": 770, "invalid_utterances": 0, "noisy_si_sdr": 6.016738904979767, "si_sdr": 14.727883124629894, "si_sdri": 8.711144219650127, "best_si_sdri": 8.717512460774484}
{"event": "progress", "epoch": 66, "step": 0, "loss": -16.56623394729577, "seconds": 990}
{"event": "progress", "epoch": 66, "step": 50, "loss": -17.440107247044672, "seconds": 991}
{"event": "progress", "epoch": 66, "step": 100, "loss": -16.533664500837283, "seconds": 993}
{"event": "progress", "epoch": 66, "step": 150, "loss": -15.15368500343981, "seconds": 996}
{"event": "progress", "epoch": 66, "step": 200, "loss": -14.472380510077933, "seconds": 998}
{"event": "progress", "epoch": 66, "step": 250, "loss": -15.890991253837996, "seconds": 1001}
{"event": "progress", "epoch": 66, "step": 300, "loss": -19.228431051524595, "seconds": 1004}
{"event": "epoch", "epoch": 66, "phase": "float", "loss": -16.512882647710985, "seconds": 18.905289040999378, "elapsed_seconds": 1008.2372631610006, "learning_rate": 6.25e-05, "utterances": 770, "total_utterances": 770, "invalid_utterances": 0, "noisy_si_sdr": 6.016738904979767, "si_sdr": 14.70803210957293, "si_sdri": 8.691293204593162, "best_si_sdri": 8.717512460774484}
{"event": "progress", "epoch": 67, "step": 0, "loss": -16.715742084192176, "seconds": 1008}
{"event": "progress", "epoch": 67, "step": 50, "loss": -15.964436436898549, "seconds": 1011}
{"event": "progress", "epoch": 67, "step": 100, "loss": -15.506451947537878, "seconds": 1014}
{"event": "progress", "epoch": 67, "step": 150, "loss": -15.387264472753742, "seconds": 1016}
{"event": "progress", "epoch": 67, "step": 200, "loss": -16.489135631398412, "seconds": 1019}
{"event": "progress", "epoch": 67, "step": 250, "loss": -16.743358345051682, "seconds": 1021}
{"event": "progress", "epoch": 67, "step": 300, "loss": -20.130951707306792, "seconds": 1023}
{"event": "epoch", "epoch": 67, "phase": "float", "loss": -16.562102185455654, "seconds": 18.922989382000196, "elapsed_seconds": 1027.1829532970005, "learning_rate": 6.25e-05, "utterances": 770, "total_utterances": 770, "invalid_utterances": 0, "noisy_si_sdr": 6.016738904979767, "si_sdr": 14.727498827216852, "si_sdri": 8.710759922237086, "best_si_sdri": 8.717512460774484}
{"event": "progress", "epoch": 68, "step": 0, "loss": -19.01148948324304, "seconds": 1027}
{"event": "progress", "epoch": 68, "step": 50, "loss": -16.28147541797565, "seconds": 1030}
{"event": "progress", "epoch": 68, "step": 100, "loss": -14.923507816544351, "seconds": 1033}
{"event": "progress", "epoch": 68, "step": 150, "loss": -15.480909158050444, "seconds": 1035}
{"event": "progress", "epoch": 68, "step": 200, "loss": -16.90649950380373, "seconds": 1038}
{"event": "progress", "epoch": 68, "step": 250, "loss": -15.544969877007452, "seconds": 1040}
{"event": "progress", "epoch": 68, "step": 300, "loss": -16.23288278883591, "seconds": 1043}
{"event": "epoch", "epoch": 68, "phase": "float", "loss": -16.579857815214048, "seconds": 20.369227431999207, "elapsed_seconds": 1047.5800476579998, "learning_rate": 6.25e-05, "utterances": 770, "total_utterances": 770, "invalid_utterances": 0, "noisy_si_sdr": 6.016738904979767, "si_sdr": 14.699496496440942, "si_sdri": 8.682757591461174, "best_si_sdri": 8.717512460774484}
{"event": "progress", "epoch": 69, "step": 0, "loss": -16.42905158500901, "seconds": 1048}
{"event": "progress", "epoch": 69, "step": 50, "loss": -16.241402899800285, "seconds": 1050}
{"event": "progress", "epoch": 69, "step": 100, "loss": -18.020736118652948, "seconds": 1052}
{"event": "progress", "epoch": 69, "step": 150, "loss": -15.344301105265533, "seconds": 1055}
{"event": "progress", "epoch": 69, "step": 200, "loss": -18.97879173409299, "seconds": 1058}
{"event": "progress", "epoch": 69, "step": 250, "loss": -16.5685611741214, "seconds": 1060}
{"event": "progress", "epoch": 69, "step": 300, "loss": -15.257712158127852, "seconds": 1062}
{"event": "epoch", "epoch": 69, "phase": "float", "loss": -16.582454013093994, "seconds": 19.019637950999822, "elapsed_seconds": 1066.6220793929997, "learning_rate": 6.25e-05, "utterances": 770, "total_utterances": 770, "invalid_utterances": 0, "noisy_si_sdr": 6.016738904979767, "si_sdr": 14.705891028156154, "si_sdri": 8.689152123176386, "best_si_sdri": 8.717512460774484}
{"event": "progress", "epoch": 70, "step": 0, "loss": -16.688898708644782, "seconds": 1067}
{"event": "progress", "epoch": 70, "step": 50, "loss": -17.30207524830896, "seconds": 1069}
{"event": "progress", "epoch": 70, "step": 100, "loss": -16.525436065734418, "seconds": 1072}
{"event": "progress", "epoch": 70, "step": 150, "loss": -16.299296864584516, "seconds": 1075}
{"event": "progress", "epoch": 70, "step": 200, "loss": -20.692500460039028, "seconds": 1077}
{"event": "progress", "epoch": 70, "step": 250, "loss": -17.76393410548439, "seconds": 1080}
{"event": "progress", "epoch": 70, "step": 300, "loss": -17.632930251012052, "seconds": 1082}
{"event": "epoch", "epoch": 70, "phase": "float", "loss": -16.627055151712213, "seconds": 19.67629185900023, "elapsed_seconds": 1086.3306128659997, "learning_rate": 6.25e-05, "utterances": 770, "total_utterances": 770, "invalid_utterances": 0, "noisy_si_sdr": 6.016738904979767, "si_sdr": 14.73722984763091, "si_sdri": 8.720490942651143, "best_si_sdri": 8.720490942651143}
{"event": "progress", "epoch": 71, "step": 0, "loss": -16.44879642499067, "seconds": 1087}
{"event": "progress", "epoch": 71, "step": 50, "loss": -14.444732091606692, "seconds": 1089}
{"event": "progress", "epoch": 71, "step": 100, "loss": -15.170434054261115, "seconds": 1092}
{"event": "progress", "epoch": 71, "step": 150, "loss": -16.5426973013422, "seconds": 1094}
{"event": "progress", "epoch": 71, "step": 200, "loss": -15.83722971365729, "seconds": 1097}
{"event": "progress", "epoch": 71, "step": 250, "loss": -15.397993104412304, "seconds": 1099}
{"event": "progress", "epoch": 71, "step": 300, "loss": -15.323258683949696, "seconds": 1101}
{"event": "epoch", "epoch": 71, "phase": "float", "loss": -16.66809608088274, "seconds": 19.64820439900086, "elapsed_seconds": 1106.030143393, "learning_rate": 6.25e-05, "utterances": 770, "total_utterances": 770, "invalid_utterances": 0, "noisy_si_sdr": 6.016738904979767, "si_sdr": 14.714095980067627, "si_sdri": 8.697357075087858, "best_si_sdri": 8.720490942651143}
{"event": "progress", "epoch": 72, "step": 0, "loss": -15.87381819344407, "seconds": 1106}
{"event": "progress", "epoch": 72, "step": 50, "loss": -16.16949428427508, "seconds": 1109}
{"event": "progress", "epoch": 72, "step": 100, "loss": -17.79573094018669, "seconds": 1111}
{"event": "progress", "epoch": 72, "step": 150, "loss": -17.270598089955335, "seconds": 1113}
{"event": "progress", "epoch": 72, "step": 200, "loss": -15.230964536347315, "seconds": 1116}
{"event": "progress", "epoch": 72, "step": 250, "loss": -18.540585731754405, "seconds": 1119}
{"event": "progress", "epoch": 72, "step": 300, "loss": -18.53703659552619, "seconds": 1121}
{"event": "epoch", "epoch": 72, "phase": "float", "loss": -16.74422671150858, "seconds": 19.686660737999773, "elapsed_seconds": 1125.74735546, "learning_rate": 6.25e-05, "utterances": 770, "total_utterances": 770, "invalid_utterances": 0, "noisy_si_sdr": 6.016738904979767, "si_sdr": 14.679279762115662, "si_sdri": 8.662540857135896, "best_si_sdri": 8.720490942651143}
{"event": "progress", "epoch": 73, "step": 0, "loss": -16.620443371957517, "seconds": 1126}
{"event": "progress", "epoch": 73, "step": 50, "loss": -14.974950984578268, "seconds": 1129}
{"event": "progress", "epoch": 73, "step": 100, "loss": -19.678533849832018, "seconds": 1131}
{"event": "progress", "epoch": 73, "step": 150, "loss": -15.46618320074306, "seconds": 1133}
{"event": "progress", "epoch": 73, "step": 200, "loss": -16.291328311582014, "seconds": 1136}
{"event": "progress", "epoch": 73, "step": 250, "loss": -17.58349710878752, "seconds": 1138}
{"event": "progress", "epoch": 73, "step": 300, "loss": -13.926408802263802, "seconds": 1141}
{"event": "epoch", "epoch": 73, "phase": "float", "loss": -16.719131065513672, "seconds": 19.101068637000026, "elapsed_seconds": 1144.8751683660003, "learning_rate": 6.25e-05, "utterances": 770, "total_utterances": 770, "invalid_utterances": 0, "noisy_si_sdr": 6.016738904979767, "si_sdr": 14.733396406357944, "si_sdri": 8.716657501378176, "best_si_sdri": 8.720490942651143}
{"event": "progress", "epoch": 74, "step": 0, "loss": -17.31814440715938, "seconds": 1145}
{"event": "progress", "epoch": 74, "step": 50, "loss": -15.430325155000265, "seconds": 1148}
{"event": "progress", "epoch": 74, "step": 100, "loss": -18.035326405168135, "seconds": 1150}
{"event": "progress", "epoch": 74, "step": 150, "loss": -15.106993324961477, "seconds": 1153}
{"event": "progress", "epoch": 74, "step": 200, "loss": -17.45330757844477, "seconds": 1156}
{"event": "progress", "epoch": 74, "step": 250, "loss": -19.008966968305323, "seconds": 1158}
{"event": "progress", "epoch": 74, "step": 300, "loss": -18.352624636400172, "seconds": 1161}
{"event": "epoch", "epoch": 74, "phase": "float", "loss": -16.683618668463662, "seconds": 20.531675851999353, "elapsed_seconds": 1165.4296926719999, "learning_rate": 6.25e-05, "utterances": 770, "total_utterances": 770, "invalid_utterances": 0, "noisy_si_sdr": 6.016738904979767, "si_sdr": 14.737195860019884, "si_sdri": 8.720456955040117, "best_si_sdri": 8.720490942651143}
{"event": "progress", "epoch": 75, "step": 0, "loss": -15.820831282310994, "seconds": 1166}
{"event": "progress", "epoch": 75, "step": 50, "loss": -17.768875516868526, "seconds": 1168}
{"event": "progress", "epoch": 75, "step": 100, "loss": -17.13239095250654, "seconds": 1170}
{"event": "progress", "epoch": 75, "step": 150, "loss": -16.05077465161448, "seconds": 1172}
{"event": "progress", "epoch": 75, "step": 200, "loss": -15.46456626621261, "seconds": 1174}
{"event": "progress", "epoch": 75, "step": 250, "loss": -16.99273667748409, "seconds": 1177}
{"event": "progress", "epoch": 75, "step": 300, "loss": -14.905255072997477, "seconds": 1180}
{"event": "epoch", "epoch": 75, "phase": "float", "loss": -16.610381330791895, "seconds": 18.82808624900008, "elapsed_seconds": 1184.2977466499997, "learning_rate": 3.125e-05, "utterances": 770, "total_utterances": 770, "invalid_utterances": 0, "noisy_si_sdr": 6.016738904979767, "si_sdr": 14.711104691260688, "si_sdri": 8.694365786280922, "best_si_sdri": 8.720490942651143}
{"event": "progress", "epoch": 76, "step": 0, "loss": -16.00448102765604, "seconds": 1185}
{"event": "progress", "epoch": 76, "step": 50, "loss": -19.200196383815367, "seconds": 1187}
{"event": "progress", "epoch": 76, "step": 100, "loss": -15.536373888742157, "seconds": 1190}
{"event": "progress", "epoch": 76, "step": 150, "loss": -16.60157724212202, "seconds": 1192}
{"event": "progress", "epoch": 76, "step": 200, "loss": -16.41690967895906, "seconds": 1195}
{"event": "progress", "epoch": 76, "step": 250, "loss": -16.315342152789647, "seconds": 1198}
{"event": "progress", "epoch": 76, "step": 300, "loss": -15.540817198213048, "seconds": 1200}
{"event": "epoch", "epoch": 76, "phase": "float", "loss": -16.59593062533767, "seconds": 19.041875912999785, "elapsed_seconds": 1203.362621188, "learning_rate": 3.125e-05, "utterances": 770, "total_utterances": 770, "invalid_utterances": 0, "noisy_si_sdr": 6.016738904979767, "si_sdr": 14.724868686831828, "si_sdri": 8.708129781852062, "best_si_sdri": 8.720490942651143}
{"event": "progress", "epoch": 77, "step": 0, "loss": -15.892112530006292, "seconds": 1204}
{"event": "progress", "epoch": 77, "step": 50, "loss": -17.976473105405354, "seconds": 1206}
{"event": "progress", "epoch": 77, "step": 100, "loss": -15.429754792571607, "seconds": 1209}
{"event": "progress", "epoch": 77, "step": 150, "loss": -15.048821001116538, "seconds": 1211}
{"event": "progress", "epoch": 77, "step": 200, "loss": -16.0844266783297, "seconds": 1214}
{"event": "progress", "epoch": 77, "step": 250, "loss": -15.68164565165993, "seconds": 1217}
{"event": "progress", "epoch": 77, "step": 300, "loss": -17.97939130245748, "seconds": 1219}
{"event": "epoch", "epoch": 77, "phase": "float", "loss": -16.725232715758484, "seconds": 20.397935254000004, "elapsed_seconds": 1223.7825893660001, "learning_rate": 3.125e-05, "utterances": 770, "total_utterances": 770, "invalid_utterances": 0, "noisy_si_sdr": 6.016738904979767, "si_sdr": 14.73198617726714, "si_sdri": 8.715247272287373, "best_si_sdri": 8.720490942651143}
{"event": "progress", "epoch": 78, "step": 0, "loss": -17.22958597583316, "seconds": 1224}
{"event": "progress", "epoch": 78, "step": 50, "loss": -17.779230148159094, "seconds": 1227}
{"event": "progress", "epoch": 78, "step": 100, "loss": -15.870802942134778, "seconds": 1229}
{"event": "progress", "epoch": 78, "step": 150, "loss": -19.938277603810036, "seconds": 1232}
{"event": "progress", "epoch": 78, "step": 200, "loss": -14.621491186743429, "seconds": 1234}
{"event": "progress", "epoch": 78, "step": 250, "loss": -17.011569579719733, "seconds": 1236}
{"event": "progress", "epoch": 78, "step": 300, "loss": -13.802168109560402, "seconds": 1238}
{"event": "epoch", "epoch": 78, "phase": "float", "loss": -16.75737319428688, "seconds": 18.884249259999706, "elapsed_seconds": 1242.690233761, "learning_rate": 3.125e-05, "utterances": 770, "total_utterances": 770, "invalid_utterances": 0, "noisy_si_sdr": 6.016738904979767, "si_sdr": 14.729372098198537, "si_sdri": 8.712633193218768, "best_si_sdri": 8.720490942651143}
{"event": "progress", "epoch": 79, "step": 0, "loss": -16.055771677426613, "seconds": 1243}
{"event": "progress", "epoch": 79, "step": 50, "loss": -16.70933486188993, "seconds": 1246}
{"event": "progress", "epoch": 79, "step": 100, "loss": -16.665393517224057, "seconds": 1248}
{"event": "progress", "epoch": 79, "step": 150, "loss": -14.963644414446136, "seconds": 1251}
{"event": "progress", "epoch": 79, "step": 200, "loss": -18.00535833676186, "seconds": 1254}
{"event": "progress", "epoch": 79, "step": 250, "loss": -18.199290978618606, "seconds": 1256}
{"event": "progress", "epoch": 79, "step": 300, "loss": -16.127419675270023, "seconds": 1259}
{"event": "epoch", "epoch": 79, "phase": "float", "loss": -16.776833661571818, "seconds": 20.513060602999758, "elapsed_seconds": 1263.2232071959997, "learning_rate": 3.125e-05, "utterances": 770, "total_utterances": 770, "invalid_utterances": 0, "noisy_si_sdr": 6.016738904979767, "si_sdr": 14.695689379837452, "si_sdri": 8.678950474857684, "best_si_sdri": 8.720490942651143}
{"event": "progress", "epoch": 80, "step": 0, "loss": -15.007606183030145, "seconds": 1263}
{"event": "progress", "epoch": 80, "step": 50, "loss": -16.82173641189301, "seconds": 1266}
{"event": "progress", "epoch": 80, "step": 100, "loss": -15.782076271132018, "seconds": 1268}
{"event": "progress", "epoch": 80, "step": 150, "loss": -14.675653124847496, "seconds": 1271}
{"event": "progress", "epoch": 80, "step": 200, "loss": -16.560075769457868, "seconds": 1273}
{"event": "progress", "epoch": 80, "step": 250, "loss": -16.983459847863934, "seconds": 1275}
{"event": "progress", "epoch": 80, "step": 300, "loss": -13.633876916990918, "seconds": 1278}
{"event": "epoch", "epoch": 80, "phase": "float", "loss": -16.842589824929576, "seconds": 18.96802974699949, "elapsed_seconds": 1282.2239182900003, "learning_rate": 2e-05, "utterances": 770, "total_utterances": 770, "invalid_utterances": 0, "noisy_si_sdr": 6.016738904979767, "si_sdr": 14.723505097092582, "si_sdri": 8.706766192112816, "best_si_sdri": 8.720490942651143}
{"event": "progress", "epoch": 81, "step": 0, "loss": -15.73460110956407, "seconds": 1282}
{"event": "progress", "epoch": 81, "step": 50, "loss": -18.5724211570396, "seconds": 1285}
{"event": "progress", "epoch": 81, "step": 100, "loss": -15.011031642333212, "seconds": 1288}
{"event": "progress", "epoch": 81, "step": 150, "loss": -15.817537028148795, "seconds": 1290}
{"event": "progress", "epoch": 81, "step": 200, "loss": -19.32879468630194, "seconds": 1293}
{"event": "progress", "epoch": 81, "step": 250, "loss": -17.259790318433602, "seconds": 1295}
{"event": "progress", "epoch": 81, "step": 300, "loss": -16.521012665990607, "seconds": 1297}
{"event": "epoch", "epoch": 81, "phase": "float", "loss": -16.72180105621435, "seconds": 19.711566277000202, "elapsed_seconds": 1301.958109913, "learning_rate": 2e-05, "utterances": 770, "total_utterances": 770, "invalid_utterances": 0, "noisy_si_sdr": 6.016738904979767, "si_sdr": 14.713557867726953, "si_sdri": 8.696818962747184, "best_si_sdri": 8.720490942651143}
{"event": "progress", "epoch": 82, "step": 0, "loss": -21.557324166206282, "seconds": 1302}
{"event": "progress", "epoch": 82, "step": 50, "loss": -16.228022499735275, "seconds": 1305}
{"event": "progress", "epoch": 82, "step": 100, "loss": -15.211935568328613, "seconds": 1307}
{"event": "progress", "epoch": 82, "step": 150, "loss": -14.068410844980075, "seconds": 1309}
{"event": "progress", "epoch": 82, "step": 200, "loss": -15.207544846757525, "seconds": 1312}
{"event": "progress", "epoch": 82, "step": 250, "loss": -18.04071380131383, "seconds": 1314}
{"event": "progress", "epoch": 82, "step": 300, "loss": -17.939966043701567, "seconds": 1317}
{"event": "epoch", "epoch": 82, "phase": "float", "loss": -16.765836043441908, "seconds": 19.63871539699994, "elapsed_seconds": 1321.6192136620002, "learning_rate": 2e-05, "utterances": 770, "total_utterances": 770, "invalid_utterances": 0, "noisy_si_sdr": 6.016738904979767, "si_sdr": 14.708149453393721, "si_sdri": 8.691410548413955, "best_si_sdri": 8.720490942651143}
{"event": "progress", "epoch": 83, "step": 0, "loss": -14.821369464911122, "seconds": 1322}
{"event": "progress", "epoch": 83, "step": 50, "loss": -16.51454856808099, "seconds": 1324}
{"event": "progress", "epoch": 83, "step": 100, "loss": -18.761561635223572, "seconds": 1326}
{"event": "progress", "epoch": 83, "step": 150, "loss": -15.973740977277668, "seconds": 1329}
{"event": "progress", "epoch": 83, "step": 200, "loss": -19.252111790229655, "seconds": 1331}
{"event": "progress", "epoch": 83, "step": 250, "loss": -15.647098249483957, "seconds": 1334}
{"event": "progress", "epoch": 83, "step": 300, "loss": -18.672835200964613, "seconds": 1337}
{"event": "epoch", "epoch": 83, "phase": "float", "loss": -16.668037941551955, "seconds": 19.716367601000456, "elapsed_seconds": 1341.3608028549997, "learning_rate": 2e-05, "utterances": 770, "total_utterances": 770, "invalid_utterances": 0, "noisy_si_sdr": 6.016738904979767, "si_sdr": 14.706492906207155, "si_sdri": 8.689754001227387, "best_si_sdri": 8.720490942651143}
{"event": "progress", "epoch": 84, "step": 0, "loss": -14.768379774833448, "seconds": 1342}
{"event": "progress", "epoch": 84, "step": 50, "loss": -16.397109753163136, "seconds": 1344}
{"event": "progress", "epoch": 84, "step": 100, "loss": -19.721611268195204, "seconds": 1346}
{"event": "progress", "epoch": 84, "step": 150, "loss": -18.046558308007064, "seconds": 1349}
{"event": "progress", "epoch": 84, "step": 200, "loss": -19.891827741431413, "seconds": 1351}
{"event": "progress", "epoch": 84, "step": 250, "loss": -15.371721156746913, "seconds": 1354}
{"event": "progress", "epoch": 84, "step": 300, "loss": -14.643359218520652, "seconds": 1356}
{"event": "epoch", "epoch": 84, "phase": "float", "loss": -16.843844506694868, "seconds": 18.93621097400046, "elapsed_seconds": 1360.3196716929997, "learning_rate": 2e-05, "utterances": 770, "total_utterances": 770, "invalid_utterances": 0, "noisy_si_sdr": 6.016738904979767, "si_sdr": 14.711197209455133, "si_sdri": 8.694458304475365, "best_si_sdri": 8.720490942651143}
{"event": "progress", "epoch": 85, "step": 0, "loss": -17.15460605822981, "seconds": 1361}
{"event": "progress", "epoch": 85, "step": 50, "loss": -17.626931556525793, "seconds": 1363}
{"event": "progress", "epoch": 85, "step": 100, "loss": -19.961273763041383, "seconds": 1366}
{"event": "progress", "epoch": 85, "step": 150, "loss": -17.27316988097006, "seconds": 1368}
{"event": "progress", "epoch": 85, "step": 200, "loss": -16.739488455218485, "seconds": 1371}
{"event": "progress", "epoch": 85, "step": 250, "loss": -17.98904462327212, "seconds": 1374}
{"event": "progress", "epoch": 85, "step": 300, "loss": -15.889706653675416, "seconds": 1376}
{"event": "epoch", "epoch": 85, "phase": "float", "loss": -16.76973090852212, "seconds": 19.866240350000226, "elapsed_seconds": 1380.20983824, "learning_rate": 2e-05, "utterances": 770, "total_utterances": 770, "invalid_utterances": 0, "noisy_si_sdr": 6.016738904979767, "si_sdr": 14.716683916007726, "si_sdri": 8.699945011027957, "best_si_sdri": 8.720490942651143}
{"event": "progress", "epoch": 86, "step": 0, "loss": -14.684473843403048, "seconds": 1380}
{"event": "progress", "epoch": 86, "step": 50, "loss": -17.034425236984596, "seconds": 1383}
{"event": "progress", "epoch": 86, "step": 100, "loss": -17.172089936636766, "seconds": 1385}
{"event": "progress", "epoch": 86, "step": 150, "loss": -17.495271644595462, "seconds": 1387}
{"event": "progress", "epoch": 86, "step": 200, "loss": -16.09497447670232, "seconds": 1390}
{"event": "progress", "epoch": 86, "step": 250, "loss": -16.39499502644883, "seconds": 1393}
{"event": "progress", "epoch": 86, "step": 300, "loss": -17.09026290017253, "seconds": 1395}
{"event": "epoch", "epoch": 86, "phase": "float", "loss": -16.81532435939946, "seconds": 19.552974772999733, "elapsed_seconds": 1399.7852109679998, "learning_rate": 2e-05, "utterances": 770, "total_utterances": 770, "invalid_utterances": 0, "noisy_si_sdr": 6.016738904979767, "si_sdr": 14.722111802110243, "si_sdri": 8.705372897130475, "best_si_sdri": 8.720490942651143}
{"event": "progress", "epoch": 87, "step": 0, "loss": -15.260589740064365, "seconds": 1400}
{"event": "progress", "epoch": 87, "step": 50, "loss": -17.413383184370808, "seconds": 1403}
{"event": "progress", "epoch": 87, "step": 100, "loss": -15.464996670254747, "seconds": 1405}
{"event": "progress", "epoch": 87, "step": 150, "loss": -14.808579261795055, "seconds": 1408}
{"event": "progress", "epoch": 87, "step": 200, "loss": -16.608058697687667, "seconds": 1410}
{"event": "progress", "epoch": 87, "step": 250, "loss": -14.974538391719083, "seconds": 1413}
{"event": "progress", "epoch": 87, "step": 300, "loss": -14.663289401404473, "seconds": 1415}
{"event": "epoch", "epoch": 87, "phase": "float", "loss": -16.862137666044024, "seconds": 18.853332325999872, "elapsed_seconds": 1418.6614453970005, "learning_rate": 2e-05, "utterances": 770, "total_utterances": 770, "invalid_utterances": 0, "noisy_si_sdr": 6.016738904979767, "si_sdr": 14.706085806116437, "si_sdri": 8.689346901136668, "best_si_sdri": 8.720490942651143}
{"event": "progress", "epoch": 88, "step": 0, "loss": -13.692396060283109, "seconds": 1419}
{"event": "progress", "epoch": 88, "step": 50, "loss": -18.964210107963225, "seconds": 1421}
{"event": "progress", "epoch": 88, "step": 100, "loss": -17.67119988139353, "seconds": 1424}
{"event": "progress", "epoch": 88, "step": 150, "loss": -15.035744238053733, "seconds": 1427}
{"event": "progress", "epoch": 88, "step": 200, "loss": -15.416615123458005, "seconds": 1429}
{"event": "progress", "epoch": 88, "step": 250, "loss": -19.749996324921792, "seconds": 1432}
{"event": "progress", "epoch": 88, "step": 300, "loss": -19.29708129372254, "seconds": 1435}
{"event": "epoch", "epoch": 88, "phase": "float", "loss": -16.78699351099904, "seconds": 20.903136382999946, "elapsed_seconds": 1439.5932440810002, "learning_rate": 2e-05, "utterances": 770, "total_utterances": 770, "invalid_utterances": 0, "noisy_si_sdr": 6.016738904979767, "si_sdr": 14.724099931028618, "si_sdri": 8.70736102604885, "best_si_sdri": 8.720490942651143}
{"event": "progress", "epoch": 89, "step": 0, "loss": -16.269417895915723, "seconds": 1440}
{"event": "progress", "epoch": 89, "step": 50, "loss": -14.554149047185275, "seconds": 1443}
{"event": "progress", "epoch": 89, "step": 100, "loss": -14.578854773558675, "seconds": 1445}
{"event": "progress", "epoch": 89, "step": 150, "loss": -17.04174611854574, "seconds": 1447}
{"event": "progress", "epoch": 89, "step": 200, "loss": -14.433477577675948, "seconds": 1449}
{"event": "progress", "epoch": 89, "step": 250, "loss": -17.67062768143872, "seconds": 1451}
{"event": "progress", "epoch": 89, "step": 300, "loss": -15.006396685933343, "seconds": 1454}
{"event": "epoch", "epoch": 89, "phase": "float", "loss": -16.75117188700499, "seconds": 19.290213170999778, "elapsed_seconds": 1458.9040780040004, "learning_rate": 2e-05, "utterances": 770, "total_utterances": 770, "invalid_utterances": 0, "noisy_si_sdr": 6.016738904979767, "si_sdr": 14.723549214038078, "si_sdri": 8.706810309058309, "best_si_sdri": 8.720490942651143}
{"event": "progress", "epoch": 90, "step": 0, "loss": -15.898067233524895, "seconds": 1459}
{"event": "progress", "epoch": 90, "step": 50, "loss": -16.519995653135325, "seconds": 1462}
{"event": "progress", "epoch": 90, "step": 100, "loss": -16.573641918720167, "seconds": 1464}
{"event": "progress", "epoch": 90, "step": 150, "loss": -18.69405336703084, "seconds": 1467}
{"event": "progress", "epoch": 90, "step": 200, "loss": -16.656176544057345, "seconds": 1470}
{"event": "progress", "epoch": 90, "step": 250, "loss": -14.169315167573746, "seconds": 1472}
{"event": "progress", "epoch": 90, "step": 300, "loss": -17.759372049273004, "seconds": 1475}
{"event": "epoch", "epoch": 90, "phase": "float", "loss": -16.804958939698043, "seconds": 19.924179474000084, "elapsed_seconds": 1478.8558917480004, "learning_rate": 2e-05, "utterances": 770, "total_utterances": 770, "invalid_utterances": 0, "noisy_si_sdr": 6.016738904979767, "si_sdr": 14.711349848069677, "si_sdri": 8.694610943089911, "best_si_sdri": 8.720490942651143}
{"event": "finished", "status": "early_stopped", "best_si_sdri": 8.720490942651143, "epoch": 90, "elapsed_hours": 0.41080088591305564}
