{"event": "start", "device": "cuda", "torch": "2.11.0+cu128", "model": {"learned_parameters": 632322, "convolution_weights": 628480, "macs_per_second": 39280000.0, "context_frames": 127, "neural_state_bytes_int8": 32256}, "model_kind": "spectral_tcn", "gpu": "NVIDIA L4", "test_used_for_selection": false, "selection_metric": "mean utterance SI-SDR improvement", "validation_is_partial": false, "calibration": null, "added_training_sources": {"speech_manifest_sha256": "24acf8d2789c019fb966b39754bd71376e016b4d1169cd611031f94271d7ac77", "noise_manifest_sha256": "e953b3952bb66377ad6bc67b93cb1b2148511cca952b41b0fb038a93a79a8b03", "speech_recordings": 25675, "noise_recordings": 837, "synthetic_probability": 0.5, "samples_per_epoch": 21604}, "distillation": null, "resume_checkpoint_sha256": null, "manifest_sha256": {"train": "c0b9ea9aa7b13d30aadd30f76274f6b2f932d802ae85c55426c2c3e13a4a247c", "val": "c1e0ccf95766f1542da3e8eebc1cf33107ca6ecf3ccf59c7a2d8078c171f5668"}, "source_sha256": {"__init__.py": "8fa53a117dcac5ce5f496e7685d7f3a4af5c4ed2b87475e4ba888f9925b3a560", "data.py": "1b755c38236483957f8ecc62a4923841aa33f3bd9c26e2a1de288ae5132f22f3", "development.py": "11b16e960701f64e5813b84e1f40e6be62d682777e04d683c4f671110ca70d44", "distillation.py": "6e2b72d890afa061d9361e43587cfb446455bff94b4177f7afc76e23446758f7", "embedded.py": "a31581b4d7c51fd82488420fa7b7997605d056b0001b6582aeb852fe2e1022b2", "evaluate.py": "c2f71a72cf7ee5b1a7ef358af06db13f612d51ea66029c53c57b33e81f34c3e3", "export.py": "29f5148bbef5c7d64353566af2c1387ce17ec419164976e10517065b9cdebff6", "extra_data.py": "193cf8fd9d8704d040602ad00ba13b10d3ff61c06ffebe739a0acf72728979a3", "frequency_embedded.py": "04808d9e34f42e68a960be9476bb40303a6e897c5461a09413885029c256b6ee", "frequency_evaluate.py": "bdc5f29e7a49f1b3251b29257b68044c733eaa942802feb4e9d70db70c4699a6", "frequency_export.py": "d7d8a0c7f4aea3e9426594d1e38b11713ae57c654f8c4d1e1b7428074575d155", "frequency_gru.py": "41e0f10b122e8afb588d08f7d5220257c9b9f4f8ea792749baa07cbf3f292632", "frequency_model.py": "68da4df1ae92084c1ca1dba91ccbc16be4731fa2561bd48bdac6117127f689f4", "frequency_normalization.py": "407ae0de89eeb9202fe4ef8389b6308112564b4a84665745e98f9883fb0cac90", "frequency_quantization.py": "4739cdcac4753e31465593d3372c11936048778db29da2debf2975a33a4de162", "losses.py": "5f0e7753d8c7d5e827bb58e688288bbb883322b1326b878ab826139734621753", "mask_diagnostics.py": "0e7b71ffd2de26d647c91091d90a6090fe4dda579cb34393f4ba8c78ac1a44c3", "metrics.py": "9832420689fcc6e27d02ef2c751f76ac86c17d9f9164864543bf7604826da2b5", "mixtures.py": "aa52046143db594b101027108f1e4cad1a5dbdbbcde717146155b2847a3eef7a", "model.py": "ae35b641f3dd1a58932a8675cc58cac0029c637dbb196c125b3ae560ad61482e", "models.py": "107e7a06fb63880b37da57c01bf90b67f8d209decf7aa01def80a7b144d8b82b", "quality.py": "39cae6c04fb76d8493f4bf6bec12c99a01dee5a8a25402ded65dbdb90f311874", "quantization.py": "cb16d537edc4dbac1a378e0f3e33b8e614a956da0fe1dc469d386c911696d5c5", "runtime_cache.py": "8b0dc114256533810bddefe350d4bf57009dc69b75d42819ae1590c4ee0e7019", "train.py": "07d0173dc239ca223ec3e89c40939d48e74d9ed5263c0806bdf98793e69ab572"}, "train_utterances": 10802, "validation_utterances": 770, "train_speakers": ["p227", "p228", "p230", "p231", "p233", "p236", "p239", "p243", "p244", "p250", "p254", "p256", "p258", "p259", "p267", "p268", "p269", "p270", "p273", "p274", "p276", "p277", "p278", "p279", "p282", "p286"], "validation_speakers": ["p226", "p287"], "phase": "float"}
{"event": "initial_validation", "utterances": 770, "total_utterances": 770, "invalid_utterances": 0, "noisy_si_sdr": 6.016738904979767, "si_sdr": 6.016738687284277, "si_sdri": -2.176954912763959e-07}
{"event": "progress", "epoch": 1, "step": 0, "loss": -5.659261546342058, "seconds": 10}
{"event": "progress", "epoch": 1, "step": 50, "loss": -7.85935826584101, "seconds": 14}
{"event": "progress", "epoch": 1, "step": 100, "loss": -11.140539524407345, "seconds": 19}
{"event": "progress", "epoch": 1, "step": 150, "loss": -9.295404787754876, "seconds": 24}
{"event": "progress", "epoch": 1, "step": 200, "loss": -6.563401566497355, "seconds": 28}
{"event": "progress", "epoch": 1, "step": 250, "loss": -9.142711420272931, "seconds": 33}
{"event": "progress", "epoch": 1, "step": 300, "loss": -10.475582536371473, "seconds": 37}
{"event": "progress", "epoch": 1, "step": 350, "loss": -10.504945225615396, "seconds": 41}
{"event": "progress", "epoch": 1, "step": 400, "loss": -11.273647853183663, "seconds": 46}
{"event": "progress", "epoch": 1, "step": 450, "loss": -8.272936433764272, "seconds": 51}
{"event": "progress", "epoch": 1, "step": 500, "loss": -10.505775946364643, "seconds": 56}
{"event": "progress", "epoch": 1, "step": 550, "loss": -9.602322737470397, "seconds": 60}
{"event": "progress", "epoch": 1, "step": 600, "loss": -10.608565931681353, "seconds": 65}
{"event": "progress", "epoch": 1, "step": 650, "loss": -12.119084372850093, "seconds": 70}
{"event": "epoch", "epoch": 1, "phase": "float", "loss": -10.017786479095776, "seconds": 69.18643165699996, "elapsed_seconds": 77.16364650500054, "learning_rate": 0.001, "utterances": 770, "total_utterances": 770, "invalid_utterances": 0, "noisy_si_sdr": 6.016738904979767, "si_sdr": 12.046547695651023, "si_sdri": 6.029808790671254, "best_si_sdri": 6.029808790671254}
{"event": "progress", "epoch": 2, "step": 0, "loss": -9.747351232000499, "seconds": 78}
{"event": "progress", "epoch": 2, "step": 50, "loss": -11.730253539767158, "seconds": 82}
{"event": "progress", "epoch": 2, "step": 100, "loss": -11.74717281378756, "seconds": 87}
{"event": "progress", "epoch": 2, "step": 150, "loss": -11.87944758586811, "seconds": 92}
{"event": "progress", "epoch": 2, "step": 200, "loss": -9.76415626892415, "seconds": 96}
{"event": "progress", "epoch": 2, "step": 250, "loss": -11.119789423374034, "seconds": 101}
{"event": "progress", "epoch": 2, "step": 300, "loss": -12.152375654072172, "seconds": 105}
{"event": "progress", "epoch": 2, "step": 350, "loss": -10.135082400985887, "seconds": 109}
{"event": "progress", "epoch": 2, "step": 400, "loss": -11.963397753302203, "seconds": 114}
{"event": "progress", "epoch": 2, "step": 450, "loss": -12.107506099488523, "seconds": 119}
{"event": "progress", "epoch": 2, "step": 500, "loss": -11.303771958366228, "seconds": 124}
{"event": "progress", "epoch": 2, "step": 550, "loss": -9.606194744810804, "seconds": 129}
{"event": "progress", "epoch": 2, "step": 600, "loss": -11.610553785681562, "seconds": 133}
{"event": "progress", "epoch": 2, "step": 650, "loss": -11.041138003437268, "seconds": 138}
{"event": "epoch", "epoch": 2, "phase": "float", "loss": -11.351971355360632, "seconds": 67.43120888700014, "elapsed_seconds": 144.67143514300005, "learning_rate": 0.001, "utterances": 770, "total_utterances": 770, "invalid_utterances": 0, "noisy_si_sdr": 6.016738904979767, "si_sdr": 12.266179824897542, "si_sdri": 6.249440919917775, "best_si_sdri": 6.249440919917775}
{"event": "progress", "epoch": 3, "step": 0, "loss": -12.371872605517407, "seconds": 145}
{"event": "progress", "epoch": 3, "step": 50, "loss": -11.549326829828022, "seconds": 150}
{"event": "progress", "epoch": 3, "step": 100, "loss": -13.126773848959203, "seconds": 154}
{"event": "progress", "epoch": 3, "step": 150, "loss": -11.962707852205433, "seconds": 159}
{"event": "progress", "epoch": 3, "step": 200, "loss": -13.143588596724804, "seconds": 164}
{"event": "progress", "epoch": 3, "step": 250, "loss": -12.451051396779725, "seconds": 169}
{"event": "progress", "epoch": 3, "step": 300, "loss": -13.614375057443294, "seconds": 173}
{"event": "progress", "epoch": 3, "step": 350, "loss": -12.541058826207674, "seconds": 177}
{"event": "progress", "epoch": 3, "step": 400, "loss": -10.865840127196984, "seconds": 182}
{"event": "progress", "epoch": 3, "step": 450, "loss": -10.851028372281615, "seconds": 187}
{"event": "progress", "epoch": 3, "step": 500, "loss": -11.975858154588888, "seconds": 192}
{"event": "progress", "epoch": 3, "step": 550, "loss": -13.394569418249835, "seconds": 197}
{"event": "progress", "epoch": 3, "step": 600, "loss": -10.177897407373745, "seconds": 202}
{"event": "progress", "epoch": 3, "step": 650, "loss": -12.474991025213292, "seconds": 206}
{"event": "epoch", "epoch": 3, "phase": "float", "loss": -12.0227682684863, "seconds": 67.87094981700011, "elapsed_seconds": 212.61240784500023, "learning_rate": 0.001, "utterances": 770, "total_utterances": 770, "invalid_utterances": 0, "noisy_si_sdr": 6.016738904979767, "si_sdr": 12.800626401480967, "si_sdri": 6.783887496501199, "best_si_sdri": 6.783887496501199}
{"event": "progress", "epoch": 4, "step": 0, "loss": -12.586185972706238, "seconds": 213}
{"event": "progress", "epoch": 4, "step": 50, "loss": -12.104659199698814, "seconds": 218}
{"event": "progress", "epoch": 4, "step": 100, "loss": -12.959873437760898, "seconds": 223}
{"event": "progress", "epoch": 4, "step": 150, "loss": -12.018852396375998, "seconds": 227}
{"event": "progress", "epoch": 4, "step": 200, "loss": -13.423874569819809, "seconds": 232}
{"event": "progress", "epoch": 4, "step": 250, "loss": -11.723135868919332, "seconds": 237}
{"event": "progress", "epoch": 4, "step": 300, "loss": -13.83347926517526, "seconds": 241}
{"event": "progress", "epoch": 4, "step": 350, "loss": -10.886301650063482, "seconds": 246}
{"event": "progress", "epoch": 4, "step": 400, "loss": -12.263294548009815, "seconds": 250}
{"event": "progress", "epoch": 4, "step": 450, "loss": -13.514123975296183, "seconds": 255}
{"event": "progress", "epoch": 4, "step": 500, "loss": -12.147505395139692, "seconds": 260}
{"event": "progress", "epoch": 4, "step": 550, "loss": -12.108434729429895, "seconds": 265}
{"event": "progress", "epoch": 4, "step": 600, "loss": -14.090487552002411, "seconds": 270}
{"event": "progress", "epoch": 4, "step": 650, "loss": -13.718035962486185, "seconds": 275}
{"event": "epoch", "epoch": 4, "phase": "float", "loss": -12.292651255105492, "seconds": 67.83116598499964, "elapsed_seconds": 280.5004699020001, "learning_rate": 0.001, "utterances": 770, "total_utterances": 770, "invalid_utterances": 0, "noisy_si_sdr": 6.016738904979767, "si_sdr": 12.95196126297769, "si_sdri": 6.935222357997921, "best_si_sdri": 6.935222357997921}
{"event": "progress", "epoch": 5, "step": 0, "loss": -14.800188412524738, "seconds": 281}
{"event": "progress", "epoch": 5, "step": 50, "loss": -13.622890451698108, "seconds": 286}
{"event": "progress", "epoch": 5, "step": 100, "loss": -13.506945853648887, "seconds": 291}
{"event": "progress", "epoch": 5, "step": 150, "loss": -14.786538910249131, "seconds": 295}
{"event": "progress", "epoch": 5, "step": 200, "loss": -13.593086217570725, "seconds": 300}
{"event": "progress", "epoch": 5, "step": 250, "loss": -13.23352739646498, "seconds": 304}
{"event": "progress", "epoch": 5, "step": 300, "loss": -12.112067696625726, "seconds": 309}
{"event": "progress", "epoch": 5, "step": 350, "loss": -13.501952076743155, "seconds": 314}
{"event": "progress", "epoch": 5, "step": 400, "loss": -13.727952252287189, "seconds": 319}
{"event": "progress", "epoch": 5, "step": 450, "loss": -13.447724799864526, "seconds": 323}
{"event": "progress", "epoch": 5, "step": 500, "loss": -14.056201775762716, "seconds": 328}
{"event": "progress", "epoch": 5, "step": 550, "loss": -13.069966679111534, "seconds": 332}
{"event": "progress", "epoch": 5, "step": 600, "loss": -12.489996884016653, "seconds": 337}
{"event": "progress", "epoch": 5, "step": 650, "loss": -12.602901554430083, "seconds": 342}
{"event": "epoch", "epoch": 5, "phase": "float", "loss": -12.648337508575166, "seconds": 67.97969386499972, "elapsed_seconds": 348.53737684099997, "learning_rate": 0.001, "utterances": 770, "total_utterances": 770, "invalid_utterances": 0, "noisy_si_sdr": 6.016738904979767, "si_sdr": 13.336577250027197, "si_sdri": 7.319838345047429, "best_si_sdri": 7.319838345047429}
{"event": "progress", "epoch": 6, "step": 0, "loss": -13.503535174957083, "seconds": 349}
{"event": "progress", "epoch": 6, "step": 50, "loss": -13.178115784417017, "seconds": 353}
{"event": "progress", "epoch": 6, "step": 100, "loss": -11.13281481964574, "seconds": 358}
{"event": "progress", "epoch": 6, "step": 150, "loss": -12.558063124582928, "seconds": 363}
{"event": "progress", "epoch": 6, "step": 200, "loss": -13.205749779684744, "seconds": 367}
{"event": "progress", "epoch": 6, "step": 250, "loss": -13.739935117103858, "seconds": 371}
{"event": "progress", "epoch": 6, "step": 300, "loss": -14.021092491983824, "seconds": 376}
{"event": "progress", "epoch": 6, "step": 350, "loss": -14.15350983287226, "seconds": 381}
{"event": "progress", "epoch": 6, "step": 400, "loss": -10.889517561079685, "seconds": 386}
{"event": "progress", "epoch": 6, "step": 450, "loss": -14.05223033235386, "seconds": 391}
{"event": "progress", "epoch": 6, "step": 500, "loss": -13.862347660441879, "seconds": 395}
{"event": "progress", "epoch": 6, "step": 550, "loss": -15.460546140905384, "seconds": 400}
{"event": "progress", "epoch": 6, "step": 600, "loss": -12.243296515887671, "seconds": 404}
{"event": "progress", "epoch": 6, "step": 650, "loss": -13.761087487038973, "seconds": 409}
{"event": "epoch", "epoch": 6, "phase": "float", "loss": -13.059136055956708, "seconds": 66.98017967900068, "elapsed_seconds": 415.57666967800014, "learning_rate": 0.001, "utterances": 770, "total_utterances": 770, "invalid_utterances": 0, "noisy_si_sdr": 6.016738904979767, "si_sdr": 13.280517939603868, "si_sdri": 7.2637790346241, "best_si_sdri": 7.319838345047429}
{"event": "progress", "epoch": 7, "step": 0, "loss": -11.490933788018403, "seconds": 416}
{"event": "progress", "epoch": 7, "step": 50, "loss": -11.788479087749414, "seconds": 420}
{"event": "progress", "epoch": 7, "step": 100, "loss": -12.68783469359905, "seconds": 424}
{"event": "progress", "epoch": 7, "step": 150, "loss": -12.986435581053389, "seconds": 427}
{"event": "progress", "epoch": 7, "step": 200, "loss": -10.984773783904423, "seconds": 430}
{"event": "progress", "epoch": 7, "step": 250, "loss": -14.109494168464595, "seconds": 434}
{"event": "progress", "epoch": 7, "step": 300, "loss": -12.397546859047456, "seconds": 437}
{"event": "progress", "epoch": 7, "step": 350, "loss": -12.22896313369435, "seconds": 441}
{"event": "progress", "epoch": 7, "step": 400, "loss": -13.280928238474896, "seconds": 445}
{"event": "progress", "epoch": 7, "step": 450, "loss": -14.360555788528924, "seconds": 449}
{"event": "progress", "epoch": 7, "step": 500, "loss": -11.179249892582936, "seconds": 453}
{"event": "progress", "epoch": 7, "step": 550, "loss": -14.445173449354035, "seconds": 457}
{"event": "progress", "epoch": 7, "step": 600, "loss": -12.466308740449797, "seconds": 461}
{"event": "progress", "epoch": 7, "step": 650, "loss": -14.76544421972719, "seconds": 465}
{"event": "epoch", "epoch": 7, "phase": "float", "loss": -13.172065615765602, "seconds": 55.77897306799969, "elapsed_seconds": 471.37818547200004, "learning_rate": 0.001, "utterances": 770, "total_utterances": 770, "invalid_utterances": 0, "noisy_si_sdr": 6.016738904979767, "si_sdr": 13.587743601403675, "si_sdri": 7.571004696423906, "best_si_sdri": 7.571004696423906}
{"event": "progress", "epoch": 8, "step": 0, "loss": -12.87942120827039, "seconds": 472}
{"event": "progress", "epoch": 8, "step": 50, "loss": -14.759350454552997, "seconds": 476}
{"event": "progress", "epoch": 8, "step": 100, "loss": -14.29697052903491, "seconds": 480}
{"event": "progress", "epoch": 8, "step": 150, "loss": -11.836141334483237, "seconds": 484}
{"event": "progress", "epoch": 8, "step": 200, "loss": -12.34878189584924, "seconds": 487}
{"event": "progress", "epoch": 8, "step": 250, "loss": -11.892226556741024, "seconds": 491}
{"event": "progress", "epoch": 8, "step": 300, "loss": -12.452804991996741, "seconds": 495}
{"event": "progress", "epoch": 8, "step": 350, "loss": -14.403416058628833, "seconds": 499}
{"event": "progress", "epoch": 8, "step": 400, "loss": -13.027545224690277, "seconds": 503}
{"event": "progress", "epoch": 8, "step": 450, "loss": -15.281722311401168, "seconds": 507}
{"event": "progress", "epoch": 8, "step": 500, "loss": -11.930622926640027, "seconds": 511}
{"event": "progress", "epoch": 8, "step": 550, "loss": -13.208601562900803, "seconds": 516}
{"event": "progress", "epoch": 8, "step": 600, "loss": -13.220162623886175, "seconds": 520}
{"event": "progress", "epoch": 8, "step": 650, "loss": -13.830618929761815, "seconds": 523}
{"event": "epoch", "epoch": 8, "phase": "float", "loss": -13.295016984652325, "seconds": 57.99954072499986, "elapsed_seconds": 529.4428608730004, "learning_rate": 0.001, "utterances": 770, "total_utterances": 770, "invalid_utterances": 0, "noisy_si_sdr": 6.016738904979767, "si_sdr": 13.610054164733928, "si_sdri": 7.593315259754161, "best_si_sdri": 7.593315259754161}
{"event": "progress", "epoch": 9, "step": 0, "loss": -11.89063114353121, "seconds": 530}
{"event": "progress", "epoch": 9, "step": 50, "loss": -15.548391575057941, "seconds": 534}
{"event": "progress", "epoch": 9, "step": 100, "loss": -11.271669398568628, "seconds": 538}
{"event": "progress", "epoch": 9, "step": 150, "loss": -10.204255095097949, "seconds": 542}
{"event": "progress", "epoch": 9, "step": 200, "loss": -12.548916991463955, "seconds": 546}
{"event": "progress", "epoch": 9, "step": 250, "loss": -13.581083004913326, "seconds": 549}
{"event": "progress", "epoch": 9, "step": 300, "loss": -14.581608572576142, "seconds": 553}
{"event": "progress", "epoch": 9, "step": 350, "loss": -12.740159109528097, "seconds": 557}
{"event": "progress", "epoch": 9, "step": 400, "loss": -13.79194992173409, "seconds": 561}
{"event": "progress", "epoch": 9, "step": 450, "loss": -15.002930207940816, "seconds": 565}
{"event": "progress", "epoch": 9, "step": 500, "loss": -14.684023156062256, "seconds": 569}
{"event": "progress", "epoch": 9, "step": 550, "loss": -15.071275150804597, "seconds": 574}
{"event": "progress", "epoch": 9, "step": 600, "loss": -15.231431431413665, "seconds": 578}
{"event": "progress", "epoch": 9, "step": 650, "loss": -14.229271386292641, "seconds": 582}
{"event": "epoch", "epoch": 9, "phase": "float", "loss": -13.488434340486053, "seconds": 58.16720480100048, "elapsed_seconds": 587.6714624550004, "learning_rate": 0.001, "utterances": 770, "total_utterances": 770, "invalid_utterances": 0, "noisy_si_sdr": 6.016738904979767, "si_sdr": 13.770490202740373, "si_sdri": 7.753751297760605, "best_si_sdri": 7.753751297760605}
{"event": "progress", "epoch": 10, "step": 0, "loss": -12.733918662363838, "seconds": 588}
{"event": "progress", "epoch": 10, "step": 50, "loss": -13.798009570007496, "seconds": 592}
{"event": "progress", "epoch": 10, "step": 100, "loss": -11.767954759560054, "seconds": 596}
{"event": "progress", "epoch": 10, "step": 150, "loss": -14.806868236142954, "seconds": 600}
{"event": "progress", "epoch": 10, "step": 200, "loss": -14.391029347130498, "seconds": 604}
{"event": "progress", "epoch": 10, "step": 250, "loss": -12.2668645875742, "seconds": 608}
{"event": "progress", "epoch": 10, "step": 300, "loss": -14.399106751173967, "seconds": 611}
{"event": "progress", "epoch": 10, "step": 350, "loss": -12.69443701646678, "seconds": 615}
{"event": "progress", "epoch": 10, "step": 400, "loss": -16.04323054027048, "seconds": 619}
{"event": "progress", "epoch": 10, "step": 450, "loss": -12.953990522755578, "seconds": 623}
{"event": "progress", "epoch": 10, "step": 500, "loss": -14.240628223461304, "seconds": 628}
{"event": "progress", "epoch": 10, "step": 550, "loss": -13.859229546962085, "seconds": 632}
{"event": "progress", "epoch": 10, "step": 600, "loss": -12.179728734518108, "seconds": 636}
{"event": "progress", "epoch": 10, "step": 650, "loss": -13.839976353623499, "seconds": 640}
{"event": "epoch", "epoch": 10, "phase": "float", "loss": -13.502732220615236, "seconds": 58.695373608999944, "elapsed_seconds": 646.432482786, "learning_rate": 0.001, "utterances": 770, "total_utterances": 770, "invalid_utterances": 0, "noisy_si_sdr": 6.016738904979767, "si_sdr": 13.949801547725087, "si_sdri": 7.933062642745318, "best_si_sdri": 7.933062642745318}
{"event": "progress", "epoch": 11, "step": 0, "loss": -12.882341305481843, "seconds": 647}
{"event": "progress", "epoch": 11, "step": 50, "loss": -13.755991646928235, "seconds": 650}
{"event": "progress", "epoch": 11, "step": 100, "loss": -14.16366816130849, "seconds": 654}
{"event": "progress", "epoch": 11, "step": 150, "loss": -12.988172531736375, "seconds": 658}
{"event": "progress", "epoch": 11, "step": 200, "loss": -12.37203008808368, "seconds": 662}
{"event": "progress", "epoch": 11, "step": 250, "loss": -14.019329315279347, "seconds": 666}
{"event": "progress", "epoch": 11, "step": 300, "loss": -14.244463850943472, "seconds": 670}
{"event": "progress", "epoch": 11, "step": 350, "loss": -14.834244175308879, "seconds": 674}
{"event": "progress", "epoch": 11, "step": 400, "loss": -14.216094598262323, "seconds": 677}
{"event": "progress", "epoch": 11, "step": 450, "loss": -13.573664394767832, "seconds": 682}
{"event": "progress", "epoch": 11, "step": 500, "loss": -13.388117628047276, "seconds": 686}
{"event": "progress", "epoch": 11, "step": 550, "loss": -15.396205109020878, "seconds": 690}
{"event": "progress", "epoch": 11, "step": 600, "loss": -12.45468220912701, "seconds": 694}
{"event": "progress", "epoch": 11, "step": 650, "loss": -13.799691701324345, "seconds": 699}
{"event": "epoch", "epoch": 11, "phase": "float", "loss": -13.641025288138797, "seconds": 58.309267043000546, "elapsed_seconds": 704.8039701080006, "learning_rate": 0.001, "utterances": 770, "total_utterances": 770, "invalid_utterances": 0, "noisy_si_sdr": 6.016738904979767, "si_sdr": 13.885172890359215, "si_sdri": 7.868433985379448, "best_si_sdri": 7.933062642745318}
{"event": "progress", "epoch": 12, "step": 0, "loss": -12.29873537984694, "seconds": 705}
{"event": "progress", "epoch": 12, "step": 50, "loss": -12.428302717582463, "seconds": 709}
{"event": "progress", "epoch": 12, "step": 100, "loss": -14.643474103527815, "seconds": 713}
{"event": "progress", "epoch": 12, "step": 150, "loss": -12.565933127574908, "seconds": 716}
{"event": "progress", "epoch": 12, "step": 200, "loss": -11.218601960141946, "seconds": 720}
{"event": "progress", "epoch": 12, "step": 250, "loss": -15.137683768134416, "seconds": 724}
{"event": "progress", "epoch": 12, "step": 300, "loss": -13.083506964918403, "seconds": 729}
{"event": "progress", "epoch": 12, "step": 350, "loss": -13.320199741179355, "seconds": 733}
{"event": "progress", "epoch": 12, "step": 400, "loss": -14.657814411321493, "seconds": 737}
{"event": "progress", "epoch": 12, "step": 450, "loss": -13.741990591169095, "seconds": 740}
{"event": "progress", "epoch": 12, "step": 500, "loss": -13.700188364691225, "seconds": 744}
{"event": "progress", "epoch": 12, "step": 550, "loss": -14.194643067565918, "seconds": 749}
{"event": "progress", "epoch": 12, "step": 600, "loss": -13.139509867077978, "seconds": 753}
{"event": "progress", "epoch": 12, "step": 650, "loss": -13.648819243513032, "seconds": 757}
{"event": "epoch", "epoch": 12, "phase": "float", "loss": -13.712490324718157, "seconds": 58.61960619900037, "elapsed_seconds": 763.4549517670002, "learning_rate": 0.001, "utterances": 770, "total_utterances": 770, "invalid_utterances": 0, "noisy_si_sdr": 6.016738904979767, "si_sdr": 14.044512355852907, "si_sdri": 8.027773450873143, "best_si_sdri": 8.027773450873143}
{"event": "progress", "epoch": 13, "step": 0, "loss": -14.667580133572576, "seconds": 764}
{"event": "progress", "epoch": 13, "step": 50, "loss": -13.733614537594757, "seconds": 768}
{"event": "progress", "epoch": 13, "step": 100, "loss": -12.88059300190345, "seconds": 772}
{"event": "progress", "epoch": 13, "step": 150, "loss": -12.124983987996465, "seconds": 775}
{"event": "progress", "epoch": 13, "step": 200, "loss": -14.228344605018282, "seconds": 779}
{"event": "progress", "epoch": 13, "step": 250, "loss": -13.120013164571745, "seconds": 783}
{"event": "progress", "epoch": 13, "step": 300, "loss": -12.329199101353918, "seconds": 787}
{"event": "progress", "epoch": 13, "step": 350, "loss": -14.08342670097626, "seconds": 791}
{"event": "progress", "epoch": 13, "step": 400, "loss": -13.52499892862312, "seconds": 795}
{"event": "progress", "epoch": 13, "step": 450, "loss": -12.196389703973816, "seconds": 799}
{"event": "progress", "epoch": 13, "step": 500, "loss": -14.997767569389492, "seconds": 803}
{"event": "progress", "epoch": 13, "step": 550, "loss": -11.735195197930153, "seconds": 807}
{"event": "progress", "epoch": 13, "step": 600, "loss": -13.069768897836536, "seconds": 811}
{"event": "progress", "epoch": 13, "step": 650, "loss": -17.314337528756575, "seconds": 815}
{"event": "epoch", "epoch": 13, "phase": "float", "loss": -13.738586532287984, "seconds": 58.05364247899979, "elapsed_seconds": 821.5650148060004, "learning_rate": 0.001, "utterances": 770, "total_utterances": 770, "invalid_utterances": 0, "noisy_si_sdr": 6.016738904979767, "si_sdr": 13.961404913826795, "si_sdri": 7.944666008847027, "best_si_sdri": 8.027773450873143}
{"event": "progress", "epoch": 14, "step": 0, "loss": -15.746307418183228, "seconds": 822}
{"event": "progress", "epoch": 14, "step": 50, "loss": -14.725322188070157, "seconds": 826}
{"event": "progress", "epoch": 14, "step": 100, "loss": -14.196041283030416, "seconds": 830}
{"event": "progress", "epoch": 14, "step": 150, "loss": -14.037559335115558, "seconds": 834}
{"event": "progress", "epoch": 14, "step": 200, "loss": -13.810405511739521, "seconds": 837}
{"event": "progress", "epoch": 14, "step": 250, "loss": -12.767322062880101, "seconds": 841}
{"event": "progress", "epoch": 14, "step": 300, "loss": -14.53817290293775, "seconds": 845}
{"event": "progress", "epoch": 14, "step": 350, "loss": -13.937746281255489, "seconds": 849}
{"event": "progress", "epoch": 14, "step": 400, "loss": -12.105123863754784, "seconds": 853}
{"event": "progress", "epoch": 14, "step": 450, "loss": -14.356999077273112, "seconds": 857}
{"event": "progress", "epoch": 14, "step": 500, "loss": -12.975786497231224, "seconds": 861}
{"event": "progress", "epoch": 14, "step": 550, "loss": -14.950923784093286, "seconds": 865}
{"event": "progress", "epoch": 14, "step": 600, "loss": -15.166717872791907, "seconds": 869}
{"event": "progress", "epoch": 14, "step": 650, "loss": -12.95975194761467, "seconds": 873}
{"event": "epoch", "epoch": 14, "phase": "float", "loss": -13.905743165163951, "seconds": 57.95827465399998, "elapsed_seconds": 879.5496876880006, "learning_rate": 0.001, "utterances": 770, "total_utterances": 770, "invalid_utterances": 0, "noisy_si_sdr": 6.016738904979767, "si_sdr": 14.076258923262461, "si_sdri": 8.059520018282694, "best_si_sdri": 8.059520018282694}
{"event": "progress", "epoch": 15, "step": 0, "loss": -10.92142118709283, "seconds": 880}
{"event": "progress", "epoch": 15, "step": 50, "loss": -13.566655809302713, "seconds": 884}
{"event": "progress", "epoch": 15, "step": 100, "loss": -14.981799148347466, "seconds": 888}
{"event": "progress", "epoch": 15, "step": 150, "loss": -12.190570058744594, "seconds": 892}
{"event": "progress", "epoch": 15, "step": 200, "loss": -13.892312612987872, "seconds": 896}
{"event": "progress", "epoch": 15, "step": 250, "loss": -14.51871122994026, "seconds": 900}
{"event": "progress", "epoch": 15, "step": 300, "loss": -12.785942425914882, "seconds": 903}
{"event": "progress", "epoch": 15, "step": 350, "loss": -15.170579745237886, "seconds": 907}
{"event": "progress", "epoch": 15, "step": 400, "loss": -13.44584906130849, "seconds": 911}
{"event": "progress", "epoch": 15, "step": 450, "loss": -13.54843368202552, "seconds": 915}
{"event": "progress", "epoch": 15, "step": 500, "loss": -12.71445531020221, "seconds": 920}
{"event": "progress", "epoch": 15, "step": 550, "loss": -13.003833287694071, "seconds": 924}
{"event": "progress", "epoch": 15, "step": 600, "loss": -14.156108020614498, "seconds": 928}
{"event": "progress", "epoch": 15, "step": 650, "loss": -14.525807498984907, "seconds": 931}
{"event": "epoch", "epoch": 15, "phase": "float", "loss": -13.900798255521927, "seconds": 57.92182537999997, "elapsed_seconds": 937.5257563250007, "learning_rate": 0.001, "utterances": 770, "total_utterances": 770, "invalid_utterances": 0, "noisy_si_sdr": 6.016738904979767, "si_sdr": 13.972294412120815, "si_sdri": 7.955555507141047, "best_si_sdri": 8.059520018282694}
{"event": "progress", "epoch": 16, "step": 0, "loss": -12.567370394582925, "seconds": 938}
{"event": "progress", "epoch": 16, "step": 50, "loss": -13.599916424953708, "seconds": 942}
{"event": "progress", "epoch": 16, "step": 100, "loss": -14.464907985982377, "seconds": 946}
{"event": "progress", "epoch": 16, "step": 150, "loss": -14.92395235063778, "seconds": 950}
{"event": "progress", "epoch": 16, "step": 200, "loss": -14.778838951468956, "seconds": 954}
{"event": "progress", "epoch": 16, "step": 250, "loss": -14.591507203065515, "seconds": 958}
{"event": "progress", "epoch": 16, "step": 300, "loss": -15.189408079134811, "seconds": 962}
{"event": "progress", "epoch": 16, "step": 350, "loss": -13.043754498521988, "seconds": 965}
{"event": "progress", "epoch": 16, "step": 400, "loss": -12.99173177938113, "seconds": 969}
{"event": "progress", "epoch": 16, "step": 450, "loss": -15.496762301350543, "seconds": 973}
{"event": "progress", "epoch": 16, "step": 500, "loss": -12.756974168328679, "seconds": 978}
{"event": "progress", "epoch": 16, "step": 550, "loss": -15.290085448886126, "seconds": 982}
{"event": "progress", "epoch": 16, "step": 600, "loss": -13.259064382979574, "seconds": 986}
{"event": "progress", "epoch": 16, "step": 650, "loss": -13.413829329052138, "seconds": 990}
{"event": "epoch", "epoch": 16, "phase": "float", "loss": -13.987949578791996, "seconds": 58.13423401399996, "elapsed_seconds": 995.691252822, "learning_rate": 0.001, "utterances": 770, "total_utterances": 770, "invalid_utterances": 0, "noisy_si_sdr": 6.016738904979767, "si_sdr": 14.063775129665407, "si_sdri": 8.04703622468564, "best_si_sdri": 8.059520018282694}
{"event": "progress", "epoch": 17, "step": 0, "loss": -14.174778483781644, "seconds": 996}
{"event": "progress", "epoch": 17, "step": 50, "loss": -14.442792777712272, "seconds": 1000}
{"event": "progress", "epoch": 17, "step": 100, "loss": -16.639422032341006, "seconds": 1005}
{"event": "progress", "epoch": 17, "step": 150, "loss": -15.96691404431235, "seconds": 1008}
{"event": "progress", "epoch": 17, "step": 200, "loss": -13.625145928063578, "seconds": 1012}
{"event": "progress", "epoch": 17, "step": 250, "loss": -14.221807814058463, "seconds": 1016}
{"event": "progress", "epoch": 17, "step": 300, "loss": -14.090804803310757, "seconds": 1021}
{"event": "progress", "epoch": 17, "step": 350, "loss": -13.97759691518139, "seconds": 1025}
{"event": "progress", "epoch": 17, "step": 400, "loss": -14.241328001805911, "seconds": 1028}
{"event": "progress", "epoch": 17, "step": 450, "loss": -11.624481978855052, "seconds": 1031}
{"event": "progress", "epoch": 17, "step": 500, "loss": -15.091870657740996, "seconds": 1035}
{"event": "progress", "epoch": 17, "step": 550, "loss": -13.970867687573136, "seconds": 1039}
{"event": "progress", "epoch": 17, "step": 600, "loss": -13.369911336747801, "seconds": 1043}
{"event": "progress", "epoch": 17, "step": 650, "loss": -12.35890919583288, "seconds": 1047}
{"event": "epoch", "epoch": 17, "phase": "float", "loss": -14.03959788843003, "seconds": 57.731359636999514, "elapsed_seconds": 1053.453412713, "learning_rate": 0.001, "utterances": 770, "total_utterances": 770, "invalid_utterances": 0, "noisy_si_sdr": 6.016738904979767, "si_sdr": 13.955665941141707, "si_sdri": 7.93892703616194, "best_si_sdri": 8.059520018282694}
{"event": "progress", "epoch": 18, "step": 0, "loss": -14.002137833454352, "seconds": 1054}
{"event": "progress", "epoch": 18, "step": 50, "loss": -12.402528747596744, "seconds": 1057}
{"event": "progress", "epoch": 18, "step": 100, "loss": -16.369532174729116, "seconds": 1061}
{"event": "progress", "epoch": 18, "step": 150, "loss": -12.675647609503455, "seconds": 1065}
{"event": "progress", "epoch": 18, "step": 200, "loss": -14.057109480835063, "seconds": 1069}
{"event": "progress", "epoch": 18, "step": 250, "loss": -13.094931877234039, "seconds": 1073}
{"event": "progress", "epoch": 18, "step": 300, "loss": -12.998914559962927, "seconds": 1077}
{"event": "progress", "epoch": 18, "step": 350, "loss": -15.422397049071652, "seconds": 1081}
{"event": "progress", "epoch": 18, "step": 400, "loss": -14.478976594860624, "seconds": 1085}
{"event": "progress", "epoch": 18, "step": 450, "loss": -12.232559039178211, "seconds": 1089}
{"event": "progress", "epoch": 18, "step": 500, "loss": -13.115885001890781, "seconds": 1093}
{"event": "progress", "epoch": 18, "step": 550, "loss": -14.252080601020712, "seconds": 1097}
{"event": "progress", "epoch": 18, "step": 600, "loss": -12.883069293429855, "seconds": 1101}
{"event": "progress", "epoch": 18, "step": 650, "loss": -17.66634420030659, "seconds": 1105}
{"event": "epoch", "epoch": 18, "phase": "float", "loss": -14.0353452623648, "seconds": 58.24265616199955, "elapsed_seconds": 1111.7292667070005, "learning_rate": 0.001, "utterances": 770, "total_utterances": 770, "invalid_utterances": 0, "noisy_si_sdr": 6.016738904979767, "si_sdr": 14.035473444724861, "si_sdri": 8.018734539745093, "best_si_sdri": 8.059520018282694}
{"event": "progress", "epoch": 19, "step": 0, "loss": -13.773295081057018, "seconds": 1112}
{"event": "progress", "epoch": 19, "step": 50, "loss": -10.468079079558343, "seconds": 1116}
{"event": "progress", "epoch": 19, "step": 100, "loss": -12.055635133598333, "seconds": 1120}
{"event": "progress", "epoch": 19, "step": 150, "loss": -13.61329835366077, "seconds": 1123}
{"event": "progress", "epoch": 19, "step": 200, "loss": -14.155358256836994, "seconds": 1127}
{"event": "progress", "epoch": 19, "step": 250, "loss": -16.041863432251034, "seconds": 1131}
{"event": "progress", "epoch": 19, "step": 300, "loss": -13.271408095719314, "seconds": 1135}
{"event": "progress", "epoch": 19, "step": 350, "loss": -14.287822622373358, "seconds": 1139}
{"event": "progress", "epoch": 19, "step": 400, "loss": -13.675267031387836, "seconds": 1143}
{"event": "progress", "epoch": 19, "step": 450, "loss": -13.785323465085295, "seconds": 1148}
{"event": "progress", "epoch": 19, "step": 500, "loss": -13.378626408885506, "seconds": 1152}
{"event": "progress", "epoch": 19, "step": 550, "loss": -13.448829571387398, "seconds": 1155}
{"event": "progress", "epoch": 19, "step": 600, "loss": -12.249875590146711, "seconds": 1159}
{"event": "progress", "epoch": 19, "step": 650, "loss": -15.235384013003994, "seconds": 1163}
{"event": "epoch", "epoch": 19, "phase": "float", "loss": -14.082889751907281, "seconds": 57.83030802700068, "elapsed_seconds": 1169.5907664000006, "learning_rate": 0.0005, "utterances": 770, "total_utterances": 770, "invalid_utterances": 0, "noisy_si_sdr": 6.016738904979767, "si_sdr": 14.015419165824941, "si_sdri": 7.998680260845175, "best_si_sdri": 8.059520018282694}
{"event": "progress", "epoch": 20, "step": 0, "loss": -13.413348619230522, "seconds": 1170}
{"event": "progress", "epoch": 20, "step": 50, "loss": -14.277303302471452, "seconds": 1174}
{"event": "progress", "epoch": 20, "step": 100, "loss": -14.134869956917584, "seconds": 1178}
{"event": "progress", "epoch": 20, "step": 150, "loss": -13.311909601329514, "seconds": 1181}
{"event": "progress", "epoch": 20, "step": 200, "loss": -13.874783749133005, "seconds": 1185}
{"event": "progress", "epoch": 20, "step": 250, "loss": -14.340749706522622, "seconds": 1189}
{"event": "progress", "epoch": 20, "step": 300, "loss": -14.113510096279134, "seconds": 1193}
{"event": "progress", "epoch": 20, "step": 350, "loss": -15.029799359060156, "seconds": 1197}
{"event": "progress", "epoch": 20, "step": 400, "loss": -14.03601593929109, "seconds": 1201}
{"event": "progress", "epoch": 20, "step": 450, "loss": -13.94425113270049, "seconds": 1206}
{"event": "progress", "epoch": 20, "step": 500, "loss": -15.105329602399934, "seconds": 1210}
{"event": "progress", "epoch": 20, "step": 550, "loss": -15.345736622423738, "seconds": 1214}
{"event": "progress", "epoch": 20, "step": 600, "loss": -12.537006897091668, "seconds": 1217}
{"event": "progress", "epoch": 20, "step": 650, "loss": -13.177005295712476, "seconds": 1221}
{"event": "epoch", "epoch": 20, "phase": "float", "loss": -14.340145919929396, "seconds": 58.016494080000484, "elapsed_seconds": 1227.631077641001, "learning_rate": 0.0005, "utterances": 770, "total_utterances": 770, "invalid_utterances": 0, "noisy_si_sdr": 6.016738904979767, "si_sdr": 14.268682428425924, "si_sdri": 8.251943523446156, "best_si_sdri": 8.251943523446156}
{"event": "progress", "epoch": 21, "step": 0, "loss": -12.458727990272548, "seconds": 1228}
{"event": "progress", "epoch": 21, "step": 50, "loss": -16.086794607199202, "seconds": 1232}
{"event": "progress", "epoch": 21, "step": 100, "loss": -13.511019946222264, "seconds": 1236}
{"event": "progress", "epoch": 21, "step": 150, "loss": -13.922769212408426, "seconds": 1240}
{"event": "progress", "epoch": 21, "step": 200, "loss": -13.66324223998614, "seconds": 1243}
{"event": "progress", "epoch": 21, "step": 250, "loss": -16.144151491464317, "seconds": 1247}
{"event": "progress", "epoch": 21, "step": 300, "loss": -15.894023939465932, "seconds": 1251}
{"event": "progress", "epoch": 21, "step": 350, "loss": -11.911827133928494, "seconds": 1255}
{"event": "progress", "epoch": 21, "step": 400, "loss": -13.936165838670995, "seconds": 1259}
{"event": "progress", "epoch": 21, "step": 450, "loss": -13.496481713449088, "seconds": 1264}
{"event": "progress", "epoch": 21, "step": 500, "loss": -13.132332287148099, "seconds": 1268}
{"event": "progress", "epoch": 21, "step": 550, "loss": -14.144695719214862, "seconds": 1272}
{"event": "progress", "epoch": 21, "step": 600, "loss": -13.78521987941982, "seconds": 1276}
{"event": "progress", "epoch": 21, "step": 650, "loss": -12.420152385977088, "seconds": 1280}
{"event": "epoch", "epoch": 21, "phase": "float", "loss": -14.494193095740961, "seconds": 57.97983131500041, "elapsed_seconds": 1285.682085378001, "learning_rate": 0.0005, "utterances": 770, "total_utterances": 770, "invalid_utterances": 0, "noisy_si_sdr": 6.016738904979767, "si_sdr": 14.256807964657643, "si_sdri": 8.240069059677877, "best_si_sdri": 8.251943523446156}
{"event": "progress", "epoch": 22, "step": 0, "loss": -13.288461417800152, "seconds": 1286}
{"event": "progress", "epoch": 22, "step": 50, "loss": -14.613260015495143, "seconds": 1290}
{"event": "progress", "epoch": 22, "step": 100, "loss": -13.541956774125062, "seconds": 1294}
{"event": "progress", "epoch": 22, "step": 150, "loss": -14.991889279593341, "seconds": 1298}
{"event": "progress", "epoch": 22, "step": 200, "loss": -15.562501929392313, "seconds": 1302}
{"event": "progress", "epoch": 22, "step": 250, "loss": -15.137724440765641, "seconds": 1306}
{"event": "progress", "epoch": 22, "step": 300, "loss": -13.580751483232167, "seconds": 1310}
{"event": "progress", "epoch": 22, "step": 350, "loss": -13.551821429602564, "seconds": 1313}
{"event": "progress", "epoch": 22, "step": 400, "loss": -14.115607358995495, "seconds": 1318}
{"event": "progress", "epoch": 22, "step": 450, "loss": -11.442285150693586, "seconds": 1322}
{"event": "progress", "epoch": 22, "step": 500, "loss": -15.332153962573209, "seconds": 1326}
{"event": "progress", "epoch": 22, "step": 550, "loss": -12.660580573368765, "seconds": 1330}
{"event": "progress", "epoch": 22, "step": 600, "loss": -16.866026642844325, "seconds": 1334}
{"event": "progress", "epoch": 22, "step": 650, "loss": -13.800207834714463, "seconds": 1338}
{"event": "epoch", "epoch": 22, "phase": "float", "loss": -14.444871580319186, "seconds": 58.36766085599993, "elapsed_seconds": 1344.080763854001, "learning_rate": 0.0005, "utterances": 770, "total_utterances": 770, "invalid_utterances": 0, "noisy_si_sdr": 6.016738904979767, "si_sdr": 14.30219950528542, "si_sdri": 8.285460600305655, "best_si_sdri": 8.285460600305655}
{"event": "progress", "epoch": 23, "step": 0, "loss": -15.290061666714779, "seconds": 1344}
{"event": "progress", "epoch": 23, "step": 50, "loss": -11.127009134694326, "seconds": 1349}
{"event": "progress", "epoch": 23, "step": 100, "loss": -15.091048964762802, "seconds": 1352}
{"event": "progress", "epoch": 23, "step": 150, "loss": -16.124619628025126, "seconds": 1356}
{"event": "progress", "epoch": 23, "step": 200, "loss": -14.571011120221419, "seconds": 1360}
{"event": "progress", "epoch": 23, "step": 250, "loss": -14.042741338789305, "seconds": 1364}
{"event": "progress", "epoch": 23, "step": 300, "loss": -13.719353173200256, "seconds": 1368}
{"event": "progress", "epoch": 23, "step": 350, "loss": -12.707031892060343, "seconds": 1372}
{"event": "progress", "epoch": 23, "step": 400, "loss": -14.598773577352823, "seconds": 1376}
{"event": "progress", "epoch": 23, "step": 450, "loss": -13.989250403457909, "seconds": 1380}
{"event": "progress", "epoch": 23, "step": 500, "loss": -16.61354040816664, "seconds": 1384}
{"event": "progress", "epoch": 23, "step": 550, "loss": -13.295799546365652, "seconds": 1388}
{"event": "progress", "epoch": 23, "step": 600, "loss": -15.18683054741444, "seconds": 1392}
{"event": "progress", "epoch": 23, "step": 650, "loss": -12.19132819956435, "seconds": 1397}
{"event": "epoch", "epoch": 23, "phase": "float", "loss": -14.449117177757456, "seconds": 58.85563123499924, "elapsed_seconds": 1403.0021720050008, "learning_rate": 0.0005, "utterances": 770, "total_utterances": 770, "invalid_utterances": 0, "noisy_si_sdr": 6.016738904979767, "si_sdr": 14.265917159936638, "si_sdri": 8.249178254956869, "best_si_sdri": 8.285460600305655}
{"event": "progress", "epoch": 24, "step": 0, "loss": -14.999598989425749, "seconds": 1403}
{"event": "progress", "epoch": 24, "step": 50, "loss": -15.453311829234085, "seconds": 1407}
{"event": "progress", "epoch": 24, "step": 100, "loss": -12.045393948527579, "seconds": 1410}
{"event": "progress", "epoch": 24, "step": 150, "loss": -15.9223472356273, "seconds": 1414}
{"event": "progress", "epoch": 24, "step": 200, "loss": -15.422136148223403, "seconds": 1418}
{"event": "progress", "epoch": 24, "step": 250, "loss": -15.394622059164302, "seconds": 1422}
{"event": "progress", "epoch": 24, "step": 300, "loss": -14.349433364655562, "seconds": 1427}
{"event": "progress", "epoch": 24, "step": 350, "loss": -14.399162176279392, "seconds": 1431}
{"event": "progress", "epoch": 24, "step": 400, "loss": -15.062979177771012, "seconds": 1435}
{"event": "progress", "epoch": 24, "step": 450, "loss": -12.720437881598837, "seconds": 1439}
{"event": "progress", "epoch": 24, "step": 500, "loss": -14.084061793308333, "seconds": 1442}
{"event": "progress", "epoch": 24, "step": 550, "loss": -13.087371927507421, "seconds": 1446}
{"event": "progress", "epoch": 24, "step": 600, "loss": -13.234219310886605, "seconds": 1451}
{"event": "progress", "epoch": 24, "step": 650, "loss": -16.766212871331888, "seconds": 1455}
{"event": "epoch", "epoch": 24, "phase": "float", "loss": -14.517352531620993, "seconds": 58.132487603999834, "elapsed_seconds": 1461.162996471001, "learning_rate": 0.0005, "utterances": 770, "total_utterances": 770, "invalid_utterances": 0, "noisy_si_sdr": 6.016738904979767, "si_sdr": 14.332431944655037, "si_sdri": 8.315693039675269, "best_si_sdri": 8.315693039675269}
{"event": "progress", "epoch": 25, "step": 0, "loss": -16.23957170406611, "seconds": 1461}
{"event": "progress", "epoch": 25, "step": 50, "loss": -13.093142815895352, "seconds": 1466}
{"event": "progress", "epoch": 25, "step": 100, "loss": -15.397628616530962, "seconds": 1469}
{"event": "progress", "epoch": 25, "step": 150, "loss": -15.830489910294466, "seconds": 1472}
{"event": "progress", "epoch": 25, "step": 200, "loss": -15.166352821273854, "seconds": 1476}
{"event": "progress", "epoch": 25, "step": 250, "loss": -14.046283246688112, "seconds": 1480}
{"event": "progress", "epoch": 25, "step": 300, "loss": -15.261691636486972, "seconds": 1485}
{"event": "progress", "epoch": 25, "step": 350, "loss": -15.081188858187867, "seconds": 1489}
{"event": "progress", "epoch": 25, "step": 400, "loss": -13.492287208302626, "seconds": 1493}
{"event": "progress", "epoch": 25, "step": 450, "loss": -15.910179620613512, "seconds": 1497}
